<?xml version="1.0" encoding="UTF-8"?>
<testsuites>
  <testsuite name="tests" tests="3165" assertions="17280" failures="0" errors="0" time="741.988123">
    <testsuite name="RoleCall\Absences\AbsenceDocumentTest" file="/home/ubuntu/subhub-api/tests/Absences/AbsenceDocumentTest.php" tests="2" assertions="2" failures="0" errors="0" time="0.241081">
      <testcase name="testTimestampsAreEnabled" class="RoleCall\Absences\AbsenceDocumentTest" file="/home/ubuntu/subhub-api/tests/Absences/AbsenceDocumentTest.php" line="18" assertions="1" time="0.121680"/>
      <testcase name="testFillable" class="RoleCall\Absences\AbsenceDocumentTest" file="/home/ubuntu/subhub-api/tests/Absences/AbsenceDocumentTest.php" line="23" assertions="1" time="0.119401"/>
    </testsuite>
    <testsuite name="RoleCall\Absences\AbsenceNoteTest" file="/home/ubuntu/subhub-api/tests/Absences/AbsenceNoteTest.php" tests="3" assertions="3" failures="0" errors="0" time="0.375913">
      <testcase name="testTimestampsAreEnabled" class="RoleCall\Absences\AbsenceNoteTest" file="/home/ubuntu/subhub-api/tests/Absences/AbsenceNoteTest.php" line="21" assertions="1" time="0.133709"/>
      <testcase name="testFillable" class="RoleCall\Absences\AbsenceNoteTest" file="/home/ubuntu/subhub-api/tests/Absences/AbsenceNoteTest.php" line="29" assertions="1" time="0.122154"/>
      <testcase name="testTypes" class="RoleCall\Absences\AbsenceNoteTest" file="/home/ubuntu/subhub-api/tests/Absences/AbsenceNoteTest.php" line="39" assertions="1" time="0.120050"/>
    </testsuite>
    <testsuite name="RoleCall\Absences\AbsenceOccurrenceTest" file="/home/ubuntu/subhub-api/tests/Absences/AbsenceOccurrenceTest.php" tests="9" assertions="25" failures="0" errors="0" time="1.350987">
      <testcase name="testTimestampsAreEnabled" class="RoleCall\Absences\AbsenceOccurrenceTest" file="/home/ubuntu/subhub-api/tests/Absences/AbsenceOccurrenceTest.php" line="20" assertions="1" time="0.133883"/>
      <testcase name="testAssign" class="RoleCall\Absences\AbsenceOccurrenceTest" file="/home/ubuntu/subhub-api/tests/Absences/AbsenceOccurrenceTest.php" line="25" assertions="6" time="0.228014"/>
      <testcase name="testFillable" class="RoleCall\Absences\AbsenceOccurrenceTest" file="/home/ubuntu/subhub-api/tests/Absences/AbsenceOccurrenceTest.php" line="49" assertions="1" time="0.117690"/>
      <testcase name="testScopeIsOpen" class="RoleCall\Absences\AbsenceOccurrenceTest" file="/home/ubuntu/subhub-api/tests/Absences/AbsenceOccurrenceTest.php" line="66" assertions="2" time="0.141990"/>
      <testcase name="testScopeIsFilled" class="RoleCall\Absences\AbsenceOccurrenceTest" file="/home/ubuntu/subhub-api/tests/Absences/AbsenceOccurrenceTest.php" line="75" assertions="3" time="0.130432"/>
      <testcase name="testScopeIsNotFilled" class="RoleCall\Absences\AbsenceOccurrenceTest" file="/home/ubuntu/subhub-api/tests/Absences/AbsenceOccurrenceTest.php" line="85" assertions="3" time="0.129264"/>
      <testcase name="testScopeBetween" class="RoleCall\Absences\AbsenceOccurrenceTest" file="/home/ubuntu/subhub-api/tests/Absences/AbsenceOccurrenceTest.php" line="95" assertions="3" time="0.148090"/>
      <testcase name="testScopeDuring" class="RoleCall\Absences\AbsenceOccurrenceTest" file="/home/ubuntu/subhub-api/tests/Absences/AbsenceOccurrenceTest.php" line="125" assertions="4" time="0.132016"/>
      <testcase name="testGetDayOfAbsenceAttribute" class="RoleCall\Absences\AbsenceOccurrenceTest" file="/home/ubuntu/subhub-api/tests/Absences/AbsenceOccurrenceTest.php" line="155" assertions="2" time="0.189609"/>
    </testsuite>
    <testsuite name="RoleCall\Absences\AbsenceReasonTest" file="/home/ubuntu/subhub-api/tests/Absences/AbsenceReasonTest.php" tests="2" assertions="9" failures="0" errors="0" time="0.326647">
      <testcase name="testGetIsActiveAttribute" class="RoleCall\Absences\AbsenceReasonTest" file="/home/ubuntu/subhub-api/tests/Absences/AbsenceReasonTest.php" line="12" assertions="3" time="0.168642"/>
      <testcase name="testScopeIsActive" class="RoleCall\Absences\AbsenceReasonTest" file="/home/ubuntu/subhub-api/tests/Absences/AbsenceReasonTest.php" line="33" assertions="6" time="0.158005"/>
    </testsuite>
    <testsuite name="RoleCall\Absences\AbsenceTest" file="/home/ubuntu/subhub-api/tests/Absences/AbsenceTest.php" tests="1" assertions="6" failures="0" errors="0" time="0.156648">
      <testcase name="testScopeOrderByOccurrences" class="RoleCall\Absences\AbsenceTest" file="/home/ubuntu/subhub-api/tests/Absences/AbsenceTest.php" line="11" assertions="6" time="0.156648"/>
    </testsuite>
    <testsuite name="RoleCall\Absences\Controllers\AbsenceAssignmentControllerTest" file="/home/ubuntu/subhub-api/tests/Absences/Controllers/AbsenceAssignmentControllerTest.php" tests="7" assertions="17" failures="0" errors="0" time="1.982747">
      <testcase name="testAssign" class="RoleCall\Absences\Controllers\AbsenceAssignmentControllerTest" file="/home/ubuntu/subhub-api/tests/Absences/Controllers/AbsenceAssignmentControllerTest.php" line="53" assertions="2" time="0.327492"/>
      <testcase name="testAssignExpired" class="RoleCall\Absences\Controllers\AbsenceAssignmentControllerTest" file="/home/ubuntu/subhub-api/tests/Absences/Controllers/AbsenceAssignmentControllerTest.php" line="72" assertions="2" time="0.294117"/>
      <testcase name="testAssignWithIgnore" class="RoleCall\Absences\Controllers\AbsenceAssignmentControllerTest" file="/home/ubuntu/subhub-api/tests/Absences/Controllers/AbsenceAssignmentControllerTest.php" line="94" assertions="2" time="0.307794"/>
      <testcase name="testAssignIneligible" class="RoleCall\Absences\Controllers\AbsenceAssignmentControllerTest" file="/home/ubuntu/subhub-api/tests/Absences/Controllers/AbsenceAssignmentControllerTest.php" line="112" assertions="2" time="0.247911"/>
      <testcase name="testUnassign" class="RoleCall\Absences\Controllers\AbsenceAssignmentControllerTest" file="/home/ubuntu/subhub-api/tests/Absences/Controllers/AbsenceAssignmentControllerTest.php" line="126" assertions="3" time="0.292056"/>
      <testcase name="testUnassignAllOccurrences" class="RoleCall\Absences\Controllers\AbsenceAssignmentControllerTest" file="/home/ubuntu/subhub-api/tests/Absences/Controllers/AbsenceAssignmentControllerTest.php" line="150" assertions="3" time="0.273158"/>
      <testcase name="testUnassignWithoutFilledOccurrences" class="RoleCall\Absences\Controllers\AbsenceAssignmentControllerTest" file="/home/ubuntu/subhub-api/tests/Absences/Controllers/AbsenceAssignmentControllerTest.php" line="170" assertions="3" time="0.240219"/>
    </testsuite>
    <testsuite name="RoleCall\Absences\Controllers\AbsenceAuditControllerTest" file="/home/ubuntu/subhub-api/tests/Absences/Controllers/AbsenceAuditControllerTest.php" tests="9" assertions="24" failures="0" errors="0" time="2.110613">
      <testcase name="testApproveOpen" class="RoleCall\Absences\Controllers\AbsenceAuditControllerTest" file="/home/ubuntu/subhub-api/tests/Absences/Controllers/AbsenceAuditControllerTest.php" line="18" assertions="2" time="0.218917"/>
      <testcase name="testApproveOpenWhenAlreadyApproved" class="RoleCall\Absences\Controllers\AbsenceAuditControllerTest" file="/home/ubuntu/subhub-api/tests/Absences/Controllers/AbsenceAuditControllerTest.php" line="41" assertions="3" time="0.210578"/>
      <testcase name="testDeclineOpen" class="RoleCall\Absences\Controllers\AbsenceAuditControllerTest" file="/home/ubuntu/subhub-api/tests/Absences/Controllers/AbsenceAuditControllerTest.php" line="59" assertions="2" time="0.236257"/>
      <testcase name="testDeclineOpenWhenAlreadyDeclined" class="RoleCall\Absences\Controllers\AbsenceAuditControllerTest" file="/home/ubuntu/subhub-api/tests/Absences/Controllers/AbsenceAuditControllerTest.php" line="82" assertions="3" time="0.210847"/>
      <testcase name="testShowApproveCancel" class="RoleCall\Absences\Controllers\AbsenceAuditControllerTest" file="/home/ubuntu/subhub-api/tests/Absences/Controllers/AbsenceAuditControllerTest.php" line="100" assertions="4" time="0.344516"/>
      <testcase name="testApproveCancel" class="RoleCall\Absences\Controllers\AbsenceAuditControllerTest" file="/home/ubuntu/subhub-api/tests/Absences/Controllers/AbsenceAuditControllerTest.php" line="125" assertions="2" time="0.225895"/>
      <testcase name="testApproveCancellationWhenAlreadyApproved" class="RoleCall\Absences\Controllers\AbsenceAuditControllerTest" file="/home/ubuntu/subhub-api/tests/Absences/Controllers/AbsenceAuditControllerTest.php" line="147" assertions="3" time="0.224910"/>
      <testcase name="testDeclineCancel" class="RoleCall\Absences\Controllers\AbsenceAuditControllerTest" file="/home/ubuntu/subhub-api/tests/Absences/Controllers/AbsenceAuditControllerTest.php" line="165" assertions="2" time="0.230253"/>
      <testcase name="testDeclineCancellationWhenAlreadyDeclined" class="RoleCall\Absences\Controllers\AbsenceAuditControllerTest" file="/home/ubuntu/subhub-api/tests/Absences/Controllers/AbsenceAuditControllerTest.php" line="183" assertions="3" time="0.208440"/>
    </testsuite>
    <testsuite name="RoleCall\Absences\Controllers\AbsenceCancellationControllerTest" file="/home/ubuntu/subhub-api/tests/Absences/Controllers/AbsenceCancellationControllerTest.php" tests="4" assertions="14" failures="0" errors="0" time="1.023562">
      <testcase name="testShow" class="RoleCall\Absences\Controllers\AbsenceCancellationControllerTest" file="/home/ubuntu/subhub-api/tests/Absences/Controllers/AbsenceCancellationControllerTest.php" line="17" assertions="6" time="0.352711"/>
      <testcase name="testCancel" class="RoleCall\Absences\Controllers\AbsenceCancellationControllerTest" file="/home/ubuntu/subhub-api/tests/Absences/Controllers/AbsenceCancellationControllerTest.php" line="37" assertions="2" time="0.208895"/>
      <testcase name="testCancelToPending" class="RoleCall\Absences\Controllers\AbsenceCancellationControllerTest" file="/home/ubuntu/subhub-api/tests/Absences/Controllers/AbsenceCancellationControllerTest.php" line="51" assertions="4" time="0.268740"/>
      <testcase name="testCancelNonUnassignableOccurrencesProvided" class="RoleCall\Absences\Controllers\AbsenceCancellationControllerTest" file="/home/ubuntu/subhub-api/tests/Absences/Controllers/AbsenceCancellationControllerTest.php" line="83" assertions="2" time="0.193216"/>
    </testsuite>
    <testsuite name="RoleCall\Absences\Controllers\AbsenceClaimControllerTest" file="/home/ubuntu/subhub-api/tests/Absences/Controllers/AbsenceClaimControllerTest.php" tests="4" assertions="7" failures="0" errors="0" time="1.057685">
      <testcase name="testClaim" class="RoleCall\Absences\Controllers\AbsenceClaimControllerTest" file="/home/ubuntu/subhub-api/tests/Absences/Controllers/AbsenceClaimControllerTest.php" line="44" assertions="2" time="0.296211"/>
      <testcase name="testTryToClaimJobWhenNotEligible" class="RoleCall\Absences\Controllers\AbsenceClaimControllerTest" file="/home/ubuntu/subhub-api/tests/Absences/Controllers/AbsenceClaimControllerTest.php" line="57" assertions="1" time="0.253769"/>
      <testcase name="testCannotClaimAbsenceAtTheSameTimeAsAnotherUser" class="RoleCall\Absences\Controllers\AbsenceClaimControllerTest" file="/home/ubuntu/subhub-api/tests/Absences/Controllers/AbsenceClaimControllerTest.php" line="65" assertions="2" time="0.240276"/>
      <testcase name="testUnclaim" class="RoleCall\Absences\Controllers\AbsenceClaimControllerTest" file="/home/ubuntu/subhub-api/tests/Absences/Controllers/AbsenceClaimControllerTest.php" line="76" assertions="2" time="0.267429"/>
    </testsuite>
    <testsuite name="RoleCall\Absences\Controllers\AbsenceNotifyControllerTest" file="/home/ubuntu/subhub-api/tests/Absences/Controllers/AbsenceNotifyControllerTest.php" tests="2" assertions="40" failures="0" errors="0" time="0.804475">
      <testcase name="testNotifyAbsence" class="RoleCall\Absences\Controllers\AbsenceNotifyControllerTest" file="/home/ubuntu/subhub-api/tests/Absences/Controllers/AbsenceNotifyControllerTest.php" line="17" assertions="2" time="0.312632"/>
      <testcase name="testNotificationLimits" class="RoleCall\Absences\Controllers\AbsenceNotifyControllerTest" file="/home/ubuntu/subhub-api/tests/Absences/Controllers/AbsenceNotifyControllerTest.php" line="142" assertions="38" time="0.491843"/>
    </testsuite>
    <testsuite name="RoleCall\Absences\Controllers\AbsenceOccurrenceCalendarControllerTest" file="/home/ubuntu/subhub-api/tests/Absences/Controllers/AbsenceOccurrenceCalendarControllerTest.php" tests="1" assertions="1" failures="0" errors="0" time="0.232221">
      <testcase name="testIndex" class="RoleCall\Absences\Controllers\AbsenceOccurrenceCalendarControllerTest" file="/home/ubuntu/subhub-api/tests/Absences/Controllers/AbsenceOccurrenceCalendarControllerTest.php" line="13" assertions="1" time="0.232221"/>
    </testsuite>
    <testsuite name="RoleCall\Absences\Controllers\AbsenceOccurrenceCancellationControllerTest" file="/home/ubuntu/subhub-api/tests/Absences/Controllers/AbsenceOccurrenceCancellationControllerTest.php" tests="2" assertions="16" failures="0" errors="0" time="0.806902">
      <testcase name="testCancelTwoOccurrences" class="RoleCall\Absences\Controllers\AbsenceOccurrenceCancellationControllerTest" file="/home/ubuntu/subhub-api/tests/Absences/Controllers/AbsenceOccurrenceCancellationControllerTest.php" line="18" assertions="8" time="0.379119"/>
      <testcase name="testCancelAllOccurrences" class="RoleCall\Absences\Controllers\AbsenceOccurrenceCancellationControllerTest" file="/home/ubuntu/subhub-api/tests/Absences/Controllers/AbsenceOccurrenceCancellationControllerTest.php" line="79" assertions="8" time="0.427783"/>
    </testsuite>
    <testsuite name="RoleCall\Absences\Controllers\AbsenceOccurrencesControllerTest" file="/home/ubuntu/subhub-api/tests/Absences/Controllers/AbsenceOccurrencesControllerTest.php" tests="8" assertions="32" failures="0" errors="0" time="2.343413">
      <testcase name="testIndex" class="RoleCall\Absences\Controllers\AbsenceOccurrencesControllerTest" file="/home/ubuntu/subhub-api/tests/Absences/Controllers/AbsenceOccurrencesControllerTest.php" line="16" assertions="7" time="0.249221"/>
      <testcase name="testForUser" class="RoleCall\Absences\Controllers\AbsenceOccurrencesControllerTest" file="/home/ubuntu/subhub-api/tests/Absences/Controllers/AbsenceOccurrencesControllerTest.php" line="31" assertions="4" time="0.517805"/>
      <testcase name="testForCurrentUser" class="RoleCall\Absences\Controllers\AbsenceOccurrencesControllerTest" file="/home/ubuntu/subhub-api/tests/Absences/Controllers/AbsenceOccurrencesControllerTest.php" line="46" assertions="2" time="0.252486"/>
      <testcase name="testShow" class="RoleCall\Absences\Controllers\AbsenceOccurrencesControllerTest" file="/home/ubuntu/subhub-api/tests/Absences/Controllers/AbsenceOccurrencesControllerTest.php" line="59" assertions="2" time="0.190270"/>
      <testcase name="testEdit" class="RoleCall\Absences\Controllers\AbsenceOccurrencesControllerTest" file="/home/ubuntu/subhub-api/tests/Absences/Controllers/AbsenceOccurrencesControllerTest.php" line="71" assertions="5" time="0.345719"/>
      <testcase name="testUpdate" class="RoleCall\Absences\Controllers\AbsenceOccurrencesControllerTest" file="/home/ubuntu/subhub-api/tests/Absences/Controllers/AbsenceOccurrencesControllerTest.php" line="98" assertions="3" time="0.208259"/>
      <testcase name="testDelete" class="RoleCall\Absences\Controllers\AbsenceOccurrencesControllerTest" file="/home/ubuntu/subhub-api/tests/Absences/Controllers/AbsenceOccurrencesControllerTest.php" line="119" assertions="6" time="0.303173"/>
      <testcase name="testDestroyOccurrence" class="RoleCall\Absences\Controllers\AbsenceOccurrencesControllerTest" file="/home/ubuntu/subhub-api/tests/Absences/Controllers/AbsenceOccurrencesControllerTest.php" line="144" assertions="3" time="0.276480"/>
    </testsuite>
    <testsuite name="RoleCall\Absences\Controllers\AbsenceRatesControllerTest" file="/home/ubuntu/subhub-api/tests/Absences/Controllers/AbsenceRatesControllerTest.php" tests="1" assertions="7" failures="0" errors="0" time="0.305050">
      <testcase name="testShow" class="RoleCall\Absences\Controllers\AbsenceRatesControllerTest" file="/home/ubuntu/subhub-api/tests/Absences/Controllers/AbsenceRatesControllerTest.php" line="13" assertions="7" time="0.305050"/>
    </testsuite>
    <testsuite name="RoleCall\Absences\Controllers\AbsenceReasonsControllerTest" file="/home/ubuntu/subhub-api/tests/Absences/Controllers/AbsenceReasonsControllerTest.php" tests="5" assertions="14" failures="0" errors="0" time="1.095994">
      <testcase name="testIndex" class="RoleCall\Absences\Controllers\AbsenceReasonsControllerTest" file="/home/ubuntu/subhub-api/tests/Absences/Controllers/AbsenceReasonsControllerTest.php" line="14" assertions="2" time="0.285282"/>
      <testcase name="testStore" class="RoleCall\Absences\Controllers\AbsenceReasonsControllerTest" file="/home/ubuntu/subhub-api/tests/Absences/Controllers/AbsenceReasonsControllerTest.php" line="27" assertions="3" time="0.170328"/>
      <testcase name="testEdit" class="RoleCall\Absences\Controllers\AbsenceReasonsControllerTest" file="/home/ubuntu/subhub-api/tests/Absences/Controllers/AbsenceReasonsControllerTest.php" line="45" assertions="2" time="0.279048"/>
      <testcase name="testUpdate" class="RoleCall\Absences\Controllers\AbsenceReasonsControllerTest" file="/home/ubuntu/subhub-api/tests/Absences/Controllers/AbsenceReasonsControllerTest.php" line="58" assertions="3" time="0.166577"/>
      <testcase name="testUpdateRequiresApproval" class="RoleCall\Absences\Controllers\AbsenceReasonsControllerTest" file="/home/ubuntu/subhub-api/tests/Absences/Controllers/AbsenceReasonsControllerTest.php" line="76" assertions="4" time="0.194759"/>
    </testsuite>
    <testsuite name="RoleCall\Absences\Controllers\AbsencesControllerTest" file="/home/ubuntu/subhub-api/tests/Absences/Controllers/AbsencesControllerTest.php" tests="16" assertions="73" failures="0" errors="0" time="5.221501">
      <testcase name="testShowAbsence" class="RoleCall\Absences\Controllers\AbsencesControllerTest" file="/home/ubuntu/subhub-api/tests/Absences/Controllers/AbsencesControllerTest.php" line="16" assertions="2" time="0.139757"/>
      <testcase name="testAbsenceForUser" class="RoleCall\Absences\Controllers\AbsencesControllerTest" file="/home/ubuntu/subhub-api/tests/Absences/Controllers/AbsencesControllerTest.php" line="27" assertions="4" time="0.538375"/>
      <testcase name="testShowAbsenceForEmployee" class="RoleCall\Absences\Controllers\AbsencesControllerTest" file="/home/ubuntu/subhub-api/tests/Absences/Controllers/AbsencesControllerTest.php" line="40" assertions="6" time="0.393961"/>
      <testcase name="testShowAbsenceForSub" class="RoleCall\Absences\Controllers\AbsencesControllerTest" file="/home/ubuntu/subhub-api/tests/Absences/Controllers/AbsencesControllerTest.php" line="60" assertions="6" time="0.415965"/>
      <testcase name="testShowAbsenceForSubWhoHasClaimedAndItsLessThan24HoursFromStarting" class="RoleCall\Absences\Controllers\AbsencesControllerTest" file="/home/ubuntu/subhub-api/tests/Absences/Controllers/AbsencesControllerTest.php" line="97" assertions="7" time="0.398853"/>
      <testcase name="testShowAbsence403ForSub" class="RoleCall\Absences\Controllers\AbsencesControllerTest" file="/home/ubuntu/subhub-api/tests/Absences/Controllers/AbsencesControllerTest.php" line="136" assertions="4" time="0.444969"/>
      <testcase name="testCreateAbsence" class="RoleCall\Absences\Controllers\AbsencesControllerTest" file="/home/ubuntu/subhub-api/tests/Absences/Controllers/AbsencesControllerTest.php" line="176" assertions="8" time="0.340349"/>
      <testcase name="testStoreAbsence" class="RoleCall\Absences\Controllers\AbsencesControllerTest" file="/home/ubuntu/subhub-api/tests/Absences/Controllers/AbsencesControllerTest.php" line="197" assertions="2" time="0.277738"/>
      <testcase name="testStoreAbsenceValidateOnly" class="RoleCall\Absences\Controllers\AbsencesControllerTest" file="/home/ubuntu/subhub-api/tests/Absences/Controllers/AbsencesControllerTest.php" line="232" assertions="2" time="0.228761"/>
      <testcase name="testStoreAbsenceValidateOnlyShowDirectAssign" class="RoleCall\Absences\Controllers\AbsencesControllerTest" file="/home/ubuntu/subhub-api/tests/Absences/Controllers/AbsencesControllerTest.php" line="268" assertions="4" time="0.224853"/>
      <testcase name="testEditAbsence" class="RoleCall\Absences\Controllers\AbsencesControllerTest" file="/home/ubuntu/subhub-api/tests/Absences/Controllers/AbsencesControllerTest.php" line="309" assertions="6" time="0.367187"/>
      <testcase name="testEditAbsenceAsSchoolStaff" class="RoleCall\Absences\Controllers\AbsencesControllerTest" file="/home/ubuntu/subhub-api/tests/Absences/Controllers/AbsencesControllerTest.php" line="323" assertions="6" time="0.328540"/>
      <testcase name="testEditAbsenceAsSuper" class="RoleCall\Absences\Controllers\AbsencesControllerTest" file="/home/ubuntu/subhub-api/tests/Absences/Controllers/AbsencesControllerTest.php" line="342" assertions="6" time="0.328255"/>
      <testcase name="testEditVacancy" class="RoleCall\Absences\Controllers\AbsencesControllerTest" file="/home/ubuntu/subhub-api/tests/Absences/Controllers/AbsencesControllerTest.php" line="361" assertions="6" time="0.319300"/>
      <testcase name="testUpdateAbsence" class="RoleCall\Absences\Controllers\AbsencesControllerTest" file="/home/ubuntu/subhub-api/tests/Absences/Controllers/AbsencesControllerTest.php" line="382" assertions="1" time="0.233475"/>
      <testcase name="testReleaseAbsence" class="RoleCall\Absences\Controllers\AbsencesControllerTest" file="/home/ubuntu/subhub-api/tests/Absences/Controllers/AbsencesControllerTest.php" line="404" assertions="3" time="0.241163"/>
    </testsuite>
    <testsuite name="RoleCall\Absences\Controllers\VacanciesControllerTest" file="/home/ubuntu/subhub-api/tests/Absences/Controllers/VacanciesControllerTest.php" tests="4" assertions="12" failures="0" errors="0" time="1.113595">
      <testcase name="testStoreVacancy" class="RoleCall\Absences\Controllers\VacanciesControllerTest" file="/home/ubuntu/subhub-api/tests/Absences/Controllers/VacanciesControllerTest.php" line="15" assertions="3" time="0.264878"/>
      <testcase name="testStoreVacancyValidateOnly" class="RoleCall\Absences\Controllers\VacanciesControllerTest" file="/home/ubuntu/subhub-api/tests/Absences/Controllers/VacanciesControllerTest.php" line="49" assertions="4" time="0.223693"/>
      <testcase name="testStoreVacancyDirectAssign" class="RoleCall\Absences\Controllers\VacanciesControllerTest" file="/home/ubuntu/subhub-api/tests/Absences/Controllers/VacanciesControllerTest.php" line="86" assertions="3" time="0.391729"/>
      <testcase name="testUpdateVacancy" class="RoleCall\Absences\Controllers\VacanciesControllerTest" file="/home/ubuntu/subhub-api/tests/Absences/Controllers/VacanciesControllerTest.php" line="139" assertions="2" time="0.233295"/>
    </testsuite>
    <testsuite name="RoleCall\Absences\Policies\AbsenceDocumentPolicyTest" file="/home/ubuntu/subhub-api/tests/Absences/Policies/AbsenceDocumentPolicyTest.php" tests="4" assertions="13" failures="0" errors="0" time="0.830363">
      <testcase name="testCreate" class="RoleCall\Absences\Policies\AbsenceDocumentPolicyTest" file="/home/ubuntu/subhub-api/tests/Absences/Policies/AbsenceDocumentPolicyTest.php" line="30" assertions="3" time="0.191312"/>
      <testcase name="testDelete" class="RoleCall\Absences\Policies\AbsenceDocumentPolicyTest" file="/home/ubuntu/subhub-api/tests/Absences/Policies/AbsenceDocumentPolicyTest.php" line="41" assertions="3" time="0.200481"/>
      <testcase name="testUpdate" class="RoleCall\Absences\Policies\AbsenceDocumentPolicyTest" file="/home/ubuntu/subhub-api/tests/Absences/Policies/AbsenceDocumentPolicyTest.php" line="54" assertions="3" time="0.219879"/>
      <testcase name="testView" class="RoleCall\Absences\Policies\AbsenceDocumentPolicyTest" file="/home/ubuntu/subhub-api/tests/Absences/Policies/AbsenceDocumentPolicyTest.php" line="67" assertions="4" time="0.218691"/>
    </testsuite>
    <testsuite name="RoleCall\Absences\Policies\AbsenceNotePolicyTest" file="/home/ubuntu/subhub-api/tests/Absences/Policies/AbsenceNotePolicyTest.php" tests="2" assertions="6" failures="0" errors="0" time="0.404416">
      <testcase name="testCreate" class="RoleCall\Absences\Policies\AbsenceNotePolicyTest" file="/home/ubuntu/subhub-api/tests/Absences/Policies/AbsenceNotePolicyTest.php" line="32" assertions="3" time="0.191587"/>
      <testcase name="testIndex" class="RoleCall\Absences\Policies\AbsenceNotePolicyTest" file="/home/ubuntu/subhub-api/tests/Absences/Policies/AbsenceNotePolicyTest.php" line="46" assertions="3" time="0.212829"/>
    </testsuite>
    <testsuite name="RoleCall\Absences\Policies\AbsenceOccurrencePolicyTest" file="/home/ubuntu/subhub-api/tests/Absences/Policies/AbsenceOccurrencePolicyTest.php" tests="8" assertions="44" failures="0" errors="0" time="1.873848">
      <testcase name="testAssign" class="RoleCall\Absences\Policies\AbsenceOccurrencePolicyTest" file="/home/ubuntu/subhub-api/tests/Absences/Policies/AbsenceOccurrencePolicyTest.php" line="42" assertions="3" time="0.214816"/>
      <testcase name="testCancel" class="RoleCall\Absences\Policies\AbsenceOccurrencePolicyTest" file="/home/ubuntu/subhub-api/tests/Absences/Policies/AbsenceOccurrencePolicyTest.php" line="51" assertions="4" time="0.220556"/>
      <testcase name="testCancelMultiple" class="RoleCall\Absences\Policies\AbsenceOccurrencePolicyTest" file="/home/ubuntu/subhub-api/tests/Absences/Policies/AbsenceOccurrencePolicyTest.php" line="68" assertions="22" time="0.295124"/>
      <testcase name="testClaim" class="RoleCall\Absences\Policies\AbsenceOccurrencePolicyTest" file="/home/ubuntu/subhub-api/tests/Absences/Policies/AbsenceOccurrencePolicyTest.php" line="140" assertions="3" time="0.233474"/>
      <testcase name="testDelete" class="RoleCall\Absences\Policies\AbsenceOccurrencePolicyTest" file="/home/ubuntu/subhub-api/tests/Absences/Policies/AbsenceOccurrencePolicyTest.php" line="149" assertions="3" time="0.231422"/>
      <testcase name="testIndex" class="RoleCall\Absences\Policies\AbsenceOccurrencePolicyTest" file="/home/ubuntu/subhub-api/tests/Absences/Policies/AbsenceOccurrencePolicyTest.php" line="158" assertions="3" time="0.230461"/>
      <testcase name="testUnassign" class="RoleCall\Absences\Policies\AbsenceOccurrencePolicyTest" file="/home/ubuntu/subhub-api/tests/Absences/Policies/AbsenceOccurrencePolicyTest.php" line="167" assertions="3" time="0.213621"/>
      <testcase name="testUpdate" class="RoleCall\Absences\Policies\AbsenceOccurrencePolicyTest" file="/home/ubuntu/subhub-api/tests/Absences/Policies/AbsenceOccurrencePolicyTest.php" line="176" assertions="3" time="0.234374"/>
    </testsuite>
    <testsuite name="RoleCall\Absences\Policies\AbsencePolicyTest" file="/home/ubuntu/subhub-api/tests/Absences/Policies/AbsencePolicyTest.php" tests="32" assertions="169" failures="0" errors="0" time="7.359750">
      <testcase name="testApplyLtaRateSettings" class="RoleCall\Absences\Policies\AbsencePolicyTest" file="/home/ubuntu/subhub-api/tests/Absences/Policies/AbsencePolicyTest.php" line="31" assertions="4" time="0.205333"/>
      <testcase name="testApproveCancel" class="RoleCall\Absences\Policies\AbsencePolicyTest" file="/home/ubuntu/subhub-api/tests/Absences/Policies/AbsencePolicyTest.php" line="47" assertions="4" time="0.208809"/>
      <testcase name="testApproveOpen" class="RoleCall\Absences\Policies\AbsencePolicyTest" file="/home/ubuntu/subhub-api/tests/Absences/Policies/AbsencePolicyTest.php" line="61" assertions="4" time="0.223530"/>
      <testcase name="testAssign" class="RoleCall\Absences\Policies\AbsencePolicyTest" file="/home/ubuntu/subhub-api/tests/Absences/Policies/AbsencePolicyTest.php" line="75" assertions="2" time="0.189674"/>
      <testcase name="testAssignWithIgnoredCredentials" class="RoleCall\Absences\Policies\AbsencePolicyTest" file="/home/ubuntu/subhub-api/tests/Absences/Policies/AbsencePolicyTest.php" line="83" assertions="2" time="0.188936"/>
      <testcase name="testCancel" class="RoleCall\Absences\Policies\AbsencePolicyTest" file="/home/ubuntu/subhub-api/tests/Absences/Policies/AbsencePolicyTest.php" line="91" assertions="4" time="0.205355"/>
      <testcase name="testCancelWithoutApproval" class="RoleCall\Absences\Policies\AbsencePolicyTest" file="/home/ubuntu/subhub-api/tests/Absences/Policies/AbsencePolicyTest.php" line="105" assertions="2" time="0.189233"/>
      <testcase name="testClaimPolicy" class="RoleCall\Absences\Policies\AbsencePolicyTest" file="/home/ubuntu/subhub-api/tests/Absences/Policies/AbsencePolicyTest.php" line="113" assertions="26" time="0.702536"/>
      <testcase name="testCreate" class="RoleCall\Absences\Policies\AbsencePolicyTest" file="/home/ubuntu/subhub-api/tests/Absences/Policies/AbsencePolicyTest.php" line="230" assertions="3" time="0.197120"/>
      <testcase name="testCreateAndAssign" class="RoleCall\Absences\Policies\AbsencePolicyTest" file="/home/ubuntu/subhub-api/tests/Absences/Policies/AbsencePolicyTest.php" line="241" assertions="3" time="0.212360"/>
      <testcase name="testCreateAndDirectAssign" class="RoleCall\Absences\Policies\AbsencePolicyTest" file="/home/ubuntu/subhub-api/tests/Absences/Policies/AbsencePolicyTest.php" line="252" assertions="5" time="0.233185"/>
      <testcase name="testCreateAndHold" class="RoleCall\Absences\Policies\AbsencePolicyTest" file="/home/ubuntu/subhub-api/tests/Absences/Policies/AbsencePolicyTest.php" line="275" assertions="3" time="0.194780"/>
      <testcase name="testCreateVacancy" class="RoleCall\Absences\Policies\AbsencePolicyTest" file="/home/ubuntu/subhub-api/tests/Absences/Policies/AbsencePolicyTest.php" line="286" assertions="3" time="0.213687"/>
      <testcase name="testDeclineCancel" class="RoleCall\Absences\Policies\AbsencePolicyTest" file="/home/ubuntu/subhub-api/tests/Absences/Policies/AbsencePolicyTest.php" line="297" assertions="4" time="0.202747"/>
      <testcase name="testDeclineOpen" class="RoleCall\Absences\Policies\AbsencePolicyTest" file="/home/ubuntu/subhub-api/tests/Absences/Policies/AbsencePolicyTest.php" line="311" assertions="4" time="0.202546"/>
      <testcase name="testHold" class="RoleCall\Absences\Policies\AbsencePolicyTest" file="/home/ubuntu/subhub-api/tests/Absences/Policies/AbsencePolicyTest.php" line="325" assertions="3" time="0.207062"/>
      <testcase name="testIndex" class="RoleCall\Absences\Policies\AbsencePolicyTest" file="/home/ubuntu/subhub-api/tests/Absences/Policies/AbsencePolicyTest.php" line="338" assertions="2" time="0.208270"/>
      <testcase name="testRequestCertifiedSub" class="RoleCall\Absences\Policies\AbsencePolicyTest" file="/home/ubuntu/subhub-api/tests/Absences/Policies/AbsencePolicyTest.php" line="346" assertions="2" time="0.186415"/>
      <testcase name="testSchoolCalendar" class="RoleCall\Absences\Policies\AbsencePolicyTest" file="/home/ubuntu/subhub-api/tests/Absences/Policies/AbsencePolicyTest.php" line="354" assertions="3" time="0.206972"/>
      <testcase name="testUnassign" class="RoleCall\Absences\Policies\AbsencePolicyTest" file="/home/ubuntu/subhub-api/tests/Absences/Policies/AbsencePolicyTest.php" line="366" assertions="2" time="0.186298"/>
      <testcase name="testUnclaim" class="RoleCall\Absences\Policies\AbsencePolicyTest" file="/home/ubuntu/subhub-api/tests/Absences/Policies/AbsencePolicyTest.php" line="374" assertions="12" time="0.281067"/>
      <testcase name="testUpdate" class="RoleCall\Absences\Policies\AbsencePolicyTest" file="/home/ubuntu/subhub-api/tests/Absences/Policies/AbsencePolicyTest.php" line="443" assertions="3" time="0.191738"/>
      <testcase name="testUpdateVacancy" class="RoleCall\Absences\Policies\AbsencePolicyTest" file="/home/ubuntu/subhub-api/tests/Absences/Policies/AbsencePolicyTest.php" line="454" assertions="22" time="0.273993"/>
      <testcase name="testUpdateReason" class="RoleCall\Absences\Policies\AbsencePolicyTest" file="/home/ubuntu/subhub-api/tests/Absences/Policies/AbsencePolicyTest.php" line="526" assertions="22" time="0.297117"/>
      <testcase name="testUserCalendar" class="RoleCall\Absences\Policies\AbsencePolicyTest" file="/home/ubuntu/subhub-api/tests/Absences/Policies/AbsencePolicyTest.php" line="598" assertions="3" time="0.195114"/>
      <testcase name="testView" class="RoleCall\Absences\Policies\AbsencePolicyTest" file="/home/ubuntu/subhub-api/tests/Absences/Policies/AbsencePolicyTest.php" line="610" assertions="9" time="0.371556"/>
      <testcase name="testViewCallHistory" class="RoleCall\Absences\Policies\AbsencePolicyTest" file="/home/ubuntu/subhub-api/tests/Absences/Policies/AbsencePolicyTest.php" line="646" assertions="2" time="0.190960"/>
      <testcase name="testViewChangeLogsHistory" class="RoleCall\Absences\Policies\AbsencePolicyTest" file="/home/ubuntu/subhub-api/tests/Absences/Policies/AbsencePolicyTest.php" line="654" assertions="2" time="0.187759"/>
      <testcase name="testViewEmailHistory" class="RoleCall\Absences\Policies\AbsencePolicyTest" file="/home/ubuntu/subhub-api/tests/Absences/Policies/AbsencePolicyTest.php" line="662" assertions="2" time="0.205405"/>
      <testcase name="testViewSmsHistory" class="RoleCall\Absences\Policies\AbsencePolicyTest" file="/home/ubuntu/subhub-api/tests/Absences/Policies/AbsencePolicyTest.php" line="670" assertions="2" time="0.187149"/>
      <testcase name="testViewTimeline" class="RoleCall\Absences\Policies\AbsencePolicyTest" file="/home/ubuntu/subhub-api/tests/Absences/Policies/AbsencePolicyTest.php" line="678" assertions="2" time="0.188986"/>
      <testcase name="testApprove" class="RoleCall\Absences\Policies\AbsencePolicyTest" file="/home/ubuntu/subhub-api/tests/Absences/Policies/AbsencePolicyTest.php" line="686" assertions="3" time="0.224059"/>
    </testsuite>
    <testsuite name="RoleCall\Absences\Policies\AbsenceReasonPolicyTest" file="/home/ubuntu/subhub-api/tests/Absences/Policies/AbsenceReasonPolicyTest.php" tests="3" assertions="30" failures="0" errors="0" time="0.646838">
      <testcase name="testCreate" class="RoleCall\Absences\Policies\AbsenceReasonPolicyTest" file="/home/ubuntu/subhub-api/tests/Absences/Policies/AbsenceReasonPolicyTest.php" line="15" assertions="4" time="0.156914"/>
      <testcase name="testIndex" class="RoleCall\Absences\Policies\AbsenceReasonPolicyTest" file="/home/ubuntu/subhub-api/tests/Absences/Policies/AbsenceReasonPolicyTest.php" line="41" assertions="22" time="0.308072"/>
      <testcase name="testUpdate" class="RoleCall\Absences\Policies\AbsenceReasonPolicyTest" file="/home/ubuntu/subhub-api/tests/Absences/Policies/AbsenceReasonPolicyTest.php" line="110" assertions="4" time="0.181852"/>
    </testsuite>
    <testsuite name="RoleCall\Absences\Requests\AssignAbsenceRequestTest" file="/home/ubuntu/subhub-api/tests/Absences/Requests/AssignAbsenceRequestTest.php" tests="1" assertions="1" failures="0" errors="0" time="0.174610">
      <testcase name="testRules" class="RoleCall\Absences\Requests\AssignAbsenceRequestTest" file="/home/ubuntu/subhub-api/tests/Absences/Requests/AssignAbsenceRequestTest.php" line="11" assertions="1" time="0.174610"/>
    </testsuite>
    <testsuite name="RoleCall\Absences\Requests\CancelAbsenceOccurrencesRequestTest" file="/home/ubuntu/subhub-api/tests/Absences/Requests/CancelAbsenceOccurrencesRequestTest.php" tests="4" assertions="11" failures="0" errors="0" time="0.775957">
      <testcase name="testValid" class="RoleCall\Absences\Requests\CancelAbsenceOccurrencesRequestTest" file="/home/ubuntu/subhub-api/tests/Absences/Requests/CancelAbsenceOccurrencesRequestTest.php" line="12" assertions="1" time="0.203506"/>
      <testcase name="testInvalidData" class="RoleCall\Absences\Requests\CancelAbsenceOccurrencesRequestTest" file="/home/ubuntu/subhub-api/tests/Absences/Requests/CancelAbsenceOccurrencesRequestTest.php" line="36" assertions="3" time="0.174149"/>
      <testcase name="testInvalidOccurrences" class="RoleCall\Absences\Requests\CancelAbsenceOccurrencesRequestTest" file="/home/ubuntu/subhub-api/tests/Absences/Requests/CancelAbsenceOccurrencesRequestTest.php" line="51" assertions="3" time="0.179992"/>
      <testcase name="testOccurrencesWithTimelogs" class="RoleCall\Absences\Requests\CancelAbsenceOccurrencesRequestTest" file="/home/ubuntu/subhub-api/tests/Absences/Requests/CancelAbsenceOccurrencesRequestTest.php" line="81" assertions="4" time="0.218310"/>
    </testsuite>
    <testsuite name="RoleCall\Absences\Requests\CreateAbsenceReasonRequestTest" file="/home/ubuntu/subhub-api/tests/Absences/Requests/CreateAbsenceReasonRequestTest.php" tests="4" assertions="15" failures="0" errors="0" time="0.594539">
      <testcase name="testValid" class="RoleCall\Absences\Requests\CreateAbsenceReasonRequestTest" file="/home/ubuntu/subhub-api/tests/Absences/Requests/CreateAbsenceReasonRequestTest.php" line="12" assertions="1" time="0.142773"/>
      <testcase name="testRequiredFields" class="RoleCall\Absences\Requests\CreateAbsenceReasonRequestTest" file="/home/ubuntu/subhub-api/tests/Absences/Requests/CreateAbsenceReasonRequestTest.php" line="30" assertions="5" time="0.143671"/>
      <testcase name="testInvalidFields" class="RoleCall\Absences\Requests\CreateAbsenceReasonRequestTest" file="/home/ubuntu/subhub-api/tests/Absences/Requests/CreateAbsenceReasonRequestTest.php" line="46" assertions="5" time="0.162860"/>
      <testcase name="testDeactivatedAllowsAutoSick" class="RoleCall\Absences\Requests\CreateAbsenceReasonRequestTest" file="/home/ubuntu/subhub-api/tests/Absences/Requests/CreateAbsenceReasonRequestTest.php" line="67" assertions="4" time="0.145235"/>
    </testsuite>
    <testsuite name="RoleCall\Absences\Requests\UpdateAbsenceReasonRequestTest" file="/home/ubuntu/subhub-api/tests/Absences/Requests/UpdateAbsenceReasonRequestTest.php" tests="4" assertions="11" failures="0" errors="0" time="0.603474">
      <testcase name="testValid" class="RoleCall\Absences\Requests\UpdateAbsenceReasonRequestTest" file="/home/ubuntu/subhub-api/tests/Absences/Requests/UpdateAbsenceReasonRequestTest.php" line="12" assertions="1" time="0.143270"/>
      <testcase name="testRequiredFields" class="RoleCall\Absences\Requests\UpdateAbsenceReasonRequestTest" file="/home/ubuntu/subhub-api/tests/Absences/Requests/UpdateAbsenceReasonRequestTest.php" line="30" assertions="1" time="0.163846"/>
      <testcase name="testInvalidFields" class="RoleCall\Absences\Requests\UpdateAbsenceReasonRequestTest" file="/home/ubuntu/subhub-api/tests/Absences/Requests/UpdateAbsenceReasonRequestTest.php" line="42" assertions="5" time="0.149445"/>
      <testcase name="testDeactivatedAllowsAutoSick" class="RoleCall\Absences\Requests\UpdateAbsenceReasonRequestTest" file="/home/ubuntu/subhub-api/tests/Absences/Requests/UpdateAbsenceReasonRequestTest.php" line="63" assertions="4" time="0.146913"/>
    </testsuite>
    <testsuite name="RoleCall\Absences\Requests\UpdateAbsenceRequestTest" file="/home/ubuntu/subhub-api/tests/Absences/Requests/UpdateAbsenceRequestTest.php" tests="2" assertions="7" failures="0" errors="0" time="0.454738">
      <testcase name="testMissingDayUnitRates" class="RoleCall\Absences\Requests\UpdateAbsenceRequestTest" file="/home/ubuntu/subhub-api/tests/Absences/Requests/UpdateAbsenceRequestTest.php" line="38" assertions="3" time="0.224956"/>
      <testcase name="testExceedsBalance" class="RoleCall\Absences\Requests\UpdateAbsenceRequestTest" file="/home/ubuntu/subhub-api/tests/Absences/Requests/UpdateAbsenceRequestTest.php" line="60" assertions="4" time="0.229782"/>
    </testsuite>
    <testsuite name="RoleCall\Absences\Requests\UpdateVacancyRequestTest" file="/home/ubuntu/subhub-api/tests/Absences/Requests/UpdateVacancyRequestTest.php" tests="3" assertions="8" failures="0" errors="0" time="0.369204">
      <testcase name="testValid" class="RoleCall\Absences\Requests\UpdateVacancyRequestTest" file="/home/ubuntu/subhub-api/tests/Absences/Requests/UpdateVacancyRequestTest.php" line="12" assertions="1" time="0.134212"/>
      <testcase name="testRequiredFields" class="RoleCall\Absences\Requests\UpdateVacancyRequestTest" file="/home/ubuntu/subhub-api/tests/Absences/Requests/UpdateVacancyRequestTest.php" line="36" assertions="1" time="0.117165"/>
      <testcase name="testInvalidFields" class="RoleCall\Absences\Requests\UpdateVacancyRequestTest" file="/home/ubuntu/subhub-api/tests/Absences/Requests/UpdateVacancyRequestTest.php" line="45" assertions="6" time="0.117827"/>
    </testsuite>
    <testsuite name="RoleCall\Absences\Scopes\AbsenceOccurrenceAsAbsenceStatusScopeTest" file="/home/ubuntu/subhub-api/tests/Absences/Scopes/AbsenceOccurrenceAsAbsenceStatusScopeTest.php" tests="8" assertions="16" failures="0" errors="0" time="1.505758">
      <testsuite name="RoleCall\Absences\Scopes\AbsenceOccurrenceAsAbsenceStatusScopeTest::testStatuses" tests="8" assertions="16" failures="0" errors="0" time="1.505758">
        <testcase name="testStatuses with data set &quot;open&quot;" assertions="2" time="0.196439"/>
        <testcase name="testStatuses with data set &quot;expired&quot;" assertions="2" time="0.181820"/>
        <testcase name="testStatuses with data set &quot;filled&quot;" assertions="2" time="0.180989"/>
        <testcase name="testStatuses with data set &quot;cancelled&quot;" assertions="2" time="0.198400"/>
        <testcase name="testStatuses with data set &quot;declined&quot;" assertions="2" time="0.181247"/>
        <testcase name="testStatuses with data set &quot;filled_and_expired&quot;" assertions="2" time="0.181934"/>
        <testcase name="testStatuses with data set &quot;pending_cancellation&quot;" assertions="2" time="0.199773"/>
        <testcase name="testStatuses with data set &quot;pending_open&quot;" assertions="2" time="0.185156"/>
      </testsuite>
    </testsuite>
    <testsuite name="RoleCall\Absences\Scopes\AbsenceVisibleToScopeTest" file="/home/ubuntu/subhub-api/tests/Absences/Scopes/AbsenceVisibleToScopeTest.php" tests="8" assertions="16" failures="0" errors="0" time="4.133834">
      <testcase name="testVisibleAsSuper" class="RoleCall\Absences\Scopes\AbsenceVisibleToScopeTest" file="/home/ubuntu/subhub-api/tests/Absences/Scopes/AbsenceVisibleToScopeTest.php" line="63" assertions="2" time="0.488585"/>
      <testcase name="testVisibleAsAgencyAdmin" class="RoleCall\Absences\Scopes\AbsenceVisibleToScopeTest" file="/home/ubuntu/subhub-api/tests/Absences/Scopes/AbsenceVisibleToScopeTest.php" line="74" assertions="2" time="0.526666"/>
      <testcase name="testVisibleAsRegionAdmin" class="RoleCall\Absences\Scopes\AbsenceVisibleToScopeTest" file="/home/ubuntu/subhub-api/tests/Absences/Scopes/AbsenceVisibleToScopeTest.php" line="86" assertions="2" time="0.507017"/>
      <testcase name="testVisibleAsDistrictAdmin" class="RoleCall\Absences\Scopes\AbsenceVisibleToScopeTest" file="/home/ubuntu/subhub-api/tests/Absences/Scopes/AbsenceVisibleToScopeTest.php" line="98" assertions="2" time="0.524923"/>
      <testcase name="testVisibleAsSchoolAdmin" class="RoleCall\Absences\Scopes\AbsenceVisibleToScopeTest" file="/home/ubuntu/subhub-api/tests/Absences/Scopes/AbsenceVisibleToScopeTest.php" line="110" assertions="2" time="0.512471"/>
      <testcase name="testVisibleAsAbsenceApprover" class="RoleCall\Absences\Scopes\AbsenceVisibleToScopeTest" file="/home/ubuntu/subhub-api/tests/Absences/Scopes/AbsenceVisibleToScopeTest.php" line="122" assertions="2" time="0.518092"/>
      <testcase name="testVisibleAsEmployee" class="RoleCall\Absences\Scopes\AbsenceVisibleToScopeTest" file="/home/ubuntu/subhub-api/tests/Absences/Scopes/AbsenceVisibleToScopeTest.php" line="135" assertions="2" time="0.542504"/>
      <testcase name="testVisibleAsSub" class="RoleCall\Absences\Scopes\AbsenceVisibleToScopeTest" file="/home/ubuntu/subhub-api/tests/Absences/Scopes/AbsenceVisibleToScopeTest.php" line="151" assertions="2" time="0.513576"/>
    </testsuite>
    <testsuite name="RoleCall\Users\Scopes\CanBeClaimedByScopeTest" file="/home/ubuntu/subhub-api/tests/Absences/Scopes/CanBeClaimedByScopeTest.php" tests="65" assertions="127" failures="0" errors="0" time="15.047929">
      <testcase name="testUserIsEligible" class="RoleCall\Users\Scopes\CanBeClaimedByScopeTest" file="/home/ubuntu/subhub-api/tests/Absences/Scopes/CanBeClaimedByScopeTest.php" line="52" assertions="1" time="0.224775"/>
      <testcase name="testUserIsTheSameAsTheEmployee" class="RoleCall\Users\Scopes\CanBeClaimedByScopeTest" file="/home/ubuntu/subhub-api/tests/Absences/Scopes/CanBeClaimedByScopeTest.php" line="57" assertions="2" time="0.221068"/>
      <testcase name="testUserHasUnclaimViolation" class="RoleCall\Users\Scopes\CanBeClaimedByScopeTest" file="/home/ubuntu/subhub-api/tests/Absences/Scopes/CanBeClaimedByScopeTest.php" line="66" assertions="3" time="0.238818"/>
      <testcase name="testUserHasUnclaimViolationInDifferentDistrict" class="RoleCall\Users\Scopes\CanBeClaimedByScopeTest" file="/home/ubuntu/subhub-api/tests/Absences/Scopes/CanBeClaimedByScopeTest.php" line="83" assertions="2" time="0.297406"/>
      <testcase name="testUserHasNoSubRoles" class="RoleCall\Users\Scopes\CanBeClaimedByScopeTest" file="/home/ubuntu/subhub-api/tests/Absences/Scopes/CanBeClaimedByScopeTest.php" line="116" assertions="2" time="0.225433"/>
      <testsuite name="RoleCall\Users\Scopes\CanBeClaimedByScopeTest::testUsersSubRolesDates" tests="11" assertions="22" failures="0" errors="0" time="2.618009">
        <testcase name="testUsersSubRolesDates with data set &quot;before&quot;" assertions="2" time="0.224470"/>
        <testcase name="testUsersSubRolesDates with data set &quot;after&quot;" assertions="2" time="0.240373"/>
        <testcase name="testUsersSubRolesDates with data set &quot;starts at start&quot;" assertions="2" time="0.220437"/>
        <testcase name="testUsersSubRolesDates with data set &quot;starts at end&quot;" assertions="2" time="0.235960"/>
        <testcase name="testUsersSubRolesDates with data set &quot;ends at start&quot;" assertions="2" time="0.221375"/>
        <testcase name="testUsersSubRolesDates with data set &quot;ends at end&quot;" assertions="2" time="0.219212"/>
        <testcase name="testUsersSubRolesDates with data set &quot;exactly the same&quot;" assertions="2" time="0.246781"/>
        <testcase name="testUsersSubRolesDates with data set &quot;overlaps at start&quot;" assertions="2" time="0.250530"/>
        <testcase name="testUsersSubRolesDates with data set &quot;overlaps at end&quot;" assertions="2" time="0.290576"/>
        <testcase name="testUsersSubRolesDates with data set &quot;inside&quot;" assertions="2" time="0.242119"/>
        <testcase name="testUsersSubRolesDates with data set &quot;around&quot;" assertions="2" time="0.226176"/>
      </testsuite>
      <testcase name="testUserHasTheWrongPosition" class="RoleCall\Users\Scopes\CanBeClaimedByScopeTest" file="/home/ubuntu/subhub-api/tests/Absences/Scopes/CanBeClaimedByScopeTest.php" line="158" assertions="2" time="0.239999"/>
      <testcase name="testUserIsNotASubForAllOccurrences" class="RoleCall\Users\Scopes\CanBeClaimedByScopeTest" file="/home/ubuntu/subhub-api/tests/Absences/Scopes/CanBeClaimedByScopeTest.php" line="168" assertions="1" time="0.212026"/>
      <testcase name="testUserIsPreferred" class="RoleCall\Users\Scopes\CanBeClaimedByScopeTest" file="/home/ubuntu/subhub-api/tests/Absences/Scopes/CanBeClaimedByScopeTest.php" line="177" assertions="1" time="0.233217"/>
      <testcase name="testUserIsPriority" class="RoleCall\Users\Scopes\CanBeClaimedByScopeTest" file="/home/ubuntu/subhub-api/tests/Absences/Scopes/CanBeClaimedByScopeTest.php" line="185" assertions="1" time="0.209927"/>
      <testcase name="testUserIsNotPreferred" class="RoleCall\Users\Scopes\CanBeClaimedByScopeTest" file="/home/ubuntu/subhub-api/tests/Absences/Scopes/CanBeClaimedByScopeTest.php" line="195" assertions="2" time="0.217757"/>
      <testcase name="testUserIsNotPriority" class="RoleCall\Users\Scopes\CanBeClaimedByScopeTest" file="/home/ubuntu/subhub-api/tests/Absences/Scopes/CanBeClaimedByScopeTest.php" line="203" assertions="2" time="0.240975"/>
      <testcase name="testSchoolHasExcludedTheUser" class="RoleCall\Users\Scopes\CanBeClaimedByScopeTest" file="/home/ubuntu/subhub-api/tests/Absences/Scopes/CanBeClaimedByScopeTest.php" line="212" assertions="2" time="0.221664"/>
      <testcase name="testEmployeeHasExcludedTheUser" class="RoleCall\Users\Scopes\CanBeClaimedByScopeTest" file="/home/ubuntu/subhub-api/tests/Absences/Scopes/CanBeClaimedByScopeTest.php" line="223" assertions="2" time="0.223784"/>
      <testcase name="testUserHasExcludedTheAbsence" class="RoleCall\Users\Scopes\CanBeClaimedByScopeTest" file="/home/ubuntu/subhub-api/tests/Absences/Scopes/CanBeClaimedByScopeTest.php" line="234" assertions="2" time="0.242312"/>
      <testcase name="testUserHasExcludedTheSchool" class="RoleCall\Users\Scopes\CanBeClaimedByScopeTest" file="/home/ubuntu/subhub-api/tests/Absences/Scopes/CanBeClaimedByScopeTest.php" line="245" assertions="2" time="0.221592"/>
      <testcase name="testUserHasExcludedTheEmployee" class="RoleCall\Users\Scopes\CanBeClaimedByScopeTest" file="/home/ubuntu/subhub-api/tests/Absences/Scopes/CanBeClaimedByScopeTest.php" line="256" assertions="2" time="0.239599"/>
      <testcase name="testUserHasExcludedTheGrade" class="RoleCall\Users\Scopes\CanBeClaimedByScopeTest" file="/home/ubuntu/subhub-api/tests/Absences/Scopes/CanBeClaimedByScopeTest.php" line="267" assertions="2" time="0.224980"/>
      <testcase name="testUserHasExcludedTheSubject" class="RoleCall\Users\Scopes\CanBeClaimedByScopeTest" file="/home/ubuntu/subhub-api/tests/Absences/Scopes/CanBeClaimedByScopeTest.php" line="280" assertions="2" time="0.224335"/>
      <testcase name="testUserHasNoAvailability" class="RoleCall\Users\Scopes\CanBeClaimedByScopeTest" file="/home/ubuntu/subhub-api/tests/Absences/Scopes/CanBeClaimedByScopeTest.php" line="293" assertions="2" time="0.241863"/>
      <testsuite name="RoleCall\Users\Scopes\CanBeClaimedByScopeTest::testUserAvailabilityDates" tests="11" assertions="22" failures="0" errors="0" time="2.543216">
        <testcase name="testUserAvailabilityDates with data set &quot;before&quot;" assertions="2" time="0.224853"/>
        <testcase name="testUserAvailabilityDates with data set &quot;after&quot;" assertions="2" time="0.241967"/>
        <testcase name="testUserAvailabilityDates with data set &quot;starts at start&quot;" assertions="2" time="0.224088"/>
        <testcase name="testUserAvailabilityDates with data set &quot;starts at end&quot;" assertions="2" time="0.224469"/>
        <testcase name="testUserAvailabilityDates with data set &quot;ends at start&quot;" assertions="2" time="0.244729"/>
        <testcase name="testUserAvailabilityDates with data set &quot;ends at end&quot;" assertions="2" time="0.224698"/>
        <testcase name="testUserAvailabilityDates with data set &quot;exactly the same&quot;" assertions="2" time="0.237115"/>
        <testcase name="testUserAvailabilityDates with data set &quot;overlaps at start&quot;" assertions="2" time="0.230389"/>
        <testcase name="testUserAvailabilityDates with data set &quot;overlaps at end&quot;" assertions="2" time="0.224090"/>
        <testcase name="testUserAvailabilityDates with data set &quot;inside&quot;" assertions="2" time="0.243623"/>
        <testcase name="testUserAvailabilityDates with data set &quot;around&quot;" assertions="2" time="0.223195"/>
      </testsuite>
      <testsuite name="RoleCall\Users\Scopes\CanBeClaimedByScopeTest::testUsersExistingWorkSchedule" tests="11" assertions="22" failures="0" errors="0" time="2.532783">
        <testcase name="testUsersExistingWorkSchedule with data set &quot;before&quot;" assertions="2" time="0.221125"/>
        <testcase name="testUsersExistingWorkSchedule with data set &quot;after&quot;" assertions="2" time="0.240137"/>
        <testcase name="testUsersExistingWorkSchedule with data set &quot;starts at start&quot;" assertions="2" time="0.222066"/>
        <testcase name="testUsersExistingWorkSchedule with data set &quot;starts at end&quot;" assertions="2" time="0.238054"/>
        <testcase name="testUsersExistingWorkSchedule with data set &quot;ends at start&quot;" assertions="2" time="0.220667"/>
        <testcase name="testUsersExistingWorkSchedule with data set &quot;ends at end&quot;" assertions="2" time="0.228039"/>
        <testcase name="testUsersExistingWorkSchedule with data set &quot;exactly the same&quot;" assertions="2" time="0.248150"/>
        <testcase name="testUsersExistingWorkSchedule with data set &quot;overlaps at start&quot;" assertions="2" time="0.224443"/>
        <testcase name="testUsersExistingWorkSchedule with data set &quot;overlaps at end&quot;" assertions="2" time="0.242428"/>
        <testcase name="testUsersExistingWorkSchedule with data set &quot;inside&quot;" assertions="2" time="0.223755"/>
        <testcase name="testUsersExistingWorkSchedule with data set &quot;around&quot;" assertions="2" time="0.223919"/>
      </testsuite>
      <testcase name="testUserIsMissingCredentials" class="RoleCall\Users\Scopes\CanBeClaimedByScopeTest" file="/home/ubuntu/subhub-api/tests/Absences/Scopes/CanBeClaimedByScopeTest.php" line="370" assertions="2" time="0.237046"/>
      <testcase name="testUserIsMissingCredentialsForSomeOccurrences" class="RoleCall\Users\Scopes\CanBeClaimedByScopeTest" file="/home/ubuntu/subhub-api/tests/Absences/Scopes/CanBeClaimedByScopeTest.php" line="378" assertions="2" time="0.220015"/>
      <testsuite name="RoleCall\Users\Scopes\CanBeClaimedByScopeTest::testUsersCredentialDates" tests="11" assertions="22" failures="0" errors="0" time="2.495330">
        <testcase name="testUsersCredentialDates with data set &quot;before&quot;" assertions="2" time="0.236740"/>
        <testcase name="testUsersCredentialDates with data set &quot;after&quot;" assertions="2" time="0.219411"/>
        <testcase name="testUsersCredentialDates with data set &quot;starts at start&quot;" assertions="2" time="0.222567"/>
        <testcase name="testUsersCredentialDates with data set &quot;starts at end&quot;" assertions="2" time="0.238841"/>
        <testcase name="testUsersCredentialDates with data set &quot;ends at start&quot;" assertions="2" time="0.220498"/>
        <testcase name="testUsersCredentialDates with data set &quot;ends at end&quot;" assertions="2" time="0.227263"/>
        <testcase name="testUsersCredentialDates with data set &quot;exactly the same&quot;" assertions="2" time="0.236988"/>
        <testcase name="testUsersCredentialDates with data set &quot;overlaps at start&quot;" assertions="2" time="0.217519"/>
        <testcase name="testUsersCredentialDates with data set &quot;overlaps at end&quot;" assertions="2" time="0.236446"/>
        <testcase name="testUsersCredentialDates with data set &quot;inside&quot;" assertions="2" time="0.219873"/>
        <testcase name="testUsersCredentialDates with data set &quot;around&quot;" assertions="2" time="0.219184"/>
      </testsuite>
    </testsuite>
    <testsuite name="RoleCall\Absences\Scopes\HasOpenOccurrencesBetweenScopeTest" file="/home/ubuntu/subhub-api/tests/Absences/Scopes/HasOpenOccurrencesBetweenScopeTest.php" tests="7" assertions="7" failures="0" errors="0" time="1.287206">
      <testsuite name="RoleCall\Absences\Scopes\HasOpenOccurrencesBetweenScopeTest::testScope" tests="7" assertions="7" failures="0" errors="0" time="1.287206">
        <testcase name="testScope with data set &quot;exactly&quot;" assertions="1" time="0.196487"/>
        <testcase name="testScope with data set &quot;inside&quot;" assertions="1" time="0.175890"/>
        <testcase name="testScope with data set &quot;before&quot;" assertions="1" time="0.177086"/>
        <testcase name="testScope with data set &quot;after&quot;" assertions="1" time="0.193253"/>
        <testcase name="testScope with data set &quot;late&quot;" assertions="1" time="0.176075"/>
        <testcase name="testScope with data set &quot;early&quot;" assertions="1" time="0.192374"/>
        <testcase name="testScope with data set &quot;around&quot;" assertions="1" time="0.176041"/>
      </testsuite>
    </testsuite>
    <testsuite name="RoleCall\Absences\Services\ApprovePendingOpenAbsenceTest" file="/home/ubuntu/subhub-api/tests/Absences/Services/ApprovePendingOpenAbsenceTest.php" tests="2" assertions="2" failures="0" errors="0" time="0.382996">
      <testcase name="testApproveAbsence" class="RoleCall\Absences\Services\ApprovePendingOpenAbsenceTest" file="/home/ubuntu/subhub-api/tests/Absences/Services/ApprovePendingOpenAbsenceTest.php" line="12" assertions="1" time="0.181836"/>
      <testcase name="testApproveVacancy" class="RoleCall\Absences\Services\ApprovePendingOpenAbsenceTest" file="/home/ubuntu/subhub-api/tests/Absences/Services/ApprovePendingOpenAbsenceTest.php" line="30" assertions="1" time="0.201160"/>
    </testsuite>
    <testsuite name="RoleCall\Absences\Services\CancelAbsenceTest" file="/home/ubuntu/subhub-api/tests/Absences/Services/CancelAbsenceTest.php" tests="4" assertions="8" failures="0" errors="0" time="0.838043">
      <testcase name="testCancel" class="RoleCall\Absences\Services\CancelAbsenceTest" file="/home/ubuntu/subhub-api/tests/Absences/Services/CancelAbsenceTest.php" line="22" assertions="2" time="0.188725"/>
      <testcase name="testCancelTooLate" class="RoleCall\Absences\Services\CancelAbsenceTest" file="/home/ubuntu/subhub-api/tests/Absences/Services/CancelAbsenceTest.php" line="44" assertions="2" time="0.191725"/>
      <testcase name="testCancelFilledAsSuper" class="RoleCall\Absences\Services\CancelAbsenceTest" file="/home/ubuntu/subhub-api/tests/Absences/Services/CancelAbsenceTest.php" line="72" assertions="2" time="0.249902"/>
      <testcase name="testCancelFilledNonUnassignableOccurrences" class="RoleCall\Absences\Services\CancelAbsenceTest" file="/home/ubuntu/subhub-api/tests/Absences/Services/CancelAbsenceTest.php" line="106" assertions="2" time="0.207691"/>
    </testsuite>
    <testsuite name="RoleCall\Absences\Services\CreateAbsenceNoteTest" file="/home/ubuntu/subhub-api/tests/Absences/Services/CreateAbsenceNoteTest.php" tests="1" assertions="5" failures="0" errors="0" time="0.215688">
      <testcase name="testCreate" class="RoleCall\Absences\Services\CreateAbsenceNoteTest" file="/home/ubuntu/subhub-api/tests/Absences/Services/CreateAbsenceNoteTest.php" line="19" assertions="5" time="0.215688"/>
    </testsuite>
    <testsuite name="RoleCall\Absences\Services\CreateAbsenceTest" file="/home/ubuntu/subhub-api/tests/Absences/Services/CreateAbsenceTest.php" tests="8" assertions="54" failures="0" errors="0" time="2.244418">
      <testcase name="testCreate" class="RoleCall\Absences\Services\CreateAbsenceTest" file="/home/ubuntu/subhub-api/tests/Absences/Services/CreateAbsenceTest.php" line="20" assertions="18" time="0.250067"/>
      <testcase name="testCreateWithDifferentTimezone" class="RoleCall\Absences\Services\CreateAbsenceTest" file="/home/ubuntu/subhub-api/tests/Absences/Services/CreateAbsenceTest.php" line="70" assertions="16" time="0.251027"/>
      <testcase name="testThatPrioritySubsAreSetAsPrioritySubs" class="RoleCall\Absences\Services\CreateAbsenceTest" file="/home/ubuntu/subhub-api/tests/Absences/Services/CreateAbsenceTest.php" line="132" assertions="5" time="0.283578"/>
      <testcase name="testThatAnEmployeesPreferredSubsAreSetAsPrioritySubsWhenNoPrioritySubsAreSet" class="RoleCall\Absences\Services\CreateAbsenceTest" file="/home/ubuntu/subhub-api/tests/Absences/Services/CreateAbsenceTest.php" line="183" assertions="3" time="0.254152"/>
      <testcase name="testDirectAssignOfAPrioritySub" class="RoleCall\Absences\Services\CreateAbsenceTest" file="/home/ubuntu/subhub-api/tests/Absences/Services/CreateAbsenceTest.php" line="225" assertions="3" time="0.343145"/>
      <testcase name="testDirectAssignOfAPrioritySubByAnEmployee" class="RoleCall\Absences\Services\CreateAbsenceTest" file="/home/ubuntu/subhub-api/tests/Absences/Services/CreateAbsenceTest.php" line="282" assertions="3" time="0.341411"/>
      <testcase name="testAssignOfMultiplePrioritySubs" class="RoleCall\Absences\Services\CreateAbsenceTest" file="/home/ubuntu/subhub-api/tests/Absences/Services/CreateAbsenceTest.php" line="333" assertions="5" time="0.208602"/>
      <testcase name="testDirectAssignOfAPrioritySubWithInvalidPermissions" class="RoleCall\Absences\Services\CreateAbsenceTest" file="/home/ubuntu/subhub-api/tests/Absences/Services/CreateAbsenceTest.php" line="374" assertions="1" time="0.312436"/>
    </testsuite>
    <testsuite name="RoleCall\Absences\Services\CreateAutoSickAbsenceTest" file="/home/ubuntu/subhub-api/tests/Absences/Services/CreateAutoSickAbsenceTest.php" tests="1" assertions="14" failures="0" errors="0" time="0.257259">
      <testcase name="testCreate" class="RoleCall\Absences\Services\CreateAutoSickAbsenceTest" file="/home/ubuntu/subhub-api/tests/Absences/Services/CreateAutoSickAbsenceTest.php" line="15" assertions="14" time="0.257259"/>
    </testsuite>
    <testsuite name="RoleCall\Absences\Services\DeclineCancelAbsenceTest" file="/home/ubuntu/subhub-api/tests/Absences/Services/DeclineCancelAbsenceTest.php" tests="1" assertions="1" failures="0" errors="0" time="0.197952">
      <testcase name="test" class="RoleCall\Absences\Services\DeclineCancelAbsenceTest" file="/home/ubuntu/subhub-api/tests/Absences/Services/DeclineCancelAbsenceTest.php" line="11" assertions="1" time="0.197952"/>
    </testsuite>
    <testsuite name="RoleCall\Absences\Services\DeclinePendingOpenAbsenceTest" file="/home/ubuntu/subhub-api/tests/Absences/Services/DeclinePendingOpenAbsenceTest.php" tests="2" assertions="2" failures="0" errors="0" time="0.361545">
      <testcase name="testDeclineAbsence" class="RoleCall\Absences\Services\DeclinePendingOpenAbsenceTest" file="/home/ubuntu/subhub-api/tests/Absences/Services/DeclinePendingOpenAbsenceTest.php" line="12" assertions="1" time="0.181446"/>
      <testcase name="testDeclineVacancy" class="RoleCall\Absences\Services\DeclinePendingOpenAbsenceTest" file="/home/ubuntu/subhub-api/tests/Absences/Services/DeclinePendingOpenAbsenceTest.php" line="25" assertions="1" time="0.180099"/>
    </testsuite>
    <testsuite name="RoleCall\Absences\Services\DeleteAbsenceOccurrenceTest" file="/home/ubuntu/subhub-api/tests/Absences/Services/DeleteAbsenceOccurrenceTest.php" tests="3" assertions="8" failures="0" errors="0" time="0.741938">
      <testcase name="testDelete" class="RoleCall\Absences\Services\DeleteAbsenceOccurrenceTest" file="/home/ubuntu/subhub-api/tests/Absences/Services/DeleteAbsenceOccurrenceTest.php" line="20" assertions="4" time="0.223341"/>
      <testcase name="testDeleteFilled" class="RoleCall\Absences\Services\DeleteAbsenceOccurrenceTest" file="/home/ubuntu/subhub-api/tests/Absences/Services/DeleteAbsenceOccurrenceTest.php" line="53" assertions="2" time="0.257643"/>
      <testcase name="testDeleteRemoveFromEmployeeLeaveBalanceLedger" class="RoleCall\Absences\Services\DeleteAbsenceOccurrenceTest" file="/home/ubuntu/subhub-api/tests/Absences/Services/DeleteAbsenceOccurrenceTest.php" line="87" assertions="2" time="0.260954"/>
    </testsuite>
    <testsuite name="RoleCall\Absences\Services\HoldAbsenceTest" file="/home/ubuntu/subhub-api/tests/Absences/Services/HoldAbsenceTest.php" tests="1" assertions="1" failures="0" errors="0" time="0.189948">
      <testcase name="testHold" class="RoleCall\Absences\Services\HoldAbsenceTest" file="/home/ubuntu/subhub-api/tests/Absences/Services/HoldAbsenceTest.php" line="11" assertions="1" time="0.189948"/>
    </testsuite>
    <testsuite name="RoleCall\Absences\Services\RefreshAbsenceStatusTest" file="/home/ubuntu/subhub-api/tests/Absences/Services/RefreshAbsenceStatusTest.php" tests="10" assertions="20" failures="0" errors="0" time="1.921130">
      <testcase name="testNoStatusChanges" class="RoleCall\Absences\Services\RefreshAbsenceStatusTest" file="/home/ubuntu/subhub-api/tests/Absences/Services/RefreshAbsenceStatusTest.php" line="13" assertions="5" time="0.198510"/>
      <testcase name="testOpenGoesToExpired" class="RoleCall\Absences\Services\RefreshAbsenceStatusTest" file="/home/ubuntu/subhub-api/tests/Absences/Services/RefreshAbsenceStatusTest.php" line="53" assertions="2" time="0.183178"/>
      <testcase name="testExpiredGoesToOpen" class="RoleCall\Absences\Services\RefreshAbsenceStatusTest" file="/home/ubuntu/subhub-api/tests/Absences/Services/RefreshAbsenceStatusTest.php" line="72" assertions="2" time="0.204027"/>
      <testcase name="testPendingCancelledRemainsPendingCancelled" class="RoleCall\Absences\Services\RefreshAbsenceStatusTest" file="/home/ubuntu/subhub-api/tests/Absences/Services/RefreshAbsenceStatusTest.php" line="91" assertions="2" time="0.186375"/>
      <testcase name="testPendingOpenStaysPendingOpen" class="RoleCall\Absences\Services\RefreshAbsenceStatusTest" file="/home/ubuntu/subhub-api/tests/Absences/Services/RefreshAbsenceStatusTest.php" line="111" assertions="2" time="0.185410"/>
      <testcase name="testPendingOpenGoesToFilled" class="RoleCall\Absences\Services\RefreshAbsenceStatusTest" file="/home/ubuntu/subhub-api/tests/Absences/Services/RefreshAbsenceStatusTest.php" line="130" assertions="2" time="0.205537"/>
      <testcase name="testDeclinedStaysDeclinedButOccurrencesExpire" class="RoleCall\Absences\Services\RefreshAbsenceStatusTest" file="/home/ubuntu/subhub-api/tests/Absences/Services/RefreshAbsenceStatusTest.php" line="150" assertions="2" time="0.184989"/>
      <testcase name="testPriorityStatusChangesFromPreferredToAll" class="RoleCall\Absences\Services\RefreshAbsenceStatusTest" file="/home/ubuntu/subhub-api/tests/Absences/Services/RefreshAbsenceStatusTest.php" line="169" assertions="1" time="0.201138"/>
      <testcase name="testPriorityStatusStaysPreferred" class="RoleCall\Absences\Services\RefreshAbsenceStatusTest" file="/home/ubuntu/subhub-api/tests/Absences/Services/RefreshAbsenceStatusTest.php" line="188" assertions="1" time="0.185233"/>
      <testcase name="testPriorityStatusChangesFromPriorityToPreferred" class="RoleCall\Absences\Services\RefreshAbsenceStatusTest" file="/home/ubuntu/subhub-api/tests/Absences/Services/RefreshAbsenceStatusTest.php" line="209" assertions="1" time="0.186733"/>
    </testsuite>
    <testsuite name="RoleCall\Absences\Services\ReleaseAbsenceTest" file="/home/ubuntu/subhub-api/tests/Absences/Services/ReleaseAbsenceTest.php" tests="1" assertions="1" failures="0" errors="0" time="0.201752">
      <testcase name="testRelease" class="RoleCall\Absences\Services\ReleaseAbsenceTest" file="/home/ubuntu/subhub-api/tests/Absences/Services/ReleaseAbsenceTest.php" line="11" assertions="1" time="0.201752"/>
    </testsuite>
    <testsuite name="RoleCall\Absences\Services\ReserveAbsenceOccurrencesTest" file="/home/ubuntu/subhub-api/tests/Absences/Services/ReserveAbsenceOccurrencesTest.php" tests="5" assertions="5" failures="0" errors="0" time="0.953626">
      <testcase name="testCanReserveAllOpenOccurrences" class="RoleCall\Absences\Services\ReserveAbsenceOccurrencesTest" file="/home/ubuntu/subhub-api/tests/Absences/Services/ReserveAbsenceOccurrencesTest.php" line="34" assertions="1" time="0.182980"/>
      <testcase name="testCanReserveOneOccurrence" class="RoleCall\Absences\Services\ReserveAbsenceOccurrencesTest" file="/home/ubuntu/subhub-api/tests/Absences/Services/ReserveAbsenceOccurrencesTest.php" line="41" assertions="1" time="0.182651"/>
      <testcase name="testCannotReserveWhenAlreadyReserved" class="RoleCall\Absences\Services\ReserveAbsenceOccurrencesTest" file="/home/ubuntu/subhub-api/tests/Absences/Services/ReserveAbsenceOccurrencesTest.php" line="48" assertions="1" time="0.210369"/>
      <testcase name="testPariallyReservedOccurencesAreReleasedWhenUnableToReserveAllOccurrences" class="RoleCall\Absences\Services\ReserveAbsenceOccurrencesTest" file="/home/ubuntu/subhub-api/tests/Absences/Services/ReserveAbsenceOccurrencesTest.php" line="59" assertions="1" time="0.193680"/>
      <testcase name="testExceptionIsThrownWhenNoOccurrencesAreProvided" class="RoleCall\Absences\Services\ReserveAbsenceOccurrencesTest" file="/home/ubuntu/subhub-api/tests/Absences/Services/ReserveAbsenceOccurrencesTest.php" line="74" assertions="1" time="0.183946"/>
    </testsuite>
    <testsuite name="RoleCall\Absences\Services\ReservedAbsenceOccurrencesTest" file="/home/ubuntu/subhub-api/tests/Absences/Services/ReservedAbsenceOccurrencesTest.php" tests="1" assertions="2" failures="0" errors="0" time="0.204719">
      <testcase name="testRelease" class="RoleCall\Absences\Services\ReservedAbsenceOccurrencesTest" file="/home/ubuntu/subhub-api/tests/Absences/Services/ReservedAbsenceOccurrencesTest.php" line="12" assertions="2" time="0.204719"/>
    </testsuite>
    <testsuite name="RoleCall\Absences\Services\SearchAbsenceOccurrencesTest" file="/home/ubuntu/subhub-api/tests/Absences/Services/SearchAbsenceOccurrencesTest.php" tests="11" assertions="28" failures="0" errors="0" time="4.592689">
      <testcase name="testSelectOccurrences" class="RoleCall\Absences\Services\SearchAbsenceOccurrencesTest" file="/home/ubuntu/subhub-api/tests/Absences/Services/SearchAbsenceOccurrencesTest.php" line="139" assertions="2" time="0.402390"/>
      <testcase name="testFilterByDates" class="RoleCall\Absences\Services\SearchAbsenceOccurrencesTest" file="/home/ubuntu/subhub-api/tests/Absences/Services/SearchAbsenceOccurrencesTest.php" line="147" assertions="5" time="0.414064"/>
      <testcase name="testFilterByAbsenceStatus" class="RoleCall\Absences\Services\SearchAbsenceOccurrencesTest" file="/home/ubuntu/subhub-api/tests/Absences/Services/SearchAbsenceOccurrencesTest.php" line="158" assertions="4" time="0.440028"/>
      <testcase name="testFilterByRegion" class="RoleCall\Absences\Services\SearchAbsenceOccurrencesTest" file="/home/ubuntu/subhub-api/tests/Absences/Services/SearchAbsenceOccurrencesTest.php" line="168" assertions="2" time="0.407610"/>
      <testcase name="testFilterByDistrict" class="RoleCall\Absences\Services\SearchAbsenceOccurrencesTest" file="/home/ubuntu/subhub-api/tests/Absences/Services/SearchAbsenceOccurrencesTest.php" line="176" assertions="2" time="0.423217"/>
      <testcase name="testFilterBySchool" class="RoleCall\Absences\Services\SearchAbsenceOccurrencesTest" file="/home/ubuntu/subhub-api/tests/Absences/Services/SearchAbsenceOccurrencesTest.php" line="184" assertions="2" time="0.409353"/>
      <testcase name="testFilterByPosition" class="RoleCall\Absences\Services\SearchAbsenceOccurrencesTest" file="/home/ubuntu/subhub-api/tests/Absences/Services/SearchAbsenceOccurrencesTest.php" line="192" assertions="2" time="0.410504"/>
      <testcase name="testFilterByEmployeeQuery" class="RoleCall\Absences\Services\SearchAbsenceOccurrencesTest" file="/home/ubuntu/subhub-api/tests/Absences/Services/SearchAbsenceOccurrencesTest.php" line="200" assertions="2" time="0.426459"/>
      <testcase name="testFilterBySubQuery" class="RoleCall\Absences\Services\SearchAbsenceOccurrencesTest" file="/home/ubuntu/subhub-api/tests/Absences/Services/SearchAbsenceOccurrencesTest.php" line="208" assertions="2" time="0.408322"/>
      <testcase name="testFilterByAbsenceType" class="RoleCall\Absences\Services\SearchAbsenceOccurrencesTest" file="/home/ubuntu/subhub-api/tests/Absences/Services/SearchAbsenceOccurrencesTest.php" line="216" assertions="3" time="0.415388"/>
      <testcase name="testBySubRequirements" class="RoleCall\Absences\Services\SearchAbsenceOccurrencesTest" file="/home/ubuntu/subhub-api/tests/Absences/Services/SearchAbsenceOccurrencesTest.php" line="228" assertions="2" time="0.435354"/>
    </testsuite>
    <testsuite name="RoleCall\Absences\Services\SearchAbsenceTest" file="/home/ubuntu/subhub-api/tests/Absences/Services/SearchAbsenceTest.php" tests="7" assertions="18" failures="0" errors="0" time="2.125306">
      <testcase name="testSelectAbsences" class="RoleCall\Absences\Services\SearchAbsenceTest" file="/home/ubuntu/subhub-api/tests/Absences/Services/SearchAbsenceTest.php" line="90" assertions="1" time="0.292806"/>
      <testcase name="testFilterByRegion" class="RoleCall\Absences\Services\SearchAbsenceTest" file="/home/ubuntu/subhub-api/tests/Absences/Services/SearchAbsenceTest.php" line="97" assertions="2" time="0.316410"/>
      <testcase name="testFilterByDistrict" class="RoleCall\Absences\Services\SearchAbsenceTest" file="/home/ubuntu/subhub-api/tests/Absences/Services/SearchAbsenceTest.php" line="105" assertions="2" time="0.298606"/>
      <testcase name="testFilterBySchool" class="RoleCall\Absences\Services\SearchAbsenceTest" file="/home/ubuntu/subhub-api/tests/Absences/Services/SearchAbsenceTest.php" line="113" assertions="2" time="0.295876"/>
      <testcase name="testFilterByDates" class="RoleCall\Absences\Services\SearchAbsenceTest" file="/home/ubuntu/subhub-api/tests/Absences/Services/SearchAbsenceTest.php" line="121" assertions="3" time="0.321929"/>
      <testcase name="testFilterByStatus" class="RoleCall\Absences\Services\SearchAbsenceTest" file="/home/ubuntu/subhub-api/tests/Absences/Services/SearchAbsenceTest.php" line="130" assertions="4" time="0.299352"/>
      <testcase name="testFilterByExcludeStatus" class="RoleCall\Absences\Services\SearchAbsenceTest" file="/home/ubuntu/subhub-api/tests/Absences/Services/SearchAbsenceTest.php" line="140" assertions="4" time="0.300327"/>
    </testsuite>
    <testsuite name="RoleCall\Absences\Services\SubAssignmentTest" file="/home/ubuntu/subhub-api/tests/Absences/Services/SubAssignmentTest.php" tests="9" assertions="18" failures="0" errors="0" time="2.237088">
      <testcase name="testSubCanBeAssigned" class="RoleCall\Absences\Services\SubAssignmentTest" file="/home/ubuntu/subhub-api/tests/Absences/Services/SubAssignmentTest.php" line="59" assertions="10" time="0.278083"/>
      <testcase name="testSubCannotBeAssignedToAJobThatDoesNotRequireSubs" class="RoleCall\Absences\Services\SubAssignmentTest" file="/home/ubuntu/subhub-api/tests/Absences/Services/SubAssignmentTest.php" line="87" assertions="2" time="0.196135"/>
      <testcase name="testSubCannotBeAssignedWhenTheyAreNotEligible" class="RoleCall\Absences\Services\SubAssignmentTest" file="/home/ubuntu/subhub-api/tests/Absences/Services/SubAssignmentTest.php" line="103" assertions="2" time="0.212315"/>
      <testcase name="testSubCannotBeAssignedToAFilledJob" class="RoleCall\Absences\Services\SubAssignmentTest" file="/home/ubuntu/subhub-api/tests/Absences/Services/SubAssignmentTest.php" line="119" assertions="2" time="0.221345"/>
      <testcase name="testSubReceivesADifferentEmailWhenTheyAreDirectAssigned" class="RoleCall\Absences\Services\SubAssignmentTest" file="/home/ubuntu/subhub-api/tests/Absences/Services/SubAssignmentTest.php" line="135" assertions="0" time="0.257984"/>
      <testcase name="testOccurrenceHasIgnoredMissingCredentialsSet" class="RoleCall\Absences\Services\SubAssignmentTest" file="/home/ubuntu/subhub-api/tests/Absences/Services/SubAssignmentTest.php" line="147" assertions="2" time="0.275126"/>
      <testcase name="testSubReceivesAMobileNotificationWhenTheyAreAssigned" class="RoleCall\Absences\Services\SubAssignmentTest" file="/home/ubuntu/subhub-api/tests/Absences/Services/SubAssignmentTest.php" line="165" assertions="0" time="0.258703"/>
      <testcase name="testSubReceivesAMobileNotificationWhenTheyAreDirectAssigned" class="RoleCall\Absences\Services\SubAssignmentTest" file="/home/ubuntu/subhub-api/tests/Absences/Services/SubAssignmentTest.php" line="177" assertions="0" time="0.259307"/>
      <testcase name="testSubDoesNotReceiveAMobileNotificationWhenTheyClaimAJOb" class="RoleCall\Absences\Services\SubAssignmentTest" file="/home/ubuntu/subhub-api/tests/Absences/Services/SubAssignmentTest.php" line="189" assertions="0" time="0.278090"/>
    </testsuite>
    <testsuite name="RoleCall\Absences\Services\SubDashboardCalendarTest" file="/home/ubuntu/subhub-api/tests/Absences/Services/SubDashboardCalendarTest.php" tests="1" assertions="1" failures="0" errors="0" time="0.223207">
      <testcase name="testCreate" class="RoleCall\Absences\Services\SubDashboardCalendarTest" file="/home/ubuntu/subhub-api/tests/Absences/Services/SubDashboardCalendarTest.php" line="12" assertions="1" time="0.223207"/>
    </testsuite>
    <testsuite name="RoleCall\Absences\Services\SubDashboardRecommendedJobsTest" file="/home/ubuntu/subhub-api/tests/Absences/Services/SubDashboardRecommendedJobsTest.php" tests="1" assertions="1" failures="0" errors="0" time="0.248280">
      <testcase name="testCreate" class="RoleCall\Absences\Services\SubDashboardRecommendedJobsTest" file="/home/ubuntu/subhub-api/tests/Absences/Services/SubDashboardRecommendedJobsTest.php" line="12" assertions="1" time="0.248280"/>
    </testsuite>
    <testsuite name="RoleCall\Absences\Services\SubUnassignmentTest" file="/home/ubuntu/subhub-api/tests/Absences/Services/SubUnassignmentTest.php" tests="7" assertions="27" failures="0" errors="0" time="1.568244">
      <testcase name="testUnassign" class="RoleCall\Absences\Services\SubUnassignmentTest" file="/home/ubuntu/subhub-api/tests/Absences/Services/SubUnassignmentTest.php" line="21" assertions="4" time="0.243245"/>
      <testcase name="testUnassignWithApprovedTimelog" class="RoleCall\Absences\Services\SubUnassignmentTest" file="/home/ubuntu/subhub-api/tests/Absences/Services/SubUnassignmentTest.php" line="66" assertions="5" time="0.206591"/>
      <testcase name="testUnassignVacancy" class="RoleCall\Absences\Services\SubUnassignmentTest" file="/home/ubuntu/subhub-api/tests/Absences/Services/SubUnassignmentTest.php" line="121" assertions="4" time="0.267959"/>
      <testcase name="testUnassignmentFailsWhenTryingToUnassignOccurrencesFromDifferentAbsences" class="RoleCall\Absences\Services\SubUnassignmentTest" file="/home/ubuntu/subhub-api/tests/Absences/Services/SubUnassignmentTest.php" line="168" assertions="2" time="0.232673"/>
      <testcase name="testUnassignmentFailsWhenMethodHasNotBeenSet" class="RoleCall\Absences\Services\SubUnassignmentTest" file="/home/ubuntu/subhub-api/tests/Absences/Services/SubUnassignmentTest.php" line="197" assertions="2" time="0.187069"/>
      <testcase name="testUnassignmentFailsWhenUnassignedByUserHasNotBeenSet" class="RoleCall\Absences\Services\SubUnassignmentTest" file="/home/ubuntu/subhub-api/tests/Absences/Services/SubUnassignmentTest.php" line="219" assertions="2" time="0.204695"/>
      <testcase name="testUnclaim" class="RoleCall\Absences\Services\SubUnassignmentTest" file="/home/ubuntu/subhub-api/tests/Absences/Services/SubUnassignmentTest.php" line="241" assertions="8" time="0.226012"/>
    </testsuite>
    <testsuite name="RoleCall\Absences\Services\UnassignAbsenceOccurrenceTest" file="/home/ubuntu/subhub-api/tests/Absences/Services/UnassignAbsenceOccurrenceTest.php" tests="4" assertions="37" failures="0" errors="0" time="0.904216">
      <testcase name="testUnassign" class="RoleCall\Absences\Services\UnassignAbsenceOccurrenceTest" file="/home/ubuntu/subhub-api/tests/Absences/Services/UnassignAbsenceOccurrenceTest.php" line="16" assertions="11" time="0.233211"/>
      <testcase name="testUnassignByUnclaim" class="RoleCall\Absences\Services\UnassignAbsenceOccurrenceTest" file="/home/ubuntu/subhub-api/tests/Absences/Services/UnassignAbsenceOccurrenceTest.php" line="56" assertions="12" time="0.214682"/>
      <testcase name="testUnassignByUnclaimWithInfraction" class="RoleCall\Absences\Services\UnassignAbsenceOccurrenceTest" file="/home/ubuntu/subhub-api/tests/Absences/Services/UnassignAbsenceOccurrenceTest.php" line="97" assertions="12" time="0.219919"/>
      <testcase name="testUnassignByUnclaimWithNotInfractionBecauseDirectAssign" class="RoleCall\Absences\Services\UnassignAbsenceOccurrenceTest" file="/home/ubuntu/subhub-api/tests/Absences/Services/UnassignAbsenceOccurrenceTest.php" line="138" assertions="2" time="0.236404"/>
    </testsuite>
    <testsuite name="RoleCall\Absences\Services\UpdateAbsenceOccurrenceTest" file="/home/ubuntu/subhub-api/tests/Absences/Services/UpdateAbsenceOccurrenceTest.php" tests="1" assertions="4" failures="0" errors="0" time="0.186472">
      <testcase name="testUpdate" class="RoleCall\Absences\Services\UpdateAbsenceOccurrenceTest" file="/home/ubuntu/subhub-api/tests/Absences/Services/UpdateAbsenceOccurrenceTest.php" line="11" assertions="4" time="0.186472"/>
    </testsuite>
    <testsuite name="RoleCall\Absences\Services\UpdateAbsenceTest" file="/home/ubuntu/subhub-api/tests/Absences/Services/UpdateAbsenceTest.php" tests="2" assertions="14" failures="0" errors="0" time="0.438100">
      <testcase name="testUpdate" class="RoleCall\Absences\Services\UpdateAbsenceTest" file="/home/ubuntu/subhub-api/tests/Absences/Services/UpdateAbsenceTest.php" line="13" assertions="7" time="0.195138"/>
      <testcase name="testUpdateWithNewReason" class="RoleCall\Absences\Services\UpdateAbsenceTest" file="/home/ubuntu/subhub-api/tests/Absences/Services/UpdateAbsenceTest.php" line="50" assertions="7" time="0.242962"/>
    </testsuite>
    <testsuite name="RoleCall\Absences\Services\UpdateVacancyTest" file="/home/ubuntu/subhub-api/tests/Absences/Services/UpdateVacancyTest.php" tests="1" assertions="10" failures="0" errors="0" time="0.194156">
      <testcase name="testCreate" class="RoleCall\Absences\Services\UpdateVacancyTest" file="/home/ubuntu/subhub-api/tests/Absences/Services/UpdateVacancyTest.php" line="12" assertions="10" time="0.194156"/>
    </testsuite>
    <testsuite name="RoleCall\Absences\Transformers\AbsenceOccurrenceNextgenTransformerTest" file="/home/ubuntu/subhub-api/tests/Absences/Transformers/AbsenceOccurrenceNextgenTransformerTest.php" tests="5" assertions="10" failures="0" errors="0" time="1.216864">
      <testcase name="testTransform" class="RoleCall\Absences\Transformers\AbsenceOccurrenceNextgenTransformerTest" file="/home/ubuntu/subhub-api/tests/Absences/Transformers/AbsenceOccurrenceNextgenTransformerTest.php" line="42" assertions="1" time="0.226565"/>
      <testcase name="testTransformDistrictProfileEmployeeNumber" class="RoleCall\Absences\Transformers\AbsenceOccurrenceNextgenTransformerTest" file="/home/ubuntu/subhub-api/tests/Absences/Transformers/AbsenceOccurrenceNextgenTransformerTest.php" line="73" assertions="2" time="0.254041"/>
      <testcase name="testTransformJobNumberPositionCustomField" class="RoleCall\Absences\Transformers\AbsenceOccurrenceNextgenTransformerTest" file="/home/ubuntu/subhub-api/tests/Absences/Transformers/AbsenceOccurrenceNextgenTransformerTest.php" line="110" assertions="1" time="0.234828"/>
      <testcase name="testTransformSubNumberFromDistrictProfile" class="RoleCall\Absences\Transformers\AbsenceOccurrenceNextgenTransformerTest" file="/home/ubuntu/subhub-api/tests/Absences/Transformers/AbsenceOccurrenceNextgenTransformerTest.php" line="145" assertions="4" time="0.246199"/>
      <testcase name="testTransformCostCenterCode" class="RoleCall\Absences\Transformers\AbsenceOccurrenceNextgenTransformerTest" file="/home/ubuntu/subhub-api/tests/Absences/Transformers/AbsenceOccurrenceNextgenTransformerTest.php" line="189" assertions="2" time="0.255231"/>
    </testsuite>
    <testsuite name="RoleCall\Absences\Transformers\GorrieReganAbsenceOccurrenceTransformerTest" file="/home/ubuntu/subhub-api/tests/Absences/Transformers/GorrieReganAbsenceOccurrenceTransformerTest.php" tests="2" assertions="31" failures="0" errors="0" time="0.460229">
      <testcase name="testTransform" class="RoleCall\Absences\Transformers\GorrieReganAbsenceOccurrenceTransformerTest" file="/home/ubuntu/subhub-api/tests/Absences/Transformers/GorrieReganAbsenceOccurrenceTransformerTest.php" line="16" assertions="16" time="0.226760"/>
      <testcase name="testTransformMissingValues" class="RoleCall\Absences\Transformers\GorrieReganAbsenceOccurrenceTransformerTest" file="/home/ubuntu/subhub-api/tests/Absences/Transformers/GorrieReganAbsenceOccurrenceTransformerTest.php" line="62" assertions="15" time="0.233469"/>
    </testsuite>
    <testsuite name="RoleCall\Absences\Transformers\GorrieReganLeaveBalanceCsvTransformerTest" file="/home/ubuntu/subhub-api/tests/Absences/Transformers/GorrieReganLeaveBalanceCsvTransformerTest.php" tests="5" assertions="40" failures="0" errors="0" time="1.126941">
      <testcase name="testTransform" class="RoleCall\Absences\Transformers\GorrieReganLeaveBalanceCsvTransformerTest" file="/home/ubuntu/subhub-api/tests/Absences/Transformers/GorrieReganLeaveBalanceCsvTransformerTest.php" line="18" assertions="7" time="0.224913"/>
      <testcase name="testTransformMissingReasonFieldButHasUser" class="RoleCall\Absences\Transformers\GorrieReganLeaveBalanceCsvTransformerTest" file="/home/ubuntu/subhub-api/tests/Absences/Transformers/GorrieReganLeaveBalanceCsvTransformerTest.php" line="55" assertions="9" time="0.231552"/>
      <testcase name="testTransformMissingReasonFieldNoUser" class="RoleCall\Absences\Transformers\GorrieReganLeaveBalanceCsvTransformerTest" file="/home/ubuntu/subhub-api/tests/Absences/Transformers/GorrieReganLeaveBalanceCsvTransformerTest.php" line="99" assertions="10" time="0.202945"/>
      <testcase name="testTransformWorkHoursCustomFieldFullAbsence" class="RoleCall\Absences\Transformers\GorrieReganLeaveBalanceCsvTransformerTest" file="/home/ubuntu/subhub-api/tests/Absences/Transformers/GorrieReganLeaveBalanceCsvTransformerTest.php" line="143" assertions="7" time="0.232504"/>
      <testcase name="testTransformWorkHoursCustomFieldHalfDayAbsence" class="RoleCall\Absences\Transformers\GorrieReganLeaveBalanceCsvTransformerTest" file="/home/ubuntu/subhub-api/tests/Absences/Transformers/GorrieReganLeaveBalanceCsvTransformerTest.php" line="181" assertions="7" time="0.235027"/>
    </testsuite>
    <testsuite name="RoleCall\Absences\Utilities\CalculatePriorityStatusTest" file="/home/ubuntu/subhub-api/tests/Absences/Utilities/CalculatePriorityStatusTest.php" tests="14" assertions="14" failures="0" errors="0" time="1.665101">
      <testsuite name="RoleCall\Absences\Utilities\CalculatePriorityStatusTest::testGetStatus" tests="14" assertions="14" failures="0" errors="0" time="1.665101">
        <testcase name="testGetStatus with data set #0" assertions="1" time="0.130586"/>
        <testcase name="testGetStatus with data set #1" assertions="1" time="0.114025"/>
        <testcase name="testGetStatus with data set #2" assertions="1" time="0.115206"/>
        <testcase name="testGetStatus with data set #3" assertions="1" time="0.130428"/>
        <testcase name="testGetStatus with data set #4" assertions="1" time="0.115286"/>
        <testcase name="testGetStatus with data set #5" assertions="1" time="0.112951"/>
        <testcase name="testGetStatus with data set #6" assertions="1" time="0.128375"/>
        <testcase name="testGetStatus with data set #7" assertions="1" time="0.113019"/>
        <testcase name="testGetStatus with data set #8" assertions="1" time="0.111701"/>
        <testcase name="testGetStatus with data set #9" assertions="1" time="0.127144"/>
        <testcase name="testGetStatus with data set #10" assertions="1" time="0.111935"/>
        <testcase name="testGetStatus with data set #11" assertions="1" time="0.112839"/>
        <testcase name="testGetStatus with data set #12" assertions="1" time="0.128850"/>
        <testcase name="testGetStatus with data set #13" assertions="1" time="0.112756"/>
      </testsuite>
    </testsuite>
    <testsuite name="RoleCall\Absences\Validators\AbsenceEligibilityValidatorTest" file="/home/ubuntu/subhub-api/tests/Absences/Validators/AbsenceEligibilityValidatorTest.php" tests="64" assertions="66" failures="0" errors="0" time="14.611824">
      <testcase name="testUserIsEligible" class="RoleCall\Absences\Validators\AbsenceEligibilityValidatorTest" file="/home/ubuntu/subhub-api/tests/Absences/Validators/AbsenceEligibilityValidatorTest.php" line="53" assertions="1" time="0.230957"/>
      <testcase name="testNoOccurrencesWereProvided" class="RoleCall\Absences\Validators\AbsenceEligibilityValidatorTest" file="/home/ubuntu/subhub-api/tests/Absences/Validators/AbsenceEligibilityValidatorTest.php" line="59" assertions="2" time="0.193378"/>
      <testcase name="testUserIsTheSameAsTheEmployee" class="RoleCall\Absences\Validators\AbsenceEligibilityValidatorTest" file="/home/ubuntu/subhub-api/tests/Absences/Validators/AbsenceEligibilityValidatorTest.php" line="66" assertions="1" time="0.216406"/>
      <testcase name="testUserHasUnclaimViolation" class="RoleCall\Absences\Validators\AbsenceEligibilityValidatorTest" file="/home/ubuntu/subhub-api/tests/Absences/Validators/AbsenceEligibilityValidatorTest.php" line="75" assertions="2" time="0.262022"/>
      <testcase name="testUserHasUnclaimViolationInDifferentDistrict" class="RoleCall\Absences\Validators\AbsenceEligibilityValidatorTest" file="/home/ubuntu/subhub-api/tests/Absences/Validators/AbsenceEligibilityValidatorTest.php" line="92" assertions="1" time="0.271832"/>
      <testcase name="testUserHasNoSubRoles" class="RoleCall\Absences\Validators\AbsenceEligibilityValidatorTest" file="/home/ubuntu/subhub-api/tests/Absences/Validators/AbsenceEligibilityValidatorTest.php" line="119" assertions="1" time="0.219035"/>
      <testsuite name="RoleCall\Absences\Validators\AbsenceEligibilityValidatorTest::testUsersSubRolesDates" tests="11" assertions="11" failures="0" errors="0" time="2.473338">
        <testcase name="testUsersSubRolesDates with data set &quot;before&quot;" assertions="1" time="0.238473"/>
        <testcase name="testUsersSubRolesDates with data set &quot;after&quot;" assertions="1" time="0.218352"/>
        <testcase name="testUsersSubRolesDates with data set &quot;starts at start&quot;" assertions="1" time="0.218759"/>
        <testcase name="testUsersSubRolesDates with data set &quot;starts at end&quot;" assertions="1" time="0.238574"/>
        <testcase name="testUsersSubRolesDates with data set &quot;ends at start&quot;" assertions="1" time="0.217548"/>
        <testcase name="testUsersSubRolesDates with data set &quot;ends at end&quot;" assertions="1" time="0.235735"/>
        <testcase name="testUsersSubRolesDates with data set &quot;exactly the same&quot;" assertions="1" time="0.216256"/>
        <testcase name="testUsersSubRolesDates with data set &quot;overlaps at start&quot;" assertions="1" time="0.215972"/>
        <testcase name="testUsersSubRolesDates with data set &quot;overlaps at end&quot;" assertions="1" time="0.239299"/>
        <testcase name="testUsersSubRolesDates with data set &quot;inside&quot;" assertions="1" time="0.217020"/>
        <testcase name="testUsersSubRolesDates with data set &quot;around&quot;" assertions="1" time="0.217350"/>
      </testsuite>
      <testcase name="testUserHasTheWrongPosition" class="RoleCall\Absences\Validators\AbsenceEligibilityValidatorTest" file="/home/ubuntu/subhub-api/tests/Absences/Validators/AbsenceEligibilityValidatorTest.php" line="166" assertions="1" time="0.238432"/>
      <testcase name="testUserIsNotASubForAllOccurrences" class="RoleCall\Absences\Validators\AbsenceEligibilityValidatorTest" file="/home/ubuntu/subhub-api/tests/Absences/Validators/AbsenceEligibilityValidatorTest.php" line="176" assertions="1" time="0.216522"/>
      <testcase name="testUserIsNotPreferred" class="RoleCall\Absences\Validators\AbsenceEligibilityValidatorTest" file="/home/ubuntu/subhub-api/tests/Absences/Validators/AbsenceEligibilityValidatorTest.php" line="186" assertions="1" time="0.237143"/>
      <testcase name="testUserIsNotPriority" class="RoleCall\Absences\Validators\AbsenceEligibilityValidatorTest" file="/home/ubuntu/subhub-api/tests/Absences/Validators/AbsenceEligibilityValidatorTest.php" line="194" assertions="1" time="0.219907"/>
      <testcase name="testSchoolHasExcludedTheUser" class="RoleCall\Absences\Validators\AbsenceEligibilityValidatorTest" file="/home/ubuntu/subhub-api/tests/Absences/Validators/AbsenceEligibilityValidatorTest.php" line="203" assertions="1" time="0.218102"/>
      <testcase name="testEmployeeHasExcludedTheUser" class="RoleCall\Absences\Validators\AbsenceEligibilityValidatorTest" file="/home/ubuntu/subhub-api/tests/Absences/Validators/AbsenceEligibilityValidatorTest.php" line="214" assertions="1" time="0.238508"/>
      <testcase name="testUserHasExcludedTheAbsence" class="RoleCall\Absences\Validators\AbsenceEligibilityValidatorTest" file="/home/ubuntu/subhub-api/tests/Absences/Validators/AbsenceEligibilityValidatorTest.php" line="225" assertions="1" time="0.215659"/>
      <testcase name="testUserHasExcludedTheSchool" class="RoleCall\Absences\Validators\AbsenceEligibilityValidatorTest" file="/home/ubuntu/subhub-api/tests/Absences/Validators/AbsenceEligibilityValidatorTest.php" line="236" assertions="1" time="0.216909"/>
      <testcase name="testUserHasExcludedTheEmployee" class="RoleCall\Absences\Validators\AbsenceEligibilityValidatorTest" file="/home/ubuntu/subhub-api/tests/Absences/Validators/AbsenceEligibilityValidatorTest.php" line="247" assertions="1" time="0.237347"/>
      <testcase name="testUserHasExcludedTheGrade" class="RoleCall\Absences\Validators\AbsenceEligibilityValidatorTest" file="/home/ubuntu/subhub-api/tests/Absences/Validators/AbsenceEligibilityValidatorTest.php" line="258" assertions="1" time="0.224168"/>
      <testcase name="testUserHasExcludedTheSubject" class="RoleCall\Absences\Validators\AbsenceEligibilityValidatorTest" file="/home/ubuntu/subhub-api/tests/Absences/Validators/AbsenceEligibilityValidatorTest.php" line="271" assertions="1" time="0.227170"/>
      <testcase name="testUserHasNoAvailability" class="RoleCall\Absences\Validators\AbsenceEligibilityValidatorTest" file="/home/ubuntu/subhub-api/tests/Absences/Validators/AbsenceEligibilityValidatorTest.php" line="284" assertions="1" time="0.238971"/>
      <testsuite name="RoleCall\Absences\Validators\AbsenceEligibilityValidatorTest::testUserAvailabilityDates" tests="11" assertions="11" failures="0" errors="0" time="2.522833">
        <testcase name="testUserAvailabilityDates with data set &quot;before&quot;" assertions="1" time="0.220932"/>
        <testcase name="testUserAvailabilityDates with data set &quot;after&quot;" assertions="1" time="0.244687"/>
        <testcase name="testUserAvailabilityDates with data set &quot;starts at start&quot;" assertions="1" time="0.224803"/>
        <testcase name="testUserAvailabilityDates with data set &quot;starts at end&quot;" assertions="1" time="0.220746"/>
        <testcase name="testUserAvailabilityDates with data set &quot;ends at start&quot;" assertions="1" time="0.242599"/>
        <testcase name="testUserAvailabilityDates with data set &quot;ends at end&quot;" assertions="1" time="0.220807"/>
        <testcase name="testUserAvailabilityDates with data set &quot;exactly the same&quot;" assertions="1" time="0.219350"/>
        <testcase name="testUserAvailabilityDates with data set &quot;overlaps at start&quot;" assertions="1" time="0.243132"/>
        <testcase name="testUserAvailabilityDates with data set &quot;overlaps at end&quot;" assertions="1" time="0.221164"/>
        <testcase name="testUserAvailabilityDates with data set &quot;inside&quot;" assertions="1" time="0.240131"/>
        <testcase name="testUserAvailabilityDates with data set &quot;around&quot;" assertions="1" time="0.224482"/>
      </testsuite>
      <testsuite name="RoleCall\Absences\Validators\AbsenceEligibilityValidatorTest::testUsersExistingWorkSchedule" tests="11" assertions="11" failures="0" errors="0" time="2.529586">
        <testcase name="testUsersExistingWorkSchedule with data set &quot;before&quot;" assertions="1" time="0.222605"/>
        <testcase name="testUsersExistingWorkSchedule with data set &quot;after&quot;" assertions="1" time="0.245881"/>
        <testcase name="testUsersExistingWorkSchedule with data set &quot;starts at start&quot;" assertions="1" time="0.223192"/>
        <testcase name="testUsersExistingWorkSchedule with data set &quot;starts at end&quot;" assertions="1" time="0.221544"/>
        <testcase name="testUsersExistingWorkSchedule with data set &quot;ends at start&quot;" assertions="1" time="0.241432"/>
        <testcase name="testUsersExistingWorkSchedule with data set &quot;ends at end&quot;" assertions="1" time="0.224221"/>
        <testcase name="testUsersExistingWorkSchedule with data set &quot;exactly the same&quot;" assertions="1" time="0.225173"/>
        <testcase name="testUsersExistingWorkSchedule with data set &quot;overlaps at start&quot;" assertions="1" time="0.245147"/>
        <testcase name="testUsersExistingWorkSchedule with data set &quot;overlaps at end&quot;" assertions="1" time="0.220962"/>
        <testcase name="testUsersExistingWorkSchedule with data set &quot;inside&quot;" assertions="1" time="0.239834"/>
        <testcase name="testUsersExistingWorkSchedule with data set &quot;around&quot;" assertions="1" time="0.219595"/>
      </testsuite>
      <testcase name="testUserIsMissingCredentials" class="RoleCall\Absences\Validators\AbsenceEligibilityValidatorTest" file="/home/ubuntu/subhub-api/tests/Absences/Validators/AbsenceEligibilityValidatorTest.php" line="371" assertions="1" time="0.217951"/>
      <testcase name="testUserIsMissingCredentialsForSomeOccurrences" class="RoleCall\Absences\Validators\AbsenceEligibilityValidatorTest" file="/home/ubuntu/subhub-api/tests/Absences/Validators/AbsenceEligibilityValidatorTest.php" line="379" assertions="1" time="0.240763"/>
      <testsuite name="RoleCall\Absences\Validators\AbsenceEligibilityValidatorTest::testUsersCredentialDates" tests="11" assertions="11" failures="0" errors="0" time="2.504886">
        <testcase name="testUsersCredentialDates with data set &quot;before&quot;" assertions="1" time="0.220013"/>
        <testcase name="testUsersCredentialDates with data set &quot;after&quot;" assertions="1" time="0.222301"/>
        <testcase name="testUsersCredentialDates with data set &quot;starts at start&quot;" assertions="1" time="0.241779"/>
        <testcase name="testUsersCredentialDates with data set &quot;starts at end&quot;" assertions="1" time="0.218827"/>
        <testcase name="testUsersCredentialDates with data set &quot;ends at start&quot;" assertions="1" time="0.237806"/>
        <testcase name="testUsersCredentialDates with data set &quot;ends at end&quot;" assertions="1" time="0.219735"/>
        <testcase name="testUsersCredentialDates with data set &quot;exactly the same&quot;" assertions="1" time="0.220167"/>
        <testcase name="testUsersCredentialDates with data set &quot;overlaps at start&quot;" assertions="1" time="0.239216"/>
        <testcase name="testUsersCredentialDates with data set &quot;overlaps at end&quot;" assertions="1" time="0.221199"/>
        <testcase name="testUsersCredentialDates with data set &quot;inside&quot;" assertions="1" time="0.222691"/>
        <testcase name="testUsersCredentialDates with data set &quot;around&quot;" assertions="1" time="0.241152"/>
      </testsuite>
    </testsuite>
    <testsuite name="RoleCall\Absences\Validators\AbsenceReasonValidatorTest" file="/home/ubuntu/subhub-api/tests/Absences/Validators/AbsenceReasonValidatorTest.php" tests="6" assertions="22" failures="0" errors="0" time="1.457357">
      <testcase name="testIsValid" class="RoleCall\Absences\Validators\AbsenceReasonValidatorTest" file="/home/ubuntu/subhub-api/tests/Absences/Validators/AbsenceReasonValidatorTest.php" line="35" assertions="2" time="0.212052"/>
      <testcase name="testGetErrors" class="RoleCall\Absences\Validators\AbsenceReasonValidatorTest" file="/home/ubuntu/subhub-api/tests/Absences/Validators/AbsenceReasonValidatorTest.php" line="56" assertions="2" time="0.203078"/>
      <testcase name="testExceedBalance" class="RoleCall\Absences\Validators\AbsenceReasonValidatorTest" file="/home/ubuntu/subhub-api/tests/Absences/Validators/AbsenceReasonValidatorTest.php" line="75" assertions="4" time="0.237114"/>
      <testcase name="testRequiresApproval" class="RoleCall\Absences\Validators\AbsenceReasonValidatorTest" file="/home/ubuntu/subhub-api/tests/Absences/Validators/AbsenceReasonValidatorTest.php" line="128" assertions="5" time="0.260839"/>
      <testcase name="testStartingBalance" class="RoleCall\Absences\Validators\AbsenceReasonValidatorTest" file="/home/ubuntu/subhub-api/tests/Absences/Validators/AbsenceReasonValidatorTest.php" line="197" assertions="5" time="0.283582"/>
      <testcase name="testRequestedAmount" class="RoleCall\Absences\Validators\AbsenceReasonValidatorTest" file="/home/ubuntu/subhub-api/tests/Absences/Validators/AbsenceReasonValidatorTest.php" line="273" assertions="4" time="0.260692"/>
    </testsuite>
    <testsuite name="RoleCall\Absences\Validators\CanAutoSickValidatorTest" file="/home/ubuntu/subhub-api/tests/Absences/Validators/CanAutoSickValidatorTest.php" tests="7" assertions="14" failures="0" errors="0" time="1.440367">
      <testcase name="testNotAnEmployee" class="RoleCall\Absences\Validators\CanAutoSickValidatorTest" file="/home/ubuntu/subhub-api/tests/Absences/Validators/CanAutoSickValidatorTest.php" line="13" assertions="2" time="0.191721"/>
      <testcase name="testMultipleRoles" class="RoleCall\Absences\Validators\CanAutoSickValidatorTest" file="/home/ubuntu/subhub-api/tests/Absences/Validators/CanAutoSickValidatorTest.php" line="27" assertions="2" time="0.223654"/>
      <testcase name="testMultiplePositions" class="RoleCall\Absences\Validators\CanAutoSickValidatorTest" file="/home/ubuntu/subhub-api/tests/Absences/Validators/CanAutoSickValidatorTest.php" line="44" assertions="2" time="0.203267"/>
      <testcase name="testInactiveRole" class="RoleCall\Absences\Validators\CanAutoSickValidatorTest" file="/home/ubuntu/subhub-api/tests/Absences/Validators/CanAutoSickValidatorTest.php" line="61" assertions="2" time="0.194199"/>
      <testcase name="testNoWorkSchedule" class="RoleCall\Absences\Validators\CanAutoSickValidatorTest" file="/home/ubuntu/subhub-api/tests/Absences/Validators/CanAutoSickValidatorTest.php" line="78" assertions="2" time="0.220525"/>
      <testcase name="testMultipleWorkSchedulePeriods" class="RoleCall\Absences\Validators\CanAutoSickValidatorTest" file="/home/ubuntu/subhub-api/tests/Absences/Validators/CanAutoSickValidatorTest.php" line="99" assertions="2" time="0.206429"/>
      <testcase name="testNoAutoSickReason" class="RoleCall\Absences\Validators\CanAutoSickValidatorTest" file="/home/ubuntu/subhub-api/tests/Absences/Validators/CanAutoSickValidatorTest.php" line="127" assertions="2" time="0.200571"/>
    </testsuite>
    <testsuite name="RoleCall\Absences\Validators\CancelAbsenceValidatorTest" file="/home/ubuntu/subhub-api/tests/Absences/Validators/CancelAbsenceValidatorTest.php" tests="3" assertions="7" failures="0" errors="0" time="0.614967">
      <testcase name="testCancelWithFilled" class="RoleCall\Absences\Validators\CancelAbsenceValidatorTest" file="/home/ubuntu/subhub-api/tests/Absences/Validators/CancelAbsenceValidatorTest.php" line="12" assertions="2" time="0.219587"/>
      <testcase name="testCancelWithTimeInfraction" class="RoleCall\Absences\Validators\CancelAbsenceValidatorTest" file="/home/ubuntu/subhub-api/tests/Absences/Validators/CancelAbsenceValidatorTest.php" line="35" assertions="3" time="0.195762"/>
      <testcase name="testCancelWithTimeInfractionAsDistrictAdmin" class="RoleCall\Absences\Validators\CancelAbsenceValidatorTest" file="/home/ubuntu/subhub-api/tests/Absences/Validators/CancelAbsenceValidatorTest.php" line="59" assertions="2" time="0.199618"/>
    </testsuite>
    <testsuite name="RoleCall\Absences\Validators\CreateAbsenceRequestValidatorTest" file="/home/ubuntu/subhub-api/tests/Absences/Validators/CreateAbsenceRequestValidatorTest.php" tests="23" assertions="61" failures="0" errors="0" time="4.878041">
      <testcase name="testValidRequest" class="RoleCall\Absences\Validators\CreateAbsenceRequestValidatorTest" file="/home/ubuntu/subhub-api/tests/Absences/Validators/CreateAbsenceRequestValidatorTest.php" line="47" assertions="1" time="0.232368"/>
      <testcase name="testRoleIsMissing" class="RoleCall\Absences\Validators\CreateAbsenceRequestValidatorTest" file="/home/ubuntu/subhub-api/tests/Absences/Validators/CreateAbsenceRequestValidatorTest.php" line="74" assertions="5" time="0.175289"/>
      <testcase name="testRoleIsInvalid" class="RoleCall\Absences\Validators\CreateAbsenceRequestValidatorTest" file="/home/ubuntu/subhub-api/tests/Absences/Validators/CreateAbsenceRequestValidatorTest.php" line="99" assertions="3" time="0.206422"/>
      <testcase name="testRoleIsExpiringSoon" class="RoleCall\Absences\Validators\CreateAbsenceRequestValidatorTest" file="/home/ubuntu/subhub-api/tests/Absences/Validators/CreateAbsenceRequestValidatorTest.php" line="127" assertions="1" time="0.215900"/>
      <testcase name="testReasonIsMissing" class="RoleCall\Absences\Validators\CreateAbsenceRequestValidatorTest" file="/home/ubuntu/subhub-api/tests/Absences/Validators/CreateAbsenceRequestValidatorTest.php" line="158" assertions="3" time="0.179777"/>
      <testcase name="testReasonIsInvalid" class="RoleCall\Absences\Validators\CreateAbsenceRequestValidatorTest" file="/home/ubuntu/subhub-api/tests/Absences/Validators/CreateAbsenceRequestValidatorTest.php" line="183" assertions="3" time="0.247769"/>
      <testcase name="testReasonIsDeactivated" class="RoleCall\Absences\Validators\CreateAbsenceRequestValidatorTest" file="/home/ubuntu/subhub-api/tests/Absences/Validators/CreateAbsenceRequestValidatorTest.php" line="212" assertions="3" time="0.206526"/>
      <testcase name="testRoleIsNotActiveForAllOccurrenceDates" class="RoleCall\Absences\Validators\CreateAbsenceRequestValidatorTest" file="/home/ubuntu/subhub-api/tests/Absences/Validators/CreateAbsenceRequestValidatorTest.php" line="241" assertions="3" time="0.187156"/>
      <testcase name="testPrioritySubIsNotEligible" class="RoleCall\Absences\Validators\CreateAbsenceRequestValidatorTest" file="/home/ubuntu/subhub-api/tests/Absences/Validators/CreateAbsenceRequestValidatorTest.php" line="272" assertions="3" time="0.241301"/>
      <testcase name="testOccurrencesAreNotAllWithinASchoolYear" class="RoleCall\Absences\Validators\CreateAbsenceRequestValidatorTest" file="/home/ubuntu/subhub-api/tests/Absences/Validators/CreateAbsenceRequestValidatorTest.php" line="307" assertions="4" time="0.192249"/>
      <testcase name="testOccurrencesOnFirstAndLastDayOfSchoolYear" class="RoleCall\Absences\Validators\CreateAbsenceRequestValidatorTest" file="/home/ubuntu/subhub-api/tests/Absences/Validators/CreateAbsenceRequestValidatorTest.php" line="339" assertions="1" time="0.222323"/>
      <testcase name="testOccurrencesAreNotAllWithinSameSchoolYear" class="RoleCall\Absences\Validators\CreateAbsenceRequestValidatorTest" file="/home/ubuntu/subhub-api/tests/Absences/Validators/CreateAbsenceRequestValidatorTest.php" line="366" assertions="3" time="0.213812"/>
      <testsuite name="RoleCall\Absences\Validators\CreateAbsenceRequestValidatorTest::testCheckExistingOccurrences" tests="9" assertions="23" failures="0" errors="0" time="1.944273">
        <testcase name="testCheckExistingOccurrences with data set &quot;collides window exactly&quot;" assertions="3" time="0.209669"/>
        <testcase name="testCheckExistingOccurrences with data set &quot;not collides completely before&quot;" assertions="2" time="0.227004"/>
        <testcase name="testCheckExistingOccurrences with data set &quot;not collides edge before&quot;" assertions="2" time="0.210166"/>
        <testcase name="testCheckExistingOccurrences with data set &quot;collides overlap before&quot;" assertions="3" time="0.208311"/>
        <testcase name="testCheckExistingOccurrences with data set &quot;collides inside window&quot;" assertions="3" time="0.229400"/>
        <testcase name="testCheckExistingOccurrences with data set &quot;collides overlap after&quot;" assertions="3" time="0.208533"/>
        <testcase name="testCheckExistingOccurrences with data set &quot;not collides edge after&quot;" assertions="2" time="0.209864"/>
        <testcase name="testCheckExistingOccurrences with data set &quot;not collides completely after&quot;" assertions="2" time="0.232205"/>
        <testcase name="testCheckExistingOccurrences with data set &quot;collides around&quot;" assertions="3" time="0.209121"/>
      </testsuite>
      <testcase name="testEdgeCaseWhereUserHasTwoOccurrencesOnTheSameDayInThePast" class="RoleCall\Absences\Validators\CreateAbsenceRequestValidatorTest" file="/home/ubuntu/subhub-api/tests/Absences/Validators/CreateAbsenceRequestValidatorTest.php" line="540" assertions="2" time="0.214233"/>
      <testcase name="testSubRequirementsMissing" class="RoleCall\Absences\Validators\CreateAbsenceRequestValidatorTest" file="/home/ubuntu/subhub-api/tests/Absences/Validators/CreateAbsenceRequestValidatorTest.php" line="574" assertions="3" time="0.198642"/>
    </testsuite>
    <testsuite name="RoleCall\Absences\Validators\CreateVacancyRequestValidatorTest" file="/home/ubuntu/subhub-api/tests/Absences/Validators/CreateVacancyRequestValidatorTest.php" tests="5" assertions="12" failures="0" errors="0" time="0.970826">
      <testcase name="testValidRequest" class="RoleCall\Absences\Validators\CreateVacancyRequestValidatorTest" file="/home/ubuntu/subhub-api/tests/Absences/Validators/CreateVacancyRequestValidatorTest.php" line="39" assertions="1" time="0.187445"/>
      <testcase name="testCountIsMissing" class="RoleCall\Absences\Validators\CreateVacancyRequestValidatorTest" file="/home/ubuntu/subhub-api/tests/Absences/Validators/CreateVacancyRequestValidatorTest.php" line="65" assertions="2" time="0.183462"/>
      <testcase name="testCountIsReasonable" class="RoleCall\Absences\Validators\CreateVacancyRequestValidatorTest" file="/home/ubuntu/subhub-api/tests/Absences/Validators/CreateVacancyRequestValidatorTest.php" line="92" assertions="3" time="0.248711"/>
      <testcase name="testSchoolIsMissing" class="RoleCall\Absences\Validators\CreateVacancyRequestValidatorTest" file="/home/ubuntu/subhub-api/tests/Absences/Validators/CreateVacancyRequestValidatorTest.php" line="121" assertions="3" time="0.165133"/>
      <testcase name="testPositionIsMissing" class="RoleCall\Absences\Validators\CreateVacancyRequestValidatorTest" file="/home/ubuntu/subhub-api/tests/Absences/Validators/CreateVacancyRequestValidatorTest.php" line="145" assertions="3" time="0.186075"/>
    </testsuite>
    <testsuite name="RoleCall\Absences\Validators\DirectAssignValidatorTest" file="/home/ubuntu/subhub-api/tests/Absences/Validators/DirectAssignValidatorTest.php" tests="2" assertions="2" failures="0" errors="0" time="0.394141">
      <testcase name="testValid" class="RoleCall\Absences\Validators\DirectAssignValidatorTest" file="/home/ubuntu/subhub-api/tests/Absences/Validators/DirectAssignValidatorTest.php" line="13" assertions="1" time="0.202022"/>
      <testcase name="testSubDoesNotAllow" class="RoleCall\Absences\Validators\DirectAssignValidatorTest" file="/home/ubuntu/subhub-api/tests/Absences/Validators/DirectAssignValidatorTest.php" line="47" assertions="1" time="0.192119"/>
    </testsuite>
    <testsuite name="RoleCall\Absences\Validators\LongTermAbsenceValidatorTest" file="/home/ubuntu/subhub-api/tests/Absences/Validators/LongTermAbsenceValidatorTest.php" tests="8" assertions="14" failures="0" errors="0" time="1.607077">
      <testcase name="testAbsenceIsLongEnough" class="RoleCall\Absences\Validators\LongTermAbsenceValidatorTest" file="/home/ubuntu/subhub-api/tests/Absences/Validators/LongTermAbsenceValidatorTest.php" line="12" assertions="2" time="0.212510"/>
      <testcase name="testAbsenceNotLongEnough" class="RoleCall\Absences\Validators\LongTermAbsenceValidatorTest" file="/home/ubuntu/subhub-api/tests/Absences/Validators/LongTermAbsenceValidatorTest.php" line="42" assertions="2" time="0.191851"/>
      <testcase name="testAbsenceDaysAreConsecutive" class="RoleCall\Absences\Validators\LongTermAbsenceValidatorTest" file="/home/ubuntu/subhub-api/tests/Absences/Validators/LongTermAbsenceValidatorTest.php" line="72" assertions="2" time="0.189736"/>
      <testcase name="testAbsenceDaysAreNotConsecutive" class="RoleCall\Absences\Validators\LongTermAbsenceValidatorTest" file="/home/ubuntu/subhub-api/tests/Absences/Validators/LongTermAbsenceValidatorTest.php" line="102" assertions="2" time="0.208769"/>
      <testcase name="testLongTermRequiresCertified" class="RoleCall\Absences\Validators\LongTermAbsenceValidatorTest" file="/home/ubuntu/subhub-api/tests/Absences/Validators/LongTermAbsenceValidatorTest.php" line="132" assertions="2" time="0.203683"/>
      <testcase name="testLongTermRequiresMissingCredential" class="RoleCall\Absences\Validators\LongTermAbsenceValidatorTest" file="/home/ubuntu/subhub-api/tests/Absences/Validators/LongTermAbsenceValidatorTest.php" line="174" assertions="2" time="0.201833"/>
      <testcase name="testAbsenceWithNonFilled" class="RoleCall\Absences\Validators\LongTermAbsenceValidatorTest" file="/home/ubuntu/subhub-api/tests/Absences/Validators/LongTermAbsenceValidatorTest.php" line="208" assertions="1" time="0.208496"/>
      <testcase name="testLongTermRequiresMissingCredentialWithMissingSub" class="RoleCall\Absences\Validators\LongTermAbsenceValidatorTest" file="/home/ubuntu/subhub-api/tests/Absences/Validators/LongTermAbsenceValidatorTest.php" line="242" assertions="1" time="0.190199"/>
    </testsuite>
    <testsuite name="RoleCall\Absences\Validators\MaxHourValidatorTest" file="/home/ubuntu/subhub-api/tests/Absences/Validators/MaxHourValidatorTest.php" tests="2" assertions="6" failures="0" errors="0" time="0.320838">
      <testcase name="testIsValid" class="RoleCall\Absences\Validators\MaxHourValidatorTest" file="/home/ubuntu/subhub-api/tests/Absences/Validators/MaxHourValidatorTest.php" line="13" assertions="3" time="0.167946"/>
      <testcase name="testIsNotValid" class="RoleCall\Absences\Validators\MaxHourValidatorTest" file="/home/ubuntu/subhub-api/tests/Absences/Validators/MaxHourValidatorTest.php" line="32" assertions="3" time="0.152892"/>
    </testsuite>
    <testsuite name="RoleCall\Absences\Validators\PreferredSubValidatorTest" file="/home/ubuntu/subhub-api/tests/Absences/Validators/PreferredSubValidatorTest.php" tests="9" assertions="28" failures="0" errors="0" time="1.767371">
      <testcase name="testPreferredPeriodForAbsencesCreatedLessThanEightHoursBeforeTheJobStarts" class="RoleCall\Absences\Validators\PreferredSubValidatorTest" file="/home/ubuntu/subhub-api/tests/Absences/Validators/PreferredSubValidatorTest.php" line="13" assertions="11" time="0.192497"/>
      <testcase name="testPreferredPeriodForAbsencesCreatedMoreThanEightHoursBeforeTheJobStarts" class="RoleCall\Absences\Validators\PreferredSubValidatorTest" file="/home/ubuntu/subhub-api/tests/Absences/Validators/PreferredSubValidatorTest.php" line="42" assertions="10" time="0.212447"/>
      <testcase name="testNonPreferredSubIsEligibleWhenNoPreferredSubsAreSet" class="RoleCall\Absences\Validators\PreferredSubValidatorTest" file="/home/ubuntu/subhub-api/tests/Absences/Validators/PreferredSubValidatorTest.php" line="70" assertions="1" time="0.183600"/>
      <testcase name="testNonPreferredSubIsEligibleDuringAllPeriod" class="RoleCall\Absences\Validators\PreferredSubValidatorTest" file="/home/ubuntu/subhub-api/tests/Absences/Validators/PreferredSubValidatorTest.php" line="86" assertions="1" time="0.188835"/>
      <testcase name="testPreferredSubIsEligibleDuringPreferredPeriod" class="RoleCall\Absences\Validators\PreferredSubValidatorTest" file="/home/ubuntu/subhub-api/tests/Absences/Validators/PreferredSubValidatorTest.php" line="105" assertions="1" time="0.212639"/>
      <testcase name="testNonPreferredSubIsNotEligibleDuringPreferredPeriod" class="RoleCall\Absences\Validators\PreferredSubValidatorTest" file="/home/ubuntu/subhub-api/tests/Absences/Validators/PreferredSubValidatorTest.php" line="125" assertions="1" time="0.189743"/>
      <testcase name="testPrioritySubIsEligibleDuringPriorityPeriod" class="RoleCall\Absences\Validators\PreferredSubValidatorTest" file="/home/ubuntu/subhub-api/tests/Absences/Validators/PreferredSubValidatorTest.php" line="144" assertions="1" time="0.191539"/>
      <testcase name="testPreferredSubIsNotEligibleDuringPriorityPeriod" class="RoleCall\Absences\Validators\PreferredSubValidatorTest" file="/home/ubuntu/subhub-api/tests/Absences/Validators/PreferredSubValidatorTest.php" line="168" assertions="1" time="0.210166"/>
      <testcase name="testPreferredSubIsEligibleDuringPriorityPeriodWhenNoPrioritySubsAreSet" class="RoleCall\Absences\Validators\PreferredSubValidatorTest" file="/home/ubuntu/subhub-api/tests/Absences/Validators/PreferredSubValidatorTest.php" line="190" assertions="1" time="0.185905"/>
    </testsuite>
    <testsuite name="RoleCall\Absences\Validators\PublishAbsenceValidatorTest" file="/home/ubuntu/subhub-api/tests/Absences/Validators/PublishAbsenceValidatorTest.php" tests="5" assertions="6" failures="0" errors="0" time="0.901358">
      <testcase name="testRestrictedDateConflict" class="RoleCall\Absences\Validators\PublishAbsenceValidatorTest" file="/home/ubuntu/subhub-api/tests/Absences/Validators/PublishAbsenceValidatorTest.php" line="13" assertions="1" time="0.185353"/>
      <testcase name="testStartsInThePast" class="RoleCall\Absences\Validators\PublishAbsenceValidatorTest" file="/home/ubuntu/subhub-api/tests/Absences/Validators/PublishAbsenceValidatorTest.php" line="32" assertions="1" time="0.153168"/>
      <testcase name="testTimeToReportInfraction" class="RoleCall\Absences\Validators\PublishAbsenceValidatorTest" file="/home/ubuntu/subhub-api/tests/Absences/Validators/PublishAbsenceValidatorTest.php" line="46" assertions="1" time="0.161269"/>
      <testcase name="testReasonRequiresApprovalFalse" class="RoleCall\Absences\Validators\PublishAbsenceValidatorTest" file="/home/ubuntu/subhub-api/tests/Absences/Validators/PublishAbsenceValidatorTest.php" line="68" assertions="2" time="0.216375"/>
      <testcase name="testReasonRequiresApprovalTrue" class="RoleCall\Absences\Validators\PublishAbsenceValidatorTest" file="/home/ubuntu/subhub-api/tests/Absences/Validators/PublishAbsenceValidatorTest.php" line="115" assertions="1" time="0.185193"/>
    </testsuite>
    <testsuite name="RoleCall\Absences\Validators\RestrictedDateConflictValidatorTest" file="/home/ubuntu/subhub-api/tests/Absences/Validators/RestrictedDateConflictValidatorTest.php" tests="2" assertions="2" failures="0" errors="0" time="0.473480">
      <testcase name="testValid" class="RoleCall\Absences\Validators\RestrictedDateConflictValidatorTest" file="/home/ubuntu/subhub-api/tests/Absences/Validators/RestrictedDateConflictValidatorTest.php" line="17" assertions="1" time="0.221606"/>
      <testcase name="testDayMatch" class="RoleCall\Absences\Validators\RestrictedDateConflictValidatorTest" file="/home/ubuntu/subhub-api/tests/Absences/Validators/RestrictedDateConflictValidatorTest.php" line="49" assertions="1" time="0.251874"/>
    </testsuite>
    <testsuite name="RoleCall\Absences\Validators\TimeToReportAbsenceValidatorTest" file="/home/ubuntu/subhub-api/tests/Absences/Validators/TimeToReportAbsenceValidatorTest.php" tests="3" assertions="3" failures="0" errors="0" time="0.482098">
      <testcase name="testNotTimeRuleDefined" class="RoleCall\Absences\Validators\TimeToReportAbsenceValidatorTest" file="/home/ubuntu/subhub-api/tests/Absences/Validators/TimeToReportAbsenceValidatorTest.php" line="12" assertions="1" time="0.147501"/>
      <testcase name="testIsNotTooLate" class="RoleCall\Absences\Validators\TimeToReportAbsenceValidatorTest" file="/home/ubuntu/subhub-api/tests/Absences/Validators/TimeToReportAbsenceValidatorTest.php" line="23" assertions="1" time="0.157275"/>
      <testcase name="testIsTooLate" class="RoleCall\Absences\Validators\TimeToReportAbsenceValidatorTest" file="/home/ubuntu/subhub-api/tests/Absences/Validators/TimeToReportAbsenceValidatorTest.php" line="48" assertions="1" time="0.177322"/>
    </testsuite>
    <testsuite name="RoleCall\Admin\Policies\AdminPolicyTest" file="/home/ubuntu/subhub-api/tests/Admin/Policies/AdminPolicyTest.php" tests="4" assertions="48" failures="0" errors="0" time="0.919819">
      <testcase name="testView" class="RoleCall\Admin\Policies\AdminPolicyTest" file="/home/ubuntu/subhub-api/tests/Admin/Policies/AdminPolicyTest.php" line="15" assertions="12" time="0.222170"/>
      <testcase name="testCreate" class="RoleCall\Admin\Policies\AdminPolicyTest" file="/home/ubuntu/subhub-api/tests/Admin/Policies/AdminPolicyTest.php" line="84" assertions="12" time="0.221917"/>
      <testcase name="testUpdate" class="RoleCall\Admin\Policies\AdminPolicyTest" file="/home/ubuntu/subhub-api/tests/Admin/Policies/AdminPolicyTest.php" line="153" assertions="12" time="0.249113"/>
      <testcase name="testDelete" class="RoleCall\Admin\Policies\AdminPolicyTest" file="/home/ubuntu/subhub-api/tests/Admin/Policies/AdminPolicyTest.php" line="222" assertions="12" time="0.226619"/>
    </testsuite>
    <testsuite name="RoleCall\Agencies\AgencyTest" file="/home/ubuntu/subhub-api/tests/Agencies/AgencyTest.php" tests="5" assertions="12" failures="0" errors="0" time="0.629009">
      <testcase name="testTimestampsAreEnabled" class="RoleCall\Agencies\AgencyTest" file="/home/ubuntu/subhub-api/tests/Agencies/AgencyTest.php" line="16" assertions="1" time="0.134068"/>
      <testcase name="testFillable" class="RoleCall\Agencies\AgencyTest" file="/home/ubuntu/subhub-api/tests/Agencies/AgencyTest.php" line="21" assertions="1" time="0.117595"/>
      <testcase name="testDates" class="RoleCall\Agencies\AgencyTest" file="/home/ubuntu/subhub-api/tests/Agencies/AgencyTest.php" line="32" assertions="1" time="0.118294"/>
      <testcase name="testCasts" class="RoleCall\Agencies\AgencyTest" file="/home/ubuntu/subhub-api/tests/Agencies/AgencyTest.php" line="42" assertions="1" time="0.136377"/>
      <testcase name="testGetModuleEnabledAttributes" class="RoleCall\Agencies\AgencyTest" file="/home/ubuntu/subhub-api/tests/Agencies/AgencyTest.php" line="52" assertions="8" time="0.122675"/>
    </testsuite>
    <testsuite name="RoleCall\Agencies\Policies\AgencyPolicyTest" file="/home/ubuntu/subhub-api/tests/Agencies/Policies/AgencyPolicyTest.php" tests="4" assertions="8" failures="0" errors="0" time="0.568189">
      <testcase name="testCreate" class="RoleCall\Agencies\Policies\AgencyPolicyTest" file="/home/ubuntu/subhub-api/tests/Agencies/Policies/AgencyPolicyTest.php" line="31" assertions="2" time="0.136846"/>
      <testcase name="testDelete" class="RoleCall\Agencies\Policies\AgencyPolicyTest" file="/home/ubuntu/subhub-api/tests/Agencies/Policies/AgencyPolicyTest.php" line="39" assertions="2" time="0.154885"/>
      <testcase name="testIndex" class="RoleCall\Agencies\Policies\AgencyPolicyTest" file="/home/ubuntu/subhub-api/tests/Agencies/Policies/AgencyPolicyTest.php" line="47" assertions="2" time="0.137711"/>
      <testcase name="testUpdate" class="RoleCall\Agencies\Policies\AgencyPolicyTest" file="/home/ubuntu/subhub-api/tests/Agencies/Policies/AgencyPolicyTest.php" line="55" assertions="2" time="0.138748"/>
    </testsuite>
    <testsuite name="RoleCall\Agencies\Policies\RegionPolicyTest" file="/home/ubuntu/subhub-api/tests/Agencies/Policies/RegionPolicyTest.php" tests="4" assertions="8" failures="0" errors="0" time="0.598818">
      <testcase name="testCreate" class="RoleCall\Agencies\Policies\RegionPolicyTest" file="/home/ubuntu/subhub-api/tests/Agencies/Policies/RegionPolicyTest.php" line="32" assertions="2" time="0.159340"/>
      <testcase name="testDelete" class="RoleCall\Agencies\Policies\RegionPolicyTest" file="/home/ubuntu/subhub-api/tests/Agencies/Policies/RegionPolicyTest.php" line="40" assertions="2" time="0.138348"/>
      <testcase name="testIndex" class="RoleCall\Agencies\Policies\RegionPolicyTest" file="/home/ubuntu/subhub-api/tests/Agencies/Policies/RegionPolicyTest.php" line="48" assertions="2" time="0.141044"/>
      <testcase name="testUpdate" class="RoleCall\Agencies\Policies\RegionPolicyTest" file="/home/ubuntu/subhub-api/tests/Agencies/Policies/RegionPolicyTest.php" line="56" assertions="2" time="0.160086"/>
    </testsuite>
    <testsuite name="RoleCall\Agencies\Transformers\AgenciesJsonTransformerTest" file="/home/ubuntu/subhub-api/tests/Agencies/Transformers/AgenciesJsonTransformerTest.php" tests="3" assertions="3" failures="0" errors="0" time="0.385673">
      <testcase name="testTransformDistrictModel" class="RoleCall\Agencies\Transformers\AgenciesJsonTransformerTest" file="/home/ubuntu/subhub-api/tests/Agencies/Transformers/AgenciesJsonTransformerTest.php" line="12" assertions="1" time="0.121722"/>
      <testcase name="testTransformArrayOfDistricts" class="RoleCall\Agencies\Transformers\AgenciesJsonTransformerTest" file="/home/ubuntu/subhub-api/tests/Agencies/Transformers/AgenciesJsonTransformerTest.php" line="21" assertions="1" time="0.122400"/>
      <testcase name="testTransformCollectionOfDistricts" class="RoleCall\Agencies\Transformers\AgenciesJsonTransformerTest" file="/home/ubuntu/subhub-api/tests/Agencies/Transformers/AgenciesJsonTransformerTest.php" line="34" assertions="1" time="0.141551"/>
    </testsuite>
    <testsuite name="RoleCall\Agencies\Transformers\RegionsJsonTransformerTest" file="/home/ubuntu/subhub-api/tests/Agencies/Transformers/RegionsJsonTransformerTest.php" tests="3" assertions="3" failures="0" errors="0" time="0.385444">
      <testcase name="testTransformDistrictModel" class="RoleCall\Agencies\Transformers\RegionsJsonTransformerTest" file="/home/ubuntu/subhub-api/tests/Agencies/Transformers/RegionsJsonTransformerTest.php" line="12" assertions="1" time="0.121581"/>
      <testcase name="testTransformArrayOfDistricts" class="RoleCall\Agencies\Transformers\RegionsJsonTransformerTest" file="/home/ubuntu/subhub-api/tests/Agencies/Transformers/RegionsJsonTransformerTest.php" line="21" assertions="1" time="0.139523"/>
      <testcase name="testTransformCollectionOfDistricts" class="RoleCall\Agencies\Transformers\RegionsJsonTransformerTest" file="/home/ubuntu/subhub-api/tests/Agencies/Transformers/RegionsJsonTransformerTest.php" line="34" assertions="1" time="0.124340"/>
    </testsuite>
    <testsuite name="RoleCall\Api\Controllers\AbsencesControllerTest" file="/home/ubuntu/subhub-api/tests/Api/Controllers/AbsencesControllerTest.php" tests="5" assertions="56" failures="0" errors="0" time="1.559392">
      <testcase name="testGetAbsence" class="RoleCall\Api\Controllers\AbsencesControllerTest" file="/home/ubuntu/subhub-api/tests/Api/Controllers/AbsencesControllerTest.php" line="53" assertions="20" time="0.306487"/>
      <testcase name="testGetAbsenceWithSubs" class="RoleCall\Api\Controllers\AbsencesControllerTest" file="/home/ubuntu/subhub-api/tests/Api/Controllers/AbsencesControllerTest.php" line="91" assertions="20" time="0.286250"/>
      <testcase name="testClaim" class="RoleCall\Api\Controllers\AbsencesControllerTest" file="/home/ubuntu/subhub-api/tests/Api/Controllers/AbsencesControllerTest.php" line="154" assertions="3" time="0.329397"/>
      <testcase name="testUnclaim" class="RoleCall\Api\Controllers\AbsencesControllerTest" file="/home/ubuntu/subhub-api/tests/Api/Controllers/AbsencesControllerTest.php" line="181" assertions="2" time="0.294940"/>
      <testcase name="testCreate" class="RoleCall\Api\Controllers\AbsencesControllerTest" file="/home/ubuntu/subhub-api/tests/Api/Controllers/AbsencesControllerTest.php" line="207" assertions="11" time="0.342318"/>
    </testsuite>
    <testsuite name="RoleCall\Api\Controllers\AuthControllerTest" file="/home/ubuntu/subhub-api/tests/Api/Controllers/AuthControllerTest.php" tests="4" assertions="10" failures="0" errors="0" time="1.403190">
      <testcase name="testAuthValidCredentials" class="RoleCall\Api\Controllers\AuthControllerTest" file="/home/ubuntu/subhub-api/tests/Api/Controllers/AuthControllerTest.php" line="43" assertions="5" time="0.385821"/>
      <testcase name="testAuthInvalidCredentials" class="RoleCall\Api\Controllers\AuthControllerTest" file="/home/ubuntu/subhub-api/tests/Api/Controllers/AuthControllerTest.php" line="54" assertions="2" time="0.344296"/>
      <testcase name="testAuthCouldNotCreateToken" class="RoleCall\Api\Controllers\AuthControllerTest" file="/home/ubuntu/subhub-api/tests/Api/Controllers/AuthControllerTest.php" line="64" assertions="2" time="0.295566"/>
      <testcase name="testProcessTokenValidCredentials" class="RoleCall\Api\Controllers\AuthControllerTest" file="/home/ubuntu/subhub-api/tests/Api/Controllers/AuthControllerTest.php" line="79" assertions="1" time="0.377507"/>
    </testsuite>
    <testsuite name="RoleCall\Api\Controllers\MeControllerTest" file="/home/ubuntu/subhub-api/tests/Api/Controllers/MeControllerTest.php" tests="7" assertions="43" failures="0" errors="0" time="2.231370">
      <testcase name="testCalendar" class="RoleCall\Api\Controllers\MeControllerTest" file="/home/ubuntu/subhub-api/tests/Api/Controllers/MeControllerTest.php" line="56" assertions="5" time="0.342537"/>
      <testcase name="testAvailableJobs" class="RoleCall\Api\Controllers\MeControllerTest" file="/home/ubuntu/subhub-api/tests/Api/Controllers/MeControllerTest.php" line="107" assertions="5" time="0.338306"/>
      <testcase name="testClaimedJobs" class="RoleCall\Api\Controllers\MeControllerTest" file="/home/ubuntu/subhub-api/tests/Api/Controllers/MeControllerTest.php" line="158" assertions="5" time="0.363972"/>
      <testcase name="testAbsences" class="RoleCall\Api\Controllers\MeControllerTest" file="/home/ubuntu/subhub-api/tests/Api/Controllers/MeControllerTest.php" line="211" assertions="3" time="0.297003"/>
      <testcase name="testTimecards" class="RoleCall\Api\Controllers\MeControllerTest" file="/home/ubuntu/subhub-api/tests/Api/Controllers/MeControllerTest.php" line="256" assertions="5" time="0.338007"/>
      <testcase name="testProfile" class="RoleCall\Api\Controllers\MeControllerTest" file="/home/ubuntu/subhub-api/tests/Api/Controllers/MeControllerTest.php" line="292" assertions="15" time="0.298152"/>
      <testcase name="testSchedule" class="RoleCall\Api\Controllers\MeControllerTest" file="/home/ubuntu/subhub-api/tests/Api/Controllers/MeControllerTest.php" line="355" assertions="5" time="0.253393"/>
    </testsuite>
    <testsuite name="RoleCall\Api\Controllers\StatusControllerTest" file="/home/ubuntu/subhub-api/tests/Api/Controllers/StatusControllerTest.php" tests="2" assertions="6" failures="0" errors="0" time="0.354228">
      <testcase name="testStatusWeb" class="RoleCall\Api\Controllers\StatusControllerTest" file="/home/ubuntu/subhub-api/tests/Api/Controllers/StatusControllerTest.php" line="31" assertions="3" time="0.167932"/>
      <testcase name="testStatusJwt" class="RoleCall\Api\Controllers\StatusControllerTest" file="/home/ubuntu/subhub-api/tests/Api/Controllers/StatusControllerTest.php" line="42" assertions="3" time="0.186296"/>
    </testsuite>
    <testsuite name="RoleCall\Absences\Policies\MePolicyTest" file="/home/ubuntu/subhub-api/tests/Api/Policies/MePolicyTest.php" tests="2" assertions="6" failures="0" errors="0" time="0.389324">
      <testcase name="testCalendarPolicy" class="RoleCall\Absences\Policies\MePolicyTest" file="/home/ubuntu/subhub-api/tests/Api/Policies/MePolicyTest.php" line="15" assertions="3" time="0.186243"/>
      <testcase name="testAvailableJobsPolicy" class="RoleCall\Absences\Policies\MePolicyTest" file="/home/ubuntu/subhub-api/tests/Api/Policies/MePolicyTest.php" line="35" assertions="3" time="0.203081"/>
    </testsuite>
    <testsuite name="RoleCall\Absences\Services\GenerateApiStatusTest" file="/home/ubuntu/subhub-api/tests/Api/Services/GenerateApiStatusTest.php" tests="1" assertions="1" failures="0" errors="0" time="0.115286">
      <testcase name="testGenerate" class="RoleCall\Absences\Services\GenerateApiStatusTest" file="/home/ubuntu/subhub-api/tests/Api/Services/GenerateApiStatusTest.php" line="12" assertions="1" time="0.115286"/>
    </testsuite>
    <testsuite name="RoleCall\Api\Transformers\AbsenceOccurrenceTransformerTest" file="/home/ubuntu/subhub-api/tests/Api/Transformers/AbsenceOccurrenceTransformerTest.php" tests="1" assertions="1" failures="0" errors="0" time="0.217749">
      <testcase name="testTransform" class="RoleCall\Api\Transformers\AbsenceOccurrenceTransformerTest" file="/home/ubuntu/subhub-api/tests/Api/Transformers/AbsenceOccurrenceTransformerTest.php" line="16" assertions="1" time="0.217749"/>
    </testsuite>
    <testsuite name="RoleCall\Api\Transformers\AbsenceTransformerTest" file="/home/ubuntu/subhub-api/tests/Api/Transformers/AbsenceTransformerTest.php" tests="2" assertions="2" failures="0" errors="0" time="0.403171">
      <testcase name="testTransform" class="RoleCall\Api\Transformers\AbsenceTransformerTest" file="/home/ubuntu/subhub-api/tests/Api/Transformers/AbsenceTransformerTest.php" line="17" assertions="1" time="0.208904"/>
      <testcase name="testTransformNoReason" class="RoleCall\Api\Transformers\AbsenceTransformerTest" file="/home/ubuntu/subhub-api/tests/Api/Transformers/AbsenceTransformerTest.php" line="68" assertions="1" time="0.194267"/>
    </testsuite>
    <testsuite name="RoleCall\Api\Transformers\SingleAbsenceTransformerTest" file="/home/ubuntu/subhub-api/tests/Api/Transformers/SingleAbsenceTransformerTest.php" tests="3" assertions="3" failures="0" errors="0" time="0.630137">
      <testcase name="testTransform" class="RoleCall\Api\Transformers\SingleAbsenceTransformerTest" file="/home/ubuntu/subhub-api/tests/Api/Transformers/SingleAbsenceTransformerTest.php" line="28" assertions="1" time="0.214667"/>
      <testcase name="testTransformWithSubs" class="RoleCall\Api\Transformers\SingleAbsenceTransformerTest" file="/home/ubuntu/subhub-api/tests/Api/Transformers/SingleAbsenceTransformerTest.php" line="70" assertions="1" time="0.209227"/>
      <testcase name="testTransformVacancy" class="RoleCall\Api\Transformers\SingleAbsenceTransformerTest" file="/home/ubuntu/subhub-api/tests/Api/Transformers/SingleAbsenceTransformerTest.php" line="137" assertions="1" time="0.206243"/>
    </testsuite>
    <testsuite name="RoleCall\Api\Transformers\SubDashboardCalendarTransformerTest" file="/home/ubuntu/subhub-api/tests/Api/Transformers/SubDashboardCalendarTransformerTest.php" tests="1" assertions="2" failures="0" errors="0" time="0.126240">
      <testcase name="testTransform" class="RoleCall\Api\Transformers\SubDashboardCalendarTransformerTest" file="/home/ubuntu/subhub-api/tests/Api/Transformers/SubDashboardCalendarTransformerTest.php" line="10" assertions="2" time="0.126240"/>
    </testsuite>
    <testsuite name="RoleCall\Api\Transformers\SubDashboardRecommendedJobsTransformerTest" file="/home/ubuntu/subhub-api/tests/Api/Transformers/SubDashboardRecommendedJobsTransformerTest.php" tests="1" assertions="1" failures="0" errors="0" time="0.109214">
      <testcase name="testTransform" class="RoleCall\Api\Transformers\SubDashboardRecommendedJobsTransformerTest" file="/home/ubuntu/subhub-api/tests/Api/Transformers/SubDashboardRecommendedJobsTransformerTest.php" line="10" assertions="1" time="0.109214"/>
    </testsuite>
    <testsuite name="RoleCall\Api\Transformers\TimelogTransformerTest" file="/home/ubuntu/subhub-api/tests/Api/Transformers/TimelogTransformerTest.php" tests="1" assertions="1" failures="0" errors="0" time="0.183956">
      <testcase name="testTransform" class="RoleCall\Api\Transformers\TimelogTransformerTest" file="/home/ubuntu/subhub-api/tests/Api/Transformers/TimelogTransformerTest.php" line="15" assertions="1" time="0.183956"/>
    </testsuite>
    <testsuite name="RoleCall\Auth\Controllers\AccountConfirmationControllerTest" file="/home/ubuntu/subhub-api/tests/Auth/Controllers/AccountConfirmationControllerTest.php" tests="1" assertions="5" failures="0" errors="0" time="0.160895">
      <testcase name="testAccountConfirmation" class="RoleCall\Auth\Controllers\AccountConfirmationControllerTest" file="/home/ubuntu/subhub-api/tests/Auth/Controllers/AccountConfirmationControllerTest.php" line="12" assertions="5" time="0.160895"/>
    </testsuite>
    <testsuite name="RoleCall\Auth\Controllers\AuthControllerTest" file="/home/ubuntu/subhub-api/tests/Auth/Controllers/AuthControllerTest.php" tests="1" assertions="2" failures="0" errors="0" time="0.144215">
      <testcase name="testImpersonate" class="RoleCall\Auth\Controllers\AuthControllerTest" file="/home/ubuntu/subhub-api/tests/Auth/Controllers/AuthControllerTest.php" line="12" assertions="2" time="0.144215"/>
    </testsuite>
    <testsuite name="RoleCall\Auth\Controllers\PasswordResetControllerTest" file="/home/ubuntu/subhub-api/tests/Auth/Controllers/PasswordResetControllerTest.php" tests="2" assertions="8" failures="0" errors="0" time="0.432091">
      <testcase name="testEmailPasswordReset" class="RoleCall\Auth\Controllers\PasswordResetControllerTest" file="/home/ubuntu/subhub-api/tests/Auth/Controllers/PasswordResetControllerTest.php" line="21" assertions="4" time="0.227423"/>
      <testcase name="testEmailPasswordResetAdditionalCheck" class="RoleCall\Auth\Controllers\PasswordResetControllerTest" file="/home/ubuntu/subhub-api/tests/Auth/Controllers/PasswordResetControllerTest.php" line="54" assertions="4" time="0.204668"/>
    </testsuite>
    <testsuite name="RoleCall\Auth\Controllers\WelcomeControllerTest" file="/home/ubuntu/subhub-api/tests/Auth/Controllers/WelcomeControllerTest.php" tests="8" assertions="32" failures="0" errors="0" time="2.117170">
      <testcase name="testSendDistrictWelcomeEmails" class="RoleCall\Auth\Controllers\WelcomeControllerTest" file="/home/ubuntu/subhub-api/tests/Auth/Controllers/WelcomeControllerTest.php" line="32" assertions="2" time="0.208141"/>
      <testcase name="testSendDistrictWelcomeEmailsShouldNotNotifyAlreadyNotified" class="RoleCall\Auth\Controllers\WelcomeControllerTest" file="/home/ubuntu/subhub-api/tests/Auth/Controllers/WelcomeControllerTest.php" line="54" assertions="2" time="0.233185"/>
      <testcase name="testSendDistrictWelcomeEmailsWithSentDayBefore" class="RoleCall\Auth\Controllers\WelcomeControllerTest" file="/home/ubuntu/subhub-api/tests/Auth/Controllers/WelcomeControllerTest.php" line="80" assertions="2" time="0.211605"/>
      <testcase name="testSendDistrictsWelcomeEmailsWithManySetDayBefore" class="RoleCall\Auth\Controllers\WelcomeControllerTest" file="/home/ubuntu/subhub-api/tests/Auth/Controllers/WelcomeControllerTest.php" line="106" assertions="2" time="0.449044"/>
      <testcase name="testSendWelcomeEmailsWithUserWhoHasLoggedIn" class="RoleCall\Auth\Controllers\WelcomeControllerTest" file="/home/ubuntu/subhub-api/tests/Auth/Controllers/WelcomeControllerTest.php" line="135" assertions="2" time="0.214485"/>
      <testcase name="testSendWelcomeEmailsWithFutureActive" class="RoleCall\Auth\Controllers\WelcomeControllerTest" file="/home/ubuntu/subhub-api/tests/Auth/Controllers/WelcomeControllerTest.php" line="166" assertions="2" time="0.209244"/>
      <testcase name="testShowWelcomePage" class="RoleCall\Auth\Controllers\WelcomeControllerTest" file="/home/ubuntu/subhub-api/tests/Auth/Controllers/WelcomeControllerTest.php" line="191" assertions="8" time="0.320442"/>
      <testcase name="testUpdatePassword" class="RoleCall\Auth\Controllers\WelcomeControllerTest" file="/home/ubuntu/subhub-api/tests/Auth/Controllers/WelcomeControllerTest.php" line="225" assertions="12" time="0.271024"/>
    </testsuite>
    <testsuite name="RoleCall\Auth\TokenTest" file="/home/ubuntu/subhub-api/tests/Auth/TokenTest.php" tests="2" assertions="2" failures="0" errors="0" time="0.321580">
      <testcase name="testTokenUnexpired" class="RoleCall\Auth\TokenTest" file="/home/ubuntu/subhub-api/tests/Auth/TokenTest.php" line="13" assertions="1" time="0.169460"/>
      <testcase name="testTokenExpired" class="RoleCall\Auth\TokenTest" file="/home/ubuntu/subhub-api/tests/Auth/TokenTest.php" line="27" assertions="1" time="0.152120"/>
    </testsuite>
    <testsuite name="RoleCall\Base\Files\Adapters\SecuresVersioningFilesystemAdapterTest" file="/home/ubuntu/subhub-api/tests/Base/Files/Adapters/SecureVersioningFilesystemAdapterTest.php" tests="4" assertions="4" failures="0" errors="0" time="0.464309">
      <testcase name="testGetDriver" class="RoleCall\Base\Files\Adapters\SecuresVersioningFilesystemAdapterTest" file="/home/ubuntu/subhub-api/tests/Base/Files/Adapters/SecureVersioningFilesystemAdapterTest.php" line="20" assertions="1" time="0.116375"/>
      <testcase name="testHas" class="RoleCall\Base\Files\Adapters\SecuresVersioningFilesystemAdapterTest" file="/home/ubuntu/subhub-api/tests/Base/Files/Adapters/SecureVersioningFilesystemAdapterTest.php" line="25" assertions="1" time="0.130128"/>
      <testcase name="testSecurePut" class="RoleCall\Base\Files\Adapters\SecuresVersioningFilesystemAdapterTest" file="/home/ubuntu/subhub-api/tests/Base/Files/Adapters/SecureVersioningFilesystemAdapterTest.php" line="31" assertions="1" time="0.108702"/>
      <testcase name="testSecurePutWith" class="RoleCall\Base\Files\Adapters\SecuresVersioningFilesystemAdapterTest" file="/home/ubuntu/subhub-api/tests/Base/Files/Adapters/SecureVersioningFilesystemAdapterTest.php" line="40" assertions="1" time="0.109104"/>
    </testsuite>
    <testsuite name="RoleCall\Base\Files\Adapters\VersioningFilesystemAdapterTest" file="/home/ubuntu/subhub-api/tests/Base/Files/Adapters/VersioningFilesystemAdapterTest.php" tests="12" assertions="12" failures="0" errors="0" time="1.381917">
      <testcase name="testGetDriver" class="RoleCall\Base\Files\Adapters\VersioningFilesystemAdapterTest" file="/home/ubuntu/subhub-api/tests/Base/Files/Adapters/VersioningFilesystemAdapterTest.php" line="19" assertions="1" time="0.124904"/>
      <testcase name="testHas" class="RoleCall\Base\Files\Adapters\VersioningFilesystemAdapterTest" file="/home/ubuntu/subhub-api/tests/Base/Files/Adapters/VersioningFilesystemAdapterTest.php" line="24" assertions="1" time="0.107905"/>
      <testcase name="testGetByVersion" class="RoleCall\Base\Files\Adapters\VersioningFilesystemAdapterTest" file="/home/ubuntu/subhub-api/tests/Base/Files/Adapters/VersioningFilesystemAdapterTest.php" line="30" assertions="1" time="0.108531"/>
      <testcase name="testGetByVersionFail" class="RoleCall\Base\Files\Adapters\VersioningFilesystemAdapterTest" file="/home/ubuntu/subhub-api/tests/Base/Files/Adapters/VersioningFilesystemAdapterTest.php" line="40" assertions="1" time="0.122020"/>
      <testcase name="testHasVersion" class="RoleCall\Base\Files\Adapters\VersioningFilesystemAdapterTest" file="/home/ubuntu/subhub-api/tests/Base/Files/Adapters/VersioningFilesystemAdapterTest.php" line="49" assertions="1" time="0.108319"/>
      <testcase name="testHasVersionFail" class="RoleCall\Base\Files\Adapters\VersioningFilesystemAdapterTest" file="/home/ubuntu/subhub-api/tests/Base/Files/Adapters/VersioningFilesystemAdapterTest.php" line="59" assertions="1" time="0.125033"/>
      <testcase name="testReadStream" class="RoleCall\Base\Files\Adapters\VersioningFilesystemAdapterTest" file="/home/ubuntu/subhub-api/tests/Base/Files/Adapters/VersioningFilesystemAdapterTest.php" line="68" assertions="1" time="0.108152"/>
      <testcase name="testReadStreamFail" class="RoleCall\Base\Files\Adapters\VersioningFilesystemAdapterTest" file="/home/ubuntu/subhub-api/tests/Base/Files/Adapters/VersioningFilesystemAdapterTest.php" line="78" assertions="1" time="0.108538"/>
      <testcase name="testRestore" class="RoleCall\Base\Files\Adapters\VersioningFilesystemAdapterTest" file="/home/ubuntu/subhub-api/tests/Base/Files/Adapters/VersioningFilesystemAdapterTest.php" line="87" assertions="1" time="0.126495"/>
      <testcase name="testRestoreFail" class="RoleCall\Base\Files\Adapters\VersioningFilesystemAdapterTest" file="/home/ubuntu/subhub-api/tests/Base/Files/Adapters/VersioningFilesystemAdapterTest.php" line="97" assertions="1" time="0.108337"/>
      <testcase name="testVersions" class="RoleCall\Base\Files\Adapters\VersioningFilesystemAdapterTest" file="/home/ubuntu/subhub-api/tests/Base/Files/Adapters/VersioningFilesystemAdapterTest.php" line="106" assertions="1" time="0.126327"/>
      <testcase name="testVersionsFail" class="RoleCall\Base\Files\Adapters\VersioningFilesystemAdapterTest" file="/home/ubuntu/subhub-api/tests/Base/Files/Adapters/VersioningFilesystemAdapterTest.php" line="115" assertions="1" time="0.107357"/>
    </testsuite>
    <testsuite name="RoleCall\Base\Files\Services\StoreFileTest" file="/home/ubuntu/subhub-api/tests/Base/Files/Services/StoreFileTest.php" tests="7" assertions="82" failures="0" errors="0" time="1.002398">
      <testcase name="testStoreFile" class="RoleCall\Base\Files\Services\StoreFileTest" file="/home/ubuntu/subhub-api/tests/Base/Files/Services/StoreFileTest.php" line="18" assertions="11" time="0.142747"/>
      <testcase name="testStoreFileNoBasePath" class="RoleCall\Base\Files\Services\StoreFileTest" file="/home/ubuntu/subhub-api/tests/Base/Files/Services/StoreFileTest.php" line="73" assertions="11" time="0.150631"/>
      <testcase name="testStoreFileAlreadyExists" class="RoleCall\Base\Files\Services\StoreFileTest" file="/home/ubuntu/subhub-api/tests/Base/Files/Services/StoreFileTest.php" line="128" assertions="12" time="0.132225"/>
      <testcase name="testStoreFileAlreadyExistsDefaultDisk" class="RoleCall\Base\Files\Services\StoreFileTest" file="/home/ubuntu/subhub-api/tests/Base/Files/Services/StoreFileTest.php" line="197" assertions="12" time="0.131908"/>
      <testcase name="testStoreFileAlreadyExistsGetsNewName" class="RoleCall\Base\Files\Services\StoreFileTest" file="/home/ubuntu/subhub-api/tests/Base/Files/Services/StoreFileTest.php" line="263" assertions="12" time="0.156240"/>
      <testcase name="testStoreFileAlreadyExistsNoNewNameNullExistingName" class="RoleCall\Base\Files\Services\StoreFileTest" file="/home/ubuntu/subhub-api/tests/Base/Files/Services/StoreFileTest.php" line="329" assertions="12" time="0.133878"/>
      <testcase name="testStoreFileAlreadyExistsNoFileParameter" class="RoleCall\Base\Files\Services\StoreFileTest" file="/home/ubuntu/subhub-api/tests/Base/Files/Services/StoreFileTest.php" line="395" assertions="12" time="0.154769"/>
    </testsuite>
    <testsuite name="RoleCall\Base\Files\Traits\HasVersionedFileTest" file="/home/ubuntu/subhub-api/tests/Base/Files/Traits/HasVersionedFileTest.php" tests="9" assertions="14" failures="0" errors="0" time="1.172464">
      <testcase name="testStoreFile" class="RoleCall\Base\Files\Traits\HasVersionedFileTest" file="/home/ubuntu/subhub-api/tests/Base/Files/Traits/HasVersionedFileTest.php" line="26" assertions="2" time="0.129556"/>
      <testcase name="testReadStream" class="RoleCall\Base\Files\Traits\HasVersionedFileTest" file="/home/ubuntu/subhub-api/tests/Base/Files/Traits/HasVersionedFileTest.php" line="65" assertions="1" time="0.118316"/>
      <testcase name="testReadStreamNoVersion" class="RoleCall\Base\Files\Traits\HasVersionedFileTest" file="/home/ubuntu/subhub-api/tests/Base/Files/Traits/HasVersionedFileTest.php" line="86" assertions="1" time="0.144963"/>
      <testcase name="testReadStreamNoFilePathOnModel" class="RoleCall\Base\Files\Traits\HasVersionedFileTest" file="/home/ubuntu/subhub-api/tests/Base/Files/Traits/HasVersionedFileTest.php" line="107" assertions="2" time="0.116843"/>
      <testcase name="testRestore" class="RoleCall\Base\Files\Traits\HasVersionedFileTest" file="/home/ubuntu/subhub-api/tests/Base/Files/Traits/HasVersionedFileTest.php" line="119" assertions="1" time="0.149856"/>
      <testcase name="testRestoreNoFilePathOnModel" class="RoleCall\Base\Files\Traits\HasVersionedFileTest" file="/home/ubuntu/subhub-api/tests/Base/Files/Traits/HasVersionedFileTest.php" line="151" assertions="2" time="0.118241"/>
      <testcase name="testVersions" class="RoleCall\Base\Files\Traits\HasVersionedFileTest" file="/home/ubuntu/subhub-api/tests/Base/Files/Traits/HasVersionedFileTest.php" line="163" assertions="1" time="0.117530"/>
      <testcase name="testVersionsNoFilePathOnModel" class="RoleCall\Base\Files\Traits\HasVersionedFileTest" file="/home/ubuntu/subhub-api/tests/Base/Files/Traits/HasVersionedFileTest.php" line="183" assertions="2" time="0.152723"/>
      <testcase name="testCopyFile" class="RoleCall\Base\Files\Traits\HasVersionedFileTest" file="/home/ubuntu/subhub-api/tests/Base/Files/Traits/HasVersionedFileTest.php" line="195" assertions="2" time="0.124436"/>
    </testsuite>
    <testsuite name="RoleCall\Base\Files\VersionedFileTest" file="/home/ubuntu/subhub-api/tests/Base/Files/VersionedFileTest.php" tests="2" assertions="3" failures="0" errors="0" time="0.257602">
      <testcase name="testConstructs" class="RoleCall\Base\Files\VersionedFileTest" file="/home/ubuntu/subhub-api/tests/Base/Files/VersionedFileTest.php" line="21" assertions="3" time="0.148060"/>
      <testcase name="testReadStream" class="RoleCall\Base\Files\VersionedFileTest" file="/home/ubuntu/subhub-api/tests/Base/Files/VersionedFileTest.php" line="31" assertions="0" time="0.109542"/>
    </testsuite>
    <testsuite name="RoleCall\Base\Files\VersioningFlysystemImplTest" file="/home/ubuntu/subhub-api/tests/Base/Files/VersioningFlysystemImplTest.php" tests="17" assertions="21" failures="0" errors="0" time="2.165976">
      <testcase name="testGetAdapter" class="RoleCall\Base\Files\VersioningFlysystemImplTest" file="/home/ubuntu/subhub-api/tests/Base/Files/VersioningFlysystemImplTest.php" line="27" assertions="1" time="0.113548"/>
      <testcase name="testGetConfig" class="RoleCall\Base\Files\VersioningFlysystemImplTest" file="/home/ubuntu/subhub-api/tests/Base/Files/VersioningFlysystemImplTest.php" line="32" assertions="1" time="0.142619"/>
      <testcase name="testHas" class="RoleCall\Base\Files\VersioningFlysystemImplTest" file="/home/ubuntu/subhub-api/tests/Base/Files/VersioningFlysystemImplTest.php" line="37" assertions="1" time="0.110705"/>
      <testcase name="testGetByVersion" class="RoleCall\Base\Files\VersioningFlysystemImplTest" file="/home/ubuntu/subhub-api/tests/Base/Files/VersioningFlysystemImplTest.php" line="43" assertions="1" time="0.148500"/>
      <testcase name="testGetByVersionDoesntExist" class="RoleCall\Base\Files\VersioningFlysystemImplTest" file="/home/ubuntu/subhub-api/tests/Base/Files/VersioningFlysystemImplTest.php" line="54" assertions="2" time="0.111136"/>
      <testcase name="testGetByVersionFails" class="RoleCall\Base\Files\VersioningFlysystemImplTest" file="/home/ubuntu/subhub-api/tests/Base/Files/VersioningFlysystemImplTest.php" line="65" assertions="1" time="0.111254"/>
      <testcase name="testHasVersion" class="RoleCall\Base\Files\VersioningFlysystemImplTest" file="/home/ubuntu/subhub-api/tests/Base/Files/VersioningFlysystemImplTest.php" line="75" assertions="1" time="0.148051"/>
      <testcase name="testHasVersionFails" class="RoleCall\Base\Files\VersioningFlysystemImplTest" file="/home/ubuntu/subhub-api/tests/Base/Files/VersioningFlysystemImplTest.php" line="84" assertions="1" time="0.111244"/>
      <testcase name="testReadStream" class="RoleCall\Base\Files\VersioningFlysystemImplTest" file="/home/ubuntu/subhub-api/tests/Base/Files/VersioningFlysystemImplTest.php" line="93" assertions="1" time="0.112525"/>
      <testcase name="testReadStreamFileDoesntExist" class="RoleCall\Base\Files\VersioningFlysystemImplTest" file="/home/ubuntu/subhub-api/tests/Base/Files/VersioningFlysystemImplTest.php" line="104" assertions="2" time="0.149903"/>
      <testcase name="testReadStreamFail" class="RoleCall\Base\Files\VersioningFlysystemImplTest" file="/home/ubuntu/subhub-api/tests/Base/Files/VersioningFlysystemImplTest.php" line="115" assertions="1" time="0.111337"/>
      <testcase name="testRestore" class="RoleCall\Base\Files\VersioningFlysystemImplTest" file="/home/ubuntu/subhub-api/tests/Base/Files/VersioningFlysystemImplTest.php" line="125" assertions="1" time="0.151613"/>
      <testcase name="testRestoreFileDoesntExist" class="RoleCall\Base\Files\VersioningFlysystemImplTest" file="/home/ubuntu/subhub-api/tests/Base/Files/VersioningFlysystemImplTest.php" line="136" assertions="2" time="0.112753"/>
      <testcase name="testRestoreFail" class="RoleCall\Base\Files\VersioningFlysystemImplTest" file="/home/ubuntu/subhub-api/tests/Base/Files/VersioningFlysystemImplTest.php" line="147" assertions="1" time="0.111718"/>
      <testcase name="testVersions" class="RoleCall\Base\Files\VersioningFlysystemImplTest" file="/home/ubuntu/subhub-api/tests/Base/Files/VersioningFlysystemImplTest.php" line="158" assertions="1" time="0.152848"/>
      <testcase name="testVersionsFileDoesntExist" class="RoleCall\Base\Files\VersioningFlysystemImplTest" file="/home/ubuntu/subhub-api/tests/Base/Files/VersioningFlysystemImplTest.php" line="168" assertions="2" time="0.108139"/>
      <testcase name="testVersionsFail" class="RoleCall\Base\Files\VersioningFlysystemImplTest" file="/home/ubuntu/subhub-api/tests/Base/Files/VersioningFlysystemImplTest.php" line="179" assertions="1" time="0.158083"/>
    </testsuite>
    <testsuite name="RoleCall\Base\Helpers\DateHelperTraitTest" file="/home/ubuntu/subhub-api/tests/Base/Helpers/DateHelperTraitTest.php" tests="3" assertions="16" failures="0" errors="0" time="0.379692">
      <testcase name="testTimeOfDay" class="RoleCall\Base\Helpers\DateHelperTraitTest" file="/home/ubuntu/subhub-api/tests/Base/Helpers/DateHelperTraitTest.php" line="11" assertions="6" time="0.111612"/>
      <testcase name="testShortFriendlyEventDate" class="RoleCall\Base\Helpers\DateHelperTraitTest" file="/home/ubuntu/subhub-api/tests/Base/Helpers/DateHelperTraitTest.php" line="21" assertions="5" time="0.108244"/>
      <testcase name="testLongFriendlyEventDate" class="RoleCall\Base\Helpers\DateHelperTraitTest" file="/home/ubuntu/subhub-api/tests/Base/Helpers/DateHelperTraitTest.php" line="36" assertions="5" time="0.159836"/>
    </testsuite>
    <testsuite name="RoleCall\Base\Helpers\NumberHelperTraitTest" file="/home/ubuntu/subhub-api/tests/Base/Helpers/NumberHelperTraitTest.php" tests="1" assertions="18" failures="0" errors="0" time="0.109956">
      <testcase name="testFormatCurrency" class="RoleCall\Base\Helpers\NumberHelperTraitTest" file="/home/ubuntu/subhub-api/tests/Base/Helpers/NumberHelperTraitTest.php" line="9" assertions="18" time="0.109956"/>
    </testsuite>
    <testsuite name="RoleCall\Base\Helpers\PhoneHelperTraitTest" file="/home/ubuntu/subhub-api/tests/Base/Helpers/PhoneHelperTraitTest.php" tests="5" assertions="15" failures="0" errors="0" time="0.641479">
      <testcase name="testValidatePhone" class="RoleCall\Base\Helpers\PhoneHelperTraitTest" file="/home/ubuntu/subhub-api/tests/Base/Helpers/PhoneHelperTraitTest.php" line="9" assertions="6" time="0.107389"/>
      <testcase name="testConvertPhoneToInternationalalidatePhone" class="RoleCall\Base\Helpers\PhoneHelperTraitTest" file="/home/ubuntu/subhub-api/tests/Base/Helpers/PhoneHelperTraitTest.php" line="19" assertions="3" time="0.158263"/>
      <testcase name="testConvertPhoneToInternationalalidatePhoneFailure" class="RoleCall\Base\Helpers\PhoneHelperTraitTest" file="/home/ubuntu/subhub-api/tests/Base/Helpers/PhoneHelperTraitTest.php" line="26" assertions="2" time="0.108120"/>
      <testcase name="testFormatPhoneFromInternational" class="RoleCall\Base\Helpers\PhoneHelperTraitTest" file="/home/ubuntu/subhub-api/tests/Base/Helpers/PhoneHelperTraitTest.php" line="33" assertions="2" time="0.109000"/>
      <testcase name="testFormatPhoneFromInternationalFailure" class="RoleCall\Base\Helpers\PhoneHelperTraitTest" file="/home/ubuntu/subhub-api/tests/Base/Helpers/PhoneHelperTraitTest.php" line="39" assertions="2" time="0.158707"/>
    </testsuite>
    <testsuite name="RoleCall\Base\Policies\ModulePolicyTest" file="/home/ubuntu/subhub-api/tests/Base/Policies/ModulePolicyTest.php" tests="4" assertions="164" failures="0" errors="0" time="2.351891">
      <testcase name="testAccessApplicantTracking" class="RoleCall\Base\Policies\ModulePolicyTest" file="/home/ubuntu/subhub-api/tests/Base/Policies/ModulePolicyTest.php" line="13" assertions="41" time="0.597612"/>
      <testcase name="testAccessRecordsManagement" class="RoleCall\Base\Policies\ModulePolicyTest" file="/home/ubuntu/subhub-api/tests/Base/Policies/ModulePolicyTest.php" line="169" assertions="41" time="0.628007"/>
      <testcase name="testAccessSubstituteManagement" class="RoleCall\Base\Policies\ModulePolicyTest" file="/home/ubuntu/subhub-api/tests/Base/Policies/ModulePolicyTest.php" line="325" assertions="41" time="0.562882"/>
      <testcase name="testAccessTimeAndAttendance" class="RoleCall\Base\Policies\ModulePolicyTest" file="/home/ubuntu/subhub-api/tests/Base/Policies/ModulePolicyTest.php" line="481" assertions="41" time="0.563390"/>
    </testsuite>
    <testsuite name="RoleCall\Base\Providers\CollectionMacroServiceProviderTest" file="/home/ubuntu/subhub-api/tests/Base/Providers/CollectionMacroServiceProviderTest.php" tests="3" assertions="12" failures="0" errors="0" time="0.383997">
      <testcase name="testIndexMacro" class="RoleCall\Base\Providers\CollectionMacroServiceProviderTest" file="/home/ubuntu/subhub-api/tests/Base/Providers/CollectionMacroServiceProviderTest.php" line="9" assertions="6" time="0.167226"/>
      <testcase name="testIsNotEmptyMacro" class="RoleCall\Base\Providers\CollectionMacroServiceProviderTest" file="/home/ubuntu/subhub-api/tests/Base/Providers/CollectionMacroServiceProviderTest.php" line="47" assertions="2" time="0.108095"/>
      <testcase name="testLacksMacro" class="RoleCall\Base\Providers\CollectionMacroServiceProviderTest" file="/home/ubuntu/subhub-api/tests/Base/Providers/CollectionMacroServiceProviderTest.php" line="56" assertions="4" time="0.108676"/>
    </testsuite>
    <testsuite name="RoleCall\Base\Transformers\MultiModelTransformerTest" file="/home/ubuntu/subhub-api/tests/Base/Transformers/MultiModelTransformerTest.php" tests="4" assertions="4" failures="0" errors="0" time="0.724708">
      <testcase name="testTransformSingleModel" class="RoleCall\Base\Transformers\MultiModelTransformerTest" file="/home/ubuntu/subhub-api/tests/Base/Transformers/MultiModelTransformerTest.php" line="12" assertions="1" time="0.192301"/>
      <testcase name="testTransformArrayOfModels" class="RoleCall\Base\Transformers\MultiModelTransformerTest" file="/home/ubuntu/subhub-api/tests/Base/Transformers/MultiModelTransformerTest.php" line="26" assertions="1" time="0.164432"/>
      <testcase name="testTransformArrayOfModelsOfVaryingTypes" class="RoleCall\Base\Transformers\MultiModelTransformerTest" file="/home/ubuntu/subhub-api/tests/Base/Transformers/MultiModelTransformerTest.php" line="41" assertions="1" time="0.150933"/>
      <testcase name="testTransformCollectionOfModels" class="RoleCall\Base\Transformers\MultiModelTransformerTest" file="/home/ubuntu/subhub-api/tests/Base/Transformers/MultiModelTransformerTest.php" line="56" assertions="1" time="0.217042"/>
    </testsuite>
    <testsuite name="RoleCall\Absences\Utilities\ActivityTimelineBuilderTest" file="/home/ubuntu/subhub-api/tests/Base/Utilities/ActivityTimelineBuilderTest.php" tests="4" assertions="8" failures="0" errors="0" time="0.492677">
      <testcase name="testGetEvents" class="RoleCall\Absences\Utilities\ActivityTimelineBuilderTest" file="/home/ubuntu/subhub-api/tests/Base/Utilities/ActivityTimelineBuilderTest.php" line="21" assertions="1" time="0.109798"/>
      <testcase name="testGetEventsSorted" class="RoleCall\Absences\Utilities\ActivityTimelineBuilderTest" file="/home/ubuntu/subhub-api/tests/Base/Utilities/ActivityTimelineBuilderTest.php" line="29" assertions="2" time="0.109453"/>
      <testcase name="testGetDateRange" class="RoleCall\Absences\Utilities\ActivityTimelineBuilderTest" file="/home/ubuntu/subhub-api/tests/Base/Utilities/ActivityTimelineBuilderTest.php" line="47" assertions="3" time="0.163263"/>
      <testcase name="testAddEvent" class="RoleCall\Absences\Utilities\ActivityTimelineBuilderTest" file="/home/ubuntu/subhub-api/tests/Base/Utilities/ActivityTimelineBuilderTest.php" line="71" assertions="2" time="0.110163"/>
    </testsuite>
    <testsuite name="RoleCall\Base\Utilities\TemplateTagParserTest" file="/home/ubuntu/subhub-api/tests/Base/Utilities/TemplateTagParserTest.php" tests="1" assertions="2" failures="0" errors="0" time="0.109238">
      <testcase name="testParse" class="RoleCall\Base\Utilities\TemplateTagParserTest" file="/home/ubuntu/subhub-api/tests/Base/Utilities/TemplateTagParserTest.php" line="7" assertions="2" time="0.109238"/>
    </testsuite>
    <testsuite name="RoleCall\Absences\Utilities\TimelineEventTest" file="/home/ubuntu/subhub-api/tests/Base/Utilities/TimelineEventTest.php" tests="1" assertions="10" failures="0" errors="0" time="0.159001">
      <testcase name="testAttributes" class="RoleCall\Absences\Utilities\TimelineEventTest" file="/home/ubuntu/subhub-api/tests/Base/Utilities/TimelineEventTest.php" line="17" assertions="10" time="0.159001"/>
    </testsuite>
    <testsuite name="RoleCall\Base\Services\UpdateCollectionOrderTest" file="/home/ubuntu/subhub-api/tests/Base/Utilities/UpdateCollectionOrderTest.php" tests="9" assertions="51" failures="0" errors="0" time="1.345193">
      <testcase name="testAddItem" class="RoleCall\Base\Services\UpdateCollectionOrderTest" file="/home/ubuntu/subhub-api/tests/Base/Utilities/UpdateCollectionOrderTest.php" line="14" assertions="6" time="0.126009"/>
      <testcase name="testInsertItem" class="RoleCall\Base\Services\UpdateCollectionOrderTest" file="/home/ubuntu/subhub-api/tests/Base/Utilities/UpdateCollectionOrderTest.php" line="39" assertions="9" time="0.180050"/>
      <testcase name="testInsertItemWithHigherIndex" class="RoleCall\Base\Services\UpdateCollectionOrderTest" file="/home/ubuntu/subhub-api/tests/Base/Utilities/UpdateCollectionOrderTest.php" line="73" assertions="5" time="0.125437"/>
      <testcase name="testUpdateExistingItem" class="RoleCall\Base\Services\UpdateCollectionOrderTest" file="/home/ubuntu/subhub-api/tests/Base/Utilities/UpdateCollectionOrderTest.php" line="94" assertions="4" time="0.129678"/>
      <testcase name="testUpdateExistingItem2" class="RoleCall\Base\Services\UpdateCollectionOrderTest" file="/home/ubuntu/subhub-api/tests/Base/Utilities/UpdateCollectionOrderTest.php" line="122" assertions="5" time="0.191976"/>
      <testcase name="testUpdateExistingItem3" class="RoleCall\Base\Services\UpdateCollectionOrderTest" file="/home/ubuntu/subhub-api/tests/Base/Utilities/UpdateCollectionOrderTest.php" line="159" assertions="5" time="0.135399"/>
      <testcase name="testRemoveItem" class="RoleCall\Base\Services\UpdateCollectionOrderTest" file="/home/ubuntu/subhub-api/tests/Base/Utilities/UpdateCollectionOrderTest.php" line="196" assertions="9" time="0.131646"/>
      <testcase name="testUpdateCollectionWithNoModel" class="RoleCall\Base\Services\UpdateCollectionOrderTest" file="/home/ubuntu/subhub-api/tests/Base/Utilities/UpdateCollectionOrderTest.php" line="234" assertions="4" time="0.185436"/>
      <testcase name="testCopiedCollection" class="RoleCall\Base\Services\UpdateCollectionOrderTest" file="/home/ubuntu/subhub-api/tests/Base/Utilities/UpdateCollectionOrderTest.php" line="260" assertions="4" time="0.139562"/>
    </testsuite>
    <testsuite name="RoleCall\ChecklistActions\Controllers\ChecklistActionsControllerTest" file="/home/ubuntu/subhub-api/tests/ChecklistActions/Controllers/ChecklistActionsControllerTest.php" tests="3" assertions="7" failures="0" errors="0" time="0.617237">
      <testcase name="testStore" class="RoleCall\ChecklistActions\Controllers\ChecklistActionsControllerTest" file="/home/ubuntu/subhub-api/tests/ChecklistActions/Controllers/ChecklistActionsControllerTest.php" line="15" assertions="2" time="0.185548"/>
      <testcase name="testEdit" class="RoleCall\ChecklistActions\Controllers\ChecklistActionsControllerTest" file="/home/ubuntu/subhub-api/tests/ChecklistActions/Controllers/ChecklistActionsControllerTest.php" line="33" assertions="3" time="0.247446"/>
      <testcase name="testUpdate" class="RoleCall\ChecklistActions\Controllers\ChecklistActionsControllerTest" file="/home/ubuntu/subhub-api/tests/ChecklistActions/Controllers/ChecklistActionsControllerTest.php" line="59" assertions="2" time="0.184243"/>
    </testsuite>
    <testsuite name="RoleCall\ChecklistActions\Policies\ChecklistActionPolicyTest" file="/home/ubuntu/subhub-api/tests/ChecklistActions/Policies/ChecklistActionPolicyTest.php" tests="2" assertions="48" failures="0" errors="0" time="0.620190">
      <testcase name="testCreate" class="RoleCall\ChecklistActions\Policies\ChecklistActionPolicyTest" file="/home/ubuntu/subhub-api/tests/ChecklistActions/Policies/ChecklistActionPolicyTest.php" line="15" assertions="24" time="0.326230"/>
      <testcase name="testUpdate" class="RoleCall\ChecklistActions\Policies\ChecklistActionPolicyTest" file="/home/ubuntu/subhub-api/tests/ChecklistActions/Policies/ChecklistActionPolicyTest.php" line="93" assertions="24" time="0.293960"/>
    </testsuite>
    <testsuite name="RoleCall\ChecklistActions\Requests\CreateChecklistActionRequestTest" file="/home/ubuntu/subhub-api/tests/ChecklistActions/Requests/CreateChecklistActionRequestTest.php" tests="2" assertions="4" failures="0" errors="0" time="0.293576">
      <testcase name="testValid" class="RoleCall\ChecklistActions\Requests\CreateChecklistActionRequestTest" file="/home/ubuntu/subhub-api/tests/ChecklistActions/Requests/CreateChecklistActionRequestTest.php" line="12" assertions="1" time="0.119752"/>
      <testcase name="testRequiredFields" class="RoleCall\ChecklistActions\Requests\CreateChecklistActionRequestTest" file="/home/ubuntu/subhub-api/tests/ChecklistActions/Requests/CreateChecklistActionRequestTest.php" line="26" assertions="3" time="0.173824"/>
    </testsuite>
    <testsuite name="RoleCall\ChecklistActions\Services\CreateChecklistActionTest" file="/home/ubuntu/subhub-api/tests/ChecklistActions/Services/CreateChecklistActionTest.php" tests="1" assertions="9" failures="0" errors="0" time="0.168417">
      <testcase name="testCreate" class="RoleCall\ChecklistActions\Services\CreateChecklistActionTest" file="/home/ubuntu/subhub-api/tests/ChecklistActions/Services/CreateChecklistActionTest.php" line="15" assertions="9" time="0.168417"/>
    </testsuite>
    <testsuite name="RoleCall\Comms\Controllers\UnsubscribeControllerTest" file="/home/ubuntu/subhub-api/tests/Comms/Controllers/UnsubscribeControllerTest.php" tests="5" assertions="26" failures="0" errors="0" time="0.768646">
      <testcase name="testEditWithUser" class="RoleCall\Comms\Controllers\UnsubscribeControllerTest" file="/home/ubuntu/subhub-api/tests/Comms/Controllers/UnsubscribeControllerTest.php" line="13" assertions="5" time="0.138212"/>
      <testcase name="testUpdateWithUser" class="RoleCall\Comms\Controllers\UnsubscribeControllerTest" file="/home/ubuntu/subhub-api/tests/Comms/Controllers/UnsubscribeControllerTest.php" line="37" assertions="6" time="0.191366"/>
      <testcase name="testEditWithoutUser" class="RoleCall\Comms\Controllers\UnsubscribeControllerTest" file="/home/ubuntu/subhub-api/tests/Comms/Controllers/UnsubscribeControllerTest.php" line="65" assertions="5" time="0.129072"/>
      <testcase name="testUpdateWithoutUser" class="RoleCall\Comms\Controllers\UnsubscribeControllerTest" file="/home/ubuntu/subhub-api/tests/Comms/Controllers/UnsubscribeControllerTest.php" line="82" assertions="5" time="0.181436"/>
      <testcase name="testExtraMessageIsShownForYouHaveAJobOpportunityEmails" class="RoleCall\Comms\Controllers\UnsubscribeControllerTest" file="/home/ubuntu/subhub-api/tests/Comms/Controllers/UnsubscribeControllerTest.php" line="102" assertions="5" time="0.128560"/>
    </testsuite>
    <testsuite name="RoleCall\Comms\Email\Emails\AJobApplicationWasSubmittedEmailTest" file="/home/ubuntu/subhub-api/tests/Comms/Email/Emails/AJobApplicationWasSubmittedEmailTest.php" tests="1" assertions="11" failures="0" errors="0" time="0.193065">
      <testcase name="testHandle" class="RoleCall\Comms\Email\Emails\AJobApplicationWasSubmittedEmailTest" file="/home/ubuntu/subhub-api/tests/Comms/Email/Emails/AJobApplicationWasSubmittedEmailTest.php" line="14" assertions="11" time="0.193065"/>
    </testsuite>
    <testsuite name="RoleCall\Comms\Email\Emails\AReferenceResponseWasCompletedEmailTest" file="/home/ubuntu/subhub-api/tests/Comms/Email/Emails/AReferenceResponseWasCompletedEmailTest.php" tests="1" assertions="11" failures="0" errors="0" time="0.214892">
      <testcase name="testHandle" class="RoleCall\Comms\Email\Emails\AReferenceResponseWasCompletedEmailTest" file="/home/ubuntu/subhub-api/tests/Comms/Email/Emails/AReferenceResponseWasCompletedEmailTest.php" line="13" assertions="11" time="0.214892"/>
    </testsuite>
    <testsuite name="RoleCall\Comms\Email\Emails\ARequisitionRequiresApprovalEmailTest" file="/home/ubuntu/subhub-api/tests/Comms/Email/Emails/ARequisitionRequiresApprovalEmailTest.php" tests="1" assertions="15" failures="0" errors="0" time="0.195812">
      <testcase name="testHandle" class="RoleCall\Comms\Email\Emails\ARequisitionRequiresApprovalEmailTest" file="/home/ubuntu/subhub-api/tests/Comms/Email/Emails/ARequisitionRequiresApprovalEmailTest.php" line="14" assertions="15" time="0.195812"/>
    </testsuite>
    <testsuite name="RoleCall\Comms\Email\Emails\ARequisitionWasApprovedEmailTest" file="/home/ubuntu/subhub-api/tests/Comms/Email/Emails/ARequisitionWasApprovedEmailTest.php" tests="1" assertions="11" failures="0" errors="0" time="0.181579">
      <testcase name="testHandle" class="RoleCall\Comms\Email\Emails\ARequisitionWasApprovedEmailTest" file="/home/ubuntu/subhub-api/tests/Comms/Email/Emails/ARequisitionWasApprovedEmailTest.php" line="14" assertions="11" time="0.181579"/>
    </testsuite>
    <testsuite name="RoleCall\Comms\Email\Emails\AStageRequiresScreeningEmailTest" file="/home/ubuntu/subhub-api/tests/Comms/Email/Emails/AStageRequiresScreeningEmailTest.php" tests="3" assertions="36" failures="0" errors="0" time="0.701931">
      <testcase name="testHandleChecklistStage" class="RoleCall\Comms\Email\Emails\AStageRequiresScreeningEmailTest" file="/home/ubuntu/subhub-api/tests/Comms/Email/Emails/AStageRequiresScreeningEmailTest.php" line="35" assertions="12" time="0.272955"/>
      <testcase name="testHandleInterviewStage" class="RoleCall\Comms\Email\Emails\AStageRequiresScreeningEmailTest" file="/home/ubuntu/subhub-api/tests/Comms/Email/Emails/AStageRequiresScreeningEmailTest.php" line="78" assertions="12" time="0.221102"/>
      <testcase name="testHandleReviewStage" class="RoleCall\Comms\Email\Emails\AStageRequiresScreeningEmailTest" file="/home/ubuntu/subhub-api/tests/Comms/Email/Emails/AStageRequiresScreeningEmailTest.php" line="114" assertions="12" time="0.207874"/>
    </testsuite>
    <testsuite name="RoleCall\Comms\Email\Emails\ASubNeedsPayrollAssignmentEmailTest" file="/home/ubuntu/subhub-api/tests/Comms/Email/Emails/ASubNeedsPayrollAssignmentEmailTest.php" tests="2" assertions="22" failures="0" errors="0" time="0.462582">
      <testcase name="testHandleAgencySub" class="RoleCall\Comms\Email\Emails\ASubNeedsPayrollAssignmentEmailTest" file="/home/ubuntu/subhub-api/tests/Comms/Email/Emails/ASubNeedsPayrollAssignmentEmailTest.php" line="55" assertions="11" time="0.261184"/>
      <testcase name="testHandleDistrictSub" class="RoleCall\Comms\Email\Emails\ASubNeedsPayrollAssignmentEmailTest" file="/home/ubuntu/subhub-api/tests/Comms/Email/Emails/ASubNeedsPayrollAssignmentEmailTest.php" line="74" assertions="11" time="0.201398"/>
    </testsuite>
    <testsuite name="RoleCall\Comms\Email\Emails\ATimeTrackingEmployeeNeedsPayrollAssignmentEmailTest" file="/home/ubuntu/subhub-api/tests/Comms/Email/Emails/ATimeTrackingEmployeeNeedsPayrollAssignmentEmailTest.php" tests="2" assertions="22" failures="0" errors="0" time="0.479896">
      <testcase name="testHandleAgencyEmployee" class="RoleCall\Comms\Email\Emails\ATimeTrackingEmployeeNeedsPayrollAssignmentEmailTest" file="/home/ubuntu/subhub-api/tests/Comms/Email/Emails/ATimeTrackingEmployeeNeedsPayrollAssignmentEmailTest.php" line="55" assertions="11" time="0.265847"/>
      <testcase name="testHandleDistrictEmployee" class="RoleCall\Comms\Email\Emails\ATimeTrackingEmployeeNeedsPayrollAssignmentEmailTest" file="/home/ubuntu/subhub-api/tests/Comms/Email/Emails/ATimeTrackingEmployeeNeedsPayrollAssignmentEmailTest.php" line="74" assertions="11" time="0.214049"/>
    </testsuite>
    <testsuite name="RoleCall\Comms\Email\Emails\AVacancyWasClaimedEmailTest" file="/home/ubuntu/subhub-api/tests/Comms/Email/Emails/AVacancyWasClaimedEmailTest.php" tests="1" assertions="10" failures="0" errors="0" time="0.227645">
      <testcase name="testHandle" class="RoleCall\Comms\Email\Emails\AVacancyWasClaimedEmailTest" file="/home/ubuntu/subhub-api/tests/Comms/Email/Emails/AVacancyWasClaimedEmailTest.php" line="12" assertions="10" time="0.227645"/>
    </testsuite>
    <testsuite name="RoleCall\Comms\Email\Emails\AccountConfirmationEmailTest" file="/home/ubuntu/subhub-api/tests/Comms/Email/Emails/AccountConfirmationEmailTest.php" tests="1" assertions="11" failures="0" errors="0" time="0.209035">
      <testcase name="testHandle" class="RoleCall\Comms\Email\Emails\AccountConfirmationEmailTest" file="/home/ubuntu/subhub-api/tests/Comms/Email/Emails/AccountConfirmationEmailTest.php" line="12" assertions="11" time="0.209035"/>
    </testsuite>
    <testsuite name="RoleCall\Comms\Email\Emails\AnAbsenceCancellationRequiresApprovalEmailTest" file="/home/ubuntu/subhub-api/tests/Comms/Email/Emails/AnAbsenceCancellationRequiresApprovalEmailTest.php" tests="1" assertions="12" failures="0" errors="0" time="0.216733">
      <testcase name="testHandle" class="RoleCall\Comms\Email\Emails\AnAbsenceCancellationRequiresApprovalEmailTest" file="/home/ubuntu/subhub-api/tests/Comms/Email/Emails/AnAbsenceCancellationRequiresApprovalEmailTest.php" line="12" assertions="12" time="0.216733"/>
    </testsuite>
    <testsuite name="RoleCall\Comms\Email\Emails\AnAbsenceRequiresApprovalEmailTest" file="/home/ubuntu/subhub-api/tests/Comms/Email/Emails/AnAbsenceRequiresApprovalEmailTest.php" tests="1" assertions="14" failures="0" errors="0" time="0.218657">
      <testcase name="testHandle" class="RoleCall\Comms\Email\Emails\AnAbsenceRequiresApprovalEmailTest" file="/home/ubuntu/subhub-api/tests/Comms/Email/Emails/AnAbsenceRequiresApprovalEmailTest.php" line="12" assertions="14" time="0.218657"/>
    </testsuite>
    <testsuite name="RoleCall\Comms\Email\Emails\AnAbsenceWasCancelledEmailTest" file="/home/ubuntu/subhub-api/tests/Comms/Email/Emails/AnAbsenceWasCancelledEmailTest.php" tests="1" assertions="13" failures="0" errors="0" time="0.278657">
      <testcase name="testHandle" class="RoleCall\Comms\Email\Emails\AnAbsenceWasCancelledEmailTest" file="/home/ubuntu/subhub-api/tests/Comms/Email/Emails/AnAbsenceWasCancelledEmailTest.php" line="12" assertions="13" time="0.278657"/>
    </testsuite>
    <testsuite name="RoleCall\Comms\Email\Emails\AnAbsenceWasClaimedEmailTest" file="/home/ubuntu/subhub-api/tests/Comms/Email/Emails/AnAbsenceWasClaimedEmailTest.php" tests="1" assertions="10" failures="0" errors="0" time="0.219466">
      <testcase name="testHandle" class="RoleCall\Comms\Email\Emails\AnAbsenceWasClaimedEmailTest" file="/home/ubuntu/subhub-api/tests/Comms/Email/Emails/AnAbsenceWasClaimedEmailTest.php" line="12" assertions="10" time="0.219466"/>
    </testsuite>
    <testsuite name="RoleCall\Comms\Email\Emails\AnAbsenceWasUnassignedEmailTest" file="/home/ubuntu/subhub-api/tests/Comms/Email/Emails/AnAbsenceWasUnassignedEmailTest.php" tests="3" assertions="35" failures="0" errors="0" time="0.740817">
      <testcase name="testSingleSubSingleDayJob" class="RoleCall\Comms\Email\Emails\AnAbsenceWasUnassignedEmailTest" file="/home/ubuntu/subhub-api/tests/Comms/Email/Emails/AnAbsenceWasUnassignedEmailTest.php" line="36" assertions="10" time="0.221490"/>
      <testcase name="testSingleSubMultipleDayJob" class="RoleCall\Comms\Email\Emails\AnAbsenceWasUnassignedEmailTest" file="/home/ubuntu/subhub-api/tests/Comms/Email/Emails/AnAbsenceWasUnassignedEmailTest.php" line="62" assertions="12" time="0.280568"/>
      <testcase name="testMultipleSubsJob" class="RoleCall\Comms\Email\Emails\AnAbsenceWasUnassignedEmailTest" file="/home/ubuntu/subhub-api/tests/Comms/Email/Emails/AnAbsenceWasUnassignedEmailTest.php" line="96" assertions="13" time="0.238759"/>
    </testsuite>
    <testsuite name="RoleCall\Comms\Email\Emails\AnAbsenceWasUnclaimedEmailTest" file="/home/ubuntu/subhub-api/tests/Comms/Email/Emails/AnAbsenceWasUnclaimedEmailTest.php" tests="1" assertions="10" failures="0" errors="0" time="0.285918">
      <testcase name="testHandle" class="RoleCall\Comms\Email\Emails\AnAbsenceWasUnclaimedEmailTest" file="/home/ubuntu/subhub-api/tests/Comms/Email/Emails/AnAbsenceWasUnclaimedEmailTest.php" line="12" assertions="10" time="0.285918"/>
    </testsuite>
    <testsuite name="RoleCall\Comms\Email\Emails\AnAdjustmentRequiresApprovalEmailTest" file="/home/ubuntu/subhub-api/tests/Comms/Email/Emails/AnAdjustmentRequiresApprovalEmailTest.php" tests="1" assertions="12" failures="0" errors="0" time="0.242607">
      <testcase name="testHandle" class="RoleCall\Comms\Email\Emails\AnAdjustmentRequiresApprovalEmailTest" file="/home/ubuntu/subhub-api/tests/Comms/Email/Emails/AnAdjustmentRequiresApprovalEmailTest.php" line="12" assertions="12" time="0.242607"/>
    </testsuite>
    <testsuite name="RoleCall\Comms\Email\Emails\AnInterviewRequiresScreeningTest" file="/home/ubuntu/subhub-api/tests/Comms/Email/Emails/AnInterviewRequiresScreeningTest.php" tests="1" assertions="18" failures="0" errors="0" time="0.249671">
      <testcase name="testHandle" class="RoleCall\Comms\Email\Emails\AnInterviewRequiresScreeningTest" file="/home/ubuntu/subhub-api/tests/Comms/Email/Emails/AnInterviewRequiresScreeningTest.php" line="16" assertions="18" time="0.249671"/>
    </testsuite>
    <testsuite name="RoleCall\Comms\Email\Emails\AnInterviewWasAcceptedEmailTest" file="/home/ubuntu/subhub-api/tests/Comms/Email/Emails/AnInterviewWasAcceptedEmailTest.php" tests="1" assertions="10" failures="0" errors="0" time="0.259643">
      <testcase name="testHandle" class="RoleCall\Comms\Email\Emails\AnInterviewWasAcceptedEmailTest" file="/home/ubuntu/subhub-api/tests/Comms/Email/Emails/AnInterviewWasAcceptedEmailTest.php" line="14" assertions="10" time="0.259643"/>
    </testsuite>
    <testsuite name="RoleCall\Comms\Email\Emails\AnInterviewWasCancelledEmailTest" file="/home/ubuntu/subhub-api/tests/Comms/Email/Emails/AnInterviewWasCancelledEmailTest.php" tests="2" assertions="20" failures="0" errors="0" time="0.408729">
      <testcase name="testHandle" class="RoleCall\Comms\Email\Emails\AnInterviewWasCancelledEmailTest" file="/home/ubuntu/subhub-api/tests/Comms/Email/Emails/AnInterviewWasCancelledEmailTest.php" line="52" assertions="10" time="0.203533"/>
      <testcase name="testHandleWithNoTimes" class="RoleCall\Comms\Email\Emails\AnInterviewWasCancelledEmailTest" file="/home/ubuntu/subhub-api/tests/Comms/Email/Emails/AnInterviewWasCancelledEmailTest.php" line="75" assertions="10" time="0.205196"/>
    </testsuite>
    <testsuite name="RoleCall\Comms\Email\Emails\AnInterviewWasDeclinedEmailTest" file="/home/ubuntu/subhub-api/tests/Comms/Email/Emails/AnInterviewWasDeclinedEmailTest.php" tests="1" assertions="10" failures="0" errors="0" time="0.260950">
      <testcase name="testHandle" class="RoleCall\Comms\Email\Emails\AnInterviewWasDeclinedEmailTest" file="/home/ubuntu/subhub-api/tests/Comms/Email/Emails/AnInterviewWasDeclinedEmailTest.php" line="14" assertions="10" time="0.260950"/>
    </testsuite>
    <testsuite name="RoleCall\Comms\Email\Emails\AnOfferRequiresApprovalEmailTest" file="/home/ubuntu/subhub-api/tests/Comms/Email/Emails/AnOfferRequiresApprovalEmailTest.php" tests="1" assertions="12" failures="0" errors="0" time="0.199942">
      <testcase name="testHandle" class="RoleCall\Comms\Email\Emails\AnOfferRequiresApprovalEmailTest" file="/home/ubuntu/subhub-api/tests/Comms/Email/Emails/AnOfferRequiresApprovalEmailTest.php" line="12" assertions="12" time="0.199942"/>
    </testsuite>
    <testsuite name="RoleCall\Comms\Email\Emails\AnOfferWasAcceptedEmailTest" file="/home/ubuntu/subhub-api/tests/Comms/Email/Emails/AnOfferWasAcceptedEmailTest.php" tests="1" assertions="11" failures="0" errors="0" time="0.163360">
      <testcase name="testHandle" class="RoleCall\Comms\Email\Emails\AnOfferWasAcceptedEmailTest" file="/home/ubuntu/subhub-api/tests/Comms/Email/Emails/AnOfferWasAcceptedEmailTest.php" line="13" assertions="11" time="0.163360"/>
    </testsuite>
    <testsuite name="RoleCall\Comms\Email\Emails\AnOfferWasDeclinedEmailTest" file="/home/ubuntu/subhub-api/tests/Comms/Email/Emails/AnOfferWasDeclinedEmailTest.php" tests="1" assertions="11" failures="0" errors="0" time="0.219650">
      <testcase name="testHandle" class="RoleCall\Comms\Email\Emails\AnOfferWasDeclinedEmailTest" file="/home/ubuntu/subhub-api/tests/Comms/Email/Emails/AnOfferWasDeclinedEmailTest.php" line="13" assertions="11" time="0.219650"/>
    </testsuite>
    <testsuite name="RoleCall\Comms\Email\Emails\DailyAbsenceSummaryEmailTest" file="/home/ubuntu/subhub-api/tests/Comms/Email/Emails/DailyAbsenceSummaryEmailTest.php" tests="3" assertions="51" failures="0" errors="0" time="0.885930">
      <testcase name="testEmailWithMultipleAbsences" class="RoleCall\Comms\Email\Emails\DailyAbsenceSummaryEmailTest" file="/home/ubuntu/subhub-api/tests/Comms/Email/Emails/DailyAbsenceSummaryEmailTest.php" line="126" assertions="22" time="0.288130"/>
      <testcase name="testEmailWithOneAbsence" class="RoleCall\Comms\Email\Emails\DailyAbsenceSummaryEmailTest" file="/home/ubuntu/subhub-api/tests/Comms/Email/Emails/DailyAbsenceSummaryEmailTest.php" line="156" assertions="17" time="0.333873"/>
      <testcase name="testEmailWithNoAbsences" class="RoleCall\Comms\Email\Emails\DailyAbsenceSummaryEmailTest" file="/home/ubuntu/subhub-api/tests/Comms/Email/Emails/DailyAbsenceSummaryEmailTest.php" line="185" assertions="12" time="0.263927"/>
    </testsuite>
    <testsuite name="RoleCall\Comms\Email\Emails\MessengerEmailTest" file="/home/ubuntu/subhub-api/tests/Comms/Email/Emails/MessengerEmailTest.php" tests="1" assertions="7" failures="0" errors="0" time="0.125581">
      <testcase name="testHandle" class="RoleCall\Comms\Email\Emails\MessengerEmailTest" file="/home/ubuntu/subhub-api/tests/Comms/Email/Emails/MessengerEmailTest.php" line="14" assertions="7" time="0.125581"/>
    </testsuite>
    <testsuite name="RoleCall\Comms\Email\Emails\SomeTimecardsAreIncompleteEmailTest" file="/home/ubuntu/subhub-api/tests/Comms/Email/Emails/SomeTimecardsAreIncompleteEmailTest.php" tests="1" assertions="13" failures="0" errors="0" time="0.292122">
      <testcase name="testHandle" class="RoleCall\Comms\Email\Emails\SomeTimecardsAreIncompleteEmailTest" file="/home/ubuntu/subhub-api/tests/Comms/Email/Emails/SomeTimecardsAreIncompleteEmailTest.php" line="13" assertions="13" time="0.292122"/>
    </testsuite>
    <testsuite name="RoleCall\Comms\Email\Emails\SomeTimecardsRequireApprovalEmailTest" file="/home/ubuntu/subhub-api/tests/Comms/Email/Emails/SomeTimecardsRequireApprovalEmailTest.php" tests="1" assertions="11" failures="0" errors="0" time="0.234287">
      <testcase name="testHandle" class="RoleCall\Comms\Email\Emails\SomeTimecardsRequireApprovalEmailTest" file="/home/ubuntu/subhub-api/tests/Comms/Email/Emails/SomeTimecardsRequireApprovalEmailTest.php" line="13" assertions="11" time="0.234287"/>
    </testsuite>
    <testsuite name="RoleCall\Comms\Email\Emails\WelcomeEmailTest" file="/home/ubuntu/subhub-api/tests/Comms/Email/Emails/WelcomeEmailTest.php" tests="1" assertions="14" failures="0" errors="0" time="0.157743">
      <testcase name="testHandle" class="RoleCall\Comms\Email\Emails\WelcomeEmailTest" file="/home/ubuntu/subhub-api/tests/Comms/Email/Emails/WelcomeEmailTest.php" line="14" assertions="14" time="0.157743"/>
    </testsuite>
    <testsuite name="RoleCall\Comms\Email\Emails\YouAreNowOnboardingEmailTest" file="/home/ubuntu/subhub-api/tests/Comms/Email/Emails/YouAreNowOnboardingEmailTest.php" tests="2" assertions="22" failures="0" errors="0" time="0.404616">
      <testcase name="testHandle" class="RoleCall\Comms\Email\Emails\YouAreNowOnboardingEmailTest" file="/home/ubuntu/subhub-api/tests/Comms/Email/Emails/YouAreNowOnboardingEmailTest.php" line="13" assertions="11" time="0.231592"/>
      <testcase name="testHandleNoSignaturesRequired" class="RoleCall\Comms\Email\Emails\YouAreNowOnboardingEmailTest" file="/home/ubuntu/subhub-api/tests/Comms/Email/Emails/YouAreNowOnboardingEmailTest.php" line="60" assertions="11" time="0.173024"/>
    </testsuite>
    <testsuite name="RoleCall\Comms\Email\Emails\YouAreRequiredAsAReferenceEmailTest" file="/home/ubuntu/subhub-api/tests/Comms/Email/Emails/YouAreRequiredAsAReferenceEmailTest.php" tests="1" assertions="9" failures="0" errors="0" time="0.146711">
      <testcase name="testHandle" class="RoleCall\Comms\Email\Emails\YouAreRequiredAsAReferenceEmailTest" file="/home/ubuntu/subhub-api/tests/Comms/Email/Emails/YouAreRequiredAsAReferenceEmailTest.php" line="14" assertions="9" time="0.146711"/>
    </testsuite>
    <testsuite name="RoleCall\Comms\Email\Emails\YouCanSelectAnInterviewTimeslotEmailTest" file="/home/ubuntu/subhub-api/tests/Comms/Email/Emails/YouCanSelectAnInterviewTimeslotEmailTest.php" tests="3" assertions="14" failures="0" errors="0" time="0.886163">
      <testcase name="testHandle" class="RoleCall\Comms\Email\Emails\YouCanSelectAnInterviewTimeslotEmailTest" file="/home/ubuntu/subhub-api/tests/Comms/Email/Emails/YouCanSelectAnInterviewTimeslotEmailTest.php" line="65" assertions="12" time="0.319109"/>
      <testcase name="testHandleTwoDayTimeslots" class="RoleCall\Comms\Email\Emails\YouCanSelectAnInterviewTimeslotEmailTest" file="/home/ubuntu/subhub-api/tests/Comms/Email/Emails/YouCanSelectAnInterviewTimeslotEmailTest.php" line="99" assertions="1" time="0.252307"/>
      <testcase name="testHandleThreeDayTimeslots" class="RoleCall\Comms\Email\Emails\YouCanSelectAnInterviewTimeslotEmailTest" file="/home/ubuntu/subhub-api/tests/Comms/Email/Emails/YouCanSelectAnInterviewTimeslotEmailTest.php" line="122" assertions="1" time="0.314747"/>
    </testsuite>
    <testsuite name="RoleCall\Comms\Email\Emails\YouHaveAJobOpportunityEmailTest" file="/home/ubuntu/subhub-api/tests/Comms/Email/Emails/YouHaveAJobOpportunityEmailTest.php" tests="3" assertions="36" failures="0" errors="0" time="0.712523">
      <testcase name="testHandleAbsence" class="RoleCall\Comms\Email\Emails\YouHaveAJobOpportunityEmailTest" file="/home/ubuntu/subhub-api/tests/Comms/Email/Emails/YouHaveAJobOpportunityEmailTest.php" line="14" assertions="12" time="0.218764"/>
      <testcase name="testHandleVacancy" class="RoleCall\Comms\Email\Emails\YouHaveAJobOpportunityEmailTest" file="/home/ubuntu/subhub-api/tests/Comms/Email/Emails/YouHaveAJobOpportunityEmailTest.php" line="53" assertions="12" time="0.217086"/>
      <testcase name="testHandleAbsenceWithNoGradesOrSubjects" class="RoleCall\Comms\Email\Emails\YouHaveAJobOpportunityEmailTest" file="/home/ubuntu/subhub-api/tests/Comms/Email/Emails/YouHaveAJobOpportunityEmailTest.php" line="92" assertions="12" time="0.276673"/>
    </testsuite>
    <testsuite name="RoleCall\Comms\Email\Emails\YouHaveBeenDirectAssignedAJobEmailTest" file="/home/ubuntu/subhub-api/tests/Comms/Email/Emails/YouHaveBeenDirectAssignedAJobEmailTest.php" tests="1" assertions="14" failures="0" errors="0" time="0.212331">
      <testcase name="testHandle" class="RoleCall\Comms\Email\Emails\YouHaveBeenDirectAssignedAJobEmailTest" file="/home/ubuntu/subhub-api/tests/Comms/Email/Emails/YouHaveBeenDirectAssignedAJobEmailTest.php" line="12" assertions="14" time="0.212331"/>
    </testsuite>
    <testsuite name="RoleCall\Comms\Email\Emails\YouHaveBeenInvitedToAnInterviewEmailTest" file="/home/ubuntu/subhub-api/tests/Comms/Email/Emails/YouHaveBeenInvitedToAnInterviewEmailTest.php" tests="1" assertions="16" failures="0" errors="0" time="0.250994">
      <testcase name="testHandle" class="RoleCall\Comms\Email\Emails\YouHaveBeenInvitedToAnInterviewEmailTest" file="/home/ubuntu/subhub-api/tests/Comms/Email/Emails/YouHaveBeenInvitedToAnInterviewEmailTest.php" line="17" assertions="16" time="0.250994"/>
    </testsuite>
    <testsuite name="RoleCall\Comms\Email\Emails\YouHaveIncompleteTimecardsEmailTest" file="/home/ubuntu/subhub-api/tests/Comms/Email/Emails/YouHaveIncompleteTimecardsEmailTest.php" tests="1" assertions="13" failures="0" errors="0" time="0.281986">
      <testcase name="testHandle" class="RoleCall\Comms\Email\Emails\YouHaveIncompleteTimecardsEmailTest" file="/home/ubuntu/subhub-api/tests/Comms/Email/Emails/YouHaveIncompleteTimecardsEmailTest.php" line="12" assertions="13" time="0.281986"/>
    </testsuite>
    <testsuite name="RoleCall\Comms\Email\Emails\YourAbsenceWasApprovedEmailTest" file="/home/ubuntu/subhub-api/tests/Comms/Email/Emails/YourAbsenceWasApprovedEmailTest.php" tests="1" assertions="10" failures="0" errors="0" time="0.207568">
      <testcase name="testHandle" class="RoleCall\Comms\Email\Emails\YourAbsenceWasApprovedEmailTest" file="/home/ubuntu/subhub-api/tests/Comms/Email/Emails/YourAbsenceWasApprovedEmailTest.php" line="11" assertions="10" time="0.207568"/>
    </testsuite>
    <testsuite name="RoleCall\Comms\Email\Emails\YourAbsenceWasClaimedEmailTest" file="/home/ubuntu/subhub-api/tests/Comms/Email/Emails/YourAbsenceWasClaimedEmailTest.php" tests="1" assertions="10" failures="0" errors="0" time="0.211140">
      <testcase name="testHandle" class="RoleCall\Comms\Email\Emails\YourAbsenceWasClaimedEmailTest" file="/home/ubuntu/subhub-api/tests/Comms/Email/Emails/YourAbsenceWasClaimedEmailTest.php" line="12" assertions="10" time="0.211140"/>
    </testsuite>
    <testsuite name="RoleCall\Comms\Email\Emails\YourAbsenceWasDeclinedEmailTest" file="/home/ubuntu/subhub-api/tests/Comms/Email/Emails/YourAbsenceWasDeclinedEmailTest.php" tests="1" assertions="11" failures="0" errors="0" time="0.261893">
      <testcase name="testHandle" class="RoleCall\Comms\Email\Emails\YourAbsenceWasDeclinedEmailTest" file="/home/ubuntu/subhub-api/tests/Comms/Email/Emails/YourAbsenceWasDeclinedEmailTest.php" line="11" assertions="11" time="0.261893"/>
    </testsuite>
    <testsuite name="RoleCall\Comms\Email\Emails\YourAbsenceWasNotFilledByAPreferredSubEmailTest" file="/home/ubuntu/subhub-api/tests/Comms/Email/Emails/YourAbsenceWasNotFilledByAPreferredSubEmailTest.php" tests="1" assertions="10" failures="0" errors="0" time="0.204630">
      <testcase name="testHandle" class="RoleCall\Comms\Email\Emails\YourAbsenceWasNotFilledByAPreferredSubEmailTest" file="/home/ubuntu/subhub-api/tests/Comms/Email/Emails/YourAbsenceWasNotFilledByAPreferredSubEmailTest.php" line="12" assertions="10" time="0.204630"/>
    </testsuite>
    <testsuite name="RoleCall\Comms\Email\Emails\YourAbsenceWasUnassignedEmailTest" file="/home/ubuntu/subhub-api/tests/Comms/Email/Emails/YourAbsenceWasUnassignedEmailTest.php" tests="3" assertions="35" failures="0" errors="0" time="0.748399">
      <testcase name="testSingleSubSingleDayJob" class="RoleCall\Comms\Email\Emails\YourAbsenceWasUnassignedEmailTest" file="/home/ubuntu/subhub-api/tests/Comms/Email/Emails/YourAbsenceWasUnassignedEmailTest.php" line="28" assertions="10" time="0.267311"/>
      <testcase name="testSingleSubMultipleDayJob" class="RoleCall\Comms\Email\Emails\YourAbsenceWasUnassignedEmailTest" file="/home/ubuntu/subhub-api/tests/Comms/Email/Emails/YourAbsenceWasUnassignedEmailTest.php" line="54" assertions="12" time="0.215722"/>
      <testcase name="testMultipleSubsJob" class="RoleCall\Comms\Email\Emails\YourAbsenceWasUnassignedEmailTest" file="/home/ubuntu/subhub-api/tests/Comms/Email/Emails/YourAbsenceWasUnassignedEmailTest.php" line="89" assertions="13" time="0.265366"/>
    </testsuite>
    <testsuite name="RoleCall\Comms\Email\Emails\YourAbsenceWasUnclaimedEmailTest" file="/home/ubuntu/subhub-api/tests/Comms/Email/Emails/YourAbsenceWasUnclaimedEmailTest.php" tests="1" assertions="10" failures="0" errors="0" time="0.271711">
      <testcase name="testHandle" class="RoleCall\Comms\Email\Emails\YourAbsenceWasUnclaimedEmailTest" file="/home/ubuntu/subhub-api/tests/Comms/Email/Emails/YourAbsenceWasUnclaimedEmailTest.php" line="12" assertions="10" time="0.271711"/>
    </testsuite>
    <testsuite name="RoleCall\Comms\Email\Emails\YourAppliedJobWasCancelledEmailTest" file="/home/ubuntu/subhub-api/tests/Comms/Email/Emails/YourAppliedJobWasCancelledEmailTest.php" tests="1" assertions="12" failures="0" errors="0" time="0.185150">
      <testcase name="testHandle" class="RoleCall\Comms\Email\Emails\YourAppliedJobWasCancelledEmailTest" file="/home/ubuntu/subhub-api/tests/Comms/Email/Emails/YourAppliedJobWasCancelledEmailTest.php" line="13" assertions="12" time="0.185150"/>
    </testsuite>
    <testsuite name="RoleCall\Comms\Email\Emails\YourClaimedJobWasCancelledEmailTest" file="/home/ubuntu/subhub-api/tests/Comms/Email/Emails/YourClaimedJobWasCancelledEmailTest.php" tests="2" assertions="22" failures="0" errors="0" time="0.475841">
      <testcase name="testSingleDayJob" class="RoleCall\Comms\Email\Emails\YourClaimedJobWasCancelledEmailTest" file="/home/ubuntu/subhub-api/tests/Comms/Email/Emails/YourClaimedJobWasCancelledEmailTest.php" line="28" assertions="10" time="0.207932"/>
      <testcase name="testMultiDayJob" class="RoleCall\Comms\Email\Emails\YourClaimedJobWasCancelledEmailTest" file="/home/ubuntu/subhub-api/tests/Comms/Email/Emails/YourClaimedJobWasCancelledEmailTest.php" line="52" assertions="12" time="0.267909"/>
    </testsuite>
    <testsuite name="RoleCall\Comms\Email\Emails\YourDailySavedSearchSummaryEmailTest" file="/home/ubuntu/subhub-api/tests/Comms/Email/Emails/YourDailySavedSearchSummaryEmailTest.php" tests="1" assertions="12" failures="0" errors="0" time="0.184919">
      <testcase name="testHandle" class="RoleCall\Comms\Email\Emails\YourDailySavedSearchSummaryEmailTest" file="/home/ubuntu/subhub-api/tests/Comms/Email/Emails/YourDailySavedSearchSummaryEmailTest.php" line="16" assertions="12" time="0.184919"/>
    </testsuite>
    <testsuite name="RoleCall\Comms\Email\Emails\YourInterviewConfirmationEmailTest" file="/home/ubuntu/subhub-api/tests/Comms/Email/Emails/YourInterviewConfirmationEmailTest.php" tests="1" assertions="15" failures="0" errors="0" time="0.247671">
      <testcase name="testHandle" class="RoleCall\Comms\Email\Emails\YourInterviewConfirmationEmailTest" file="/home/ubuntu/subhub-api/tests/Comms/Email/Emails/YourInterviewConfirmationEmailTest.php" line="17" assertions="15" time="0.247671"/>
    </testsuite>
    <testsuite name="RoleCall\Comms\Email\Emails\YourInterviewWasCancelledEmailTest" file="/home/ubuntu/subhub-api/tests/Comms/Email/Emails/YourInterviewWasCancelledEmailTest.php" tests="2" assertions="20" failures="0" errors="0" time="0.456856">
      <testcase name="testHandle" class="RoleCall\Comms\Email\Emails\YourInterviewWasCancelledEmailTest" file="/home/ubuntu/subhub-api/tests/Comms/Email/Emails/YourInterviewWasCancelledEmailTest.php" line="44" assertions="10" time="0.258469"/>
      <testcase name="testHandleWithNoTimes" class="RoleCall\Comms\Email\Emails\YourInterviewWasCancelledEmailTest" file="/home/ubuntu/subhub-api/tests/Comms/Email/Emails/YourInterviewWasCancelledEmailTest.php" line="62" assertions="10" time="0.198387"/>
    </testsuite>
    <testsuite name="RoleCall\Comms\Email\Emails\YourJobApplicationConfirmationEmailTest" file="/home/ubuntu/subhub-api/tests/Comms/Email/Emails/YourJobApplicationConfirmationEmailTest.php" tests="1" assertions="12" failures="0" errors="0" time="0.246309">
      <testcase name="testHandle" class="RoleCall\Comms\Email\Emails\YourJobApplicationConfirmationEmailTest" file="/home/ubuntu/subhub-api/tests/Comms/Email/Emails/YourJobApplicationConfirmationEmailTest.php" line="14" assertions="12" time="0.246309"/>
    </testsuite>
    <testsuite name="RoleCall\Comms\Email\Emails\YourJobApplicationRequiresMoreReferencesEmailTest" file="/home/ubuntu/subhub-api/tests/Comms/Email/Emails/YourJobApplicationRequiresMoreReferencesEmailTest.php" tests="1" assertions="12" failures="0" errors="0" time="0.160454">
      <testcase name="testHandle" class="RoleCall\Comms\Email\Emails\YourJobApplicationRequiresMoreReferencesEmailTest" file="/home/ubuntu/subhub-api/tests/Comms/Email/Emails/YourJobApplicationRequiresMoreReferencesEmailTest.php" line="12" assertions="12" time="0.160454"/>
    </testsuite>
    <testsuite name="RoleCall\Comms\Email\Emails\YourJobApplicationWasRejectedEmailTest" file="/home/ubuntu/subhub-api/tests/Comms/Email/Emails/YourJobApplicationWasRejectedEmailTest.php" tests="2" assertions="23" failures="0" errors="0" time="0.431228">
      <testcase name="testHandle" class="RoleCall\Comms\Email\Emails\YourJobApplicationWasRejectedEmailTest" file="/home/ubuntu/subhub-api/tests/Comms/Email/Emails/YourJobApplicationWasRejectedEmailTest.php" line="39" assertions="12" time="0.188828"/>
      <testcase name="testHandleWithEmptyNotes" class="RoleCall\Comms\Email\Emails\YourJobApplicationWasRejectedEmailTest" file="/home/ubuntu/subhub-api/tests/Comms/Email/Emails/YourJobApplicationWasRejectedEmailTest.php" line="57" assertions="11" time="0.242400"/>
    </testsuite>
    <testsuite name="RoleCall\Comms\Email\Emails\YourJobConfirmationEmailTest" file="/home/ubuntu/subhub-api/tests/Comms/Email/Emails/YourJobConfirmationEmailTest.php" tests="5" assertions="35" failures="0" errors="0" time="1.107761">
      <testcase name="testHandle" class="RoleCall\Comms\Email\Emails\YourJobConfirmationEmailTest" file="/home/ubuntu/subhub-api/tests/Comms/Email/Emails/YourJobConfirmationEmailTest.php" line="39" assertions="13" time="0.212597"/>
      <testcase name="testHandleAVacancy" class="RoleCall\Comms\Email\Emails\YourJobConfirmationEmailTest" file="/home/ubuntu/subhub-api/tests/Comms/Email/Emails/YourJobConfirmationEmailTest.php" line="58" assertions="16" time="0.214398"/>
      <testcase name="testHandleWithGrades" class="RoleCall\Comms\Email\Emails\YourJobConfirmationEmailTest" file="/home/ubuntu/subhub-api/tests/Comms/Email/Emails/YourJobConfirmationEmailTest.php" line="83" assertions="2" time="0.263674"/>
      <testcase name="testHandleWithSubjects" class="RoleCall\Comms\Email\Emails\YourJobConfirmationEmailTest" file="/home/ubuntu/subhub-api/tests/Comms/Email/Emails/YourJobConfirmationEmailTest.php" line="95" assertions="2" time="0.205468"/>
      <testcase name="testHandleWithGradesAndSubjects" class="RoleCall\Comms\Email\Emails\YourJobConfirmationEmailTest" file="/home/ubuntu/subhub-api/tests/Comms/Email/Emails/YourJobConfirmationEmailTest.php" line="107" assertions="2" time="0.211624"/>
    </testsuite>
    <testsuite name="RoleCall\Comms\Email\Emails\YourJobWasUnclaimedEmailTest" file="/home/ubuntu/subhub-api/tests/Comms/Email/Emails/YourJobWasUnclaimedEmailTest.php" tests="1" assertions="11" failures="0" errors="0" time="0.271237">
      <testcase name="testHandle" class="RoleCall\Comms\Email\Emails\YourJobWasUnclaimedEmailTest" file="/home/ubuntu/subhub-api/tests/Comms/Email/Emails/YourJobWasUnclaimedEmailTest.php" line="12" assertions="11" time="0.271237"/>
    </testsuite>
    <testsuite name="RoleCall\Comms\Email\Emails\YourOfferEmailTest" file="/home/ubuntu/subhub-api/tests/Comms/Email/Emails/YourOfferEmailTest.php" tests="1" assertions="12" failures="0" errors="0" time="0.161492">
      <testcase name="testHandle" class="RoleCall\Comms\Email\Emails\YourOfferEmailTest" file="/home/ubuntu/subhub-api/tests/Comms/Email/Emails/YourOfferEmailTest.php" line="13" assertions="12" time="0.161492"/>
    </testsuite>
    <testsuite name="RoleCall\Comms\Email\Emails\YourOnboardingIsCompleteEmailTest" file="/home/ubuntu/subhub-api/tests/Comms/Email/Emails/YourOnboardingIsCompleteEmailTest.php" tests="1" assertions="10" failures="0" errors="0" time="0.206777">
      <testcase name="testHandle" class="RoleCall\Comms\Email\Emails\YourOnboardingIsCompleteEmailTest" file="/home/ubuntu/subhub-api/tests/Comms/Email/Emails/YourOnboardingIsCompleteEmailTest.php" line="13" assertions="10" time="0.206777"/>
    </testsuite>
    <testsuite name="RoleCall\Comms\Email\Emails\YourPasswordResetEmailTest" file="/home/ubuntu/subhub-api/tests/Comms/Email/Emails/YourPasswordResetEmailTest.php" tests="1" assertions="13" failures="0" errors="0" time="0.151668">
      <testcase name="testHandle" class="RoleCall\Comms\Email\Emails\YourPasswordResetEmailTest" file="/home/ubuntu/subhub-api/tests/Comms/Email/Emails/YourPasswordResetEmailTest.php" line="13" assertions="13" time="0.151668"/>
    </testsuite>
    <testsuite name="RoleCall\Comms\Email\Emails\YourPostFirstJobEmailTest" file="/home/ubuntu/subhub-api/tests/Comms/Email/Emails/YourPostFirstJobEmailTest.php" tests="1" assertions="10" failures="0" errors="0" time="0.209272">
      <testcase name="testHandle" class="RoleCall\Comms\Email\Emails\YourPostFirstJobEmailTest" file="/home/ubuntu/subhub-api/tests/Comms/Email/Emails/YourPostFirstJobEmailTest.php" line="12" assertions="10" time="0.209272"/>
    </testsuite>
    <testsuite name="RoleCall\Comms\Email\Emails\YourPreFirstJobEmailTest" file="/home/ubuntu/subhub-api/tests/Comms/Email/Emails/YourPreFirstJobEmailTest.php" tests="1" assertions="10" failures="0" errors="0" time="0.267038">
      <testcase name="testHandle" class="RoleCall\Comms\Email\Emails\YourPreFirstJobEmailTest" file="/home/ubuntu/subhub-api/tests/Comms/Email/Emails/YourPreFirstJobEmailTest.php" line="12" assertions="10" time="0.267038"/>
    </testsuite>
    <testsuite name="RoleCall\Comms\Email\Emails\YourRequisitionWasApprovedEmailTest" file="/home/ubuntu/subhub-api/tests/Comms/Email/Emails/YourRequisitionWasApprovedEmailTest.php" tests="1" assertions="12" failures="0" errors="0" time="0.183554">
      <testcase name="testHandle" class="RoleCall\Comms\Email\Emails\YourRequisitionWasApprovedEmailTest" file="/home/ubuntu/subhub-api/tests/Comms/Email/Emails/YourRequisitionWasApprovedEmailTest.php" line="14" assertions="12" time="0.183554"/>
    </testsuite>
    <testsuite name="RoleCall\Comms\Email\Emails\YourRequisitionWasDeniedEmailTest" file="/home/ubuntu/subhub-api/tests/Comms/Email/Emails/YourRequisitionWasDeniedEmailTest.php" tests="1" assertions="10" failures="0" errors="0" time="0.183635">
      <testcase name="testHandle" class="RoleCall\Comms\Email\Emails\YourRequisitionWasDeniedEmailTest" file="/home/ubuntu/subhub-api/tests/Comms/Email/Emails/YourRequisitionWasDeniedEmailTest.php" line="14" assertions="10" time="0.183635"/>
    </testsuite>
    <testsuite name="RoleCall\Comms\Email\Emails\YourRestrictedDatesOverlapAbsencesEmailTest" file="/home/ubuntu/subhub-api/tests/Comms/Email/Emails/YourRestrictedDatesOverlapAbsencesEmailTest.php" tests="2" assertions="21" failures="0" errors="0" time="0.492955">
      <testcase name="testHandle" class="RoleCall\Comms\Email\Emails\YourRestrictedDatesOverlapAbsencesEmailTest" file="/home/ubuntu/subhub-api/tests/Comms/Email/Emails/YourRestrictedDatesOverlapAbsencesEmailTest.php" line="17" assertions="9" time="0.268896"/>
      <testcase name="testHandleMulti" class="RoleCall\Comms\Email\Emails\YourRestrictedDatesOverlapAbsencesEmailTest" file="/home/ubuntu/subhub-api/tests/Comms/Email/Emails/YourRestrictedDatesOverlapAbsencesEmailTest.php" line="100" assertions="12" time="0.224059"/>
    </testsuite>
    <testsuite name="RoleCall\Comms\Email\Emails\YourTimelogWasDisputedEmailTest" file="/home/ubuntu/subhub-api/tests/Comms/Email/Emails/YourTimelogWasDisputedEmailTest.php" tests="1" assertions="10" failures="0" errors="0" time="0.211819">
      <testcase name="testHandle" class="RoleCall\Comms\Email\Emails\YourTimelogWasDisputedEmailTest" file="/home/ubuntu/subhub-api/tests/Comms/Email/Emails/YourTimelogWasDisputedEmailTest.php" line="12" assertions="10" time="0.211819"/>
    </testsuite>
    <testsuite name="RoleCall\Comms\Email\MessageTest" file="/home/ubuntu/subhub-api/tests/Comms/Email/MessageTest.php" tests="7" assertions="28" failures="0" errors="0" time="1.093605">
      <testcase name="testSetTo" class="RoleCall\Comms\Email\MessageTest" file="/home/ubuntu/subhub-api/tests/Comms/Email/MessageTest.php" line="12" assertions="2" time="0.173724"/>
      <testcase name="testSetToUser" class="RoleCall\Comms\Email\MessageTest" file="/home/ubuntu/subhub-api/tests/Comms/Email/MessageTest.php" line="21" assertions="3" time="0.124012"/>
      <testcase name="testSetSubject" class="RoleCall\Comms\Email\MessageTest" file="/home/ubuntu/subhub-api/tests/Comms/Email/MessageTest.php" line="37" assertions="1" time="0.119182"/>
      <testcase name="testSetBody" class="RoleCall\Comms\Email\MessageTest" file="/home/ubuntu/subhub-api/tests/Comms/Email/MessageTest.php" line="45" assertions="2" time="0.176669"/>
      <testcase name="testSetType" class="RoleCall\Comms\Email\MessageTest" file="/home/ubuntu/subhub-api/tests/Comms/Email/MessageTest.php" line="62" assertions="1" time="0.122052"/>
      <testcase name="testSetLog" class="RoleCall\Comms\Email\MessageTest" file="/home/ubuntu/subhub-api/tests/Comms/Email/MessageTest.php" line="70" assertions="11" time="0.192526"/>
      <testcase name="testSetLogAsExistingEmailInstance" class="RoleCall\Comms\Email\MessageTest" file="/home/ubuntu/subhub-api/tests/Comms/Email/MessageTest.php" line="99" assertions="8" time="0.185440"/>
    </testsuite>
    <testsuite name="RoleCall\Comms\Email\Providers\EmailProviderTest" file="/home/ubuntu/subhub-api/tests/Comms/Email/Providers/EmailProviderTest.php" tests="1" assertions="1" failures="0" errors="0" time="0.123406">
      <testcase name="testServiceProvider" class="RoleCall\Comms\Email\Providers\EmailProviderTest" file="/home/ubuntu/subhub-api/tests/Comms/Email/Providers/EmailProviderTest.php" line="11" assertions="1" time="0.123406"/>
    </testsuite>
    <testsuite name="RoleCall\Comms\Email\Providers\FakeTest" file="/home/ubuntu/subhub-api/tests/Comms/Email/Providers/FakeTest.php" tests="3" assertions="7" failures="0" errors="0" time="0.429431">
      <testcase name="testSendEmail" class="RoleCall\Comms\Email\Providers\FakeTest" file="/home/ubuntu/subhub-api/tests/Comms/Email/Providers/FakeTest.php" line="14" assertions="5" time="0.191067"/>
      <testcase name="testProcessWebhook" class="RoleCall\Comms\Email\Providers\FakeTest" file="/home/ubuntu/subhub-api/tests/Comms/Email/Providers/FakeTest.php" line="36" assertions="1" time="0.119775"/>
      <testcase name="testGetEmailContent" class="RoleCall\Comms\Email\Providers\FakeTest" file="/home/ubuntu/subhub-api/tests/Comms/Email/Providers/FakeTest.php" line="45" assertions="1" time="0.118589"/>
    </testsuite>
    <testsuite name="RoleCall\Comms\Email\Providers\MailgunTest" file="/home/ubuntu/subhub-api/tests/Comms/Email/Providers/MailgunTest.php" tests="5" assertions="21" failures="0" errors="0" time="0.773790">
      <testcase name="testProviderIsNotAllowedInLocalEnvironment" class="RoleCall\Comms\Email\Providers\MailgunTest" file="/home/ubuntu/subhub-api/tests/Comms/Email/Providers/MailgunTest.php" line="17" assertions="2" time="0.178882"/>
      <testcase name="testSendEmailSuccessfully" class="RoleCall\Comms\Email\Providers\MailgunTest" file="/home/ubuntu/subhub-api/tests/Comms/Email/Providers/MailgunTest.php" line="35" assertions="10" time="0.138817"/>
      <testcase name="testSendEmailWithException" class="RoleCall\Comms\Email\Providers\MailgunTest" file="/home/ubuntu/subhub-api/tests/Comms/Email/Providers/MailgunTest.php" line="81" assertions="6" time="0.140861"/>
      <testcase name="testProcessWebhook" class="RoleCall\Comms\Email\Providers\MailgunTest" file="/home/ubuntu/subhub-api/tests/Comms/Email/Providers/MailgunTest.php" line="114" assertions="2" time="0.196148"/>
      <testcase name="testGetEmailContent" class="RoleCall\Comms\Email\Providers\MailgunTest" file="/home/ubuntu/subhub-api/tests/Comms/Email/Providers/MailgunTest.php" line="137" assertions="1" time="0.119082"/>
    </testsuite>
    <testsuite name="RoleCall\Comms\Email\Providers\PostmarkTest" file="/home/ubuntu/subhub-api/tests/Comms/Email/Providers/PostmarkTest.php" tests="8" assertions="36" failures="0" errors="0" time="1.275159">
      <testcase name="testProviderIsNotAllowedInLocalEnvironment" class="RoleCall\Comms\Email\Providers\PostmarkTest" file="/home/ubuntu/subhub-api/tests/Comms/Email/Providers/PostmarkTest.php" line="17" assertions="2" time="0.137825"/>
      <testcase name="testSendEmailSuccessfully" class="RoleCall\Comms\Email\Providers\PostmarkTest" file="/home/ubuntu/subhub-api/tests/Comms/Email/Providers/PostmarkTest.php" line="35" assertions="11" time="0.195101"/>
      <testcase name="testSendEmailWithPostmarkException" class="RoleCall\Comms\Email\Providers\PostmarkTest" file="/home/ubuntu/subhub-api/tests/Comms/Email/Providers/PostmarkTest.php" line="77" assertions="6" time="0.138833"/>
      <testcase name="testSendEmailWithBounceException" class="RoleCall\Comms\Email\Providers\PostmarkTest" file="/home/ubuntu/subhub-api/tests/Comms/Email/Providers/PostmarkTest.php" line="112" assertions="6" time="0.143568"/>
      <testcase name="testSendEmailWithUnknownException" class="RoleCall\Comms\Email\Providers\PostmarkTest" file="/home/ubuntu/subhub-api/tests/Comms/Email/Providers/PostmarkTest.php" line="147" assertions="6" time="0.200148"/>
      <testcase name="testProcessWebhook" class="RoleCall\Comms\Email\Providers\PostmarkTest" file="/home/ubuntu/subhub-api/tests/Comms/Email/Providers/PostmarkTest.php" line="185" assertions="2" time="0.141219"/>
      <testcase name="testProcessWebhookForDeactivatedEmailAddress" class="RoleCall\Comms\Email\Providers\PostmarkTest" file="/home/ubuntu/subhub-api/tests/Comms/Email/Providers/PostmarkTest.php" line="205" assertions="2" time="0.197200"/>
      <testcase name="testGetEmailContent" class="RoleCall\Comms\Email\Providers\PostmarkTest" file="/home/ubuntu/subhub-api/tests/Comms/Email/Providers/PostmarkTest.php" line="225" assertions="1" time="0.121265"/>
    </testsuite>
    <testsuite name="RoleCall\Comms\Mobile\Notifications\YouHaveAJobOpportunityNotificationTest" file="/home/ubuntu/subhub-api/tests/Comms/Mobile/Notifications/YouHaveAJobOpportunityNotificationTest.php" tests="2" assertions="18" failures="0" errors="0" time="0.469944">
      <testcase name="testHandleAbsence" class="RoleCall\Comms\Mobile\Notifications\YouHaveAJobOpportunityNotificationTest" file="/home/ubuntu/subhub-api/tests/Comms/Mobile/Notifications/YouHaveAJobOpportunityNotificationTest.php" line="35" assertions="9" time="0.209729"/>
      <testcase name="testHandleVacancy" class="RoleCall\Comms\Mobile\Notifications\YouHaveAJobOpportunityNotificationTest" file="/home/ubuntu/subhub-api/tests/Comms/Mobile/Notifications/YouHaveAJobOpportunityNotificationTest.php" line="53" assertions="9" time="0.260215"/>
    </testsuite>
    <testsuite name="RoleCall\Comms\Mobile\Notifications\YouHaveBeenAssignedAJobNotificationTest" file="/home/ubuntu/subhub-api/tests/Comms/Mobile/Notifications/YouHaveBeenAssignedAJobNotificationTest.php" tests="2" assertions="18" failures="0" errors="0" time="0.404490">
      <testcase name="testHandleAbsence" class="RoleCall\Comms\Mobile\Notifications\YouHaveBeenAssignedAJobNotificationTest" file="/home/ubuntu/subhub-api/tests/Comms/Mobile/Notifications/YouHaveBeenAssignedAJobNotificationTest.php" line="42" assertions="9" time="0.202021"/>
      <testcase name="testHandleVacancy" class="RoleCall\Comms\Mobile\Notifications\YouHaveBeenAssignedAJobNotificationTest" file="/home/ubuntu/subhub-api/tests/Comms/Mobile/Notifications/YouHaveBeenAssignedAJobNotificationTest.php" line="60" assertions="9" time="0.202469"/>
    </testsuite>
    <testsuite name="RoleCall\Comms\Mobile\Notifications\YouHaveBeenDirectAssignedAJobNotificationTest" file="/home/ubuntu/subhub-api/tests/Comms/Mobile/Notifications/YouHaveBeenDirectAssignedAJobNotificationTest.php" tests="2" assertions="18" failures="0" errors="0" time="0.460939">
      <testcase name="testHandleAbsence" class="RoleCall\Comms\Mobile\Notifications\YouHaveBeenDirectAssignedAJobNotificationTest" file="/home/ubuntu/subhub-api/tests/Comms/Mobile/Notifications/YouHaveBeenDirectAssignedAJobNotificationTest.php" line="42" assertions="9" time="0.257571"/>
      <testcase name="testHandleVacancy" class="RoleCall\Comms\Mobile\Notifications\YouHaveBeenDirectAssignedAJobNotificationTest" file="/home/ubuntu/subhub-api/tests/Comms/Mobile/Notifications/YouHaveBeenDirectAssignedAJobNotificationTest.php" line="60" assertions="9" time="0.203368"/>
    </testsuite>
    <testsuite name="RoleCall\Comms\Mobile\Notifications\YourAbsenceWasApprovedNotificationTest" file="/home/ubuntu/subhub-api/tests/Comms/Mobile/Notifications/YourAbsenceWasApprovedNotificationTest.php" tests="1" assertions="9" failures="0" errors="0" time="0.198826">
      <testcase name="testHandle" class="RoleCall\Comms\Mobile\Notifications\YourAbsenceWasApprovedNotificationTest" file="/home/ubuntu/subhub-api/tests/Comms/Mobile/Notifications/YourAbsenceWasApprovedNotificationTest.php" line="39" assertions="9" time="0.198826"/>
    </testsuite>
    <testsuite name="RoleCall\Comms\Mobile\Notifications\YourAbsenceWasClaimedNotificationTest" file="/home/ubuntu/subhub-api/tests/Comms/Mobile/Notifications/YourAbsenceWasClaimedNotificationTest.php" tests="1" assertions="9" failures="0" errors="0" time="0.254659">
      <testcase name="testHandle" class="RoleCall\Comms\Mobile\Notifications\YourAbsenceWasClaimedNotificationTest" file="/home/ubuntu/subhub-api/tests/Comms/Mobile/Notifications/YourAbsenceWasClaimedNotificationTest.php" line="42" assertions="9" time="0.254659"/>
    </testsuite>
    <testsuite name="RoleCall\Comms\Mobile\Notifications\YourAbsenceWasUnassignedNotificationTest" file="/home/ubuntu/subhub-api/tests/Comms/Mobile/Notifications/YourAbsenceWasUnassignedNotificationTest.php" tests="1" assertions="9" failures="0" errors="0" time="0.204217">
      <testcase name="testHandle" class="RoleCall\Comms\Mobile\Notifications\YourAbsenceWasUnassignedNotificationTest" file="/home/ubuntu/subhub-api/tests/Comms/Mobile/Notifications/YourAbsenceWasUnassignedNotificationTest.php" line="42" assertions="9" time="0.204217"/>
    </testsuite>
    <testsuite name="RoleCall\Comms\Mobile\Notifications\YourAbsenceWasUnclaimedNotificationTest" file="/home/ubuntu/subhub-api/tests/Comms/Mobile/Notifications/YourAbsenceWasUnclaimedNotificationTest.php" tests="1" assertions="9" failures="0" errors="0" time="0.260972">
      <testcase name="testHandle" class="RoleCall\Comms\Mobile\Notifications\YourAbsenceWasUnclaimedNotificationTest" file="/home/ubuntu/subhub-api/tests/Comms/Mobile/Notifications/YourAbsenceWasUnclaimedNotificationTest.php" line="39" assertions="9" time="0.260972"/>
    </testsuite>
    <testsuite name="RoleCall\Comms\Mobile\Notifications\YourClaimedJobWasCancelledNotificationTest" file="/home/ubuntu/subhub-api/tests/Comms/Mobile/Notifications/YourClaimedJobWasCancelledNotificationTest.php" tests="1" assertions="9" failures="0" errors="0" time="0.203305">
      <testcase name="testHandle" class="RoleCall\Comms\Mobile\Notifications\YourClaimedJobWasCancelledNotificationTest" file="/home/ubuntu/subhub-api/tests/Comms/Mobile/Notifications/YourClaimedJobWasCancelledNotificationTest.php" line="38" assertions="9" time="0.203305"/>
    </testsuite>
    <testsuite name="RoleCall\Comms\Mobile\Providers\IonicTest" file="/home/ubuntu/subhub-api/tests/Comms/Mobile/Providers/IonicTest.php" tests="2" assertions="12" failures="0" errors="0" time="0.330571">
      <testcase name="testSend" class="RoleCall\Comms\Mobile\Providers\IonicTest" file="/home/ubuntu/subhub-api/tests/Comms/Mobile/Providers/IonicTest.php" line="17" assertions="8" time="0.138577"/>
      <testcase name="testSendError" class="RoleCall\Comms\Mobile\Providers\IonicTest" file="/home/ubuntu/subhub-api/tests/Comms/Mobile/Providers/IonicTest.php" line="48" assertions="4" time="0.191994"/>
    </testsuite>
    <testsuite name="RoleCall\Comms\Phone\CallTest" file="/home/ubuntu/subhub-api/tests/Comms/Phone/CallTest.php" tests="1" assertions="2" failures="0" errors="0" time="0.124133">
      <testcase name="testGetLength" class="RoleCall\Comms\Phone\CallTest" file="/home/ubuntu/subhub-api/tests/Comms/Phone/CallTest.php" line="11" assertions="2" time="0.124133"/>
    </testsuite>
    <testsuite name="RoleCall\Comms\Phone\Calls\YouHaveAJobOpportunityCallTest" file="/home/ubuntu/subhub-api/tests/Comms/Phone/Calls/YouHaveAJobOpportunityCallTest.php" tests="2" assertions="12" failures="0" errors="0" time="0.551619">
      <testcase name="testHandleCallingForAbsence" class="RoleCall\Comms\Phone\Calls\YouHaveAJobOpportunityCallTest" file="/home/ubuntu/subhub-api/tests/Comms/Phone/Calls/YouHaveAJobOpportunityCallTest.php" line="58" assertions="6" time="0.248158"/>
      <testcase name="testHandleCallingForVacancy" class="RoleCall\Comms\Phone\Calls\YouHaveAJobOpportunityCallTest" file="/home/ubuntu/subhub-api/tests/Comms/Phone/Calls/YouHaveAJobOpportunityCallTest.php" line="75" assertions="6" time="0.303461"/>
    </testsuite>
    <testsuite name="RoleCall\Comms\Phone\Segments\AccountVerificationSegmentTest" file="/home/ubuntu/subhub-api/tests/Comms/Phone/Segments/AccountVerificationSegmentTest.php" tests="9" assertions="45" failures="0" errors="0" time="1.438052">
      <testcase name="testRequestPhoneNumber" class="RoleCall\Comms\Phone\Segments\AccountVerificationSegmentTest" file="/home/ubuntu/subhub-api/tests/Comms/Phone/Segments/AccountVerificationSegmentTest.php" line="15" assertions="5" time="0.137395"/>
      <testcase name="testRequestPin" class="RoleCall\Comms\Phone\Segments\AccountVerificationSegmentTest" file="/home/ubuntu/subhub-api/tests/Comms/Phone/Segments/AccountVerificationSegmentTest.php" line="32" assertions="5" time="0.140293"/>
      <testcase name="testProcessPhoneNumberFail" class="RoleCall\Comms\Phone\Segments\AccountVerificationSegmentTest" file="/home/ubuntu/subhub-api/tests/Comms/Phone/Segments/AccountVerificationSegmentTest.php" line="57" assertions="10" time="0.195253"/>
      <testcase name="testProcessPhoneNumberSuccess" class="RoleCall\Comms\Phone\Segments\AccountVerificationSegmentTest" file="/home/ubuntu/subhub-api/tests/Comms/Phone/Segments/AccountVerificationSegmentTest.php" line="85" assertions="5" time="0.139775"/>
      <testcase name="testProcessPinFail" class="RoleCall\Comms\Phone\Segments\AccountVerificationSegmentTest" file="/home/ubuntu/subhub-api/tests/Comms/Phone/Segments/AccountVerificationSegmentTest.php" line="109" assertions="5" time="0.191162"/>
      <testcase name="testProcessPinSuccessWithKnownUser" class="RoleCall\Comms\Phone\Segments\AccountVerificationSegmentTest" file="/home/ubuntu/subhub-api/tests/Comms/Phone/Segments/AccountVerificationSegmentTest.php" line="136" assertions="4" time="0.140320"/>
      <testcase name="testProcessPinSuccessWithUnknownUser" class="RoleCall\Comms\Phone\Segments\AccountVerificationSegmentTest" file="/home/ubuntu/subhub-api/tests/Comms/Phone/Segments/AccountVerificationSegmentTest.php" line="162" assertions="5" time="0.142530"/>
      <testcase name="testProcessPinSuccessWithUnknownUserWhoSharesTheSamePhoneNumberAsAnotherUser" class="RoleCall\Comms\Phone\Segments\AccountVerificationSegmentTest" file="/home/ubuntu/subhub-api/tests/Comms/Phone/Segments/AccountVerificationSegmentTest.php" line="191" assertions="5" time="0.203164"/>
      <testcase name="testProcessPinWithUsersWhoShareTheSamePhoneNumberAndPin" class="RoleCall\Comms\Phone\Segments\AccountVerificationSegmentTest" file="/home/ubuntu/subhub-api/tests/Comms/Phone/Segments/AccountVerificationSegmentTest.php" line="227" assertions="1" time="0.148160"/>
    </testsuite>
    <testsuite name="RoleCall\Comms\Phone\Segments\CallEndedSegmentTest" file="/home/ubuntu/subhub-api/tests/Comms/Phone/Segments/CallEndedSegmentTest.php" tests="1" assertions="5" failures="0" errors="0" time="0.138143">
      <testcase name="testUpdateStatus" class="RoleCall\Comms\Phone\Segments\CallEndedSegmentTest" file="/home/ubuntu/subhub-api/tests/Comms/Phone/Segments/CallEndedSegmentTest.php" line="14" assertions="5" time="0.138143"/>
    </testsuite>
    <testsuite name="RoleCall\Comms\Phone\Segments\ClaimJobSegmentTest" file="/home/ubuntu/subhub-api/tests/Comms/Phone/Segments/ClaimJobSegmentTest.php" tests="7" assertions="49" failures="0" errors="0" time="1.915024">
      <testcase name="testWhenJobIsNoLongerAvailable" class="RoleCall\Comms\Phone\Segments\ClaimJobSegmentTest" file="/home/ubuntu/subhub-api/tests/Comms/Phone/Segments/ClaimJobSegmentTest.php" line="69" assertions="20" time="0.333399"/>
      <testcase name="testRequestInputWithVerificationRequired" class="RoleCall\Comms\Phone\Segments\ClaimJobSegmentTest" file="/home/ubuntu/subhub-api/tests/Comms/Phone/Segments/ClaimJobSegmentTest.php" line="92" assertions="4" time="0.227341"/>
      <testcase name="testRequestInputAfterVerification" class="RoleCall\Comms\Phone\Segments\ClaimJobSegmentTest" file="/home/ubuntu/subhub-api/tests/Comms/Phone/Segments/ClaimJobSegmentTest.php" line="106" assertions="8" time="0.325701"/>
      <testcase name="testConfirmThatYoudLikeToClaimThisJobResponse" class="RoleCall\Comms\Phone\Segments\ClaimJobSegmentTest" file="/home/ubuntu/subhub-api/tests/Comms/Phone/Segments/ClaimJobSegmentTest.php" line="139" assertions="5" time="0.290682"/>
      <testcase name="testGoBackAndListenToTheJobDetailsAgainResponse" class="RoleCall\Comms\Phone\Segments\ClaimJobSegmentTest" file="/home/ubuntu/subhub-api/tests/Comms/Phone/Segments/ClaimJobSegmentTest.php" line="161" assertions="4" time="0.227952"/>
      <testcase name="testRepeatTheseOptionsResponse" class="RoleCall\Comms\Phone\Segments\ClaimJobSegmentTest" file="/home/ubuntu/subhub-api/tests/Comms/Phone/Segments/ClaimJobSegmentTest.php" line="176" assertions="4" time="0.284299"/>
      <testcase name="testProcessResponseGoToTheMainMenu" class="RoleCall\Comms\Phone\Segments\ClaimJobSegmentTest" file="/home/ubuntu/subhub-api/tests/Comms/Phone/Segments/ClaimJobSegmentTest.php" line="191" assertions="4" time="0.225650"/>
    </testsuite>
    <testsuite name="RoleCall\Comms\Phone\Segments\ClaimedJobDetailsSegmentTest" file="/home/ubuntu/subhub-api/tests/Comms/Phone/Segments/ClaimedJobDetailsSegmentTest.php" tests="9" assertions="58" failures="0" errors="0" time="2.224317">
      <testcase name="testRequestInputIntroForUpcomingSingleDayJob" class="RoleCall\Comms\Phone\Segments\ClaimedJobDetailsSegmentTest" file="/home/ubuntu/subhub-api/tests/Comms/Phone/Segments/ClaimedJobDetailsSegmentTest.php" line="40" assertions="7" time="0.278979"/>
      <testcase name="testRequestInputIntroForUpcomingMultiDayJob" class="RoleCall\Comms\Phone\Segments\ClaimedJobDetailsSegmentTest" file="/home/ubuntu/subhub-api/tests/Comms/Phone/Segments/ClaimedJobDetailsSegmentTest.php" line="64" assertions="7" time="0.232980"/>
      <testcase name="testRequestInputIntroForInProgressMultiDayJob" class="RoleCall\Comms\Phone\Segments\ClaimedJobDetailsSegmentTest" file="/home/ubuntu/subhub-api/tests/Comms/Phone/Segments/ClaimedJobDetailsSegmentTest.php" line="96" assertions="7" time="0.233503"/>
      <testcase name="testRequestInputSayDates" class="RoleCall\Comms\Phone\Segments\ClaimedJobDetailsSegmentTest" file="/home/ubuntu/subhub-api/tests/Comms/Phone/Segments/ClaimedJobDetailsSegmentTest.php" line="128" assertions="17" time="0.329198"/>
      <testcase name="testProcessResponseCancelThisJob" class="RoleCall\Comms\Phone\Segments\ClaimedJobDetailsSegmentTest" file="/home/ubuntu/subhub-api/tests/Comms/Phone/Segments/ClaimedJobDetailsSegmentTest.php" line="195" assertions="4" time="0.206832"/>
      <testcase name="testProcessResponseListenToAllUpcomingDatesAndTimesForThisJob" class="RoleCall\Comms\Phone\Segments\ClaimedJobDetailsSegmentTest" file="/home/ubuntu/subhub-api/tests/Comms/Phone/Segments/ClaimedJobDetailsSegmentTest.php" line="217" assertions="4" time="0.261415"/>
      <testcase name="testProcessResponseReplayTheJobDetails" class="RoleCall\Comms\Phone\Segments\ClaimedJobDetailsSegmentTest" file="/home/ubuntu/subhub-api/tests/Comms/Phone/Segments/ClaimedJobDetailsSegmentTest.php" line="239" assertions="4" time="0.208228"/>
      <testcase name="testProcessResponseRepeatTheseOptions" class="RoleCall\Comms\Phone\Segments\ClaimedJobDetailsSegmentTest" file="/home/ubuntu/subhub-api/tests/Comms/Phone/Segments/ClaimedJobDetailsSegmentTest.php" line="261" assertions="4" time="0.207903"/>
      <testcase name="testProcessResponseGoToTheMainMenu" class="RoleCall\Comms\Phone\Segments\ClaimedJobDetailsSegmentTest" file="/home/ubuntu/subhub-api/tests/Comms/Phone/Segments/ClaimedJobDetailsSegmentTest.php" line="283" assertions="4" time="0.265279"/>
    </testsuite>
    <testsuite name="RoleCall\Comms\Phone\Segments\CreateSickAbsenceSegmentTest" file="/home/ubuntu/subhub-api/tests/Comms/Phone/Segments/CreateSickAbsenceSegmentTest.php" tests="6" assertions="39" failures="0" errors="0" time="1.546000">
      <testcase name="testCannotAutoSick" class="RoleCall\Comms\Phone\Segments\CreateSickAbsenceSegmentTest" file="/home/ubuntu/subhub-api/tests/Comms/Phone/Segments/CreateSickAbsenceSegmentTest.php" line="60" assertions="6" time="0.206163"/>
      <testcase name="testRequestInput" class="RoleCall\Comms\Phone\Segments\CreateSickAbsenceSegmentTest" file="/home/ubuntu/subhub-api/tests/Comms/Phone/Segments/CreateSickAbsenceSegmentTest.php" line="77" assertions="7" time="0.241914"/>
      <testcase name="testCreateASickAbsence" class="RoleCall\Comms\Phone\Segments\CreateSickAbsenceSegmentTest" file="/home/ubuntu/subhub-api/tests/Comms/Phone/Segments/CreateSickAbsenceSegmentTest.php" line="93" assertions="12" time="0.378374"/>
      <testcase name="testRepeatTheseOptions" class="RoleCall\Comms\Phone\Segments\CreateSickAbsenceSegmentTest" file="/home/ubuntu/subhub-api/tests/Comms/Phone/Segments/CreateSickAbsenceSegmentTest.php" line="142" assertions="4" time="0.186686"/>
      <testcase name="testGoToTheMainMenu" class="RoleCall\Comms\Phone\Segments\CreateSickAbsenceSegmentTest" file="/home/ubuntu/subhub-api/tests/Comms/Phone/Segments/CreateSickAbsenceSegmentTest.php" line="156" assertions="4" time="0.241725"/>
      <testcase name="testFailAbsenceValidation" class="RoleCall\Comms\Phone\Segments\CreateSickAbsenceSegmentTest" file="/home/ubuntu/subhub-api/tests/Comms/Phone/Segments/CreateSickAbsenceSegmentTest.php" line="170" assertions="6" time="0.291138"/>
    </testsuite>
    <testsuite name="RoleCall\Comms\Phone\Segments\IncomingCallSegmentTest" file="/home/ubuntu/subhub-api/tests/Comms/Phone/Segments/IncomingCallSegmentTest.php" tests="14" assertions="76" failures="0" errors="0" time="2.483228">
      <testcase name="testRequestInputWithIncomingCallsDisabled" class="RoleCall\Comms\Phone\Segments\IncomingCallSegmentTest" file="/home/ubuntu/subhub-api/tests/Comms/Phone/Segments/IncomingCallSegmentTest.php" line="17" assertions="5" time="0.164644"/>
      <testcase name="testRequestInputWithKnownNumber" class="RoleCall\Comms\Phone\Segments\IncomingCallSegmentTest" file="/home/ubuntu/subhub-api/tests/Comms/Phone/Segments/IncomingCallSegmentTest.php" line="39" assertions="6" time="0.205832"/>
      <testcase name="testRequestInputWithUnknownNumber" class="RoleCall\Comms\Phone\Segments\IncomingCallSegmentTest" file="/home/ubuntu/subhub-api/tests/Comms/Phone/Segments/IncomingCallSegmentTest.php" line="71" assertions="6" time="0.148711"/>
      <testcase name="testRequestInputWithKnownNumberAssignedToMultipleUsers" class="RoleCall\Comms\Phone\Segments\IncomingCallSegmentTest" file="/home/ubuntu/subhub-api/tests/Comms/Phone/Segments/IncomingCallSegmentTest.php" line="103" assertions="7" time="0.156240"/>
      <testcase name="testRequestInputWithKnownUser" class="RoleCall\Comms\Phone\Segments\IncomingCallSegmentTest" file="/home/ubuntu/subhub-api/tests/Comms/Phone/Segments/IncomingCallSegmentTest.php" line="143" assertions="6" time="0.208753"/>
      <testcase name="testRequestInputWithUnknownUser" class="RoleCall\Comms\Phone\Segments\IncomingCallSegmentTest" file="/home/ubuntu/subhub-api/tests/Comms/Phone/Segments/IncomingCallSegmentTest.php" line="180" assertions="5" time="0.142569"/>
      <testcase name="testRequestInputAfterVerificationForSubs" class="RoleCall\Comms\Phone\Segments\IncomingCallSegmentTest" file="/home/ubuntu/subhub-api/tests/Comms/Phone/Segments/IncomingCallSegmentTest.php" line="209" assertions="9" time="0.214141"/>
      <testcase name="testRequestInputAfterVerificationForEmployees" class="RoleCall\Comms\Phone\Segments\IncomingCallSegmentTest" file="/home/ubuntu/subhub-api/tests/Comms/Phone/Segments/IncomingCallSegmentTest.php" line="252" assertions="7" time="0.163375"/>
      <testcase name="testRequestInputAfterVerificationForNonSubOrEmployee" class="RoleCall\Comms\Phone\Segments\IncomingCallSegmentTest" file="/home/ubuntu/subhub-api/tests/Comms/Phone/Segments/IncomingCallSegmentTest.php" line="296" assertions="5" time="0.150856"/>
      <testcase name="testListenToAllAvailableJobsResponse" class="RoleCall\Comms\Phone\Segments\IncomingCallSegmentTest" file="/home/ubuntu/subhub-api/tests/Comms/Phone/Segments/IncomingCallSegmentTest.php" line="332" assertions="4" time="0.223598"/>
      <testcase name="testListenToYourClaimedJobsResponse" class="RoleCall\Comms\Phone\Segments\IncomingCallSegmentTest" file="/home/ubuntu/subhub-api/tests/Comms/Phone/Segments/IncomingCallSegmentTest.php" line="359" assertions="4" time="0.169890"/>
      <testcase name="testStopAllCallsUntilTomorrowResponse" class="RoleCall\Comms\Phone\Segments\IncomingCallSegmentTest" file="/home/ubuntu/subhub-api/tests/Comms/Phone/Segments/IncomingCallSegmentTest.php" line="386" assertions="4" time="0.169175"/>
      <testcase name="testCreateASickAbsenceResponse" class="RoleCall\Comms\Phone\Segments\IncomingCallSegmentTest" file="/home/ubuntu/subhub-api/tests/Comms/Phone/Segments/IncomingCallSegmentTest.php" line="413" assertions="4" time="0.230498"/>
      <testcase name="testRepeatTheseOptionsResponse" class="RoleCall\Comms\Phone\Segments\IncomingCallSegmentTest" file="/home/ubuntu/subhub-api/tests/Comms/Phone/Segments/IncomingCallSegmentTest.php" line="444" assertions="4" time="0.134946"/>
    </testsuite>
    <testsuite name="RoleCall\Comms\Phone\Segments\JobDetailsSegmentTest" file="/home/ubuntu/subhub-api/tests/Comms/Phone/Segments/JobDetailsSegmentTest.php" tests="9" assertions="44" failures="0" errors="0" time="2.365453">
      <testcase name="testRequestInputForSingleDayAbsence" class="RoleCall\Comms\Phone\Segments\JobDetailsSegmentTest" file="/home/ubuntu/subhub-api/tests/Comms/Phone/Segments/JobDetailsSegmentTest.php" line="65" assertions="7" time="0.295993"/>
      <testcase name="testRequestInputForMultiDayAbsence" class="RoleCall\Comms\Phone\Segments\JobDetailsSegmentTest" file="/home/ubuntu/subhub-api/tests/Comms/Phone/Segments/JobDetailsSegmentTest.php" line="82" assertions="7" time="0.246388"/>
      <testcase name="testRequestInputSayDates" class="RoleCall\Comms\Phone\Segments\JobDetailsSegmentTest" file="/home/ubuntu/subhub-api/tests/Comms/Phone/Segments/JobDetailsSegmentTest.php" line="105" assertions="6" time="0.240480"/>
      <testcase name="testClaimThisJobResponse" class="RoleCall\Comms\Phone\Segments\JobDetailsSegmentTest" file="/home/ubuntu/subhub-api/tests/Comms/Phone/Segments/JobDetailsSegmentTest.php" line="129" assertions="4" time="0.291476"/>
      <testcase name="testListenToAllTheDatesAndTimesForThisAbsenceResponse" class="RoleCall\Comms\Phone\Segments\JobDetailsSegmentTest" file="/home/ubuntu/subhub-api/tests/Comms/Phone/Segments/JobDetailsSegmentTest.php" line="144" assertions="4" time="0.233893"/>
      <testcase name="testReplayTheJobDetailsResponse" class="RoleCall\Comms\Phone\Segments\JobDetailsSegmentTest" file="/home/ubuntu/subhub-api/tests/Comms/Phone/Segments/JobDetailsSegmentTest.php" line="159" assertions="4" time="0.291352"/>
      <testcase name="testMuteThisJobResponse" class="RoleCall\Comms\Phone\Segments\JobDetailsSegmentTest" file="/home/ubuntu/subhub-api/tests/Comms/Phone/Segments/JobDetailsSegmentTest.php" line="174" assertions="4" time="0.235428"/>
      <testcase name="testRepeatTheseOptionsResponse" class="RoleCall\Comms\Phone\Segments\JobDetailsSegmentTest" file="/home/ubuntu/subhub-api/tests/Comms/Phone/Segments/JobDetailsSegmentTest.php" line="189" assertions="4" time="0.238618"/>
      <testcase name="testProcessResponseGoToTheMainMenu" class="RoleCall\Comms\Phone\Segments\JobDetailsSegmentTest" file="/home/ubuntu/subhub-api/tests/Comms/Phone/Segments/JobDetailsSegmentTest.php" line="204" assertions="4" time="0.291825"/>
    </testsuite>
    <testsuite name="RoleCall\Comms\Phone\Segments\JobNotificationSegmentTest" file="/home/ubuntu/subhub-api/tests/Comms/Phone/Segments/JobNotificationSegmentTest.php" tests="7" assertions="34" failures="0" errors="0" time="1.792509">
      <testcase name="testWhenJobIsNoLongerAvailable" class="RoleCall\Comms\Phone\Segments\JobNotificationSegmentTest" file="/home/ubuntu/subhub-api/tests/Comms/Phone/Segments/JobNotificationSegmentTest.php" line="58" assertions="10" time="0.259913"/>
      <testcase name="testRequestInput" class="RoleCall\Comms\Phone\Segments\JobNotificationSegmentTest" file="/home/ubuntu/subhub-api/tests/Comms/Phone/Segments/JobNotificationSegmentTest.php" line="79" assertions="4" time="0.286320"/>
      <testcase name="testListenToTheJobDetailsResponse" class="RoleCall\Comms\Phone\Segments\JobNotificationSegmentTest" file="/home/ubuntu/subhub-api/tests/Comms/Phone/Segments/JobNotificationSegmentTest.php" line="92" assertions="4" time="0.225716"/>
      <testcase name="testListenToAllAvailableJobsResponse" class="RoleCall\Comms\Phone\Segments\JobNotificationSegmentTest" file="/home/ubuntu/subhub-api/tests/Comms/Phone/Segments/JobNotificationSegmentTest.php" line="106" assertions="4" time="0.224639"/>
      <testcase name="testListenToYourClaimedJobsResponse" class="RoleCall\Comms\Phone\Segments\JobNotificationSegmentTest" file="/home/ubuntu/subhub-api/tests/Comms/Phone/Segments/JobNotificationSegmentTest.php" line="120" assertions="4" time="0.281267"/>
      <testcase name="testStopAllCallsUntilTomorrowResponse" class="RoleCall\Comms\Phone\Segments\JobNotificationSegmentTest" file="/home/ubuntu/subhub-api/tests/Comms/Phone/Segments/JobNotificationSegmentTest.php" line="134" assertions="4" time="0.223349"/>
      <testcase name="testRepeatTheseOptionsResponse" class="RoleCall\Comms\Phone\Segments\JobNotificationSegmentTest" file="/home/ubuntu/subhub-api/tests/Comms/Phone/Segments/JobNotificationSegmentTest.php" line="148" assertions="4" time="0.291305"/>
    </testsuite>
    <testsuite name="RoleCall\Comms\Phone\Segments\ListAllJobsSegmentTest" file="/home/ubuntu/subhub-api/tests/Comms/Phone/Segments/ListAllJobsSegmentTest.php" tests="5" assertions="22" failures="0" errors="0" time="1.689892">
      <testcase name="testNoJobAvailable" class="RoleCall\Comms\Phone\Segments\ListAllJobsSegmentTest" file="/home/ubuntu/subhub-api/tests/Comms/Phone/Segments/ListAllJobsSegmentTest.php" line="71" assertions="4" time="0.321052"/>
      <testcase name="testListAvailableJobs" class="RoleCall\Comms\Phone\Segments\ListAllJobsSegmentTest" file="/home/ubuntu/subhub-api/tests/Comms/Phone/Segments/ListAllJobsSegmentTest.php" line="84" assertions="6" time="0.336685"/>
      <testcase name="testSelectJobResponse" class="RoleCall\Comms\Phone\Segments\ListAllJobsSegmentTest" file="/home/ubuntu/subhub-api/tests/Comms/Phone/Segments/ListAllJobsSegmentTest.php" line="117" assertions="4" time="0.363500"/>
      <testcase name="testRepeatTheseOptionsResponse" class="RoleCall\Comms\Phone\Segments\ListAllJobsSegmentTest" file="/home/ubuntu/subhub-api/tests/Comms/Phone/Segments/ListAllJobsSegmentTest.php" line="134" assertions="4" time="0.306878"/>
      <testcase name="testProcessResponseGoToTheMainMenu" class="RoleCall\Comms\Phone\Segments\ListAllJobsSegmentTest" file="/home/ubuntu/subhub-api/tests/Comms/Phone/Segments/ListAllJobsSegmentTest.php" line="148" assertions="4" time="0.361777"/>
    </testsuite>
    <testsuite name="RoleCall\Comms\Phone\Segments\ListClaimedJobsSegmentTest" file="/home/ubuntu/subhub-api/tests/Comms/Phone/Segments/ListClaimedJobsSegmentTest.php" tests="5" assertions="24" failures="0" errors="0" time="1.038693">
      <testcase name="testNoClaimedJobs" class="RoleCall\Comms\Phone\Segments\ListClaimedJobsSegmentTest" file="/home/ubuntu/subhub-api/tests/Comms/Phone/Segments/ListClaimedJobsSegmentTest.php" line="30" assertions="5" time="0.145119"/>
      <testcase name="testListClaimedJobs" class="RoleCall\Comms\Phone\Segments\ListClaimedJobsSegmentTest" file="/home/ubuntu/subhub-api/tests/Comms/Phone/Segments/ListClaimedJobsSegmentTest.php" line="44" assertions="7" time="0.308275"/>
      <testcase name="testSelectClaimedJobResponse" class="RoleCall\Comms\Phone\Segments\ListClaimedJobsSegmentTest" file="/home/ubuntu/subhub-api/tests/Comms/Phone/Segments/ListClaimedJobsSegmentTest.php" line="103" assertions="4" time="0.249055"/>
      <testcase name="testRepeatTheseOptionsResponse" class="RoleCall\Comms\Phone\Segments\ListClaimedJobsSegmentTest" file="/home/ubuntu/subhub-api/tests/Comms/Phone/Segments/ListClaimedJobsSegmentTest.php" line="128" assertions="4" time="0.141135"/>
      <testcase name="testProcessResponseGoToTheMainMenu" class="RoleCall\Comms\Phone\Segments\ListClaimedJobsSegmentTest" file="/home/ubuntu/subhub-api/tests/Comms/Phone/Segments/ListClaimedJobsSegmentTest.php" line="142" assertions="4" time="0.195109"/>
    </testsuite>
    <testsuite name="RoleCall\Comms\Phone\Segments\MainMenuSegmentTest" file="/home/ubuntu/subhub-api/tests/Comms/Phone/Segments/MainMenuSegmentTest.php" tests="5" assertions="24" failures="0" errors="0" time="0.924470">
      <testcase name="testRequestInput" class="RoleCall\Comms\Phone\Segments\MainMenuSegmentTest" file="/home/ubuntu/subhub-api/tests/Comms/Phone/Segments/MainMenuSegmentTest.php" line="36" assertions="8" time="0.179842"/>
      <testcase name="testProcessResponseListenToAllAvailableJobsResponse" class="RoleCall\Comms\Phone\Segments\MainMenuSegmentTest" file="/home/ubuntu/subhub-api/tests/Comms/Phone/Segments/MainMenuSegmentTest.php" line="53" assertions="4" time="0.173013"/>
      <testcase name="testProcessResponseListenToYourClaimedJobsResponse" class="RoleCall\Comms\Phone\Segments\MainMenuSegmentTest" file="/home/ubuntu/subhub-api/tests/Comms/Phone/Segments/MainMenuSegmentTest.php" line="67" assertions="4" time="0.228960"/>
      <testcase name="testProcessResponseStopAllCallsUntilTomorrowResponse" class="RoleCall\Comms\Phone\Segments\MainMenuSegmentTest" file="/home/ubuntu/subhub-api/tests/Comms/Phone/Segments/MainMenuSegmentTest.php" line="81" assertions="4" time="0.171936"/>
      <testcase name="testProcessResponseRepeatTheseOptionsResponse" class="RoleCall\Comms\Phone\Segments\MainMenuSegmentTest" file="/home/ubuntu/subhub-api/tests/Comms/Phone/Segments/MainMenuSegmentTest.php" line="95" assertions="4" time="0.170719"/>
    </testsuite>
    <testsuite name="RoleCall\Comms\Phone\Segments\MuteJobSegmentTest" file="/home/ubuntu/subhub-api/tests/Comms/Phone/Segments/MuteJobSegmentTest.php" tests="6" assertions="30" failures="0" errors="0" time="1.405726">
      <testcase name="testAbsenceNotFound" class="RoleCall\Comms\Phone\Segments\MuteJobSegmentTest" file="/home/ubuntu/subhub-api/tests/Comms/Phone/Segments/MuteJobSegmentTest.php" line="43" assertions="5" time="0.258475"/>
      <testcase name="testRequestInput" class="RoleCall\Comms\Phone\Segments\MuteJobSegmentTest" file="/home/ubuntu/subhub-api/tests/Comms/Phone/Segments/MuteJobSegmentTest.php" line="61" assertions="9" time="0.219443"/>
      <testcase name="testUndoThisMute" class="RoleCall\Comms\Phone\Segments\MuteJobSegmentTest" file="/home/ubuntu/subhub-api/tests/Comms/Phone/Segments/MuteJobSegmentTest.php" line="83" assertions="4" time="0.259557"/>
      <testcase name="testListenToTheJobDetailsAgain" class="RoleCall\Comms\Phone\Segments\MuteJobSegmentTest" file="/home/ubuntu/subhub-api/tests/Comms/Phone/Segments/MuteJobSegmentTest.php" line="98" assertions="4" time="0.204561"/>
      <testcase name="testRepeatTheseOptions" class="RoleCall\Comms\Phone\Segments\MuteJobSegmentTest" file="/home/ubuntu/subhub-api/tests/Comms/Phone/Segments/MuteJobSegmentTest.php" line="113" assertions="4" time="0.202353"/>
      <testcase name="testProcessResponseGoToTheMainMenu" class="RoleCall\Comms\Phone\Segments\MuteJobSegmentTest" file="/home/ubuntu/subhub-api/tests/Comms/Phone/Segments/MuteJobSegmentTest.php" line="128" assertions="4" time="0.261337"/>
    </testsuite>
    <testsuite name="RoleCall\Comms\Phone\Segments\StopCallsSegmentTest" file="/home/ubuntu/subhub-api/tests/Comms/Phone/Segments/StopCallsSegmentTest.php" tests="1" assertions="5" failures="0" errors="0" time="0.143413">
      <testcase name="testProcessRequest" class="RoleCall\Comms\Phone\Segments\StopCallsSegmentTest" file="/home/ubuntu/subhub-api/tests/Comms/Phone/Segments/StopCallsSegmentTest.php" line="15" assertions="5" time="0.143413"/>
    </testsuite>
    <testsuite name="RoleCall\Comms\Phone\Segments\UnclaimJobSegmentTest" file="/home/ubuntu/subhub-api/tests/Comms/Phone/Segments/UnclaimJobSegmentTest.php" tests="9" assertions="61" failures="0" errors="0" time="2.061947">
      <testcase name="testMissingJob" class="RoleCall\Comms\Phone\Segments\UnclaimJobSegmentTest" file="/home/ubuntu/subhub-api/tests/Comms/Phone/Segments/UnclaimJobSegmentTest.php" line="44" assertions="10" time="0.253649"/>
      <testcase name="testJobWithNoUpcomingDays" class="RoleCall\Comms\Phone\Segments\UnclaimJobSegmentTest" file="/home/ubuntu/subhub-api/tests/Comms/Phone/Segments/UnclaimJobSegmentTest.php" line="69" assertions="10" time="0.207355"/>
      <testcase name="testRequestInputIntroForSingleDayJob" class="RoleCall\Comms\Phone\Segments\UnclaimJobSegmentTest" file="/home/ubuntu/subhub-api/tests/Comms/Phone/Segments/UnclaimJobSegmentTest.php" line="101" assertions="7" time="0.200333"/>
      <testcase name="testRequestInputIntroForMultiDayJob" class="RoleCall\Comms\Phone\Segments\UnclaimJobSegmentTest" file="/home/ubuntu/subhub-api/tests/Comms/Phone/Segments/UnclaimJobSegmentTest.php" line="125" assertions="7" time="0.262321"/>
      <testcase name="testRequestInputIntroForInProgressJob" class="RoleCall\Comms\Phone\Segments\UnclaimJobSegmentTest" file="/home/ubuntu/subhub-api/tests/Comms/Phone/Segments/UnclaimJobSegmentTest.php" line="157" assertions="7" time="0.205114"/>
      <testcase name="testProcessResponseCancelThisJob" class="RoleCall\Comms\Phone\Segments\UnclaimJobSegmentTest" file="/home/ubuntu/subhub-api/tests/Comms/Phone/Segments/UnclaimJobSegmentTest.php" line="189" assertions="8" time="0.281926"/>
      <testcase name="testProcessResponseListenToTheJobDetailsAgain" class="RoleCall\Comms\Phone\Segments\UnclaimJobSegmentTest" file="/home/ubuntu/subhub-api/tests/Comms/Phone/Segments/UnclaimJobSegmentTest.php" line="251" assertions="4" time="0.256437"/>
      <testcase name="testProcessResponseRepeatTheseOptions" class="RoleCall\Comms\Phone\Segments\UnclaimJobSegmentTest" file="/home/ubuntu/subhub-api/tests/Comms/Phone/Segments/UnclaimJobSegmentTest.php" line="273" assertions="4" time="0.196984"/>
      <testcase name="testProcessResponseGoToTheMainMenu" class="RoleCall\Comms\Phone\Segments\UnclaimJobSegmentTest" file="/home/ubuntu/subhub-api/tests/Comms/Phone/Segments/UnclaimJobSegmentTest.php" line="295" assertions="4" time="0.197828"/>
    </testsuite>
    <testsuite name="RoleCall\Comms\Phone\Segments\UndoMuteJobSegmentTest" file="/home/ubuntu/subhub-api/tests/Comms/Phone/Segments/UndoMuteJobSegmentTest.php" tests="5" assertions="22" failures="0" errors="0" time="1.107877">
      <testcase name="testAbsenceNotFound" class="RoleCall\Comms\Phone\Segments\UndoMuteJobSegmentTest" file="/home/ubuntu/subhub-api/tests/Comms/Phone/Segments/UndoMuteJobSegmentTest.php" line="42" assertions="5" time="0.255938"/>
      <testcase name="testRequestInput" class="RoleCall\Comms\Phone\Segments\UndoMuteJobSegmentTest" file="/home/ubuntu/subhub-api/tests/Comms/Phone/Segments/UndoMuteJobSegmentTest.php" line="60" assertions="5" time="0.201843"/>
      <testcase name="testListenToTheJobDetails" class="RoleCall\Comms\Phone\Segments\UndoMuteJobSegmentTest" file="/home/ubuntu/subhub-api/tests/Comms/Phone/Segments/UndoMuteJobSegmentTest.php" line="75" assertions="4" time="0.252831"/>
      <testcase name="testRepeatTheseOptions" class="RoleCall\Comms\Phone\Segments\UndoMuteJobSegmentTest" file="/home/ubuntu/subhub-api/tests/Comms/Phone/Segments/UndoMuteJobSegmentTest.php" line="90" assertions="4" time="0.198710"/>
      <testcase name="testProcessResponseGoToTheMainMenu" class="RoleCall\Comms\Phone\Segments\UndoMuteJobSegmentTest" file="/home/ubuntu/subhub-api/tests/Comms/Phone/Segments/UndoMuteJobSegmentTest.php" line="105" assertions="4" time="0.198555"/>
    </testsuite>
    <testsuite name="RoleCall\Agencies\Policies\MessengerPolicyTest" file="/home/ubuntu/subhub-api/tests/Comms/Policies/MessengerPolicyTest.php" tests="2" assertions="22" failures="0" errors="0" time="0.598226">
      <testcase name="testView" class="RoleCall\Agencies\Policies\MessengerPolicyTest" file="/home/ubuntu/subhub-api/tests/Comms/Policies/MessengerPolicyTest.php" line="64" assertions="11" time="0.325511"/>
      <testcase name="testSend" class="RoleCall\Agencies\Policies\MessengerPolicyTest" file="/home/ubuntu/subhub-api/tests/Comms/Policies/MessengerPolicyTest.php" line="81" assertions="11" time="0.272715"/>
    </testsuite>
    <testsuite name="RoleCall\Comms\Services\DailyAbsenceSummaryGeneratorTest" file="/home/ubuntu/subhub-api/tests/Comms/Services/DailyAbsenceSummaryGeneratorTest.php" tests="3" assertions="3" failures="0" errors="0" time="0.567418">
      <testcase name="testCreateInstance" class="RoleCall\Comms\Services\DailyAbsenceSummaryGeneratorTest" file="/home/ubuntu/subhub-api/tests/Comms/Services/DailyAbsenceSummaryGeneratorTest.php" line="72" assertions="1" time="0.123916"/>
      <testcase name="testGenerate" class="RoleCall\Comms\Services\DailyAbsenceSummaryGeneratorTest" file="/home/ubuntu/subhub-api/tests/Comms/Services/DailyAbsenceSummaryGeneratorTest.php" line="77" assertions="1" time="0.245862"/>
      <testcase name="testGenerateMoreThanOne" class="RoleCall\Comms\Services\DailyAbsenceSummaryGeneratorTest" file="/home/ubuntu/subhub-api/tests/Comms/Services/DailyAbsenceSummaryGeneratorTest.php" line="91" assertions="1" time="0.197640"/>
    </testsuite>
    <testsuite name="RoleCall\Comms\Services\DailySavedSearchSummaryGeneratorTest" file="/home/ubuntu/subhub-api/tests/Comms/Services/DailySavedSearchSummaryGeneratorTest.php" tests="2" assertions="2" failures="0" errors="0" time="0.414404">
      <testcase name="testCreateInstance" class="RoleCall\Comms\Services\DailySavedSearchSummaryGeneratorTest" file="/home/ubuntu/subhub-api/tests/Comms/Services/DailySavedSearchSummaryGeneratorTest.php" line="47" assertions="1" time="0.173802"/>
      <testcase name="testGenerate" class="RoleCall\Comms\Services\DailySavedSearchSummaryGeneratorTest" file="/home/ubuntu/subhub-api/tests/Comms/Services/DailySavedSearchSummaryGeneratorTest.php" line="52" assertions="1" time="0.240602"/>
    </testsuite>
    <testsuite name="RoleCall\Comms\Services\FirstJobNotificationsGeneratorTest" file="/home/ubuntu/subhub-api/tests/Comms/Services/FirstJobNotificationsGeneratorTest.php" tests="3" assertions="1" failures="0" errors="0" time="0.685333">
      <testcase name="testCreateInstance" class="RoleCall\Comms\Services\FirstJobNotificationsGeneratorTest" file="/home/ubuntu/subhub-api/tests/Comms/Services/FirstJobNotificationsGeneratorTest.php" line="52" assertions="1" time="0.120128"/>
      <testcase name="testGenerate" class="RoleCall\Comms\Services\FirstJobNotificationsGeneratorTest" file="/home/ubuntu/subhub-api/tests/Comms/Services/FirstJobNotificationsGeneratorTest.php" line="60" assertions="0" time="0.311550"/>
      <testcase name="testWithoutEmail" class="RoleCall\Comms\Services\FirstJobNotificationsGeneratorTest" file="/home/ubuntu/subhub-api/tests/Comms/Services/FirstJobNotificationsGeneratorTest.php" line="73" assertions="0" time="0.253655"/>
    </testsuite>
    <testsuite name="RoleCall\Comms\Services\IncompleteTimecardNotificationsGeneratorTest" file="/home/ubuntu/subhub-api/tests/Comms/Services/IncompleteTimecardNotificationsGeneratorTest.php" tests="8" assertions="1" failures="0" errors="0" time="2.214642">
      <testcase name="testCreateInstance" class="RoleCall\Comms\Services\IncompleteTimecardNotificationsGeneratorTest" file="/home/ubuntu/subhub-api/tests/Comms/Services/IncompleteTimecardNotificationsGeneratorTest.php" line="70" assertions="1" time="0.120020"/>
      <testcase name="testGenerateWithNotificationsDisabled" class="RoleCall\Comms\Services\IncompleteTimecardNotificationsGeneratorTest" file="/home/ubuntu/subhub-api/tests/Comms/Services/IncompleteTimecardNotificationsGeneratorTest.php" line="78" assertions="0" time="0.269280"/>
      <testcase name="testGenerateWithTheStartDateMissing" class="RoleCall\Comms\Services\IncompleteTimecardNotificationsGeneratorTest" file="/home/ubuntu/subhub-api/tests/Comms/Services/IncompleteTimecardNotificationsGeneratorTest.php" line="94" assertions="0" time="0.291938"/>
      <testcase name="testGenerateWithTheEndDateMissing" class="RoleCall\Comms\Services\IncompleteTimecardNotificationsGeneratorTest" file="/home/ubuntu/subhub-api/tests/Comms/Services/IncompleteTimecardNotificationsGeneratorTest.php" line="111" assertions="0" time="0.291378"/>
      <testcase name="testGenerateWithBothDatesMissing" class="RoleCall\Comms\Services\IncompleteTimecardNotificationsGeneratorTest" file="/home/ubuntu/subhub-api/tests/Comms/Services/IncompleteTimecardNotificationsGeneratorTest.php" line="128" assertions="0" time="0.348036"/>
      <testcase name="testWithoutEmail" class="RoleCall\Comms\Services\IncompleteTimecardNotificationsGeneratorTest" file="/home/ubuntu/subhub-api/tests/Comms/Services/IncompleteTimecardNotificationsGeneratorTest.php" line="141" assertions="0" time="0.258332"/>
      <testcase name="testGenerateWithAlreadyNotifiedTimecard" class="RoleCall\Comms\Services\IncompleteTimecardNotificationsGeneratorTest" file="/home/ubuntu/subhub-api/tests/Comms/Services/IncompleteTimecardNotificationsGeneratorTest.php" line="152" assertions="0" time="0.341220"/>
      <testcase name="testGenerateWithTimecardWithAPositionTheApproverDoesntApprove" class="RoleCall\Comms\Services\IncompleteTimecardNotificationsGeneratorTest" file="/home/ubuntu/subhub-api/tests/Comms/Services/IncompleteTimecardNotificationsGeneratorTest.php" line="168" assertions="0" time="0.294438"/>
    </testsuite>
    <testsuite name="RoleCall\Comms\Services\JobNotificationsGeneratorTest" file="/home/ubuntu/subhub-api/tests/Comms/Services/JobNotificationsGeneratorTest.php" tests="2" assertions="1" failures="0" errors="0" time="0.348121">
      <testcase name="testCreateInstance" class="RoleCall\Comms\Services\JobNotificationsGeneratorTest" file="/home/ubuntu/subhub-api/tests/Comms/Services/JobNotificationsGeneratorTest.php" line="84" assertions="1" time="0.119212"/>
      <testcase name="testGenerate" class="RoleCall\Comms\Services\JobNotificationsGeneratorTest" file="/home/ubuntu/subhub-api/tests/Comms/Services/JobNotificationsGeneratorTest.php" line="92" assertions="0" time="0.228909"/>
    </testsuite>
    <testsuite name="RoleCall\Comms\Services\SingleJobNotificationsGeneratorTest" file="/home/ubuntu/subhub-api/tests/Comms/Services/SingleJobNotificationsGeneratorTest.php" tests="14" assertions="47" failures="0" errors="0" time="3.341222">
      <testcase name="testCreateInstance" class="RoleCall\Comms\Services\SingleJobNotificationsGeneratorTest" file="/home/ubuntu/subhub-api/tests/Comms/Services/SingleJobNotificationsGeneratorTest.php" line="93" assertions="1" time="0.117947"/>
      <testcase name="testHandle" class="RoleCall\Comms\Services\SingleJobNotificationsGeneratorTest" file="/home/ubuntu/subhub-api/tests/Comms/Services/SingleJobNotificationsGeneratorTest.php" line="101" assertions="4" time="0.230354"/>
      <testcase name="testWhenUserCannotReceiveMobileNotifications" class="RoleCall\Comms\Services\SingleJobNotificationsGeneratorTest" file="/home/ubuntu/subhub-api/tests/Comms/Services/SingleJobNotificationsGeneratorTest.php" line="121" assertions="4" time="0.281264"/>
      <testcase name="testWhenUserHasAlreadyReceivedTheMobileNotifications" class="RoleCall\Comms\Services\SingleJobNotificationsGeneratorTest" file="/home/ubuntu/subhub-api/tests/Comms/Services/SingleJobNotificationsGeneratorTest.php" line="144" assertions="4" time="0.229346"/>
      <testcase name="testDistrictHasMobileNotificationsDisabled" class="RoleCall\Comms\Services\SingleJobNotificationsGeneratorTest" file="/home/ubuntu/subhub-api/tests/Comms/Services/SingleJobNotificationsGeneratorTest.php" line="171" assertions="4" time="0.278875"/>
      <testcase name="testDistrictHasCallsDisabled" class="RoleCall\Comms\Services\SingleJobNotificationsGeneratorTest" file="/home/ubuntu/subhub-api/tests/Comms/Services/SingleJobNotificationsGeneratorTest.php" line="201" assertions="4" time="0.223385"/>
      <testcase name="testDistrictHasEmailsDisabled" class="RoleCall\Comms\Services\SingleJobNotificationsGeneratorTest" file="/home/ubuntu/subhub-api/tests/Comms/Services/SingleJobNotificationsGeneratorTest.php" line="231" assertions="4" time="0.223108"/>
      <testcase name="testDistrictHasTextsDisabled" class="RoleCall\Comms\Services\SingleJobNotificationsGeneratorTest" file="/home/ubuntu/subhub-api/tests/Comms/Services/SingleJobNotificationsGeneratorTest.php" line="261" assertions="4" time="0.281613"/>
      <testcase name="testWhenUserHasNoPhoneNumberSet" class="RoleCall\Comms\Services\SingleJobNotificationsGeneratorTest" file="/home/ubuntu/subhub-api/tests/Comms/Services/SingleJobNotificationsGeneratorTest.php" line="291" assertions="3" time="0.222606"/>
      <testcase name="testWhenUserHasCallsDisabled" class="RoleCall\Comms\Services\SingleJobNotificationsGeneratorTest" file="/home/ubuntu/subhub-api/tests/Comms/Services/SingleJobNotificationsGeneratorTest.php" line="313" assertions="3" time="0.276371"/>
      <testcase name="testWHenUserHasNoEmailSet" class="RoleCall\Comms\Services\SingleJobNotificationsGeneratorTest" file="/home/ubuntu/subhub-api/tests/Comms/Services/SingleJobNotificationsGeneratorTest.php" line="335" assertions="3" time="0.223773"/>
      <testcase name="testWhenUserHasEmailsDisabled" class="RoleCall\Comms\Services\SingleJobNotificationsGeneratorTest" file="/home/ubuntu/subhub-api/tests/Comms/Services/SingleJobNotificationsGeneratorTest.php" line="357" assertions="3" time="0.225399"/>
      <testcase name="testWhenUserHasEmailsPausedAndDisabled" class="RoleCall\Comms\Services\SingleJobNotificationsGeneratorTest" file="/home/ubuntu/subhub-api/tests/Comms/Services/SingleJobNotificationsGeneratorTest.php" line="379" assertions="3" time="0.281958"/>
      <testcase name="testWithPreferredSubs" class="RoleCall\Comms\Services\SingleJobNotificationsGeneratorTest" file="/home/ubuntu/subhub-api/tests/Comms/Services/SingleJobNotificationsGeneratorTest.php" line="404" assertions="3" time="0.245223"/>
    </testsuite>
    <testsuite name="RoleCall\Comms\Services\UnapprovedTimecardNotificationsGeneratorTest" file="/home/ubuntu/subhub-api/tests/Comms/Services/UnapprovedTimecardNotificationsGeneratorTest.php" tests="6" assertions="1" failures="0" errors="0" time="1.426412">
      <testcase name="testCreateInstance" class="RoleCall\Comms\Services\UnapprovedTimecardNotificationsGeneratorTest" file="/home/ubuntu/subhub-api/tests/Comms/Services/UnapprovedTimecardNotificationsGeneratorTest.php" line="71" assertions="1" time="0.172727"/>
      <testcase name="testGenerate" class="RoleCall\Comms\Services\UnapprovedTimecardNotificationsGeneratorTest" file="/home/ubuntu/subhub-api/tests/Comms/Services/UnapprovedTimecardNotificationsGeneratorTest.php" line="79" assertions="0" time="0.254922"/>
      <testcase name="testGenerateWithNotificationsDisabled" class="RoleCall\Comms\Services\UnapprovedTimecardNotificationsGeneratorTest" file="/home/ubuntu/subhub-api/tests/Comms/Services/UnapprovedTimecardNotificationsGeneratorTest.php" line="91" assertions="0" time="0.211322"/>
      <testcase name="testWithoutEmail" class="RoleCall\Comms\Services\UnapprovedTimecardNotificationsGeneratorTest" file="/home/ubuntu/subhub-api/tests/Comms/Services/UnapprovedTimecardNotificationsGeneratorTest.php" line="106" assertions="0" time="0.274957"/>
      <testcase name="testGenerateWithAlreadyNotifiedTimecard" class="RoleCall\Comms\Services\UnapprovedTimecardNotificationsGeneratorTest" file="/home/ubuntu/subhub-api/tests/Comms/Services/UnapprovedTimecardNotificationsGeneratorTest.php" line="116" assertions="0" time="0.254712"/>
      <testcase name="testGenerateWithTimecardWithAPositionTheApproverDoesntApprove" class="RoleCall\Comms\Services\UnapprovedTimecardNotificationsGeneratorTest" file="/home/ubuntu/subhub-api/tests/Comms/Services/UnapprovedTimecardNotificationsGeneratorTest.php" line="131" assertions="0" time="0.257772"/>
    </testsuite>
    <testsuite name="RoleCall\Comms\Sms\Texts\YouHaveAJobOpportunityTextTest" file="/home/ubuntu/subhub-api/tests/Comms/Sms/Texts/YouHaveAJobOpportunityTextTest.php" tests="1" assertions="9" failures="0" errors="0" time="0.261435">
      <testcase name="testHandle" class="RoleCall\Comms\Sms\Texts\YouHaveAJobOpportunityTextTest" file="/home/ubuntu/subhub-api/tests/Comms/Sms/Texts/YouHaveAJobOpportunityTextTest.php" line="35" assertions="9" time="0.261435"/>
    </testsuite>
    <testsuite name="RoleCall\Credentials\ApplicantCredentialTest" file="/home/ubuntu/subhub-api/tests/Credentials/ApplicantCredentialTest.php" tests="4" assertions="4" failures="0" errors="0" time="0.528331">
      <testcase name="testTimestampsAreEnabled" class="RoleCall\Credentials\ApplicantCredentialTest" file="/home/ubuntu/subhub-api/tests/Credentials/ApplicantCredentialTest.php" line="16" assertions="1" time="0.118201"/>
      <testcase name="testFillable" class="RoleCall\Credentials\ApplicantCredentialTest" file="/home/ubuntu/subhub-api/tests/Credentials/ApplicantCredentialTest.php" line="21" assertions="1" time="0.117644"/>
      <testcase name="testDates" class="RoleCall\Credentials\ApplicantCredentialTest" file="/home/ubuntu/subhub-api/tests/Credentials/ApplicantCredentialTest.php" line="37" assertions="1" time="0.173736"/>
      <testcase name="testAttributes" class="RoleCall\Credentials\ApplicantCredentialTest" file="/home/ubuntu/subhub-api/tests/Credentials/ApplicantCredentialTest.php" line="49" assertions="1" time="0.118750"/>
    </testsuite>
    <testsuite name="RoleCall\Credentials\Controllers\CredentialsControllerTest" file="/home/ubuntu/subhub-api/tests/Credentials/Controllers/CredentialsControllerTest.php" tests="5" assertions="10" failures="0" errors="0" time="1.236913">
      <testcase name="testIndex" class="RoleCall\Credentials\Controllers\CredentialsControllerTest" file="/home/ubuntu/subhub-api/tests/Credentials/Controllers/CredentialsControllerTest.php" line="14" assertions="2" time="0.343344"/>
      <testcase name="testShow" class="RoleCall\Credentials\Controllers\CredentialsControllerTest" file="/home/ubuntu/subhub-api/tests/Credentials/Controllers/CredentialsControllerTest.php" line="27" assertions="2" time="0.296919"/>
      <testcase name="testStore" class="RoleCall\Credentials\Controllers\CredentialsControllerTest" file="/home/ubuntu/subhub-api/tests/Credentials/Controllers/CredentialsControllerTest.php" line="43" assertions="2" time="0.237934"/>
      <testcase name="testUpdate" class="RoleCall\Credentials\Controllers\CredentialsControllerTest" file="/home/ubuntu/subhub-api/tests/Credentials/Controllers/CredentialsControllerTest.php" line="57" assertions="2" time="0.182981"/>
      <testcase name="testDelete" class="RoleCall\Credentials\Controllers\CredentialsControllerTest" file="/home/ubuntu/subhub-api/tests/Credentials/Controllers/CredentialsControllerTest.php" line="75" assertions="2" time="0.175735"/>
    </testsuite>
    <testsuite name="RoleCall\Credentials\CredentialTest" file="/home/ubuntu/subhub-api/tests/Credentials/CredentialTest.php" tests="4" assertions="4" failures="0" errors="0" time="0.589605">
      <testcase name="testTimestampsAreEnabled" class="RoleCall\Credentials\CredentialTest" file="/home/ubuntu/subhub-api/tests/Credentials/CredentialTest.php" line="16" assertions="1" time="0.176036"/>
      <testcase name="testFillable" class="RoleCall\Credentials\CredentialTest" file="/home/ubuntu/subhub-api/tests/Credentials/CredentialTest.php" line="21" assertions="1" time="0.119971"/>
      <testcase name="testDates" class="RoleCall\Credentials\CredentialTest" file="/home/ubuntu/subhub-api/tests/Credentials/CredentialTest.php" line="31" assertions="1" time="0.120478"/>
      <testcase name="testStaticTypes" class="RoleCall\Credentials\CredentialTest" file="/home/ubuntu/subhub-api/tests/Credentials/CredentialTest.php" line="41" assertions="1" time="0.173120"/>
    </testsuite>
    <testsuite name="RoleCall\Credentials\Policies\CredentialPolicyTest" file="/home/ubuntu/subhub-api/tests/Credentials/Policies/CredentialPolicyTest.php" tests="5" assertions="22" failures="0" errors="0" time="0.879484">
      <testcase name="testCreate" class="RoleCall\Credentials\Policies\CredentialPolicyTest" file="/home/ubuntu/subhub-api/tests/Credentials/Policies/CredentialPolicyTest.php" line="38" assertions="4" time="0.162376"/>
      <testcase name="testDelete" class="RoleCall\Credentials\Policies\CredentialPolicyTest" file="/home/ubuntu/subhub-api/tests/Credentials/Policies/CredentialPolicyTest.php" line="48" assertions="6" time="0.159848"/>
      <testcase name="testIndex" class="RoleCall\Credentials\Policies\CredentialPolicyTest" file="/home/ubuntu/subhub-api/tests/Credentials/Policies/CredentialPolicyTest.php" line="67" assertions="4" time="0.218831"/>
      <testcase name="testUpdate" class="RoleCall\Credentials\Policies\CredentialPolicyTest" file="/home/ubuntu/subhub-api/tests/Credentials/Policies/CredentialPolicyTest.php" line="77" assertions="4" time="0.168976"/>
      <testcase name="testView" class="RoleCall\Credentials\Policies\CredentialPolicyTest" file="/home/ubuntu/subhub-api/tests/Credentials/Policies/CredentialPolicyTest.php" line="90" assertions="4" time="0.169453"/>
    </testsuite>
    <testsuite name="RoleCall\Credentials\RequisitionCredentialTest" file="/home/ubuntu/subhub-api/tests/Credentials/RequisitionCredentialTest.php" tests="4" assertions="4" failures="0" errors="0" time="0.591362">
      <testcase name="testTimestampsAreEnabled" class="RoleCall\Credentials\RequisitionCredentialTest" file="/home/ubuntu/subhub-api/tests/Credentials/RequisitionCredentialTest.php" line="16" assertions="1" time="0.176147"/>
      <testcase name="testFillable" class="RoleCall\Credentials\RequisitionCredentialTest" file="/home/ubuntu/subhub-api/tests/Credentials/RequisitionCredentialTest.php" line="21" assertions="1" time="0.121595"/>
      <testcase name="testDates" class="RoleCall\Credentials\RequisitionCredentialTest" file="/home/ubuntu/subhub-api/tests/Credentials/RequisitionCredentialTest.php" line="31" assertions="1" time="0.119833"/>
      <testcase name="testAttributes" class="RoleCall\Credentials\RequisitionCredentialTest" file="/home/ubuntu/subhub-api/tests/Credentials/RequisitionCredentialTest.php" line="41" assertions="1" time="0.173787"/>
    </testsuite>
    <testsuite name="RoleCall\Credentials\Services\CreateApplicantCredentialTest" file="/home/ubuntu/subhub-api/tests/Credentials/Services/CreateApplicantCredentialTest.php" tests="1" assertions="5" failures="0" errors="0" time="0.134902">
      <testcase name="testCreate" class="RoleCall\Credentials\Services\CreateApplicantCredentialTest" file="/home/ubuntu/subhub-api/tests/Credentials/Services/CreateApplicantCredentialTest.php" line="12" assertions="5" time="0.134902"/>
    </testsuite>
    <testsuite name="RoleCall\Credentials\Services\UpdateApplicantCredentialTest" file="/home/ubuntu/subhub-api/tests/Credentials/Services/UpdateApplicantCredentialTest.php" tests="1" assertions="5" failures="0" errors="0" time="0.138682">
      <testcase name="testUpdate" class="RoleCall\Credentials\Services\UpdateApplicantCredentialTest" file="/home/ubuntu/subhub-api/tests/Credentials/Services/UpdateApplicantCredentialTest.php" line="12" assertions="5" time="0.138682"/>
    </testsuite>
    <testsuite name="RoleCall\Dashboard\Controllers\DashboardControllerTest" file="/home/ubuntu/subhub-api/tests/Dashboard/Controllers/DashboardControllerTest.php" tests="9" assertions="13" failures="0" errors="0" time="3.030501">
      <testcase name="testAsSchoolAdmin" class="RoleCall\Dashboard\Controllers\DashboardControllerTest" file="/home/ubuntu/subhub-api/tests/Dashboard/Controllers/DashboardControllerTest.php" line="16" assertions="4" time="0.377150"/>
      <testcase name="testAsEmployee" class="RoleCall\Dashboard\Controllers\DashboardControllerTest" file="/home/ubuntu/subhub-api/tests/Dashboard/Controllers/DashboardControllerTest.php" line="36" assertions="1" time="0.366814"/>
      <testcase name="testAsSub" class="RoleCall\Dashboard\Controllers\DashboardControllerTest" file="/home/ubuntu/subhub-api/tests/Dashboard/Controllers/DashboardControllerTest.php" line="47" assertions="1" time="0.418720"/>
      <testcase name="testAsDistrictAdmin" class="RoleCall\Dashboard\Controllers\DashboardControllerTest" file="/home/ubuntu/subhub-api/tests/Dashboard/Controllers/DashboardControllerTest.php" line="64" assertions="1" time="0.341573"/>
      <testcase name="testAsTimeApprover" class="RoleCall\Dashboard\Controllers\DashboardControllerTest" file="/home/ubuntu/subhub-api/tests/Dashboard/Controllers/DashboardControllerTest.php" line="78" assertions="1" time="0.357942"/>
      <testcase name="testAsAbsenceApprover" class="RoleCall\Dashboard\Controllers\DashboardControllerTest" file="/home/ubuntu/subhub-api/tests/Dashboard/Controllers/DashboardControllerTest.php" line="95" assertions="1" time="0.300894"/>
      <testcase name="testAsRegionAdmin" class="RoleCall\Dashboard\Controllers\DashboardControllerTest" file="/home/ubuntu/subhub-api/tests/Dashboard/Controllers/DashboardControllerTest.php" line="112" assertions="1" time="0.330556"/>
      <testcase name="testAsAgencyAdmin" class="RoleCall\Dashboard\Controllers\DashboardControllerTest" file="/home/ubuntu/subhub-api/tests/Dashboard/Controllers/DashboardControllerTest.php" line="126" assertions="1" time="0.388466"/>
      <testcase name="testAsRoleless" class="RoleCall\Dashboard\Controllers\DashboardControllerTest" file="/home/ubuntu/subhub-api/tests/Dashboard/Controllers/DashboardControllerTest.php" line="140" assertions="2" time="0.148386"/>
    </testsuite>
    <testsuite name="RoleCall\Districts\AccountingCodeTest" file="/home/ubuntu/subhub-api/tests/Districts/AccountingCodeTest.php" tests="9" assertions="15" failures="0" errors="0" time="1.448953">
      <testcase name="testTimestampsAreEnabled" class="RoleCall\Districts\AccountingCodeTest" file="/home/ubuntu/subhub-api/tests/Districts/AccountingCodeTest.php" line="20" assertions="1" time="0.120566"/>
      <testcase name="testFillable" class="RoleCall\Districts\AccountingCodeTest" file="/home/ubuntu/subhub-api/tests/Districts/AccountingCodeTest.php" line="25" assertions="1" time="0.177654"/>
      <testcase name="testCasts" class="RoleCall\Districts\AccountingCodeTest" file="/home/ubuntu/subhub-api/tests/Districts/AccountingCodeTest.php" line="36" assertions="1" time="0.120689"/>
      <testcase name="testDates" class="RoleCall\Districts\AccountingCodeTest" file="/home/ubuntu/subhub-api/tests/Districts/AccountingCodeTest.php" line="46" assertions="1" time="0.122295"/>
      <testcase name="testCreateAccountingCode" class="RoleCall\Districts\AccountingCodeTest" file="/home/ubuntu/subhub-api/tests/Districts/AccountingCodeTest.php" line="56" assertions="1" time="0.203179"/>
      <testcase name="testDeleteAccountingCode" class="RoleCall\Districts\AccountingCodeTest" file="/home/ubuntu/subhub-api/tests/Districts/AccountingCodeTest.php" line="64" assertions="2" time="0.151401"/>
      <testcase name="testDistrictRelation" class="RoleCall\Districts\AccountingCodeTest" file="/home/ubuntu/subhub-api/tests/Districts/AccountingCodeTest.php" line="76" assertions="3" time="0.153036"/>
      <testcase name="testEmployeePositionRelation" class="RoleCall\Districts\AccountingCodeTest" file="/home/ubuntu/subhub-api/tests/Districts/AccountingCodeTest.php" line="91" assertions="3" time="0.229926"/>
      <testcase name="testEmployeePositionRelationPivotData" class="RoleCall\Districts\AccountingCodeTest" file="/home/ubuntu/subhub-api/tests/Districts/AccountingCodeTest.php" line="123" assertions="2" time="0.170207"/>
    </testsuite>
    <testsuite name="RoleCall\Districts\Controllers\AccountingCodesControllerTest" file="/home/ubuntu/subhub-api/tests/Districts/Controllers/AccountingCodesControllerTest.php" tests="3" assertions="15" failures="0" errors="0" time="0.675593">
      <testcase name="testStore" class="RoleCall\Districts\Controllers\AccountingCodesControllerTest" file="/home/ubuntu/subhub-api/tests/Districts/Controllers/AccountingCodesControllerTest.php" line="13" assertions="4" time="0.249605"/>
      <testcase name="testUpdate" class="RoleCall\Districts\Controllers\AccountingCodesControllerTest" file="/home/ubuntu/subhub-api/tests/Districts/Controllers/AccountingCodesControllerTest.php" line="33" assertions="6" time="0.188327"/>
      <testcase name="testDelete" class="RoleCall\Districts\Controllers\AccountingCodesControllerTest" file="/home/ubuntu/subhub-api/tests/Districts/Controllers/AccountingCodesControllerTest.php" line="55" assertions="5" time="0.237661"/>
    </testsuite>
    <testsuite name="RoleCall\Districts\Controllers\AccountingControllerTest" file="/home/ubuntu/subhub-api/tests/Districts/Controllers/AccountingControllerTest.php" tests="1" assertions="1" failures="0" errors="0" time="0.308881">
      <testcase name="testIndex" class="RoleCall\Districts\Controllers\AccountingControllerTest" file="/home/ubuntu/subhub-api/tests/Districts/Controllers/AccountingControllerTest.php" line="13" assertions="1" time="0.308881"/>
    </testsuite>
    <testsuite name="RoleCall\Districts\Controllers\DistrictCustomPositionFieldsControllerTest" file="/home/ubuntu/subhub-api/tests/Districts/Controllers/DistrictCustomPositionFieldsControllerTest.php" tests="8" assertions="60" failures="0" errors="0" time="2.016535">
      <testcase name="testStore" class="RoleCall\Districts\Controllers\DistrictCustomPositionFieldsControllerTest" file="/home/ubuntu/subhub-api/tests/Districts/Controllers/DistrictCustomPositionFieldsControllerTest.php" line="14" assertions="5" time="0.253211"/>
      <testcase name="testStoreUniqueNamesForDistrict" class="RoleCall\Districts\Controllers\DistrictCustomPositionFieldsControllerTest" file="/home/ubuntu/subhub-api/tests/Districts/Controllers/DistrictCustomPositionFieldsControllerTest.php" line="34" assertions="9" time="0.228348"/>
      <testcase name="testStoreNonUniqueNameInSameDistrictFails" class="RoleCall\Districts\Controllers\DistrictCustomPositionFieldsControllerTest" file="/home/ubuntu/subhub-api/tests/Districts/Controllers/DistrictCustomPositionFieldsControllerTest.php" line="61" assertions="10" time="0.278311"/>
      <testcase name="testStoreNonUniqueNameInDifferentDistrictSucceeds" class="RoleCall\Districts\Controllers\DistrictCustomPositionFieldsControllerTest" file="/home/ubuntu/subhub-api/tests/Districts/Controllers/DistrictCustomPositionFieldsControllerTest.php" line="88" assertions="10" time="0.309738"/>
      <testcase name="testUpdate" class="RoleCall\Districts\Controllers\DistrictCustomPositionFieldsControllerTest" file="/home/ubuntu/subhub-api/tests/Districts/Controllers/DistrictCustomPositionFieldsControllerTest.php" line="121" assertions="5" time="0.199235"/>
      <testcase name="testUpdateNonUniqueForDistrictFails" class="RoleCall\Districts\Controllers\DistrictCustomPositionFieldsControllerTest" file="/home/ubuntu/subhub-api/tests/Districts/Controllers/DistrictCustomPositionFieldsControllerTest.php" line="143" assertions="6" time="0.249745"/>
      <testcase name="testUpdateNonUniqueOutsideOfDistrictSucceeds" class="RoleCall\Districts\Controllers\DistrictCustomPositionFieldsControllerTest" file="/home/ubuntu/subhub-api/tests/Districts/Controllers/DistrictCustomPositionFieldsControllerTest.php" line="166" assertions="6" time="0.232478"/>
      <testcase name="testIndex" class="RoleCall\Districts\Controllers\DistrictCustomPositionFieldsControllerTest" file="/home/ubuntu/subhub-api/tests/Districts/Controllers/DistrictCustomPositionFieldsControllerTest.php" line="195" assertions="9" time="0.265469"/>
    </testsuite>
    <testsuite name="RoleCall\Districts\Controllers\DistrictCustomSchoolFieldsControllerTest" file="/home/ubuntu/subhub-api/tests/Districts/Controllers/DistrictCustomSchoolFieldsControllerTest.php" tests="8" assertions="60" failures="0" errors="0" time="1.969457">
      <testcase name="testStore" class="RoleCall\Districts\Controllers\DistrictCustomSchoolFieldsControllerTest" file="/home/ubuntu/subhub-api/tests/Districts/Controllers/DistrictCustomSchoolFieldsControllerTest.php" line="14" assertions="5" time="0.205238"/>
      <testcase name="testStoreUniqueNamesForDistrict" class="RoleCall\Districts\Controllers\DistrictCustomSchoolFieldsControllerTest" file="/home/ubuntu/subhub-api/tests/Districts/Controllers/DistrictCustomSchoolFieldsControllerTest.php" line="34" assertions="9" time="0.283411"/>
      <testcase name="testStoreNonUniqueNameInSameDistrictFails" class="RoleCall\Districts\Controllers\DistrictCustomSchoolFieldsControllerTest" file="/home/ubuntu/subhub-api/tests/Districts/Controllers/DistrictCustomSchoolFieldsControllerTest.php" line="61" assertions="10" time="0.224246"/>
      <testcase name="testStoreNonUniqueNameInDifferentDistrictSucceeds" class="RoleCall\Districts\Controllers\DistrictCustomSchoolFieldsControllerTest" file="/home/ubuntu/subhub-api/tests/Districts/Controllers/DistrictCustomSchoolFieldsControllerTest.php" line="88" assertions="10" time="0.317201"/>
      <testcase name="testUpdate" class="RoleCall\Districts\Controllers\DistrictCustomSchoolFieldsControllerTest" file="/home/ubuntu/subhub-api/tests/Districts/Controllers/DistrictCustomSchoolFieldsControllerTest.php" line="121" assertions="5" time="0.196447"/>
      <testcase name="testUpdateNonUniqueForDistrictFails" class="RoleCall\Districts\Controllers\DistrictCustomSchoolFieldsControllerTest" file="/home/ubuntu/subhub-api/tests/Districts/Controllers/DistrictCustomSchoolFieldsControllerTest.php" line="143" assertions="6" time="0.249078"/>
      <testcase name="testUpdateNonUniqueOutsideOfDistrictSucceeds" class="RoleCall\Districts\Controllers\DistrictCustomSchoolFieldsControllerTest" file="/home/ubuntu/subhub-api/tests/Districts/Controllers/DistrictCustomSchoolFieldsControllerTest.php" line="166" assertions="6" time="0.230306"/>
      <testcase name="testIndex" class="RoleCall\Districts\Controllers\DistrictCustomSchoolFieldsControllerTest" file="/home/ubuntu/subhub-api/tests/Districts/Controllers/DistrictCustomSchoolFieldsControllerTest.php" line="195" assertions="9" time="0.263530"/>
    </testsuite>
    <testsuite name="RoleCall\Districts\Controllers\DistrictCustomUserFieldsControllerTest" file="/home/ubuntu/subhub-api/tests/Districts/Controllers/DistrictCustomUserFieldsControllerTest.php" tests="8" assertions="60" failures="0" errors="0" time="1.956574">
      <testcase name="testStore" class="RoleCall\Districts\Controllers\DistrictCustomUserFieldsControllerTest" file="/home/ubuntu/subhub-api/tests/Districts/Controllers/DistrictCustomUserFieldsControllerTest.php" line="14" assertions="5" time="0.249464"/>
      <testcase name="testStoreUniqueNamesForDistrict" class="RoleCall\Districts\Controllers\DistrictCustomUserFieldsControllerTest" file="/home/ubuntu/subhub-api/tests/Districts/Controllers/DistrictCustomUserFieldsControllerTest.php" line="34" assertions="9" time="0.229514"/>
      <testcase name="testStoreNonUniqueNameInSameDistrictFails" class="RoleCall\Districts\Controllers\DistrictCustomUserFieldsControllerTest" file="/home/ubuntu/subhub-api/tests/Districts/Controllers/DistrictCustomUserFieldsControllerTest.php" line="61" assertions="10" time="0.280568"/>
      <testcase name="testStoreNonUniqueNameInDifferentDistrictSucceeds" class="RoleCall\Districts\Controllers\DistrictCustomUserFieldsControllerTest" file="/home/ubuntu/subhub-api/tests/Districts/Controllers/DistrictCustomUserFieldsControllerTest.php" line="88" assertions="10" time="0.259066"/>
      <testcase name="testUpdate" class="RoleCall\Districts\Controllers\DistrictCustomUserFieldsControllerTest" file="/home/ubuntu/subhub-api/tests/Districts/Controllers/DistrictCustomUserFieldsControllerTest.php" line="121" assertions="5" time="0.251339"/>
      <testcase name="testUpdateNonUniqueForDistrictFails" class="RoleCall\Districts\Controllers\DistrictCustomUserFieldsControllerTest" file="/home/ubuntu/subhub-api/tests/Districts/Controllers/DistrictCustomUserFieldsControllerTest.php" line="143" assertions="6" time="0.193769"/>
      <testcase name="testUpdateNonUniqueOutsideOfDistrictSucceeds" class="RoleCall\Districts\Controllers\DistrictCustomUserFieldsControllerTest" file="/home/ubuntu/subhub-api/tests/Districts/Controllers/DistrictCustomUserFieldsControllerTest.php" line="166" assertions="6" time="0.283616"/>
      <testcase name="testIndex" class="RoleCall\Districts\Controllers\DistrictCustomUserFieldsControllerTest" file="/home/ubuntu/subhub-api/tests/Districts/Controllers/DistrictCustomUserFieldsControllerTest.php" line="195" assertions="9" time="0.209238"/>
    </testsuite>
    <testsuite name="RoleCall\Districts\Controllers\DistrictDatesControllerTest" file="/home/ubuntu/subhub-api/tests/Districts/Controllers/DistrictDatesControllerTest.php" tests="4" assertions="29" failures="0" errors="0" time="1.160368">
      <testcase name="testStore" class="RoleCall\Districts\Controllers\DistrictDatesControllerTest" file="/home/ubuntu/subhub-api/tests/Districts/Controllers/DistrictDatesControllerTest.php" line="20" assertions="6" time="0.331246"/>
      <testcase name="testUpdate" class="RoleCall\Districts\Controllers\DistrictDatesControllerTest" file="/home/ubuntu/subhub-api/tests/Districts/Controllers/DistrictDatesControllerTest.php" line="57" assertions="13" time="0.327019"/>
      <testcase name="testDestroy" class="RoleCall\Districts\Controllers\DistrictDatesControllerTest" file="/home/ubuntu/subhub-api/tests/Districts/Controllers/DistrictDatesControllerTest.php" line="114" assertions="4" time="0.267529"/>
      <testcase name="testDestroyWithAbsences" class="RoleCall\Districts\Controllers\DistrictDatesControllerTest" file="/home/ubuntu/subhub-api/tests/Districts/Controllers/DistrictDatesControllerTest.php" line="143" assertions="6" time="0.234574"/>
    </testsuite>
    <testsuite name="RoleCall\Districts\Controllers\DistrictGradesControllerTest" file="/home/ubuntu/subhub-api/tests/Districts/Controllers/DistrictGradesControllerTest.php" tests="1" assertions="2" failures="0" errors="0" time="0.246077">
      <testcase name="testShow" class="RoleCall\Districts\Controllers\DistrictGradesControllerTest" file="/home/ubuntu/subhub-api/tests/Districts/Controllers/DistrictGradesControllerTest.php" line="17" assertions="2" time="0.246077"/>
    </testsuite>
    <testsuite name="RoleCall\Districts\Controllers\DistrictLeaveBalanceControllerTest" file="/home/ubuntu/subhub-api/tests/Districts/Controllers/DistrictLeaveBalanceControllerTest.php" tests="3" assertions="7" failures="0" errors="0" time="0.990438">
      <testcase name="testIndex" class="RoleCall\Districts\Controllers\DistrictLeaveBalanceControllerTest" file="/home/ubuntu/subhub-api/tests/Districts/Controllers/DistrictLeaveBalanceControllerTest.php" line="13" assertions="1" time="0.378626"/>
      <testcase name="testAdjustmentForm" class="RoleCall\Districts\Controllers\DistrictLeaveBalanceControllerTest" file="/home/ubuntu/subhub-api/tests/Districts/Controllers/DistrictLeaveBalanceControllerTest.php" line="25" assertions="2" time="0.337867"/>
      <testcase name="testAdjustmentSave" class="RoleCall\Districts\Controllers\DistrictLeaveBalanceControllerTest" file="/home/ubuntu/subhub-api/tests/Districts/Controllers/DistrictLeaveBalanceControllerTest.php" line="42" assertions="4" time="0.273945"/>
    </testsuite>
    <testsuite name="RoleCall\Districts\Controllers\DistrictLeaveBalanceEmployeesControllerTest" file="/home/ubuntu/subhub-api/tests/Districts/Controllers/DistrictLeaveBalanceEmployeesControllerTest.php" tests="1" assertions="1" failures="0" errors="0" time="0.412592">
      <testcase name="testShow" class="RoleCall\Districts\Controllers\DistrictLeaveBalanceEmployeesControllerTest" file="/home/ubuntu/subhub-api/tests/Districts/Controllers/DistrictLeaveBalanceEmployeesControllerTest.php" line="13" assertions="1" time="0.412592"/>
    </testsuite>
    <testsuite name="RoleCall\Districts\Controllers\DistrictModulesControllerTest" file="/home/ubuntu/subhub-api/tests/Districts/Controllers/DistrictModulesControllerTest.php" tests="2" assertions="18" failures="0" errors="0" time="0.538160">
      <testcase name="testUpdate" class="RoleCall\Districts\Controllers\DistrictModulesControllerTest" file="/home/ubuntu/subhub-api/tests/Districts/Controllers/DistrictModulesControllerTest.php" line="14" assertions="16" time="0.201108"/>
      <testcase name="testShow" class="RoleCall\Districts\Controllers\DistrictModulesControllerTest" file="/home/ubuntu/subhub-api/tests/Districts/Controllers/DistrictModulesControllerTest.php" line="64" assertions="2" time="0.337052"/>
    </testsuite>
    <testsuite name="RoleCall\Districts\Controllers\DistrictSchoolYearsControllerTest" file="/home/ubuntu/subhub-api/tests/Districts/Controllers/DistrictSchoolYearsControllerTest.php" tests="5" assertions="13" failures="0" errors="0" time="1.300999">
      <testcase name="testShow" class="RoleCall\Districts\Controllers\DistrictSchoolYearsControllerTest" file="/home/ubuntu/subhub-api/tests/Districts/Controllers/DistrictSchoolYearsControllerTest.php" line="15" assertions="1" time="0.370474"/>
      <testcase name="testStore" class="RoleCall\Districts\Controllers\DistrictSchoolYearsControllerTest" file="/home/ubuntu/subhub-api/tests/Districts/Controllers/DistrictSchoolYearsControllerTest.php" line="28" assertions="4" time="0.199685"/>
      <testcase name="testStoreHasModuleTimeAttendance" class="RoleCall\Districts\Controllers\DistrictSchoolYearsControllerTest" file="/home/ubuntu/subhub-api/tests/Districts/Controllers/DistrictSchoolYearsControllerTest.php" line="51" assertions="4" time="0.259179"/>
      <testcase name="testUpdate" class="RoleCall\Districts\Controllers\DistrictSchoolYearsControllerTest" file="/home/ubuntu/subhub-api/tests/Districts/Controllers/DistrictSchoolYearsControllerTest.php" line="77" assertions="2" time="0.206537"/>
      <testcase name="testUpdateHasModuleTimeAttendance" class="RoleCall\Districts\Controllers\DistrictSchoolYearsControllerTest" file="/home/ubuntu/subhub-api/tests/Districts/Controllers/DistrictSchoolYearsControllerTest.php" line="97" assertions="2" time="0.265124"/>
    </testsuite>
    <testsuite name="RoleCall\Districts\Controllers\DistrictSettingsControllerTest" file="/home/ubuntu/subhub-api/tests/Districts/Controllers/DistrictSettingsControllerTest.php" tests="3" assertions="5" failures="0" errors="0" time="0.854599">
      <testcase name="testGrades" class="RoleCall\Districts\Controllers\DistrictSettingsControllerTest" file="/home/ubuntu/subhub-api/tests/Districts/Controllers/DistrictSettingsControllerTest.php" line="14" assertions="2" time="0.200585"/>
      <testcase name="testSubjects" class="RoleCall\Districts\Controllers\DistrictSettingsControllerTest" file="/home/ubuntu/subhub-api/tests/Districts/Controllers/DistrictSettingsControllerTest.php" line="27" assertions="2" time="0.270923"/>
      <testcase name="testSubjectList" class="RoleCall\Districts\Controllers\DistrictSettingsControllerTest" file="/home/ubuntu/subhub-api/tests/Districts/Controllers/DistrictSettingsControllerTest.php" line="40" assertions="1" time="0.383091"/>
    </testsuite>
    <testsuite name="RoleCall\Districts\Controllers\DistrictSubjectsControllerTest" file="/home/ubuntu/subhub-api/tests/Districts/Controllers/DistrictSubjectsControllerTest.php" tests="4" assertions="14" failures="0" errors="0" time="1.054049">
      <testcase name="testShow" class="RoleCall\Districts\Controllers\DistrictSubjectsControllerTest" file="/home/ubuntu/subhub-api/tests/Districts/Controllers/DistrictSubjectsControllerTest.php" line="18" assertions="2" time="0.267994"/>
      <testcase name="testAdd" class="RoleCall\Districts\Controllers\DistrictSubjectsControllerTest" file="/home/ubuntu/subhub-api/tests/Districts/Controllers/DistrictSubjectsControllerTest.php" line="34" assertions="4" time="0.224218"/>
      <testcase name="testAddDouble" class="RoleCall\Districts\Controllers\DistrictSubjectsControllerTest" file="/home/ubuntu/subhub-api/tests/Districts/Controllers/DistrictSubjectsControllerTest.php" line="55" assertions="4" time="0.280556"/>
      <testcase name="testRemove" class="RoleCall\Districts\Controllers\DistrictSubjectsControllerTest" file="/home/ubuntu/subhub-api/tests/Districts/Controllers/DistrictSubjectsControllerTest.php" line="76" assertions="4" time="0.281281"/>
    </testsuite>
    <testsuite name="RoleCall\Districts\Controllers\DistrictsControllerTest" file="/home/ubuntu/subhub-api/tests/Districts/Controllers/DistrictsControllerTest.php" tests="3" assertions="15" failures="0" errors="0" time="1.137476">
      <testcase name="testIndex" class="RoleCall\Districts\Controllers\DistrictsControllerTest" file="/home/ubuntu/subhub-api/tests/Districts/Controllers/DistrictsControllerTest.php" line="14" assertions="3" time="0.411963"/>
      <testcase name="testEdit" class="RoleCall\Districts\Controllers\DistrictsControllerTest" file="/home/ubuntu/subhub-api/tests/Districts/Controllers/DistrictsControllerTest.php" line="26" assertions="2" time="0.397088"/>
      <testcase name="testUpdate" class="RoleCall\Districts\Controllers\DistrictsControllerTest" file="/home/ubuntu/subhub-api/tests/Districts/Controllers/DistrictsControllerTest.php" line="38" assertions="10" time="0.328425"/>
    </testsuite>
    <testsuite name="RoleCall\Districts\DistrictTest" file="/home/ubuntu/subhub-api/tests/Districts/DistrictTest.php" tests="27" assertions="48" failures="0" errors="0" time="5.003819">
      <testcase name="testGetUsers" class="RoleCall\Districts\DistrictTest" file="/home/ubuntu/subhub-api/tests/Districts/DistrictTest.php" line="19" assertions="2" time="0.184977"/>
      <testcase name="testGetSubs" class="RoleCall\Districts\DistrictTest" file="/home/ubuntu/subhub-api/tests/Districts/DistrictTest.php" line="31" assertions="2" time="0.176770"/>
      <testcase name="testGetAdmins" class="RoleCall\Districts\DistrictTest" file="/home/ubuntu/subhub-api/tests/Districts/DistrictTest.php" line="44" assertions="2" time="0.222612"/>
      <testcase name="testGetStaff" class="RoleCall\Districts\DistrictTest" file="/home/ubuntu/subhub-api/tests/Districts/DistrictTest.php" line="59" assertions="2" time="0.165728"/>
      <testcase name="testGetEmployees" class="RoleCall\Districts\DistrictTest" file="/home/ubuntu/subhub-api/tests/Districts/DistrictTest.php" line="72" assertions="2" time="0.172880"/>
      <testcase name="testAddSubStartDateDefaultsToNow" class="RoleCall\Districts\DistrictTest" file="/home/ubuntu/subhub-api/tests/Districts/DistrictTest.php" line="91" assertions="1" time="0.230795"/>
      <testcase name="testAddSubAttributes" class="RoleCall\Districts\DistrictTest" file="/home/ubuntu/subhub-api/tests/Districts/DistrictTest.php" line="108" assertions="1" time="0.173646"/>
      <testcase name="testAddSubAttributesEndDateBeforeStartDate" class="RoleCall\Districts\DistrictTest" file="/home/ubuntu/subhub-api/tests/Districts/DistrictTest.php" line="125" assertions="2" time="0.179057"/>
      <testcase name="testAddSubStartDate" class="RoleCall\Districts\DistrictTest" file="/home/ubuntu/subhub-api/tests/Districts/DistrictTest.php" line="143" assertions="1" time="0.228541"/>
      <testcase name="testAddSubNullPositions" class="RoleCall\Districts\DistrictTest" file="/home/ubuntu/subhub-api/tests/Districts/DistrictTest.php" line="160" assertions="1" time="0.172577"/>
      <testcase name="testAddSubArrayOfPositionIds" class="RoleCall\Districts\DistrictTest" file="/home/ubuntu/subhub-api/tests/Districts/DistrictTest.php" line="174" assertions="1" time="0.229618"/>
      <testcase name="testAddSubArrayOfPositions" class="RoleCall\Districts\DistrictTest" file="/home/ubuntu/subhub-api/tests/Districts/DistrictTest.php" line="188" assertions="1" time="0.181148"/>
      <testcase name="testAddSubCollectionOfEloquentPositionModels" class="RoleCall\Districts\DistrictTest" file="/home/ubuntu/subhub-api/tests/Districts/DistrictTest.php" line="202" assertions="1" time="0.174926"/>
      <testcase name="testAddSubCollectionOfPositionIds" class="RoleCall\Districts\DistrictTest" file="/home/ubuntu/subhub-api/tests/Districts/DistrictTest.php" line="216" assertions="1" time="0.230031"/>
      <testcase name="testAddSubCollectionOfPositionNames" class="RoleCall\Districts\DistrictTest" file="/home/ubuntu/subhub-api/tests/Districts/DistrictTest.php" line="230" assertions="1" time="0.168926"/>
      <testcase name="testAddSubPositionModel" class="RoleCall\Districts\DistrictTest" file="/home/ubuntu/subhub-api/tests/Districts/DistrictTest.php" line="246" assertions="1" time="0.174286"/>
      <testcase name="testAddSubPositionId" class="RoleCall\Districts\DistrictTest" file="/home/ubuntu/subhub-api/tests/Districts/DistrictTest.php" line="259" assertions="1" time="0.232754"/>
      <testcase name="testAddSubPositionName" class="RoleCall\Districts\DistrictTest" file="/home/ubuntu/subhub-api/tests/Districts/DistrictTest.php" line="272" assertions="1" time="0.167001"/>
      <testcase name="testCustomPositionFields" class="RoleCall\Districts\DistrictTest" file="/home/ubuntu/subhub-api/tests/Districts/DistrictTest.php" line="287" assertions="3" time="0.153595"/>
      <testcase name="testCustomSchoolFields" class="RoleCall\Districts\DistrictTest" file="/home/ubuntu/subhub-api/tests/Districts/DistrictTest.php" line="300" assertions="3" time="0.211755"/>
      <testcase name="testCustomUserFields" class="RoleCall\Districts\DistrictTest" file="/home/ubuntu/subhub-api/tests/Districts/DistrictTest.php" line="313" assertions="3" time="0.154162"/>
      <testcase name="testSetTwilioSidAttribute" class="RoleCall\Districts\DistrictTest" file="/home/ubuntu/subhub-api/tests/Districts/DistrictTest.php" line="326" assertions="1" time="0.148775"/>
      <testcase name="testSetTwilioTokenAttribute" class="RoleCall\Districts\DistrictTest" file="/home/ubuntu/subhub-api/tests/Districts/DistrictTest.php" line="334" assertions="1" time="0.207085"/>
      <testcase name="testDistrictProfileRelation" class="RoleCall\Districts\DistrictTest" file="/home/ubuntu/subhub-api/tests/Districts/DistrictTest.php" line="342" assertions="1" time="0.160191"/>
      <testcase name="testGetModuleEnabledAttributes" class="RoleCall\Districts\DistrictTest" file="/home/ubuntu/subhub-api/tests/Districts/DistrictTest.php" line="354" assertions="8" time="0.128673"/>
      <testcase name="testGetGrades" class="RoleCall\Districts\DistrictTest" file="/home/ubuntu/subhub-api/tests/Districts/DistrictTest.php" line="378" assertions="2" time="0.214513"/>
      <testcase name="testGetSubjects" class="RoleCall\Districts\DistrictTest" file="/home/ubuntu/subhub-api/tests/Districts/DistrictTest.php" line="389" assertions="2" time="0.158797"/>
    </testsuite>
    <testsuite name="RoleCall\Districts\Policies\AcaPolicyTest" file="/home/ubuntu/subhub-api/tests/Districts/Policies/AcaPolicyTest.php" tests="1" assertions="4" failures="0" errors="0" time="0.221815">
      <testcase name="testUpdate" class="RoleCall\Districts\Policies\AcaPolicyTest" file="/home/ubuntu/subhub-api/tests/Districts/Policies/AcaPolicyTest.php" line="15" assertions="4" time="0.221815"/>
    </testsuite>
    <testsuite name="RoleCall\Districts\Policies\AccountingCodePolicyTest" file="/home/ubuntu/subhub-api/tests/Districts/Policies/AccountingCodePolicyTest.php" tests="4" assertions="88" failures="0" errors="0" time="1.396450">
      <testcase name="testDelete" class="RoleCall\Districts\Policies\AccountingCodePolicyTest" file="/home/ubuntu/subhub-api/tests/Districts/Policies/AccountingCodePolicyTest.php" line="13" assertions="22" time="0.334553"/>
      <testcase name="testIndex" class="RoleCall\Districts\Policies\AccountingCodePolicyTest" file="/home/ubuntu/subhub-api/tests/Districts/Policies/AccountingCodePolicyTest.php" line="85" assertions="22" time="0.334267"/>
      <testcase name="testUpdate" class="RoleCall\Districts\Policies\AccountingCodePolicyTest" file="/home/ubuntu/subhub-api/tests/Districts/Policies/AccountingCodePolicyTest.php" line="157" assertions="22" time="0.395089"/>
      <testcase name="testStore" class="RoleCall\Districts\Policies\AccountingCodePolicyTest" file="/home/ubuntu/subhub-api/tests/Districts/Policies/AccountingCodePolicyTest.php" line="229" assertions="22" time="0.332541"/>
    </testsuite>
    <testsuite name="RoleCall\Districts\Policies\CustomEmployeePositionFieldPolicyTest" file="/home/ubuntu/subhub-api/tests/Districts/Policies/CustomEmployeePositionFieldPolicyTest.php" tests="1" assertions="110" failures="0" errors="0" time="0.329677">
      <testcase name="testPolicy" class="RoleCall\Districts\Policies\CustomEmployeePositionFieldPolicyTest" file="/home/ubuntu/subhub-api/tests/Districts/Policies/CustomEmployeePositionFieldPolicyTest.php" line="12" assertions="110" time="0.329677"/>
    </testsuite>
    <testsuite name="RoleCall\Districts\Policies\CustomPositionFieldPolicyTest" file="/home/ubuntu/subhub-api/tests/Districts/Policies/CustomPositionFieldPolicyTest.php" tests="1" assertions="110" failures="0" errors="0" time="0.389807">
      <testcase name="testPolicy" class="RoleCall\Districts\Policies\CustomPositionFieldPolicyTest" file="/home/ubuntu/subhub-api/tests/Districts/Policies/CustomPositionFieldPolicyTest.php" line="12" assertions="110" time="0.389807"/>
    </testsuite>
    <testsuite name="RoleCall\Districts\Policies\CustomSchoolFieldPolicyTest" file="/home/ubuntu/subhub-api/tests/Districts/Policies/CustomSchoolFieldPolicyTest.php" tests="1" assertions="110" failures="0" errors="0" time="0.331791">
      <testcase name="testPolicy" class="RoleCall\Districts\Policies\CustomSchoolFieldPolicyTest" file="/home/ubuntu/subhub-api/tests/Districts/Policies/CustomSchoolFieldPolicyTest.php" line="12" assertions="110" time="0.331791"/>
    </testsuite>
    <testsuite name="RoleCall\Districts\Policies\CustomUserFieldPolicyTest" file="/home/ubuntu/subhub-api/tests/Districts/Policies/CustomUserFieldPolicyTest.php" tests="1" assertions="110" failures="0" errors="0" time="0.331992">
      <testcase name="testPolicy" class="RoleCall\Districts\Policies\CustomUserFieldPolicyTest" file="/home/ubuntu/subhub-api/tests/Districts/Policies/CustomUserFieldPolicyTest.php" line="12" assertions="110" time="0.331992"/>
    </testsuite>
    <testsuite name="RoleCall\Districts\Policies\DistrictFilePolicyTest" file="/home/ubuntu/subhub-api/tests/Districts/Policies/DistrictFilePolicyTest.php" tests="4" assertions="89" failures="0" errors="0" time="1.371140">
      <testcase name="testCreate" class="RoleCall\Districts\Policies\DistrictFilePolicyTest" file="/home/ubuntu/subhub-api/tests/Districts/Policies/DistrictFilePolicyTest.php" line="13" assertions="23" time="0.374384"/>
      <testcase name="testDelete" class="RoleCall\Districts\Policies\DistrictFilePolicyTest" file="/home/ubuntu/subhub-api/tests/Districts/Policies/DistrictFilePolicyTest.php" line="97" assertions="22" time="0.315011"/>
      <testcase name="testIndex" class="RoleCall\Districts\Policies\DistrictFilePolicyTest" file="/home/ubuntu/subhub-api/tests/Districts/Policies/DistrictFilePolicyTest.php" line="172" assertions="22" time="0.303771"/>
      <testcase name="testUpdate" class="RoleCall\Districts\Policies\DistrictFilePolicyTest" file="/home/ubuntu/subhub-api/tests/Districts/Policies/DistrictFilePolicyTest.php" line="244" assertions="22" time="0.377974"/>
    </testsuite>
    <testsuite name="RoleCall\Districts\Policies\DistrictLeaveBalancePolicyTest" file="/home/ubuntu/subhub-api/tests/Districts/Policies/DistrictLeaveBalancePolicyTest.php" tests="2" assertions="44" failures="0" errors="0" time="0.723026">
      <testcase name="testIndex" class="RoleCall\Districts\Policies\DistrictLeaveBalancePolicyTest" file="/home/ubuntu/subhub-api/tests/Districts/Policies/DistrictLeaveBalancePolicyTest.php" line="13" assertions="22" time="0.333560"/>
      <testcase name="testUpdate" class="RoleCall\Districts\Policies\DistrictLeaveBalancePolicyTest" file="/home/ubuntu/subhub-api/tests/Districts/Policies/DistrictLeaveBalancePolicyTest.php" line="85" assertions="22" time="0.389466"/>
    </testsuite>
    <testsuite name="RoleCall\Districts\Policies\DistrictPolicyTest" file="/home/ubuntu/subhub-api/tests/Districts/Policies/DistrictPolicyTest.php" tests="17" assertions="352" failures="0" errors="0" time="5.413153">
      <testcase name="testCreate" class="RoleCall\Districts\Policies\DistrictPolicyTest" file="/home/ubuntu/subhub-api/tests/Districts/Policies/DistrictPolicyTest.php" line="13" assertions="22" time="0.293300"/>
      <testcase name="testDelete" class="RoleCall\Districts\Policies\DistrictPolicyTest" file="/home/ubuntu/subhub-api/tests/Districts/Policies/DistrictPolicyTest.php" line="85" assertions="22" time="0.290224"/>
      <testcase name="testIndex" class="RoleCall\Districts\Policies\DistrictPolicyTest" file="/home/ubuntu/subhub-api/tests/Districts/Policies/DistrictPolicyTest.php" line="157" assertions="11" time="0.357662"/>
      <testcase name="testUpdate" class="RoleCall\Districts\Policies\DistrictPolicyTest" file="/home/ubuntu/subhub-api/tests/Districts/Policies/DistrictPolicyTest.php" line="218" assertions="22" time="0.308774"/>
      <testcase name="testUpdateIntegrations" class="RoleCall\Districts\Policies\DistrictPolicyTest" file="/home/ubuntu/subhub-api/tests/Districts/Policies/DistrictPolicyTest.php" line="290" assertions="22" time="0.267924"/>
      <testcase name="testUpdateIsSelfManaged" class="RoleCall\Districts\Policies\DistrictPolicyTest" file="/home/ubuntu/subhub-api/tests/Districts/Policies/DistrictPolicyTest.php" line="362" assertions="11" time="0.290437"/>
      <testcase name="testUpdateNotifications" class="RoleCall\Districts\Policies\DistrictPolicyTest" file="/home/ubuntu/subhub-api/tests/Districts/Policies/DistrictPolicyTest.php" line="420" assertions="22" time="0.272900"/>
      <testcase name="testUpdateDirectAssign" class="RoleCall\Districts\Policies\DistrictPolicyTest" file="/home/ubuntu/subhub-api/tests/Districts/Policies/DistrictPolicyTest.php" line="492" assertions="22" time="0.307064"/>
      <testcase name="testDirectAssignSubs" class="RoleCall\Districts\Policies\DistrictPolicyTest" file="/home/ubuntu/subhub-api/tests/Districts/Policies/DistrictPolicyTest.php" line="564" assertions="22" time="0.405145"/>
      <testcase name="testView" class="RoleCall\Districts\Policies\DistrictPolicyTest" file="/home/ubuntu/subhub-api/tests/Districts/Policies/DistrictPolicyTest.php" line="639" assertions="22" time="0.419438"/>
      <testcase name="testViewCallHistory" class="RoleCall\Districts\Policies\DistrictPolicyTest" file="/home/ubuntu/subhub-api/tests/Districts/Policies/DistrictPolicyTest.php" line="711" assertions="22" time="0.301309"/>
      <testcase name="testViewChangeLogs" class="RoleCall\Districts\Policies\DistrictPolicyTest" file="/home/ubuntu/subhub-api/tests/Districts/Policies/DistrictPolicyTest.php" line="783" assertions="22" time="0.363613"/>
      <testcase name="testViewContactDetails" class="RoleCall\Districts\Policies\DistrictPolicyTest" file="/home/ubuntu/subhub-api/tests/Districts/Policies/DistrictPolicyTest.php" line="855" assertions="22" time="0.301519"/>
      <testcase name="testViewEmailHistory" class="RoleCall\Districts\Policies\DistrictPolicyTest" file="/home/ubuntu/subhub-api/tests/Districts/Policies/DistrictPolicyTest.php" line="924" assertions="22" time="0.356268"/>
      <testcase name="testViewIsSelfManaged" class="RoleCall\Districts\Policies\DistrictPolicyTest" file="/home/ubuntu/subhub-api/tests/Districts/Policies/DistrictPolicyTest.php" line="996" assertions="22" time="0.256698"/>
      <testcase name="testViewSmsHistory" class="RoleCall\Districts\Policies\DistrictPolicyTest" file="/home/ubuntu/subhub-api/tests/Districts/Policies/DistrictPolicyTest.php" line="1065" assertions="22" time="0.298022"/>
      <testcase name="testViewUserCounts" class="RoleCall\Districts\Policies\DistrictPolicyTest" file="/home/ubuntu/subhub-api/tests/Districts/Policies/DistrictPolicyTest.php" line="1137" assertions="22" time="0.322856"/>
    </testsuite>
    <testsuite name="RoleCall\Districts\Policies\ReasonLimitPolicyTest" file="/home/ubuntu/subhub-api/tests/Districts/Policies/ReasonLimitPolicyTest.php" tests="1" assertions="10" failures="0" errors="0" time="0.192029">
      <testcase name="testUpdate" class="RoleCall\Districts\Policies\ReasonLimitPolicyTest" file="/home/ubuntu/subhub-api/tests/Districts/Policies/ReasonLimitPolicyTest.php" line="13" assertions="10" time="0.192029"/>
    </testsuite>
    <testsuite name="RoleCall\Districts\Policies\SchoolYearPolicyTest" file="/home/ubuntu/subhub-api/tests/Districts/Policies/SchoolYearPolicyTest.php" tests="3" assertions="18" failures="0" errors="0" time="0.587867">
      <testcase name="testCreate" class="RoleCall\Districts\Policies\SchoolYearPolicyTest" file="/home/ubuntu/subhub-api/tests/Districts/Policies/SchoolYearPolicyTest.php" line="33" assertions="6" time="0.173331"/>
      <testcase name="testIndex" class="RoleCall\Districts\Policies\SchoolYearPolicyTest" file="/home/ubuntu/subhub-api/tests/Districts/Policies/SchoolYearPolicyTest.php" line="45" assertions="6" time="0.234445"/>
      <testcase name="testUpdate" class="RoleCall\Districts\Policies\SchoolYearPolicyTest" file="/home/ubuntu/subhub-api/tests/Districts/Policies/SchoolYearPolicyTest.php" line="57" assertions="6" time="0.180091"/>
    </testsuite>
    <testsuite name="RoleCall\Districts\Policies\TimeRulePolicyTest" file="/home/ubuntu/subhub-api/tests/Districts/Policies/TimeRulePolicyTest.php" tests="1" assertions="10" failures="0" errors="0" time="0.193352">
      <testcase name="testUpdate" class="RoleCall\Districts\Policies\TimeRulePolicyTest" file="/home/ubuntu/subhub-api/tests/Districts/Policies/TimeRulePolicyTest.php" line="13" assertions="10" time="0.193352"/>
    </testsuite>
    <testsuite name="RoleCall\Districts\Presenters\ReasonLimitPresenterTest" file="/home/ubuntu/subhub-api/tests/Districts/Presenters/ReasonLimitPresenterTest.php" tests="1" assertions="3" failures="0" errors="0" time="0.185604">
      <testcase name="testPresentLimitInHours" class="RoleCall\Districts\Presenters\ReasonLimitPresenterTest" file="/home/ubuntu/subhub-api/tests/Districts/Presenters/ReasonLimitPresenterTest.php" line="12" assertions="3" time="0.185604"/>
    </testsuite>
    <testsuite name="RoleCall\Districts\Requests\UpdateReasonLimitsRequestTest" file="/home/ubuntu/subhub-api/tests/Districts/Requests/UpdateReasonLimitsRequestTest.php" tests="2" assertions="5" failures="0" errors="0" time="0.249907">
      <testcase name="testValid" class="RoleCall\Districts\Requests\UpdateReasonLimitsRequestTest" file="/home/ubuntu/subhub-api/tests/Districts/Requests/UpdateReasonLimitsRequestTest.php" line="12" assertions="1" time="0.125043"/>
      <testcase name="testInvalidValues" class="RoleCall\Districts\Requests\UpdateReasonLimitsRequestTest" file="/home/ubuntu/subhub-api/tests/Districts/Requests/UpdateReasonLimitsRequestTest.php" line="29" assertions="4" time="0.124864"/>
    </testsuite>
    <testsuite name="RoleCall\Districts\Scopes\DistrictVisibleToScopeTest" file="/home/ubuntu/subhub-api/tests/Districts/Scopes/DistrictVisibleToScopeTest.php" tests="4" assertions="11" failures="0" errors="0" time="0.884576">
      <testcase name="testDistrictVisibleAsSuper" class="RoleCall\Districts\Scopes\DistrictVisibleToScopeTest" file="/home/ubuntu/subhub-api/tests/Districts/Scopes/DistrictVisibleToScopeTest.php" line="14" assertions="2" time="0.243653"/>
      <testcase name="testDistrictVisibleAsAdmin" class="RoleCall\Districts\Scopes\DistrictVisibleToScopeTest" file="/home/ubuntu/subhub-api/tests/Districts/Scopes/DistrictVisibleToScopeTest.php" line="27" assertions="3" time="0.186223"/>
      <testcase name="testDistrictVisibleAsAgencyAdmin" class="RoleCall\Districts\Scopes\DistrictVisibleToScopeTest" file="/home/ubuntu/subhub-api/tests/Districts/Scopes/DistrictVisibleToScopeTest.php" line="40" assertions="3" time="0.207607"/>
      <testcase name="testDistrictVisibleAsRegionAdmin" class="RoleCall\Districts\Scopes\DistrictVisibleToScopeTest" file="/home/ubuntu/subhub-api/tests/Districts/Scopes/DistrictVisibleToScopeTest.php" line="53" assertions="3" time="0.247093"/>
    </testsuite>
    <testsuite name="RoleCall\Districts\Services\CreateDistrictFileTest" file="/home/ubuntu/subhub-api/tests/Districts/Services/CreateDistrictFileTest.php" tests="2" assertions="17" failures="0" errors="0" time="0.408752">
      <testcase name="testCreateDistrictFile" class="RoleCall\Districts\Services\CreateDistrictFileTest" file="/home/ubuntu/subhub-api/tests/Districts/Services/CreateDistrictFileTest.php" line="16" assertions="6" time="0.171709"/>
      <testcase name="testCreateDistrictFileSameName" class="RoleCall\Districts\Services\CreateDistrictFileTest" file="/home/ubuntu/subhub-api/tests/Districts/Services/CreateDistrictFileTest.php" line="39" assertions="11" time="0.237043"/>
    </testsuite>
    <testsuite name="RoleCall\Districts\Services\CreateDistrictTest" file="/home/ubuntu/subhub-api/tests/Districts/Services/CreateDistrictTest.php" tests="3" assertions="10" failures="0" errors="0" time="0.502427">
      <testcase name="testCreateDistrict" class="RoleCall\Districts\Services\CreateDistrictTest" file="/home/ubuntu/subhub-api/tests/Districts/Services/CreateDistrictTest.php" line="15" assertions="6" time="0.151550"/>
      <testcase name="testSubjects" class="RoleCall\Districts\Services\CreateDistrictTest" file="/home/ubuntu/subhub-api/tests/Districts/Services/CreateDistrictTest.php" line="35" assertions="2" time="0.146713"/>
      <testcase name="testGrades" class="RoleCall\Districts\Services\CreateDistrictTest" file="/home/ubuntu/subhub-api/tests/Districts/Services/CreateDistrictTest.php" line="53" assertions="2" time="0.204164"/>
    </testsuite>
    <testsuite name="RoleCall\Districts\Services\DeleteDistrictFileTest" file="/home/ubuntu/subhub-api/tests/Districts/Services/DeleteDistrictFileTest.php" tests="1" assertions="8" failures="0" errors="0" time="0.177455">
      <testcase name="testDeleteDistrictFile" class="RoleCall\Districts\Services\DeleteDistrictFileTest" file="/home/ubuntu/subhub-api/tests/Districts/Services/DeleteDistrictFileTest.php" line="16" assertions="8" time="0.177455"/>
    </testsuite>
    <testsuite name="RoleCall\Districts\Services\UpdateDistrictFileTest" file="/home/ubuntu/subhub-api/tests/Districts/Services/UpdateDistrictFileTest.php" tests="3" assertions="38" failures="0" errors="0" time="0.594578">
      <testcase name="testUpdateDistrictFileSameName" class="RoleCall\Districts\Services\UpdateDistrictFileTest" file="/home/ubuntu/subhub-api/tests/Districts/Services/UpdateDistrictFileTest.php" line="16" assertions="13" time="0.180306"/>
      <testcase name="testUpdateDistrictFileDifferentName" class="RoleCall\Districts\Services\UpdateDistrictFileTest" file="/home/ubuntu/subhub-api/tests/Districts/Services/UpdateDistrictFileTest.php" line="51" assertions="14" time="0.234472"/>
      <testcase name="testUpdateDistrictFileMetaDataOnly" class="RoleCall\Districts\Services\UpdateDistrictFileTest" file="/home/ubuntu/subhub-api/tests/Districts/Services/UpdateDistrictFileTest.php" line="90" assertions="11" time="0.179800"/>
    </testsuite>
    <testsuite name="RoleCall\Districts\Services\UpdateReasonLimitTest" file="/home/ubuntu/subhub-api/tests/Districts/Services/UpdateReasonLimitTest.php" tests="1" assertions="3" failures="0" errors="0" time="0.245213">
      <testcase name="testUpdate" class="RoleCall\Districts\Services\UpdateReasonLimitTest" file="/home/ubuntu/subhub-api/tests/Districts/Services/UpdateReasonLimitTest.php" line="12" assertions="3" time="0.245213"/>
    </testsuite>
    <testsuite name="RoleCall\Districts\Transformers\DistrictsJsonTransformerTest" file="/home/ubuntu/subhub-api/tests/Districts/Transformers/DistrictsJsonTransformerTest.php" tests="3" assertions="3" failures="0" errors="0" time="0.552382">
      <testcase name="testTransformDistrictModel" class="RoleCall\Districts\Transformers\DistrictsJsonTransformerTest" file="/home/ubuntu/subhub-api/tests/Districts/Transformers/DistrictsJsonTransformerTest.php" line="11" assertions="1" time="0.150275"/>
      <testcase name="testTransformArrayOfDistricts" class="RoleCall\Districts\Transformers\DistrictsJsonTransformerTest" file="/home/ubuntu/subhub-api/tests/Districts/Transformers/DistrictsJsonTransformerTest.php" line="17" assertions="1" time="0.171407"/>
      <testcase name="testTransformCollectionOfDistricts" class="RoleCall\Districts\Transformers\DistrictsJsonTransformerTest" file="/home/ubuntu/subhub-api/tests/Districts/Transformers/DistrictsJsonTransformerTest.php" line="24" assertions="1" time="0.230700"/>
    </testsuite>
    <testsuite name="RoleCall\Documents\Controllers\DocumentVersionsControllerTest" file="/home/ubuntu/subhub-api/tests/Documents/Controllers/DocumentVersionsControllerTest.php" tests="1" assertions="1" failures="0" errors="0" time="0.157920">
      <testcase name="testCreate" class="RoleCall\Documents\Controllers\DocumentVersionsControllerTest" file="/home/ubuntu/subhub-api/tests/Documents/Controllers/DocumentVersionsControllerTest.php" line="16" assertions="1" time="0.157920"/>
    </testsuite>
    <testsuite name="RoleCall\Documents\Controllers\DocumentsControllerTest" file="/home/ubuntu/subhub-api/tests/Documents/Controllers/DocumentsControllerTest.php" tests="2" assertions="2" failures="0" errors="0" time="0.478533">
      <testcase name="testCreate" class="RoleCall\Documents\Controllers\DocumentsControllerTest" file="/home/ubuntu/subhub-api/tests/Documents/Controllers/DocumentsControllerTest.php" line="17" assertions="1" time="0.289837"/>
      <testcase name="testUpdate" class="RoleCall\Documents\Controllers\DocumentsControllerTest" file="/home/ubuntu/subhub-api/tests/Documents/Controllers/DocumentsControllerTest.php" line="85" assertions="1" time="0.188696"/>
    </testsuite>
    <testsuite name="RoleCall\Documents\Controllers\HelloSignControllerTest" file="/home/ubuntu/subhub-api/tests/Documents/Controllers/HelloSignControllerTest.php" tests="3" assertions="4" failures="0" errors="0" time="0.713077">
      <testcase name="testSign" class="RoleCall\Documents\Controllers\HelloSignControllerTest" file="/home/ubuntu/subhub-api/tests/Documents/Controllers/HelloSignControllerTest.php" line="18" assertions="1" time="0.223389"/>
      <testcase name="testSignAsSigner" class="RoleCall\Documents\Controllers\HelloSignControllerTest" file="/home/ubuntu/subhub-api/tests/Documents/Controllers/HelloSignControllerTest.php" line="32" assertions="1" time="0.264928"/>
      <testcase name="testSignAsSignerNotAllSignersPresent" class="RoleCall\Documents\Controllers\HelloSignControllerTest" file="/home/ubuntu/subhub-api/tests/Documents/Controllers/HelloSignControllerTest.php" line="63" assertions="2" time="0.224760"/>
    </testsuite>
    <testsuite name="RoleCall\Forms\Controllers\DocumentTest" file="/home/ubuntu/subhub-api/tests/Documents/DocumentTest.php" tests="5" assertions="13" failures="0" errors="0" time="0.752847">
      <testcase name="testTimestampsAreEnabled" class="RoleCall\Forms\Controllers\DocumentTest" file="/home/ubuntu/subhub-api/tests/Documents/DocumentTest.php" line="22" assertions="1" time="0.121390"/>
      <testcase name="testFillable" class="RoleCall\Forms\Controllers\DocumentTest" file="/home/ubuntu/subhub-api/tests/Documents/DocumentTest.php" line="27" assertions="1" time="0.122886"/>
      <testcase name="testDates" class="RoleCall\Forms\Controllers\DocumentTest" file="/home/ubuntu/subhub-api/tests/Documents/DocumentTest.php" line="50" assertions="1" time="0.186083"/>
      <testcase name="testStatuses" class="RoleCall\Forms\Controllers\DocumentTest" file="/home/ubuntu/subhub-api/tests/Documents/DocumentTest.php" line="64" assertions="1" time="0.120550"/>
      <testcase name="testUpdate" class="RoleCall\Forms\Controllers\DocumentTest" file="/home/ubuntu/subhub-api/tests/Documents/DocumentTest.php" line="78" assertions="9" time="0.201938"/>
    </testsuite>
    <testsuite name="RoleCall\Documents\Policies\DocumentPolicyTest" file="/home/ubuntu/subhub-api/tests/Documents/Policies/DocumentPolicyTest.php" tests="11" assertions="155" failures="0" errors="0" time="3.437756">
      <testcase name="testCreate" class="RoleCall\Documents\Policies\DocumentPolicyTest" file="/home/ubuntu/subhub-api/tests/Documents/Policies/DocumentPolicyTest.php" line="14" assertions="14" time="0.339599"/>
      <testcase name="testDownload" class="RoleCall\Documents\Policies\DocumentPolicyTest" file="/home/ubuntu/subhub-api/tests/Documents/Policies/DocumentPolicyTest.php" line="85" assertions="19" time="0.292047"/>
      <testcase name="testEditFields" class="RoleCall\Documents\Policies\DocumentPolicyTest" file="/home/ubuntu/subhub-api/tests/Documents/Policies/DocumentPolicyTest.php" line="167" assertions="18" time="0.290501"/>
      <testcase name="testRestore" class="RoleCall\Documents\Policies\DocumentPolicyTest" file="/home/ubuntu/subhub-api/tests/Documents/Policies/DocumentPolicyTest.php" line="248" assertions="14" time="0.328154"/>
      <testcase name="testUpload" class="RoleCall\Documents\Policies\DocumentPolicyTest" file="/home/ubuntu/subhub-api/tests/Documents/Policies/DocumentPolicyTest.php" line="319" assertions="14" time="0.266482"/>
      <testcase name="testUpdate" class="RoleCall\Documents\Policies\DocumentPolicyTest" file="/home/ubuntu/subhub-api/tests/Documents/Policies/DocumentPolicyTest.php" line="390" assertions="18" time="0.347571"/>
      <testcase name="testIndex" class="RoleCall\Documents\Policies\DocumentPolicyTest" file="/home/ubuntu/subhub-api/tests/Documents/Policies/DocumentPolicyTest.php" line="471" assertions="11" time="0.450577"/>
      <testcase name="testSign" class="RoleCall\Documents\Policies\DocumentPolicyTest" file="/home/ubuntu/subhub-api/tests/Documents/Policies/DocumentPolicyTest.php" line="536" assertions="12" time="0.253493"/>
      <testcase name="testStore" class="RoleCall\Documents\Policies\DocumentPolicyTest" file="/home/ubuntu/subhub-api/tests/Documents/Policies/DocumentPolicyTest.php" line="614" assertions="11" time="0.319010"/>
      <testcase name="testVerify" class="RoleCall\Documents\Policies\DocumentPolicyTest" file="/home/ubuntu/subhub-api/tests/Documents/Policies/DocumentPolicyTest.php" line="679" assertions="12" time="0.242744"/>
      <testcase name="testView" class="RoleCall\Documents\Policies\DocumentPolicyTest" file="/home/ubuntu/subhub-api/tests/Documents/Policies/DocumentPolicyTest.php" line="752" assertions="12" time="0.307578"/>
    </testsuite>
    <testsuite name="RoleCall\Documents\Scopes\DocumentVisibleToScopeTest" file="/home/ubuntu/subhub-api/tests/Documents/Scopes/DocumentVisibleToScopeTest.php" tests="4" assertions="37" failures="0" errors="0" time="1.761598">
      <testcase name="testDocumentVisibleAsSuper" class="RoleCall\Documents\Scopes\DocumentVisibleToScopeTest" file="/home/ubuntu/subhub-api/tests/Documents/Scopes/DocumentVisibleToScopeTest.php" line="15" assertions="2" time="0.218848"/>
      <testcase name="testDocumentVisibleAsAdmin" class="RoleCall\Documents\Scopes\DocumentVisibleToScopeTest" file="/home/ubuntu/subhub-api/tests/Documents/Scopes/DocumentVisibleToScopeTest.php" line="45" assertions="12" time="0.498416"/>
      <testcase name="testDocumentVisibleAsAgencyAdmin" class="RoleCall\Documents\Scopes\DocumentVisibleToScopeTest" file="/home/ubuntu/subhub-api/tests/Documents/Scopes/DocumentVisibleToScopeTest.php" line="127" assertions="11" time="0.510848"/>
      <testcase name="testDocumentVisibleAsRegionAdmin" class="RoleCall\Documents\Scopes\DocumentVisibleToScopeTest" file="/home/ubuntu/subhub-api/tests/Documents/Scopes/DocumentVisibleToScopeTest.php" line="197" assertions="12" time="0.533486"/>
    </testsuite>
    <testsuite name="RoleCall\Documents\Services\CopyDocumentFormFieldsTest" file="/home/ubuntu/subhub-api/tests/Documents/Services/CopyDocumentFormFieldsTest.php" tests="1" assertions="13" failures="0" errors="0" time="0.167218">
      <testcase name="testCopyDocumentWithFields" class="RoleCall\Documents\Services\CopyDocumentFormFieldsTest" file="/home/ubuntu/subhub-api/tests/Documents/Services/CopyDocumentFormFieldsTest.php" line="16" assertions="13" time="0.167218"/>
    </testsuite>
    <testsuite name="RoleCall\Documents\Services\CopyDocumentTest" file="/home/ubuntu/subhub-api/tests/Documents/Services/CopyDocumentTest.php" tests="2" assertions="64" failures="0" errors="0" time="0.398258">
      <testcase name="testCopyDocumentAllFields" class="RoleCall\Documents\Services\CopyDocumentTest" file="/home/ubuntu/subhub-api/tests/Documents/Services/CopyDocumentTest.php" line="19" assertions="33" time="0.170897"/>
      <testcase name="testCopyDocumentWithFields" class="RoleCall\Documents\Services\CopyDocumentTest" file="/home/ubuntu/subhub-api/tests/Documents/Services/CopyDocumentTest.php" line="115" assertions="31" time="0.227361"/>
    </testsuite>
    <testsuite name="RoleCall\Documents\Services\CreateDocumentTest" file="/home/ubuntu/subhub-api/tests/Documents/Services/CreateDocumentTest.php" tests="3" assertions="41" failures="0" errors="0" time="0.536673">
      <testcase name="testCreateDocumentNoFields" class="RoleCall\Documents\Services\CreateDocumentTest" file="/home/ubuntu/subhub-api/tests/Documents/Services/CreateDocumentTest.php" line="21" assertions="11" time="0.141820"/>
      <testcase name="testCreateDocumentAllFields" class="RoleCall\Documents\Services\CreateDocumentTest" file="/home/ubuntu/subhub-api/tests/Documents/Services/CreateDocumentTest.php" line="45" assertions="17" time="0.246839"/>
      <testcase name="testCreateDocumentRequiredSignatureNoTemplate" class="RoleCall\Documents\Services\CreateDocumentTest" file="/home/ubuntu/subhub-api/tests/Documents/Services/CreateDocumentTest.php" line="129" assertions="13" time="0.148014"/>
    </testsuite>
    <testsuite name="RoleCall\Documents\Services\CreateSignersTest" file="/home/ubuntu/subhub-api/tests/Documents/Services/CreateSignersTest.php" tests="1" assertions="2" failures="0" errors="0" time="0.151104">
      <testcase name="testCreateDocumentAllFields" class="RoleCall\Documents\Services\CreateSignersTest" file="/home/ubuntu/subhub-api/tests/Documents/Services/CreateSignersTest.php" line="13" assertions="2" time="0.151104"/>
    </testsuite>
    <testsuite name="RoleCall\Documents\Services\DeleteDocumentTest" file="/home/ubuntu/subhub-api/tests/Documents/Services/DeleteDocumentTest.php" tests="4" assertions="0" failures="0" errors="0" time="0.718845">
      <testcase name="testDelete" class="RoleCall\Documents\Services\DeleteDocumentTest" file="/home/ubuntu/subhub-api/tests/Documents/Services/DeleteDocumentTest.php" line="15" assertions="0" time="0.228863"/>
      <testcase name="testDeleteHasFile" class="RoleCall\Documents\Services\DeleteDocumentTest" file="/home/ubuntu/subhub-api/tests/Documents/Services/DeleteDocumentTest.php" line="30" assertions="0" time="0.128589"/>
      <testcase name="testDeleteHasFieldValues" class="RoleCall\Documents\Services\DeleteDocumentTest" file="/home/ubuntu/subhub-api/tests/Documents/Services/DeleteDocumentTest.php" line="46" assertions="0" time="0.195054"/>
      <testcase name="testDeleteHasFields" class="RoleCall\Documents\Services\DeleteDocumentTest" file="/home/ubuntu/subhub-api/tests/Documents/Services/DeleteDocumentTest.php" line="62" assertions="0" time="0.166339"/>
    </testsuite>
    <testsuite name="RoleCall\Documents\Services\InitializeSignatureRequestTest" file="/home/ubuntu/subhub-api/tests/Documents/Services/InitializeSignatureRequestTest.php" tests="2" assertions="0" failures="0" errors="0" time="0.396572">
      <testcase name="testInitializeNoSigners" class="RoleCall\Documents\Services\InitializeSignatureRequestTest" file="/home/ubuntu/subhub-api/tests/Documents/Services/InitializeSignatureRequestTest.php" line="21" assertions="0" time="0.236753"/>
      <testcase name="testInitializeWithSigners" class="RoleCall\Documents\Services\InitializeSignatureRequestTest" file="/home/ubuntu/subhub-api/tests/Documents/Services/InitializeSignatureRequestTest.php" line="66" assertions="0" time="0.159819"/>
    </testsuite>
    <testsuite name="RoleCall\Documents\Services\InitializeTemplateSignatureRequestTest" file="/home/ubuntu/subhub-api/tests/Documents/Services/InitializeTemplateSignatureRequestTest.php" tests="3" assertions="0" failures="0" errors="0" time="0.523801">
      <testcase name="testInitialize" class="RoleCall\Documents\Services\InitializeTemplateSignatureRequestTest" file="/home/ubuntu/subhub-api/tests/Documents/Services/InitializeTemplateSignatureRequestTest.php" line="19" assertions="0" time="0.149439"/>
      <testcase name="testInitializeSigners" class="RoleCall\Documents\Services\InitializeTemplateSignatureRequestTest" file="/home/ubuntu/subhub-api/tests/Documents/Services/InitializeTemplateSignatureRequestTest.php" line="53" assertions="0" time="0.225180"/>
      <testcase name="testInitializeFields" class="RoleCall\Documents\Services\InitializeTemplateSignatureRequestTest" file="/home/ubuntu/subhub-api/tests/Documents/Services/InitializeTemplateSignatureRequestTest.php" line="114" assertions="0" time="0.149182"/>
    </testsuite>
    <testsuite name="RoleCall\Documents\Services\UpdateDocumentTest" file="/home/ubuntu/subhub-api/tests/Documents/Services/UpdateDocumentTest.php" tests="2" assertions="72" failures="0" errors="0" time="0.379879">
      <testcase name="testUpdateDocumentAllFields" class="RoleCall\Documents\Services\UpdateDocumentTest" file="/home/ubuntu/subhub-api/tests/Documents/Services/UpdateDocumentTest.php" line="18" assertions="37" time="0.225167"/>
      <testcase name="testUpdateDocumentNoUpdates" class="RoleCall\Documents\Services\UpdateDocumentTest" file="/home/ubuntu/subhub-api/tests/Documents/Services/UpdateDocumentTest.php" line="132" assertions="35" time="0.154712"/>
    </testsuite>
    <testsuite name="RoleCall\Documents\Transformers\DocumentsJsonTransformerTest" file="/home/ubuntu/subhub-api/tests/Documents/Transformers/DocumentsJsonTransformerTest.php" tests="5" assertions="5" failures="0" errors="0" time="0.915475">
      <testcase name="testTransformDocumentModel" class="RoleCall\Documents\Transformers\DocumentsJsonTransformerTest" file="/home/ubuntu/subhub-api/tests/Documents/Transformers/DocumentsJsonTransformerTest.php" line="16" assertions="1" time="0.157738"/>
      <testcase name="testTransformDocumentModelUserSignedButNotByUser" class="RoleCall\Documents\Transformers\DocumentsJsonTransformerTest" file="/home/ubuntu/subhub-api/tests/Documents/Transformers/DocumentsJsonTransformerTest.php" line="50" assertions="1" time="0.223472"/>
      <testcase name="testTransformDocumentModelNotSigned" class="RoleCall\Documents\Transformers\DocumentsJsonTransformerTest" file="/home/ubuntu/subhub-api/tests/Documents/Transformers/DocumentsJsonTransformerTest.php" line="84" assertions="1" time="0.149583"/>
      <testcase name="testTransformArrayOfDocuments" class="RoleCall\Documents\Transformers\DocumentsJsonTransformerTest" file="/home/ubuntu/subhub-api/tests/Documents/Transformers/DocumentsJsonTransformerTest.php" line="115" assertions="1" time="0.157376"/>
      <testcase name="testTransformCollectionOfDocuments" class="RoleCall\Documents\Transformers\DocumentsJsonTransformerTest" file="/home/ubuntu/subhub-api/tests/Documents/Transformers/DocumentsJsonTransformerTest.php" line="149" assertions="1" time="0.227306"/>
    </testsuite>
    <testsuite name="RoleCall\Documents\Transformers\SignersJsonTransformerTest" file="/home/ubuntu/subhub-api/tests/Documents/Transformers/SignersJsonTransformerTest.php" tests="2" assertions="2" failures="0" errors="0" time="0.273815">
      <testcase name="testTransformSignerModel" class="RoleCall\Documents\Transformers\SignersJsonTransformerTest" file="/home/ubuntu/subhub-api/tests/Documents/Transformers/SignersJsonTransformerTest.php" line="16" assertions="1" time="0.137901"/>
      <testcase name="testTransformSignerModelNoData" class="RoleCall\Documents\Transformers\SignersJsonTransformerTest" file="/home/ubuntu/subhub-api/tests/Documents/Transformers/SignersJsonTransformerTest.php" line="34" assertions="1" time="0.135914"/>
    </testsuite>
    <testsuite name="RoleCall\Documents\Utilities\RefreshDocumentStatusTest" file="/home/ubuntu/subhub-api/tests/Documents/Utilities/RefreshDocumentStatusTest.php" tests="22" assertions="55" failures="0" errors="0" time="4.166322">
      <testcase name="testCreatedToAwaitingFormData" class="RoleCall\Documents\Utilities\RefreshDocumentStatusTest" file="/home/ubuntu/subhub-api/tests/Documents/Utilities/RefreshDocumentStatusTest.php" line="16" assertions="2" time="0.242615"/>
      <testcase name="testCreatedToAwaitingSignature" class="RoleCall\Documents\Utilities\RefreshDocumentStatusTest" file="/home/ubuntu/subhub-api/tests/Documents/Utilities/RefreshDocumentStatusTest.php" line="72" assertions="2" time="0.151630"/>
      <testcase name="testCreatedToAwaitingVerification" class="RoleCall\Documents\Utilities\RefreshDocumentStatusTest" file="/home/ubuntu/subhub-api/tests/Documents/Utilities/RefreshDocumentStatusTest.php" line="108" assertions="1" time="0.219361"/>
      <testcase name="testCreatedToAwaitingUpload" class="RoleCall\Documents\Utilities\RefreshDocumentStatusTest" file="/home/ubuntu/subhub-api/tests/Documents/Utilities/RefreshDocumentStatusTest.php" line="135" assertions="1" time="0.145772"/>
      <testcase name="testCreatedToExpired" class="RoleCall\Documents\Utilities\RefreshDocumentStatusTest" file="/home/ubuntu/subhub-api/tests/Documents/Utilities/RefreshDocumentStatusTest.php" line="164" assertions="1" time="0.145800"/>
      <testcase name="testAwaitingSignatureToComplete" class="RoleCall\Documents\Utilities\RefreshDocumentStatusTest" file="/home/ubuntu/subhub-api/tests/Documents/Utilities/RefreshDocumentStatusTest.php" line="194" assertions="4" time="0.252705"/>
      <testcase name="testAwaitingSignatureToExpired" class="RoleCall\Documents\Utilities\RefreshDocumentStatusTest" file="/home/ubuntu/subhub-api/tests/Documents/Utilities/RefreshDocumentStatusTest.php" line="257" assertions="3" time="0.166594"/>
      <testcase name="testAwaitingFormDataToComplete" class="RoleCall\Documents\Utilities\RefreshDocumentStatusTest" file="/home/ubuntu/subhub-api/tests/Documents/Utilities/RefreshDocumentStatusTest.php" line="306" assertions="2" time="0.159190"/>
      <testcase name="testAwaitingFormDataToExpired" class="RoleCall\Documents\Utilities\RefreshDocumentStatusTest" file="/home/ubuntu/subhub-api/tests/Documents/Utilities/RefreshDocumentStatusTest.php" line="346" assertions="2" time="0.254337"/>
      <testcase name="testAwaitingFormDataToAwaitingSignature" class="RoleCall\Documents\Utilities\RefreshDocumentStatusTest" file="/home/ubuntu/subhub-api/tests/Documents/Utilities/RefreshDocumentStatusTest.php" line="406" assertions="2" time="0.165543"/>
      <testcase name="testAwaitingUploadToComplete" class="RoleCall\Documents\Utilities\RefreshDocumentStatusTest" file="/home/ubuntu/subhub-api/tests/Documents/Utilities/RefreshDocumentStatusTest.php" line="451" assertions="2" time="0.154809"/>
      <testcase name="testAwaitingUploadToExpired" class="RoleCall\Documents\Utilities\RefreshDocumentStatusTest" file="/home/ubuntu/subhub-api/tests/Documents/Utilities/RefreshDocumentStatusTest.php" line="483" assertions="2" time="0.229784"/>
      <testcase name="testAwaitingVerificationToComplete" class="RoleCall\Documents\Utilities\RefreshDocumentStatusTest" file="/home/ubuntu/subhub-api/tests/Documents/Utilities/RefreshDocumentStatusTest.php" line="515" assertions="2" time="0.154736"/>
      <testcase name="testAwaitingVerificationToExpired" class="RoleCall\Documents\Utilities\RefreshDocumentStatusTest" file="/home/ubuntu/subhub-api/tests/Documents/Utilities/RefreshDocumentStatusTest.php" line="549" assertions="2" time="0.153363"/>
      <testcase name="testExpiredToAwaitingSignature" class="RoleCall\Documents\Utilities\RefreshDocumentStatusTest" file="/home/ubuntu/subhub-api/tests/Documents/Utilities/RefreshDocumentStatusTest.php" line="583" assertions="4" time="0.248212"/>
      <testcase name="testExpiredToAwaitingFormData" class="RoleCall\Documents\Utilities\RefreshDocumentStatusTest" file="/home/ubuntu/subhub-api/tests/Documents/Utilities/RefreshDocumentStatusTest.php" line="640" assertions="3" time="0.183940"/>
      <testcase name="testExpiredToAwaitingVerification" class="RoleCall\Documents\Utilities\RefreshDocumentStatusTest" file="/home/ubuntu/subhub-api/tests/Documents/Utilities/RefreshDocumentStatusTest.php" line="707" assertions="3" time="0.159765"/>
      <testcase name="testExpiredToAwaitingUpload" class="RoleCall\Documents\Utilities\RefreshDocumentStatusTest" file="/home/ubuntu/subhub-api/tests/Documents/Utilities/RefreshDocumentStatusTest.php" line="748" assertions="3" time="0.232047"/>
      <testcase name="testCompleteToAwaitingFormData" class="RoleCall\Documents\Utilities\RefreshDocumentStatusTest" file="/home/ubuntu/subhub-api/tests/Documents/Utilities/RefreshDocumentStatusTest.php" line="787" assertions="3" time="0.165422"/>
      <testcase name="testCompleteToAwaitingSignature" class="RoleCall\Documents\Utilities\RefreshDocumentStatusTest" file="/home/ubuntu/subhub-api/tests/Documents/Utilities/RefreshDocumentStatusTest.php" line="834" assertions="5" time="0.256695"/>
      <testcase name="testCompleteToAwaitingVerification" class="RoleCall\Documents\Utilities\RefreshDocumentStatusTest" file="/home/ubuntu/subhub-api/tests/Documents/Utilities/RefreshDocumentStatusTest.php" line="907" assertions="3" time="0.162672"/>
      <testcase name="testCompleteToAwaitingUpload" class="RoleCall\Documents\Utilities\RefreshDocumentStatusTest" file="/home/ubuntu/subhub-api/tests/Documents/Utilities/RefreshDocumentStatusTest.php" line="948" assertions="3" time="0.161330"/>
    </testsuite>
    <testsuite name="RoleCall\Documents\Utilities\StoreSignedFileTest" file="/home/ubuntu/subhub-api/tests/Documents/Utilities/StoreSignedFileTest.php" tests="3" assertions="7" failures="0" errors="0" time="0.503092">
      <testcase name="testStore" class="RoleCall\Documents\Utilities\StoreSignedFileTest" file="/home/ubuntu/subhub-api/tests/Documents/Utilities/StoreSignedFileTest.php" line="19" assertions="1" time="0.214340"/>
      <testcase name="testStoreWithCurrentFile" class="RoleCall\Documents\Utilities\StoreSignedFileTest" file="/home/ubuntu/subhub-api/tests/Documents/Utilities/StoreSignedFileTest.php" line="39" assertions="3" time="0.142073"/>
      <testcase name="testStoreWithCompleteSignature" class="RoleCall\Documents\Utilities\StoreSignedFileTest" file="/home/ubuntu/subhub-api/tests/Documents/Utilities/StoreSignedFileTest.php" line="68" assertions="3" time="0.146679"/>
    </testsuite>
    <testsuite name="RoleCall\InterviewActions\Policies\EvaluationActionPolicyTest" file="/home/ubuntu/subhub-api/tests/EvaluationActions/Policies/EvaluationActionPolicyTest.php" tests="2" assertions="48" failures="0" errors="0" time="0.682811">
      <testcase name="testCreate" class="RoleCall\InterviewActions\Policies\EvaluationActionPolicyTest" file="/home/ubuntu/subhub-api/tests/EvaluationActions/Policies/EvaluationActionPolicyTest.php" line="15" assertions="24" time="0.366881"/>
      <testcase name="testUpdate" class="RoleCall\InterviewActions\Policies\EvaluationActionPolicyTest" file="/home/ubuntu/subhub-api/tests/EvaluationActions/Policies/EvaluationActionPolicyTest.php" line="93" assertions="24" time="0.315930"/>
    </testsuite>
    <testsuite name="RoleCall\InterviewActions\Requests\CreateEvaluationActionRequestTest" file="/home/ubuntu/subhub-api/tests/EvaluationActions/Requests/CreateEvaluationActionRequestTest.php" tests="2" assertions="4" failures="0" errors="0" time="0.370392">
      <testcase name="testValid" class="RoleCall\InterviewActions\Requests\CreateEvaluationActionRequestTest" file="/home/ubuntu/subhub-api/tests/EvaluationActions/Requests/CreateEvaluationActionRequestTest.php" line="14" assertions="1" time="0.147258"/>
      <testcase name="testRequiredFields" class="RoleCall\InterviewActions\Requests\CreateEvaluationActionRequestTest" file="/home/ubuntu/subhub-api/tests/EvaluationActions/Requests/CreateEvaluationActionRequestTest.php" line="31" assertions="3" time="0.223134"/>
    </testsuite>
    <testsuite name="RoleCall\InterviewActions\Requests\UpdateEvaluationActionRequestTest" file="/home/ubuntu/subhub-api/tests/EvaluationActions/Requests/UpdateEvaluationActionRequestTest.php" tests="2" assertions="4" failures="0" errors="0" time="0.250297">
      <testcase name="testValid" class="RoleCall\InterviewActions\Requests\UpdateEvaluationActionRequestTest" file="/home/ubuntu/subhub-api/tests/EvaluationActions/Requests/UpdateEvaluationActionRequestTest.php" line="13" assertions="1" time="0.124886"/>
      <testcase name="testRequiredFields" class="RoleCall\InterviewActions\Requests\UpdateEvaluationActionRequestTest" file="/home/ubuntu/subhub-api/tests/EvaluationActions/Requests/UpdateEvaluationActionRequestTest.php" line="28" assertions="3" time="0.125411"/>
    </testsuite>
    <testsuite name="RoleCall\EvaluationActions\Services\CreateEvaluationActionTest" file="/home/ubuntu/subhub-api/tests/EvaluationActions/Services/CreateEvaluationActionTest.php" tests="1" assertions="9" failures="0" errors="0" time="0.251172">
      <testcase name="testCreateEvaluationAction" class="RoleCall\EvaluationActions\Services\CreateEvaluationActionTest" file="/home/ubuntu/subhub-api/tests/EvaluationActions/Services/CreateEvaluationActionTest.php" line="15" assertions="9" time="0.251172"/>
    </testsuite>
    <testsuite name="RoleCall\EvaluationActions\Services\UpdateEvaluationActionTest" file="/home/ubuntu/subhub-api/tests/EvaluationActions/Services/UpdateEvaluationActionTest.php" tests="1" assertions="2" failures="0" errors="0" time="0.136709">
      <testcase name="testUpdateEvaluationAction" class="RoleCall\EvaluationActions\Services\UpdateEvaluationActionTest" file="/home/ubuntu/subhub-api/tests/EvaluationActions/Services/UpdateEvaluationActionTest.php" line="14" assertions="2" time="0.136709"/>
    </testsuite>
    <testsuite name="RoleCall\Forms\FormFieldTest" file="/home/ubuntu/subhub-api/tests/Forms/FormFieldTest.php" tests="1" assertions="5" failures="0" errors="0" time="0.210962">
      <testcase name="testSatisfiesConditional" class="RoleCall\Forms\FormFieldTest" file="/home/ubuntu/subhub-api/tests/Forms/FormFieldTest.php" line="11" assertions="5" time="0.210962"/>
    </testsuite>
    <testsuite name="RoleCall\Forms\FormFieldTypesTest" file="/home/ubuntu/subhub-api/tests/Forms/FormFieldTypesTest.php" tests="1" assertions="5" failures="0" errors="0" time="0.114464">
      <testcase name="testGetType" class="RoleCall\Forms\FormFieldTypesTest" file="/home/ubuntu/subhub-api/tests/Forms/FormFieldTypesTest.php" line="7" assertions="5" time="0.114464"/>
    </testsuite>
    <testsuite name="RoleCall\Forms\Services\CreateFieldsFromTemplateTest" file="/home/ubuntu/subhub-api/tests/Forms/Services/CreateFieldsFromTemplateTest.php" tests="2" assertions="6" failures="0" errors="0" time="0.348551">
      <testcase name="testCreateNoFieldsWithoutId" class="RoleCall\Forms\Services\CreateFieldsFromTemplateTest" file="/home/ubuntu/subhub-api/tests/Forms/Services/CreateFieldsFromTemplateTest.php" line="14" assertions="3" time="0.141149"/>
      <testcase name="testCreateNoTemplateFields" class="RoleCall\Forms\Services\CreateFieldsFromTemplateTest" file="/home/ubuntu/subhub-api/tests/Forms/Services/CreateFieldsFromTemplateTest.php" line="64" assertions="3" time="0.207402"/>
    </testsuite>
    <testsuite name="RoleCall\Forms\Services\CreateFieldsTest" file="/home/ubuntu/subhub-api/tests/Forms/Services/CreateFieldsTest.php" tests="2" assertions="11" failures="0" errors="0" time="0.279963">
      <testcase name="testCreate" class="RoleCall\Forms\Services\CreateFieldsTest" file="/home/ubuntu/subhub-api/tests/Forms/Services/CreateFieldsTest.php" line="16" assertions="10" time="0.148387"/>
      <testcase name="testCreateNoFields" class="RoleCall\Forms\Services\CreateFieldsTest" file="/home/ubuntu/subhub-api/tests/Forms/Services/CreateFieldsTest.php" line="64" assertions="1" time="0.131576"/>
    </testsuite>
    <testsuite name="RoleCall\Forms\Services\CreateFormFieldTest" file="/home/ubuntu/subhub-api/tests/Forms/Services/CreateFormFieldTest.php" tests="6" assertions="30" failures="0" errors="0" time="0.931039">
      <testcase name="testCreate" class="RoleCall\Forms\Services\CreateFormFieldTest" file="/home/ubuntu/subhub-api/tests/Forms/Services/CreateFormFieldTest.php" line="13" assertions="5" time="0.201345"/>
      <testcase name="testCreateWithAttributesBooleanTypeDefault" class="RoleCall\Forms\Services\CreateFormFieldTest" file="/home/ubuntu/subhub-api/tests/Forms/Services/CreateFormFieldTest.php" line="26" assertions="8" time="0.130423"/>
      <testcase name="testCreateWithAttributes" class="RoleCall\Forms\Services\CreateFormFieldTest" file="/home/ubuntu/subhub-api/tests/Forms/Services/CreateFormFieldTest.php" line="59" assertions="8" time="0.131023"/>
      <testcase name="testCreateExistingDocuments" class="RoleCall\Forms\Services\CreateFormFieldTest" file="/home/ubuntu/subhub-api/tests/Forms/Services/CreateFormFieldTest.php" line="92" assertions="6" time="0.202156"/>
      <testcase name="testCreateWithChoices" class="RoleCall\Forms\Services\CreateFormFieldTest" file="/home/ubuntu/subhub-api/tests/Forms/Services/CreateFormFieldTest.php" line="120" assertions="1" time="0.135448"/>
      <testcase name="testCreateWithConditionalField" class="RoleCall\Forms\Services\CreateFormFieldTest" file="/home/ubuntu/subhub-api/tests/Forms/Services/CreateFormFieldTest.php" line="137" assertions="2" time="0.130644"/>
    </testsuite>
    <testsuite name="RoleCall\Forms\Services\DeleteFormFieldTest" file="/home/ubuntu/subhub-api/tests/Forms/Services/DeleteFormFieldTest.php" tests="1" assertions="3" failures="0" errors="0" time="0.204856">
      <testcase name="testDelete" class="RoleCall\Forms\Services\DeleteFormFieldTest" file="/home/ubuntu/subhub-api/tests/Forms/Services/DeleteFormFieldTest.php" line="12" assertions="3" time="0.204856"/>
    </testsuite>
    <testsuite name="RoleCall\Forms\Services\UpdateFormFieldTest" file="/home/ubuntu/subhub-api/tests/Forms/Services/UpdateFormFieldTest.php" tests="2" assertions="34" failures="0" errors="0" time="0.271494">
      <testcase name="testUpdate" class="RoleCall\Forms\Services\UpdateFormFieldTest" file="/home/ubuntu/subhub-api/tests/Forms/Services/UpdateFormFieldTest.php" line="12" assertions="17" time="0.135775"/>
      <testcase name="testUpdateNullAttributes" class="RoleCall\Forms\Services\UpdateFormFieldTest" file="/home/ubuntu/subhub-api/tests/Forms/Services/UpdateFormFieldTest.php" line="79" assertions="17" time="0.135719"/>
    </testsuite>
    <testsuite name="RoleCall\Forms\Services\UpdateFormFieldValuesTest" file="/home/ubuntu/subhub-api/tests/Forms/Services/UpdateFormFieldValuesTest.php" tests="3" assertions="9" failures="0" errors="0" time="0.615859">
      <testcase name="testUpdateSingle" class="RoleCall\Forms\Services\UpdateFormFieldValuesTest" file="/home/ubuntu/subhub-api/tests/Forms/Services/UpdateFormFieldValuesTest.php" line="17" assertions="3" time="0.242301"/>
      <testcase name="testUpdateMultiple" class="RoleCall\Forms\Services\UpdateFormFieldValuesTest" file="/home/ubuntu/subhub-api/tests/Forms/Services/UpdateFormFieldValuesTest.php" line="52" assertions="4" time="0.159214"/>
      <testcase name="testUpdateNoFieldValues" class="RoleCall\Forms\Services\UpdateFormFieldValuesTest" file="/home/ubuntu/subhub-api/tests/Forms/Services/UpdateFormFieldValuesTest.php" line="86" assertions="2" time="0.214344"/>
    </testsuite>
    <testsuite name="RoleCall\Forms\Transformers\FormFieldsJsonTransformerTest" file="/home/ubuntu/subhub-api/tests/Forms/Transformers/FormFieldsJsonTransformerTest.php" tests="2" assertions="2" failures="0" errors="0" time="0.297307">
      <testcase name="testTransformFormModel" class="RoleCall\Forms\Transformers\FormFieldsJsonTransformerTest" file="/home/ubuntu/subhub-api/tests/Forms/Transformers/FormFieldsJsonTransformerTest.php" line="15" assertions="1" time="0.151291"/>
      <testcase name="testTransformFormModelNullAttributes" class="RoleCall\Forms\Transformers\FormFieldsJsonTransformerTest" file="/home/ubuntu/subhub-api/tests/Forms/Transformers/FormFieldsJsonTransformerTest.php" line="55" assertions="1" time="0.146016"/>
    </testsuite>
    <testsuite name="RoleCall\Forms\Util\CompareBooleanTest" file="/home/ubuntu/subhub-api/tests/Forms/Util/CompareBooleanTest.php" tests="3" assertions="29" failures="0" errors="0" time="0.417509">
      <testcase name="testEquals" class="RoleCall\Forms\Util\CompareBooleanTest" file="/home/ubuntu/subhub-api/tests/Forms/Util/CompareBooleanTest.php" line="9" assertions="25" time="0.190805"/>
      <testcase name="testEqualsFirstParamInvalid" class="RoleCall\Forms\Util\CompareBooleanTest" file="/home/ubuntu/subhub-api/tests/Forms/Util/CompareBooleanTest.php" line="134" assertions="2" time="0.114220"/>
      <testcase name="testEqualsSecondParamInvalid" class="RoleCall\Forms\Util\CompareBooleanTest" file="/home/ubuntu/subhub-api/tests/Forms/Util/CompareBooleanTest.php" line="144" assertions="2" time="0.112484"/>
    </testsuite>
    <testsuite name="RoleCall\Forms\Util\FillPdfTest" file="/home/ubuntu/subhub-api/tests/Forms/Util/FillPdfTest.php" tests="1" assertions="2" failures="0" errors="0" time="0.202321">
      <testcase name="testParsePdf" class="RoleCall\Forms\Util\FillPdfTest" file="/home/ubuntu/subhub-api/tests/Forms/Util/FillPdfTest.php" line="14" assertions="2" time="0.202321"/>
    </testsuite>
    <testsuite name="RoleCall\Forms\Util\PdfFieldsParserTest" file="/home/ubuntu/subhub-api/tests/Forms/Util/PdfFieldsParserTest.php" tests="2" assertions="10" failures="0" errors="0" time="0.359643">
      <testcase name="testParsePdf" class="RoleCall\Forms\Util\PdfFieldsParserTest" file="/home/ubuntu/subhub-api/tests/Forms/Util/PdfFieldsParserTest.php" line="10" assertions="8" time="0.203334"/>
      <testcase name="testParsePdfNotAForm" class="RoleCall\Forms\Util\PdfFieldsParserTest" file="/home/ubuntu/subhub-api/tests/Forms/Util/PdfFieldsParserTest.php" line="28" assertions="2" time="0.156309"/>
    </testsuite>
    <testsuite name="RoleCall\HiringProcesses\Controllers\HiringProcessesControllerTest" file="/home/ubuntu/subhub-api/tests/HiringProcesses/Controllers/HiringProcessesControllerTest.php" tests="5" assertions="16" failures="0" errors="0" time="1.386240">
      <testcase name="testGet" class="RoleCall\HiringProcesses\Controllers\HiringProcessesControllerTest" file="/home/ubuntu/subhub-api/tests/HiringProcesses/Controllers/HiringProcessesControllerTest.php" line="17" assertions="2" time="0.420520"/>
      <testcase name="testGetAjax" class="RoleCall\HiringProcesses\Controllers\HiringProcessesControllerTest" file="/home/ubuntu/subhub-api/tests/HiringProcesses/Controllers/HiringProcessesControllerTest.php" line="35" assertions="7" time="0.350822"/>
      <testcase name="testStore" class="RoleCall\HiringProcesses\Controllers\HiringProcessesControllerTest" file="/home/ubuntu/subhub-api/tests/HiringProcesses/Controllers/HiringProcessesControllerTest.php" line="57" assertions="2" time="0.199133"/>
      <testcase name="testUpdate" class="RoleCall\HiringProcesses\Controllers\HiringProcessesControllerTest" file="/home/ubuntu/subhub-api/tests/HiringProcesses/Controllers/HiringProcessesControllerTest.php" line="78" assertions="2" time="0.163422"/>
      <testcase name="testDestroy" class="RoleCall\HiringProcesses\Controllers\HiringProcessesControllerTest" file="/home/ubuntu/subhub-api/tests/HiringProcesses/Controllers/HiringProcessesControllerTest.php" line="100" assertions="3" time="0.252343"/>
    </testsuite>
    <testsuite name="RoleCall\HiringProcesses\Controllers\HiringStagesControllerTest" file="/home/ubuntu/subhub-api/tests/HiringProcesses/Controllers/HiringStagesControllerTest.php" tests="4" assertions="12" failures="0" errors="0" time="1.182833">
      <testcase name="testEdit" class="RoleCall\HiringProcesses\Controllers\HiringStagesControllerTest" file="/home/ubuntu/subhub-api/tests/HiringProcesses/Controllers/HiringStagesControllerTest.php" line="15" assertions="5" time="0.346309"/>
      <testcase name="testUpdateHiringProcessStage" class="RoleCall\HiringProcesses\Controllers\HiringStagesControllerTest" file="/home/ubuntu/subhub-api/tests/HiringProcesses/Controllers/HiringStagesControllerTest.php" line="39" assertions="2" time="0.271172"/>
      <testcase name="testDeleteHiringProcessStage" class="RoleCall\HiringProcesses\Controllers\HiringStagesControllerTest" file="/home/ubuntu/subhub-api/tests/HiringProcesses/Controllers/HiringStagesControllerTest.php" line="62" assertions="3" time="0.298991"/>
      <testcase name="testDestroyHiringProcessStage" class="RoleCall\HiringProcesses\Controllers\HiringStagesControllerTest" file="/home/ubuntu/subhub-api/tests/HiringProcesses/Controllers/HiringStagesControllerTest.php" line="86" assertions="2" time="0.266361"/>
    </testsuite>
    <testsuite name="RoleCall\HiringProcesses\Controllers\ReviewActionsControllerTest" file="/home/ubuntu/subhub-api/tests/HiringProcesses/Controllers/ReviewActionsControllerTest.php" tests="1" assertions="3" failures="0" errors="0" time="0.192503">
      <testcase name="testStore" class="RoleCall\HiringProcesses\Controllers\ReviewActionsControllerTest" file="/home/ubuntu/subhub-api/tests/HiringProcesses/Controllers/ReviewActionsControllerTest.php" line="14" assertions="3" time="0.192503"/>
    </testsuite>
    <testsuite name="RoleCall\HiringProcesses\HiringProcessTest" file="/home/ubuntu/subhub-api/tests/HiringProcesses/HiringProcessTest.php" tests="4" assertions="4" failures="0" errors="0" time="0.631218">
      <testcase name="testTimestampsAreEnabled" class="RoleCall\HiringProcesses\HiringProcessTest" file="/home/ubuntu/subhub-api/tests/HiringProcesses/HiringProcessTest.php" line="16" assertions="1" time="0.192994"/>
      <testcase name="testFillable" class="RoleCall\HiringProcesses\HiringProcessTest" file="/home/ubuntu/subhub-api/tests/HiringProcesses/HiringProcessTest.php" line="21" assertions="1" time="0.120856"/>
      <testcase name="testDates" class="RoleCall\HiringProcesses\HiringProcessTest" file="/home/ubuntu/subhub-api/tests/HiringProcesses/HiringProcessTest.php" line="35" assertions="1" time="0.121691"/>
      <testcase name="testAttributes" class="RoleCall\HiringProcesses\HiringProcessTest" file="/home/ubuntu/subhub-api/tests/HiringProcesses/HiringProcessTest.php" line="45" assertions="1" time="0.195677"/>
    </testsuite>
    <testsuite name="RoleCall\HiringProcesses\Policies\HiringProcessPolicyTest" file="/home/ubuntu/subhub-api/tests/HiringProcesses/Policies/HiringProcessPolicyTest.php" tests="4" assertions="96" failures="0" errors="0" time="1.387463">
      <testcase name="testCreate" class="RoleCall\HiringProcesses\Policies\HiringProcessPolicyTest" file="/home/ubuntu/subhub-api/tests/HiringProcesses/Policies/HiringProcessPolicyTest.php" line="13" assertions="12" time="0.452115"/>
      <testcase name="testDelete" class="RoleCall\HiringProcesses\Policies\HiringProcessPolicyTest" file="/home/ubuntu/subhub-api/tests/HiringProcesses/Policies/HiringProcessPolicyTest.php" line="79" assertions="36" time="0.293643"/>
      <testcase name="testUpdate" class="RoleCall\HiringProcesses\Policies\HiringProcessPolicyTest" file="/home/ubuntu/subhub-api/tests/HiringProcesses/Policies/HiringProcessPolicyTest.php" line="172" assertions="24" time="0.358745"/>
      <testcase name="testView" class="RoleCall\HiringProcesses\Policies\HiringProcessPolicyTest" file="/home/ubuntu/subhub-api/tests/HiringProcesses/Policies/HiringProcessPolicyTest.php" line="250" assertions="24" time="0.282960"/>
    </testsuite>
    <testsuite name="RoleCall\HiringProcesses\Policies\HiringProcessRecruitersPolicyTest" file="/home/ubuntu/subhub-api/tests/HiringProcesses/Policies/HiringProcessRecruitersPolicyTest.php" tests="2" assertions="72" failures="0" errors="0" time="0.655285">
      <testcase name="testAdd" class="RoleCall\HiringProcesses\Policies\HiringProcessRecruitersPolicyTest" file="/home/ubuntu/subhub-api/tests/HiringProcesses/Policies/HiringProcessRecruitersPolicyTest.php" line="13" assertions="36" time="0.362692"/>
      <testcase name="testRemove" class="RoleCall\HiringProcesses\Policies\HiringProcessRecruitersPolicyTest" file="/home/ubuntu/subhub-api/tests/HiringProcesses/Policies/HiringProcessRecruitersPolicyTest.php" line="103" assertions="36" time="0.292593"/>
    </testsuite>
    <testsuite name="RoleCall\HiringProcesses\Policies\HiringStagePolicyTest" file="/home/ubuntu/subhub-api/tests/HiringProcesses/Policies/HiringStagePolicyTest.php" tests="4" assertions="96" failures="0" errors="0" time="1.235310">
      <testcase name="testCreate" class="RoleCall\HiringProcesses\Policies\HiringStagePolicyTest" file="/home/ubuntu/subhub-api/tests/HiringProcesses/Policies/HiringStagePolicyTest.php" line="13" assertions="24" time="0.287998"/>
      <testcase name="testDelete" class="RoleCall\HiringProcesses\Policies\HiringStagePolicyTest" file="/home/ubuntu/subhub-api/tests/HiringProcesses/Policies/HiringStagePolicyTest.php" line="91" assertions="24" time="0.365877"/>
      <testcase name="testUpdate" class="RoleCall\HiringProcesses\Policies\HiringStagePolicyTest" file="/home/ubuntu/subhub-api/tests/HiringProcesses/Policies/HiringStagePolicyTest.php" line="172" assertions="24" time="0.290598"/>
      <testcase name="testView" class="RoleCall\HiringProcesses\Policies\HiringStagePolicyTest" file="/home/ubuntu/subhub-api/tests/HiringProcesses/Policies/HiringStagePolicyTest.php" line="253" assertions="24" time="0.290837"/>
    </testsuite>
    <testsuite name="RoleCall\HiringProcesses\Policies\ReviewActionPolicyTest" file="/home/ubuntu/subhub-api/tests/HiringProcesses/Policies/ReviewActionPolicyTest.php" tests="2" assertions="48" failures="0" errors="0" time="0.677600">
      <testcase name="testCreate" class="RoleCall\HiringProcesses\Policies\ReviewActionPolicyTest" file="/home/ubuntu/subhub-api/tests/HiringProcesses/Policies/ReviewActionPolicyTest.php" line="15" assertions="24" time="0.369303"/>
      <testcase name="testUpdate" class="RoleCall\HiringProcesses\Policies\ReviewActionPolicyTest" file="/home/ubuntu/subhub-api/tests/HiringProcesses/Policies/ReviewActionPolicyTest.php" line="93" assertions="24" time="0.308297"/>
    </testsuite>
    <testsuite name="RoleCall\HiringProcesses\Requests\CreateCustomScoreRequestTest" file="/home/ubuntu/subhub-api/tests/HiringProcesses/Requests/CreateCustomScoreRequestTest.php" tests="3" assertions="9" failures="0" errors="0" time="0.465957">
      <testcase name="testValid" class="RoleCall\HiringProcesses\Requests\CreateCustomScoreRequestTest" file="/home/ubuntu/subhub-api/tests/HiringProcesses/Requests/CreateCustomScoreRequestTest.php" line="12" assertions="1" time="0.129174"/>
      <testcase name="testInvalid" class="RoleCall\HiringProcesses\Requests\CreateCustomScoreRequestTest" file="/home/ubuntu/subhub-api/tests/HiringProcesses/Requests/CreateCustomScoreRequestTest.php" line="28" assertions="4" time="0.203803"/>
      <testcase name="testValueExists" class="RoleCall\HiringProcesses\Requests\CreateCustomScoreRequestTest" file="/home/ubuntu/subhub-api/tests/HiringProcesses/Requests/CreateCustomScoreRequestTest.php" line="47" assertions="4" time="0.132980"/>
    </testsuite>
    <testsuite name="RoleCall\HiringProcesses\Requests\CreateHiringProcessRequestTest" file="/home/ubuntu/subhub-api/tests/HiringProcesses/Requests/CreateHiringProcessRequestTest.php" tests="2" assertions="17" failures="0" errors="0" time="0.429836">
      <testcase name="testValid" class="RoleCall\HiringProcesses\Requests\CreateHiringProcessRequestTest" file="/home/ubuntu/subhub-api/tests/HiringProcesses/Requests/CreateHiringProcessRequestTest.php" line="15" assertions="1" time="0.163923"/>
      <testcase name="testRequiredFields" class="RoleCall\HiringProcesses\Requests\CreateHiringProcessRequestTest" file="/home/ubuntu/subhub-api/tests/HiringProcesses/Requests/CreateHiringProcessRequestTest.php" line="39" assertions="16" time="0.265913"/>
    </testsuite>
    <testsuite name="RoleCall\HiringProcesses\Requests\CreateReviewActionRequestTest" file="/home/ubuntu/subhub-api/tests/HiringProcesses/Requests/CreateReviewActionRequestTest.php" tests="3" assertions="9" failures="0" errors="0" time="0.467600">
      <testcase name="testValid" class="RoleCall\HiringProcesses\Requests\CreateReviewActionRequestTest" file="/home/ubuntu/subhub-api/tests/HiringProcesses/Requests/CreateReviewActionRequestTest.php" line="12" assertions="1" time="0.147147"/>
      <testcase name="testRequiredFields" class="RoleCall\HiringProcesses\Requests\CreateReviewActionRequestTest" file="/home/ubuntu/subhub-api/tests/HiringProcesses/Requests/CreateReviewActionRequestTest.php" line="29" assertions="4" time="0.123552"/>
      <testcase name="testValidFields" class="RoleCall\HiringProcesses\Requests\CreateReviewActionRequestTest" file="/home/ubuntu/subhub-api/tests/HiringProcesses/Requests/CreateReviewActionRequestTest.php" line="41" assertions="4" time="0.196901"/>
    </testsuite>
    <testsuite name="RoleCall\HiringProcesses\Scopes\HiringProcessIsCompleteScopeTest" file="/home/ubuntu/subhub-api/tests/HiringProcesses/Scopes/HiringProcessIsCompleteScopeTest.php" tests="7" assertions="18" failures="0" errors="0" time="1.437456">
      <testcase name="testIsComplete" class="RoleCall\HiringProcesses\Scopes\HiringProcessIsCompleteScopeTest" file="/home/ubuntu/subhub-api/tests/HiringProcesses/Scopes/HiringProcessIsCompleteScopeTest.php" line="63" assertions="1" time="0.172537"/>
      <testcase name="testMissingRecruiters" class="RoleCall\HiringProcesses\Scopes\HiringProcessIsCompleteScopeTest" file="/home/ubuntu/subhub-api/tests/HiringProcesses/Scopes/HiringProcessIsCompleteScopeTest.php" line="70" assertions="2" time="0.249046"/>
      <testcase name="testMissingStages" class="RoleCall\HiringProcesses\Scopes\HiringProcessIsCompleteScopeTest" file="/home/ubuntu/subhub-api/tests/HiringProcesses/Scopes/HiringProcessIsCompleteScopeTest.php" line="80" assertions="3" time="0.186340"/>
      <testcase name="testMissingMultipleScores" class="RoleCall\HiringProcesses\Scopes\HiringProcessIsCompleteScopeTest" file="/home/ubuntu/subhub-api/tests/HiringProcesses/Scopes/HiringProcessIsCompleteScopeTest.php" line="94" assertions="3" time="0.186700"/>
      <testcase name="testMissingZeroValueScore" class="RoleCall\HiringProcesses\Scopes\HiringProcessIsCompleteScopeTest" file="/home/ubuntu/subhub-api/tests/HiringProcesses/Scopes/HiringProcessIsCompleteScopeTest.php" line="108" assertions="2" time="0.253986"/>
      <testcase name="testInterviewMissingRubric" class="RoleCall\HiringProcesses\Scopes\HiringProcessIsCompleteScopeTest" file="/home/ubuntu/subhub-api/tests/HiringProcesses/Scopes/HiringProcessIsCompleteScopeTest.php" line="118" assertions="2" time="0.178632"/>
      <testcase name="testChecklistMissingItems" class="RoleCall\HiringProcesses\Scopes\HiringProcessIsCompleteScopeTest" file="/home/ubuntu/subhub-api/tests/HiringProcesses/Scopes/HiringProcessIsCompleteScopeTest.php" line="129" assertions="5" time="0.210215"/>
    </testsuite>
    <testsuite name="RoleCall\HiringProcesses\Scopes\HiringProcessVisibleToScopeTest" file="/home/ubuntu/subhub-api/tests/HiringProcesses/Scopes/HiringProcessVisibleToScopeTest.php" tests="1" assertions="24" failures="0" errors="0" time="0.998357">
      <testcase name="testVisibleTo" class="RoleCall\HiringProcesses\Scopes\HiringProcessVisibleToScopeTest" file="/home/ubuntu/subhub-api/tests/HiringProcesses/Scopes/HiringProcessVisibleToScopeTest.php" line="14" assertions="24" time="0.998357"/>
    </testsuite>
    <testsuite name="RoleCall\HiringProcesses\Services\CreateHiringProcessTest" file="/home/ubuntu/subhub-api/tests/HiringProcesses/Services/CreateHiringProcessTest.php" tests="3" assertions="30" failures="0" errors="0" time="0.580325">
      <testcase name="testCreateForDistrict" class="RoleCall\HiringProcesses\Services\CreateHiringProcessTest" file="/home/ubuntu/subhub-api/tests/HiringProcesses/Services/CreateHiringProcessTest.php" line="14" assertions="12" time="0.246745"/>
      <testcase name="testCreateForRegion" class="RoleCall\HiringProcesses\Services\CreateHiringProcessTest" file="/home/ubuntu/subhub-api/tests/HiringProcesses/Services/CreateHiringProcessTest.php" line="52" assertions="9" time="0.167659"/>
      <testcase name="testCreateForAgency" class="RoleCall\HiringProcesses\Services\CreateHiringProcessTest" file="/home/ubuntu/subhub-api/tests/HiringProcesses/Services/CreateHiringProcessTest.php" line="81" assertions="9" time="0.165921"/>
    </testsuite>
    <testsuite name="RoleCall\HiringProcesses\Services\CreateHiringStageTest" file="/home/ubuntu/subhub-api/tests/HiringProcesses/Services/CreateHiringStageTest.php" tests="4" assertions="16" failures="0" errors="0" time="0.702841">
      <testcase name="testCreateEvaluationAction" class="RoleCall\HiringProcesses\Services\CreateHiringStageTest" file="/home/ubuntu/subhub-api/tests/HiringProcesses/Services/CreateHiringStageTest.php" line="17" assertions="4" time="0.213467"/>
      <testcase name="testCreateInterviewAction" class="RoleCall\HiringProcesses\Services\CreateHiringStageTest" file="/home/ubuntu/subhub-api/tests/HiringProcesses/Services/CreateHiringStageTest.php" line="35" assertions="4" time="0.138750"/>
      <testcase name="testCreateReviewAction" class="RoleCall\HiringProcesses\Services\CreateHiringStageTest" file="/home/ubuntu/subhub-api/tests/HiringProcesses/Services/CreateHiringStageTest.php" line="53" assertions="4" time="0.138039"/>
      <testcase name="testCreateChecklistAction" class="RoleCall\HiringProcesses\Services\CreateHiringStageTest" file="/home/ubuntu/subhub-api/tests/HiringProcesses/Services/CreateHiringStageTest.php" line="71" assertions="4" time="0.212585"/>
    </testsuite>
    <testsuite name="RoleCall\HiringProcesses\Services\CreateReviewActionTest" file="/home/ubuntu/subhub-api/tests/HiringProcesses/Services/CreateReviewActionTest.php" tests="1" assertions="10" failures="0" errors="0" time="0.175439">
      <testcase name="testCreateReview" class="RoleCall\HiringProcesses\Services\CreateReviewActionTest" file="/home/ubuntu/subhub-api/tests/HiringProcesses/Services/CreateReviewActionTest.php" line="15" assertions="10" time="0.175439"/>
    </testsuite>
    <testsuite name="RoleCall\Payroll\Controllers\ImportControllerTest" file="/home/ubuntu/subhub-api/tests/Import/Controllers/ImportControllerTest.php" tests="3" assertions="6" failures="0" errors="0" time="0.879701">
      <testcase name="testIndex" class="RoleCall\Payroll\Controllers\ImportControllerTest" file="/home/ubuntu/subhub-api/tests/Import/Controllers/ImportControllerTest.php" line="14" assertions="2" time="0.361261"/>
      <testcase name="testProcessImport" class="RoleCall\Payroll\Controllers\ImportControllerTest" file="/home/ubuntu/subhub-api/tests/Import/Controllers/ImportControllerTest.php" line="27" assertions="2" time="0.257235"/>
      <testcase name="testProcessImportSimple" class="RoleCall\Payroll\Controllers\ImportControllerTest" file="/home/ubuntu/subhub-api/tests/Import/Controllers/ImportControllerTest.php" line="42" assertions="2" time="0.261205"/>
    </testsuite>
    <testsuite name="RoleCall\Import\Importers\BadgeImporterTest" file="/home/ubuntu/subhub-api/tests/Import/Importers/BadgeImporterTest.php" tests="7" assertions="15" failures="0" errors="0" time="1.623691">
      <testcase name="testGetAllowedActions" class="RoleCall\Import\Importers\BadgeImporterTest" file="/home/ubuntu/subhub-api/tests/Import/Importers/BadgeImporterTest.php" line="57" assertions="1" time="0.275445"/>
      <testcase name="testGetFields" class="RoleCall\Import\Importers\BadgeImporterTest" file="/home/ubuntu/subhub-api/tests/Import/Importers/BadgeImporterTest.php" line="64" assertions="1" time="0.197719"/>
      <testcase name="testGetSheet" class="RoleCall\Import\Importers\BadgeImporterTest" file="/home/ubuntu/subhub-api/tests/Import/Importers/BadgeImporterTest.php" line="76" assertions="1" time="0.196051"/>
      <testcase name="testGetSheetHeaders" class="RoleCall\Import\Importers\BadgeImporterTest" file="/home/ubuntu/subhub-api/tests/Import/Importers/BadgeImporterTest.php" line="83" assertions="1" time="0.272767"/>
      <testcase name="testValidate" class="RoleCall\Import\Importers\BadgeImporterTest" file="/home/ubuntu/subhub-api/tests/Import/Importers/BadgeImporterTest.php" line="95" assertions="3" time="0.198676"/>
      <testcase name="testModifyValues" class="RoleCall\Import\Importers\BadgeImporterTest" file="/home/ubuntu/subhub-api/tests/Import/Importers/BadgeImporterTest.php" line="117" assertions="1" time="0.271392"/>
      <testcase name="testImportCreate" class="RoleCall\Import\Importers\BadgeImporterTest" file="/home/ubuntu/subhub-api/tests/Import/Importers/BadgeImporterTest.php" line="126" assertions="7" time="0.211641"/>
    </testsuite>
    <testsuite name="RoleCall\Import\Importers\CustomUserFieldValueImporterTest" file="/home/ubuntu/subhub-api/tests/Import/Importers/CustomUserFieldValueImporterTest.php" tests="7" assertions="46" failures="0" errors="0" time="1.634910">
      <testcase name="testGetAllowedActions" class="RoleCall\Import\Importers\CustomUserFieldValueImporterTest" file="/home/ubuntu/subhub-api/tests/Import/Importers/CustomUserFieldValueImporterTest.php" line="44" assertions="1" time="0.179593"/>
      <testcase name="testGetFields" class="RoleCall\Import\Importers\CustomUserFieldValueImporterTest" file="/home/ubuntu/subhub-api/tests/Import/Importers/CustomUserFieldValueImporterTest.php" line="49" assertions="5" time="0.256426"/>
      <testcase name="testGetSheet" class="RoleCall\Import\Importers\CustomUserFieldValueImporterTest" file="/home/ubuntu/subhub-api/tests/Import/Importers/CustomUserFieldValueImporterTest.php" line="68" assertions="1" time="0.176607"/>
      <testcase name="testGetSheetHeaders" class="RoleCall\Import\Importers\CustomUserFieldValueImporterTest" file="/home/ubuntu/subhub-api/tests/Import/Importers/CustomUserFieldValueImporterTest.php" line="73" assertions="1" time="0.178436"/>
      <testcase name="testValidate" class="RoleCall\Import\Importers\CustomUserFieldValueImporterTest" file="/home/ubuntu/subhub-api/tests/Import/Importers/CustomUserFieldValueImporterTest.php" line="86" assertions="3" time="0.254140"/>
      <testcase name="testModifyValues" class="RoleCall\Import\Importers\CustomUserFieldValueImporterTest" file="/home/ubuntu/subhub-api/tests/Import/Importers/CustomUserFieldValueImporterTest.php" line="97" assertions="5" time="0.176743"/>
      <testcase name="testImportCreate" class="RoleCall\Import\Importers\CustomUserFieldValueImporterTest" file="/home/ubuntu/subhub-api/tests/Import/Importers/CustomUserFieldValueImporterTest.php" line="107" assertions="30" time="0.412965"/>
    </testsuite>
    <testsuite name="RoleCall\Import\Importers\DistrictProfileImporterTest" file="/home/ubuntu/subhub-api/tests/Import/Importers/DistrictProfileImporterTest.php" tests="7" assertions="23" failures="0" errors="0" time="1.401006">
      <testcase name="testGetAllowedActions" class="RoleCall\Import\Importers\DistrictProfileImporterTest" file="/home/ubuntu/subhub-api/tests/Import/Importers/DistrictProfileImporterTest.php" line="35" assertions="1" time="0.160896"/>
      <testcase name="testGetFields" class="RoleCall\Import\Importers\DistrictProfileImporterTest" file="/home/ubuntu/subhub-api/tests/Import/Importers/DistrictProfileImporterTest.php" line="40" assertions="2" time="0.162741"/>
      <testcase name="testGetSheet" class="RoleCall\Import\Importers\DistrictProfileImporterTest" file="/home/ubuntu/subhub-api/tests/Import/Importers/DistrictProfileImporterTest.php" line="53" assertions="1" time="0.238845"/>
      <testcase name="testGetSheetHeaders" class="RoleCall\Import\Importers\DistrictProfileImporterTest" file="/home/ubuntu/subhub-api/tests/Import/Importers/DistrictProfileImporterTest.php" line="58" assertions="1" time="0.160727"/>
      <testcase name="testValidate" class="RoleCall\Import\Importers\DistrictProfileImporterTest" file="/home/ubuntu/subhub-api/tests/Import/Importers/DistrictProfileImporterTest.php" line="68" assertions="3" time="0.161383"/>
      <testcase name="testModifyValues" class="RoleCall\Import\Importers\DistrictProfileImporterTest" file="/home/ubuntu/subhub-api/tests/Import/Importers/DistrictProfileImporterTest.php" line="79" assertions="2" time="0.245745"/>
      <testcase name="testImportCreate" class="RoleCall\Import\Importers\DistrictProfileImporterTest" file="/home/ubuntu/subhub-api/tests/Import/Importers/DistrictProfileImporterTest.php" line="86" assertions="13" time="0.270669"/>
    </testsuite>
    <testsuite name="RoleCall\Import\Importers\EmployeeAccountingCodeImporterTest" file="/home/ubuntu/subhub-api/tests/Import/Importers/EmployeeAccountingCodeImporterTest.php" tests="7" assertions="54" failures="0" errors="0" time="1.987626">
      <testcase name="testGetAllowedActions" class="RoleCall\Import\Importers\EmployeeAccountingCodeImporterTest" file="/home/ubuntu/subhub-api/tests/Import/Importers/EmployeeAccountingCodeImporterTest.php" line="64" assertions="2" time="0.300431"/>
      <testcase name="testGetFields" class="RoleCall\Import\Importers\EmployeeAccountingCodeImporterTest" file="/home/ubuntu/subhub-api/tests/Import/Importers/EmployeeAccountingCodeImporterTest.php" line="71" assertions="2" time="0.218192"/>
      <testcase name="testGetSheet" class="RoleCall\Import\Importers\EmployeeAccountingCodeImporterTest" file="/home/ubuntu/subhub-api/tests/Import/Importers/EmployeeAccountingCodeImporterTest.php" line="89" assertions="2" time="0.220124"/>
      <testcase name="testGetSheetHeaders" class="RoleCall\Import\Importers\EmployeeAccountingCodeImporterTest" file="/home/ubuntu/subhub-api/tests/Import/Importers/EmployeeAccountingCodeImporterTest.php" line="96" assertions="2" time="0.298156"/>
      <testcase name="testValidate" class="RoleCall\Import\Importers\EmployeeAccountingCodeImporterTest" file="/home/ubuntu/subhub-api/tests/Import/Importers/EmployeeAccountingCodeImporterTest.php" line="112" assertions="5" time="0.218407"/>
      <testcase name="testModifyValues" class="RoleCall\Import\Importers\EmployeeAccountingCodeImporterTest" file="/home/ubuntu/subhub-api/tests/Import/Importers/EmployeeAccountingCodeImporterTest.php" line="123" assertions="2" time="0.219711"/>
      <testcase name="testImportCreate" class="RoleCall\Import\Importers\EmployeeAccountingCodeImporterTest" file="/home/ubuntu/subhub-api/tests/Import/Importers/EmployeeAccountingCodeImporterTest.php" line="132" assertions="39" time="0.512605"/>
    </testsuite>
    <testsuite name="RoleCall\Import\Importers\EmployeeRoleImporterTest" file="/home/ubuntu/subhub-api/tests/Import/Importers/EmployeeRoleImporterTest.php" tests="7" assertions="27" failures="0" errors="0" time="1.574573">
      <testcase name="testGetAllowedActions" class="RoleCall\Import\Importers\EmployeeRoleImporterTest" file="/home/ubuntu/subhub-api/tests/Import/Importers/EmployeeRoleImporterTest.php" line="56" assertions="1" time="0.187959"/>
      <testcase name="testGetFields" class="RoleCall\Import\Importers\EmployeeRoleImporterTest" file="/home/ubuntu/subhub-api/tests/Import/Importers/EmployeeRoleImporterTest.php" line="63" assertions="1" time="0.261648"/>
      <testcase name="testGetSheet" class="RoleCall\Import\Importers\EmployeeRoleImporterTest" file="/home/ubuntu/subhub-api/tests/Import/Importers/EmployeeRoleImporterTest.php" line="89" assertions="1" time="0.187516"/>
      <testcase name="testGetSheetHeaders" class="RoleCall\Import\Importers\EmployeeRoleImporterTest" file="/home/ubuntu/subhub-api/tests/Import/Importers/EmployeeRoleImporterTest.php" line="96" assertions="1" time="0.185827"/>
      <testcase name="testValidate" class="RoleCall\Import\Importers\EmployeeRoleImporterTest" file="/home/ubuntu/subhub-api/tests/Import/Importers/EmployeeRoleImporterTest.php" line="122" assertions="8" time="0.261673"/>
      <testcase name="testModifyValues" class="RoleCall\Import\Importers\EmployeeRoleImporterTest" file="/home/ubuntu/subhub-api/tests/Import/Importers/EmployeeRoleImporterTest.php" line="139" assertions="2" time="0.186224"/>
      <testcase name="testImportCreate" class="RoleCall\Import\Importers\EmployeeRoleImporterTest" file="/home/ubuntu/subhub-api/tests/Import/Importers/EmployeeRoleImporterTest.php" line="149" assertions="13" time="0.303726"/>
    </testsuite>
    <testsuite name="RoleCall\Import\Importers\FutureAbsenceImporterTest" file="/home/ubuntu/subhub-api/tests/Import/Importers/FutureAbsenceImporterTest.php" tests="7" assertions="16" failures="0" errors="0" time="1.618989">
      <testcase name="testGetAllowedActions" class="RoleCall\Import\Importers\FutureAbsenceImporterTest" file="/home/ubuntu/subhub-api/tests/Import/Importers/FutureAbsenceImporterTest.php" line="70" assertions="1" time="0.197638"/>
      <testcase name="testGetFields" class="RoleCall\Import\Importers\FutureAbsenceImporterTest" file="/home/ubuntu/subhub-api/tests/Import/Importers/FutureAbsenceImporterTest.php" line="80" assertions="1" time="0.194070"/>
      <testcase name="testGetSheet" class="RoleCall\Import\Importers\FutureAbsenceImporterTest" file="/home/ubuntu/subhub-api/tests/Import/Importers/FutureAbsenceImporterTest.php" line="105" assertions="1" time="0.273642"/>
      <testcase name="testGetSheetHeaders" class="RoleCall\Import\Importers\FutureAbsenceImporterTest" file="/home/ubuntu/subhub-api/tests/Import/Importers/FutureAbsenceImporterTest.php" line="115" assertions="1" time="0.192139"/>
      <testcase name="testValidate" class="RoleCall\Import\Importers\FutureAbsenceImporterTest" file="/home/ubuntu/subhub-api/tests/Import/Importers/FutureAbsenceImporterTest.php" line="140" assertions="3" time="0.204999"/>
      <testcase name="testModifyValues" class="RoleCall\Import\Importers\FutureAbsenceImporterTest" file="/home/ubuntu/subhub-api/tests/Import/Importers/FutureAbsenceImporterTest.php" line="175" assertions="1" time="0.270822"/>
      <testcase name="testImportCreate" class="RoleCall\Import\Importers\FutureAbsenceImporterTest" file="/home/ubuntu/subhub-api/tests/Import/Importers/FutureAbsenceImporterTest.php" line="187" assertions="8" time="0.285679"/>
    </testsuite>
    <testsuite name="RoleCall\Import\Importers\LeaveBalanceRecordImporterTest" file="/home/ubuntu/subhub-api/tests/Import/Importers/LeaveBalanceRecordImporterTest.php" tests="7" assertions="18" failures="0" errors="0" time="1.813588">
      <testcase name="testGetAllowedActions" class="RoleCall\Import\Importers\LeaveBalanceRecordImporterTest" file="/home/ubuntu/subhub-api/tests/Import/Importers/LeaveBalanceRecordImporterTest.php" line="60" assertions="1" time="0.277674"/>
      <testcase name="testGetFields" class="RoleCall\Import\Importers\LeaveBalanceRecordImporterTest" file="/home/ubuntu/subhub-api/tests/Import/Importers/LeaveBalanceRecordImporterTest.php" line="67" assertions="1" time="0.200754"/>
      <testcase name="testGetSheet" class="RoleCall\Import\Importers\LeaveBalanceRecordImporterTest" file="/home/ubuntu/subhub-api/tests/Import/Importers/LeaveBalanceRecordImporterTest.php" line="82" assertions="1" time="0.203912"/>
      <testcase name="testGetSheetHeaders" class="RoleCall\Import\Importers\LeaveBalanceRecordImporterTest" file="/home/ubuntu/subhub-api/tests/Import/Importers/LeaveBalanceRecordImporterTest.php" line="89" assertions="1" time="0.283484"/>
      <testcase name="testValidate" class="RoleCall\Import\Importers\LeaveBalanceRecordImporterTest" file="/home/ubuntu/subhub-api/tests/Import/Importers/LeaveBalanceRecordImporterTest.php" line="104" assertions="4" time="0.203654"/>
      <testcase name="testModifyValues" class="RoleCall\Import\Importers\LeaveBalanceRecordImporterTest" file="/home/ubuntu/subhub-api/tests/Import/Importers/LeaveBalanceRecordImporterTest.php" line="115" assertions="1" time="0.203078"/>
      <testcase name="testImportCreate" class="RoleCall\Import\Importers\LeaveBalanceRecordImporterTest" file="/home/ubuntu/subhub-api/tests/Import/Importers/LeaveBalanceRecordImporterTest.php" line="124" assertions="9" time="0.441032"/>
    </testsuite>
    <testsuite name="RoleCall\Import\Importers\PositionCredentialImporterTest" file="/home/ubuntu/subhub-api/tests/Import/Importers/PositionCredentialImporterTest.php" tests="6" assertions="20" failures="0" errors="0" time="1.152951">
      <testcase name="testGetAllowedActions" class="RoleCall\Import\Importers\PositionCredentialImporterTest" file="/home/ubuntu/subhub-api/tests/Import/Importers/PositionCredentialImporterTest.php" line="38" assertions="1" time="0.165294"/>
      <testcase name="testGetFields" class="RoleCall\Import\Importers\PositionCredentialImporterTest" file="/home/ubuntu/subhub-api/tests/Import/Importers/PositionCredentialImporterTest.php" line="45" assertions="1" time="0.163515"/>
      <testcase name="testGetSheet" class="RoleCall\Import\Importers\PositionCredentialImporterTest" file="/home/ubuntu/subhub-api/tests/Import/Importers/PositionCredentialImporterTest.php" line="59" assertions="1" time="0.242411"/>
      <testcase name="testGetSheetHeaders" class="RoleCall\Import\Importers\PositionCredentialImporterTest" file="/home/ubuntu/subhub-api/tests/Import/Importers/PositionCredentialImporterTest.php" line="66" assertions="1" time="0.164097"/>
      <testcase name="testValidate" class="RoleCall\Import\Importers\PositionCredentialImporterTest" file="/home/ubuntu/subhub-api/tests/Import/Importers/PositionCredentialImporterTest.php" line="80" assertions="6" time="0.238060"/>
      <testcase name="testImport" class="RoleCall\Import\Importers\PositionCredentialImporterTest" file="/home/ubuntu/subhub-api/tests/Import/Importers/PositionCredentialImporterTest.php" line="95" assertions="10" time="0.179574"/>
    </testsuite>
    <testsuite name="RoleCall\Import\Importers\PositionRateImporterTest" file="/home/ubuntu/subhub-api/tests/Import/Importers/PositionRateImporterTest.php" tests="7" assertions="23" failures="0" errors="0" time="1.303895">
      <testcase name="testGetAllowedActions" class="RoleCall\Import\Importers\PositionRateImporterTest" file="/home/ubuntu/subhub-api/tests/Import/Importers/PositionRateImporterTest.php" line="38" assertions="1" time="0.162489"/>
      <testcase name="testGetFields" class="RoleCall\Import\Importers\PositionRateImporterTest" file="/home/ubuntu/subhub-api/tests/Import/Importers/PositionRateImporterTest.php" line="45" assertions="1" time="0.239944"/>
      <testcase name="testGetSheet" class="RoleCall\Import\Importers\PositionRateImporterTest" file="/home/ubuntu/subhub-api/tests/Import/Importers/PositionRateImporterTest.php" line="61" assertions="1" time="0.161312"/>
      <testcase name="testGetSheetHeaders" class="RoleCall\Import\Importers\PositionRateImporterTest" file="/home/ubuntu/subhub-api/tests/Import/Importers/PositionRateImporterTest.php" line="68" assertions="1" time="0.161150"/>
      <testcase name="testValidate" class="RoleCall\Import\Importers\PositionRateImporterTest" file="/home/ubuntu/subhub-api/tests/Import/Importers/PositionRateImporterTest.php" line="84" assertions="8" time="0.243777"/>
      <testcase name="testModifyValues" class="RoleCall\Import\Importers\PositionRateImporterTest" file="/home/ubuntu/subhub-api/tests/Import/Importers/PositionRateImporterTest.php" line="101" assertions="2" time="0.162167"/>
      <testcase name="testImport" class="RoleCall\Import\Importers\PositionRateImporterTest" file="/home/ubuntu/subhub-api/tests/Import/Importers/PositionRateImporterTest.php" line="111" assertions="9" time="0.173056"/>
    </testsuite>
    <testsuite name="RoleCall\Import\Importers\SchoolImporterTest" file="/home/ubuntu/subhub-api/tests/Import/Importers/SchoolImporterTest.php" tests="7" assertions="28" failures="0" errors="0" time="0.009967">
      <testcase name="testGetAllowedActions" class="RoleCall\Import\Importers\SchoolImporterTest" file="/home/ubuntu/subhub-api/tests/Import/Importers/SchoolImporterTest.php" line="49" assertions="1" time="0.001473"/>
      <testcase name="testGetFields" class="RoleCall\Import\Importers\SchoolImporterTest" file="/home/ubuntu/subhub-api/tests/Import/Importers/SchoolImporterTest.php" line="54" assertions="1" time="0.001366"/>
      <testcase name="testGetSheet" class="RoleCall\Import\Importers\SchoolImporterTest" file="/home/ubuntu/subhub-api/tests/Import/Importers/SchoolImporterTest.php" line="80" assertions="1" time="0.001353"/>
      <testcase name="testGetSheetHeaders" class="RoleCall\Import\Importers\SchoolImporterTest" file="/home/ubuntu/subhub-api/tests/Import/Importers/SchoolImporterTest.php" line="85" assertions="1" time="0.001348"/>
      <testcase name="testValidateRequired" class="RoleCall\Import\Importers\SchoolImporterTest" file="/home/ubuntu/subhub-api/tests/Import/Importers/SchoolImporterTest.php" line="111" assertions="12" time="0.001555"/>
      <testcase name="testValidateFormat" class="RoleCall\Import\Importers\SchoolImporterTest" file="/home/ubuntu/subhub-api/tests/Import/Importers/SchoolImporterTest.php" line="130" assertions="9" time="0.001441"/>
      <testcase name="testModifyValues" class="RoleCall\Import\Importers\SchoolImporterTest" file="/home/ubuntu/subhub-api/tests/Import/Importers/SchoolImporterTest.php" line="145" assertions="3" time="0.001431"/>
    </testsuite>
    <testsuite name="RoleCall\Import\Importers\StaffRoleImporterTest" file="/home/ubuntu/subhub-api/tests/Import/Importers/StaffRoleImporterTest.php" tests="7" assertions="29" failures="0" errors="0" time="1.355223">
      <testcase name="testGetAllowedActions" class="RoleCall\Import\Importers\StaffRoleImporterTest" file="/home/ubuntu/subhub-api/tests/Import/Importers/StaffRoleImporterTest.php" line="45" assertions="1" time="0.170839"/>
      <testcase name="testGetFields" class="RoleCall\Import\Importers\StaffRoleImporterTest" file="/home/ubuntu/subhub-api/tests/Import/Importers/StaffRoleImporterTest.php" line="52" assertions="1" time="0.168741"/>
      <testcase name="testGetSheet" class="RoleCall\Import\Importers\StaffRoleImporterTest" file="/home/ubuntu/subhub-api/tests/Import/Importers/StaffRoleImporterTest.php" line="69" assertions="1" time="0.239385"/>
      <testcase name="testGetSheetHeaders" class="RoleCall\Import\Importers\StaffRoleImporterTest" file="/home/ubuntu/subhub-api/tests/Import/Importers/StaffRoleImporterTest.php" line="76" assertions="1" time="0.170124"/>
      <testcase name="testValidate" class="RoleCall\Import\Importers\StaffRoleImporterTest" file="/home/ubuntu/subhub-api/tests/Import/Importers/StaffRoleImporterTest.php" line="93" assertions="8" time="0.170877"/>
      <testcase name="testModifyValues" class="RoleCall\Import\Importers\StaffRoleImporterTest" file="/home/ubuntu/subhub-api/tests/Import/Importers/StaffRoleImporterTest.php" line="110" assertions="4" time="0.239684"/>
      <testcase name="testImportCreate" class="RoleCall\Import\Importers\StaffRoleImporterTest" file="/home/ubuntu/subhub-api/tests/Import/Importers/StaffRoleImporterTest.php" line="122" assertions="13" time="0.195573"/>
    </testsuite>
    <testsuite name="RoleCall\Import\Importers\SubCredentialImporterTest" file="/home/ubuntu/subhub-api/tests/Import/Importers/SubCredentialImporterTest.php" tests="8" assertions="23" failures="0" errors="0" time="1.645583">
      <testcase name="testGetAllowedActions" class="RoleCall\Import\Importers\SubCredentialImporterTest" file="/home/ubuntu/subhub-api/tests/Import/Importers/SubCredentialImporterTest.php" line="45" assertions="1" time="0.178380"/>
      <testcase name="testGetFields" class="RoleCall\Import\Importers\SubCredentialImporterTest" file="/home/ubuntu/subhub-api/tests/Import/Importers/SubCredentialImporterTest.php" line="52" assertions="1" time="0.246915"/>
      <testcase name="testGetSheet" class="RoleCall\Import\Importers\SubCredentialImporterTest" file="/home/ubuntu/subhub-api/tests/Import/Importers/SubCredentialImporterTest.php" line="66" assertions="1" time="0.176275"/>
      <testcase name="testGetSheetHeaders" class="RoleCall\Import\Importers\SubCredentialImporterTest" file="/home/ubuntu/subhub-api/tests/Import/Importers/SubCredentialImporterTest.php" line="73" assertions="1" time="0.241893"/>
      <testcase name="testValidate" class="RoleCall\Import\Importers\SubCredentialImporterTest" file="/home/ubuntu/subhub-api/tests/Import/Importers/SubCredentialImporterTest.php" line="87" assertions="5" time="0.177203"/>
      <testcase name="testModifyValues" class="RoleCall\Import\Importers\SubCredentialImporterTest" file="/home/ubuntu/subhub-api/tests/Import/Importers/SubCredentialImporterTest.php" line="101" assertions="1" time="0.185264"/>
      <testcase name="testCreateImport" class="RoleCall\Import\Importers\SubCredentialImporterTest" file="/home/ubuntu/subhub-api/tests/Import/Importers/SubCredentialImporterTest.php" line="110" assertions="7" time="0.254232"/>
      <testcase name="testUpdateImport" class="RoleCall\Import\Importers\SubCredentialImporterTest" file="/home/ubuntu/subhub-api/tests/Import/Importers/SubCredentialImporterTest.php" line="130" assertions="6" time="0.185421"/>
    </testsuite>
    <testsuite name="RoleCall\Import\Importers\SubRoleImporterTest" file="/home/ubuntu/subhub-api/tests/Import/Importers/SubRoleImporterTest.php" tests="7" assertions="31" failures="0" errors="0" time="1.533625">
      <testcase name="testGetAllowedActions" class="RoleCall\Import\Importers\SubRoleImporterTest" file="/home/ubuntu/subhub-api/tests/Import/Importers/SubRoleImporterTest.php" line="52" assertions="1" time="0.178959"/>
      <testcase name="testGetFields" class="RoleCall\Import\Importers\SubRoleImporterTest" file="/home/ubuntu/subhub-api/tests/Import/Importers/SubRoleImporterTest.php" line="59" assertions="1" time="0.247819"/>
      <testcase name="testGetSheet" class="RoleCall\Import\Importers\SubRoleImporterTest" file="/home/ubuntu/subhub-api/tests/Import/Importers/SubRoleImporterTest.php" line="74" assertions="1" time="0.177268"/>
      <testcase name="testGetSheetHeaders" class="RoleCall\Import\Importers\SubRoleImporterTest" file="/home/ubuntu/subhub-api/tests/Import/Importers/SubRoleImporterTest.php" line="81" assertions="1" time="0.245890"/>
      <testcase name="testValidate" class="RoleCall\Import\Importers\SubRoleImporterTest" file="/home/ubuntu/subhub-api/tests/Import/Importers/SubRoleImporterTest.php" line="96" assertions="9" time="0.178494"/>
      <testcase name="testModifyValues" class="RoleCall\Import\Importers\SubRoleImporterTest" file="/home/ubuntu/subhub-api/tests/Import/Importers/SubRoleImporterTest.php" line="116" assertions="1" time="0.178486"/>
      <testcase name="testImportCreate" class="RoleCall\Import\Importers\SubRoleImporterTest" file="/home/ubuntu/subhub-api/tests/Import/Importers/SubRoleImporterTest.php" line="125" assertions="17" time="0.326709"/>
    </testsuite>
    <testsuite name="RoleCall\Import\Importers\UserImporterTest" file="/home/ubuntu/subhub-api/tests/Import/Importers/UserImporterTest.php" tests="8" assertions="45" failures="0" errors="0" time="1.630904">
      <testcase name="testGetAllowedActions" class="RoleCall\Import\Importers\UserImporterTest" file="/home/ubuntu/subhub-api/tests/Import/Importers/UserImporterTest.php" line="52" assertions="1" time="0.170387"/>
      <testcase name="testGetFields" class="RoleCall\Import\Importers\UserImporterTest" file="/home/ubuntu/subhub-api/tests/Import/Importers/UserImporterTest.php" line="59" assertions="1" time="0.171847"/>
      <testcase name="testGetSheet" class="RoleCall\Import\Importers\UserImporterTest" file="/home/ubuntu/subhub-api/tests/Import/Importers/UserImporterTest.php" line="82" assertions="1" time="0.242212"/>
      <testcase name="testGetSheetHeaders" class="RoleCall\Import\Importers\UserImporterTest" file="/home/ubuntu/subhub-api/tests/Import/Importers/UserImporterTest.php" line="89" assertions="1" time="0.170283"/>
      <testcase name="testValidate" class="RoleCall\Import\Importers\UserImporterTest" file="/home/ubuntu/subhub-api/tests/Import/Importers/UserImporterTest.php" line="113" assertions="9" time="0.240060"/>
      <testcase name="testModifyValues" class="RoleCall\Import\Importers\UserImporterTest" file="/home/ubuntu/subhub-api/tests/Import/Importers/UserImporterTest.php" line="131" assertions="1" time="0.172177"/>
      <testcase name="testImportCreate" class="RoleCall\Import\Importers\UserImporterTest" file="/home/ubuntu/subhub-api/tests/Import/Importers/UserImporterTest.php" line="140" assertions="16" time="0.214131"/>
      <testcase name="testImportUpdate" class="RoleCall\Import\Importers\UserImporterTest" file="/home/ubuntu/subhub-api/tests/Import/Importers/UserImporterTest.php" line="171" assertions="15" time="0.249807"/>
    </testsuite>
    <testsuite name="RoleCall\Import\Policies\ImportPolicyTest" file="/home/ubuntu/subhub-api/tests/Import/Policies/ImportPolicyTest.php" tests="5" assertions="50" failures="0" errors="0" time="1.357903">
      <testcase name="testIndex" class="RoleCall\Import\Policies\ImportPolicyTest" file="/home/ubuntu/subhub-api/tests/Import/Policies/ImportPolicyTest.php" line="12" assertions="10" time="0.273640"/>
      <testcase name="testViewList" class="RoleCall\Import\Policies\ImportPolicyTest" file="/home/ubuntu/subhub-api/tests/Import/Policies/ImportPolicyTest.php" line="42" assertions="10" time="0.228249"/>
      <testcase name="testViewListSimple" class="RoleCall\Import\Policies\ImportPolicyTest" file="/home/ubuntu/subhub-api/tests/Import/Policies/ImportPolicyTest.php" line="72" assertions="10" time="0.348078"/>
      <testcase name="testProcess" class="RoleCall\Import\Policies\ImportPolicyTest" file="/home/ubuntu/subhub-api/tests/Import/Policies/ImportPolicyTest.php" line="102" assertions="10" time="0.229896"/>
      <testcase name="testProcessSimple" class="RoleCall\Import\Policies\ImportPolicyTest" file="/home/ubuntu/subhub-api/tests/Import/Policies/ImportPolicyTest.php" line="132" assertions="10" time="0.278040"/>
    </testsuite>
    <testsuite name="RoleCall\Institutions\Scopes\InstitutionSearchScopeTest" file="/home/ubuntu/subhub-api/tests/Institutions/Scopes/InstitutionSearchScopeTest.php" tests="1" assertions="12" failures="0" errors="0" time="0.219787">
      <testcase name="testSearch" class="RoleCall\Institutions\Scopes\InstitutionSearchScopeTest" file="/home/ubuntu/subhub-api/tests/Institutions/Scopes/InstitutionSearchScopeTest.php" line="12" assertions="12" time="0.219787"/>
    </testsuite>
    <testsuite name="RoleCall\InterviewActions\Controllers\InterviewActionsControllerTest" file="/home/ubuntu/subhub-api/tests/InterviewActions/Controllers/InterviewActionsControllerTest.php" tests="2" assertions="5" failures="0" errors="0" time="0.413688">
      <testcase name="testStore" class="RoleCall\InterviewActions\Controllers\InterviewActionsControllerTest" file="/home/ubuntu/subhub-api/tests/InterviewActions/Controllers/InterviewActionsControllerTest.php" line="14" assertions="3" time="0.169215"/>
      <testcase name="testUpdate" class="RoleCall\InterviewActions\Controllers\InterviewActionsControllerTest" file="/home/ubuntu/subhub-api/tests/InterviewActions/Controllers/InterviewActionsControllerTest.php" line="33" assertions="2" time="0.244473"/>
    </testsuite>
    <testsuite name="RoleCall\InterviewActions\Controllers\InterviewRubricQuestionsControllerTest" file="/home/ubuntu/subhub-api/tests/InterviewActions/Controllers/InterviewRubricQuestionsControllerTest.php" tests="2" assertions="4" failures="0" errors="0" time="0.353895">
      <testcase name="testStore" class="RoleCall\InterviewActions\Controllers\InterviewRubricQuestionsControllerTest" file="/home/ubuntu/subhub-api/tests/InterviewActions/Controllers/InterviewRubricQuestionsControllerTest.php" line="13" assertions="2" time="0.178803"/>
      <testcase name="testUpdate" class="RoleCall\InterviewActions\Controllers\InterviewRubricQuestionsControllerTest" file="/home/ubuntu/subhub-api/tests/InterviewActions/Controllers/InterviewRubricQuestionsControllerTest.php" line="32" assertions="2" time="0.175092"/>
    </testsuite>
    <testsuite name="RoleCall\InterviewActions\Controllers\InterviewRubricSectionsControllerTest" file="/home/ubuntu/subhub-api/tests/InterviewActions/Controllers/InterviewRubricSectionsControllerTest.php" tests="2" assertions="4" failures="0" errors="0" time="0.413988">
      <testcase name="testStore" class="RoleCall\InterviewActions\Controllers\InterviewRubricSectionsControllerTest" file="/home/ubuntu/subhub-api/tests/InterviewActions/Controllers/InterviewRubricSectionsControllerTest.php" line="13" assertions="2" time="0.244084"/>
      <testcase name="testUpdate" class="RoleCall\InterviewActions\Controllers\InterviewRubricSectionsControllerTest" file="/home/ubuntu/subhub-api/tests/InterviewActions/Controllers/InterviewRubricSectionsControllerTest.php" line="31" assertions="2" time="0.169904"/>
    </testsuite>
    <testsuite name="RoleCall\InterviewActions\Controllers\InterviewRubricsControllerTest" file="/home/ubuntu/subhub-api/tests/InterviewActions/Controllers/InterviewRubricsControllerTest.php" tests="2" assertions="5" failures="0" errors="0" time="0.418957">
      <testcase name="testStore" class="RoleCall\InterviewActions\Controllers\InterviewRubricsControllerTest" file="/home/ubuntu/subhub-api/tests/InterviewActions/Controllers/InterviewRubricsControllerTest.php" line="14" assertions="3" time="0.251100"/>
      <testcase name="testUpdate" class="RoleCall\InterviewActions\Controllers\InterviewRubricsControllerTest" file="/home/ubuntu/subhub-api/tests/InterviewActions/Controllers/InterviewRubricsControllerTest.php" line="34" assertions="2" time="0.167857"/>
    </testsuite>
    <testsuite name="RoleCall\InterviewActions\Controllers\InterviewTimeslotsControllerTest" file="/home/ubuntu/subhub-api/tests/InterviewActions/Controllers/InterviewTimeslotsControllerTest.php" tests="1" assertions="2" failures="0" errors="0" time="0.295813">
      <testcase name="testStore" class="RoleCall\InterviewActions\Controllers\InterviewTimeslotsControllerTest" file="/home/ubuntu/subhub-api/tests/InterviewActions/Controllers/InterviewTimeslotsControllerTest.php" line="14" assertions="2" time="0.295813"/>
    </testsuite>
    <testsuite name="RoleCall\InterviewActions\InterviewActionTest" file="/home/ubuntu/subhub-api/tests/InterviewActions/InterviewActionTest.php" tests="3" assertions="3" failures="0" errors="0" time="0.442510">
      <testcase name="testTimestampsAreEnabled" class="RoleCall\InterviewActions\InterviewActionTest" file="/home/ubuntu/subhub-api/tests/InterviewActions/InterviewActionTest.php" line="18" assertions="1" time="0.122611"/>
      <testcase name="testFillable" class="RoleCall\InterviewActions\InterviewActionTest" file="/home/ubuntu/subhub-api/tests/InterviewActions/InterviewActionTest.php" line="23" assertions="1" time="0.121712"/>
      <testcase name="testRubric" class="RoleCall\InterviewActions\InterviewActionTest" file="/home/ubuntu/subhub-api/tests/InterviewActions/InterviewActionTest.php" line="36" assertions="1" time="0.198187"/>
    </testsuite>
    <testsuite name="RoleCall\InterviewActions\InterviewRubricQuestionTest" file="/home/ubuntu/subhub-api/tests/InterviewActions/InterviewRubricQuestionTest.php" tests="2" assertions="2" failures="0" errors="0" time="0.251067">
      <testcase name="testAll" class="RoleCall\InterviewActions\InterviewRubricQuestionTest" file="/home/ubuntu/subhub-api/tests/InterviewActions/InterviewRubricQuestionTest.php" line="11" assertions="1" time="0.124780"/>
      <testcase name="testAction" class="RoleCall\InterviewActions\InterviewRubricQuestionTest" file="/home/ubuntu/subhub-api/tests/InterviewActions/InterviewRubricQuestionTest.php" line="19" assertions="1" time="0.126287"/>
    </testsuite>
    <testsuite name="RoleCall\InterviewActions\InterviewRubricSectionTest" file="/home/ubuntu/subhub-api/tests/InterviewActions/InterviewRubricSectionTest.php" tests="3" assertions="3" failures="0" errors="0" time="0.465565">
      <testcase name="testAll" class="RoleCall\InterviewActions\InterviewRubricSectionTest" file="/home/ubuntu/subhub-api/tests/InterviewActions/InterviewRubricSectionTest.php" line="11" assertions="1" time="0.204684"/>
      <testcase name="testAction" class="RoleCall\InterviewActions\InterviewRubricSectionTest" file="/home/ubuntu/subhub-api/tests/InterviewActions/InterviewRubricSectionTest.php" line="19" assertions="1" time="0.128689"/>
      <testcase name="testSections" class="RoleCall\InterviewActions\InterviewRubricSectionTest" file="/home/ubuntu/subhub-api/tests/InterviewActions/InterviewRubricSectionTest.php" line="28" assertions="1" time="0.132192"/>
    </testsuite>
    <testsuite name="RoleCall\InterviewActions\InterviewRubricTest" file="/home/ubuntu/subhub-api/tests/InterviewActions/InterviewRubricTest.php" tests="3" assertions="3" failures="0" errors="0" time="0.457491">
      <testcase name="testAll" class="RoleCall\InterviewActions\InterviewRubricTest" file="/home/ubuntu/subhub-api/tests/InterviewActions/InterviewRubricTest.php" line="11" assertions="1" time="0.199617"/>
      <testcase name="testInterview" class="RoleCall\InterviewActions\InterviewRubricTest" file="/home/ubuntu/subhub-api/tests/InterviewActions/InterviewRubricTest.php" line="19" assertions="1" time="0.127091"/>
      <testcase name="testSections" class="RoleCall\InterviewActions\InterviewRubricTest" file="/home/ubuntu/subhub-api/tests/InterviewActions/InterviewRubricTest.php" line="28" assertions="1" time="0.130783"/>
    </testsuite>
    <testsuite name="RoleCall\InterviewActions\InterviewTimeslotOccurrenceTest" file="/home/ubuntu/subhub-api/tests/InterviewActions/InterviewTimeslotOccurrenceTest.php" tests="4" assertions="6" failures="0" errors="0" time="0.644081">
      <testcase name="testTimestampsAreEnabled" class="RoleCall\InterviewActions\InterviewTimeslotOccurrenceTest" file="/home/ubuntu/subhub-api/tests/InterviewActions/InterviewTimeslotOccurrenceTest.php" line="19" assertions="1" time="0.194051"/>
      <testcase name="testDates" class="RoleCall\InterviewActions\InterviewTimeslotOccurrenceTest" file="/home/ubuntu/subhub-api/tests/InterviewActions/InterviewTimeslotOccurrenceTest.php" line="24" assertions="1" time="0.121983"/>
      <testcase name="testFillable" class="RoleCall\InterviewActions\InterviewTimeslotOccurrenceTest" file="/home/ubuntu/subhub-api/tests/InterviewActions/InterviewTimeslotOccurrenceTest.php" line="34" assertions="1" time="0.121725"/>
      <testcase name="testScopeIsAvailableAndIsFilled" class="RoleCall\InterviewActions\InterviewTimeslotOccurrenceTest" file="/home/ubuntu/subhub-api/tests/InterviewActions/InterviewTimeslotOccurrenceTest.php" line="41" assertions="3" time="0.206322"/>
    </testsuite>
    <testsuite name="RoleCall\InterviewActions\InterviewTimeslotTest" file="/home/ubuntu/subhub-api/tests/InterviewActions/InterviewTimeslotTest.php" tests="4" assertions="5" failures="0" errors="0" time="0.583689">
      <testcase name="testTimestampsAreEnabled" class="RoleCall\InterviewActions\InterviewTimeslotTest" file="/home/ubuntu/subhub-api/tests/InterviewActions/InterviewTimeslotTest.php" line="19" assertions="1" time="0.120612"/>
      <testcase name="testDates" class="RoleCall\InterviewActions\InterviewTimeslotTest" file="/home/ubuntu/subhub-api/tests/InterviewActions/InterviewTimeslotTest.php" line="24" assertions="1" time="0.121883"/>
      <testcase name="testFillable" class="RoleCall\InterviewActions\InterviewTimeslotTest" file="/home/ubuntu/subhub-api/tests/InterviewActions/InterviewTimeslotTest.php" line="36" assertions="1" time="0.191597"/>
      <testcase name="testScopeHasOpenOccurrences" class="RoleCall\InterviewActions\InterviewTimeslotTest" file="/home/ubuntu/subhub-api/tests/InterviewActions/InterviewTimeslotTest.php" line="46" assertions="2" time="0.149597"/>
    </testsuite>
    <testsuite name="RoleCall\InterviewActions\Policies\InterviewActionPolicyTest" file="/home/ubuntu/subhub-api/tests/InterviewActions/Policies/InterviewActionPolicyTest.php" tests="2" assertions="48" failures="0" errors="0" time="0.672213">
      <testcase name="testCreate" class="RoleCall\InterviewActions\Policies\InterviewActionPolicyTest" file="/home/ubuntu/subhub-api/tests/InterviewActions/Policies/InterviewActionPolicyTest.php" line="15" assertions="24" time="0.364837"/>
      <testcase name="testUpdate" class="RoleCall\InterviewActions\Policies\InterviewActionPolicyTest" file="/home/ubuntu/subhub-api/tests/InterviewActions/Policies/InterviewActionPolicyTest.php" line="93" assertions="24" time="0.307376"/>
    </testsuite>
    <testsuite name="RoleCall\InterviewActions\Policies\InterviewRubricPolicyTest" file="/home/ubuntu/subhub-api/tests/InterviewActions/Policies/InterviewRubricPolicyTest.php" tests="4" assertions="72" failures="0" errors="0" time="2.094263">
      <testcase name="testCreate" class="RoleCall\InterviewActions\Policies\InterviewRubricPolicyTest" file="/home/ubuntu/subhub-api/tests/InterviewActions/Policies/InterviewRubricPolicyTest.php" line="13" assertions="12" time="0.468153"/>
      <testcase name="testIndex" class="RoleCall\InterviewActions\Policies\InterviewRubricPolicyTest" file="/home/ubuntu/subhub-api/tests/InterviewActions/Policies/InterviewRubricPolicyTest.php" line="83" assertions="12" time="0.539362"/>
      <testcase name="testUpdate" class="RoleCall\InterviewActions\Policies\InterviewRubricPolicyTest" file="/home/ubuntu/subhub-api/tests/InterviewActions/Policies/InterviewRubricPolicyTest.php" line="153" assertions="24" time="0.505972"/>
      <testcase name="testView" class="RoleCall\InterviewActions\Policies\InterviewRubricPolicyTest" file="/home/ubuntu/subhub-api/tests/InterviewActions/Policies/InterviewRubricPolicyTest.php" line="239" assertions="24" time="0.580776"/>
    </testsuite>
    <testsuite name="RoleCall\InterviewActions\Policies\InterviewTimeslotPolicyTest" file="/home/ubuntu/subhub-api/tests/InterviewActions/Policies/InterviewTimeslotPolicyTest.php" tests="1" assertions="16" failures="0" errors="0" time="0.351494">
      <testcase name="testCreate" class="RoleCall\InterviewActions\Policies\InterviewTimeslotPolicyTest" file="/home/ubuntu/subhub-api/tests/InterviewActions/Policies/InterviewTimeslotPolicyTest.php" line="16" assertions="16" time="0.351494"/>
    </testsuite>
    <testsuite name="RoleCall\InterviewActions\Requests\CreateInterviewActionRequestTest" file="/home/ubuntu/subhub-api/tests/InterviewActions/Requests/CreateInterviewActionRequestTest.php" tests="3" assertions="9" failures="0" errors="0" time="0.530209">
      <testcase name="testValid" class="RoleCall\InterviewActions\Requests\CreateInterviewActionRequestTest" file="/home/ubuntu/subhub-api/tests/InterviewActions/Requests/CreateInterviewActionRequestTest.php" line="13" assertions="1" time="0.152793"/>
      <testcase name="testRequiredFields" class="RoleCall\InterviewActions\Requests\CreateInterviewActionRequestTest" file="/home/ubuntu/subhub-api/tests/InterviewActions/Requests/CreateInterviewActionRequestTest.php" line="33" assertions="4" time="0.225561"/>
      <testcase name="testValidValues" class="RoleCall\InterviewActions\Requests\CreateInterviewActionRequestTest" file="/home/ubuntu/subhub-api/tests/InterviewActions/Requests/CreateInterviewActionRequestTest.php" line="49" assertions="4" time="0.151855"/>
    </testsuite>
    <testsuite name="RoleCall\InterviewActions\Requests\CreateInterviewTimeslotRequestTest" file="/home/ubuntu/subhub-api/tests/InterviewActions/Requests/CreateInterviewTimeslotRequestTest.php" tests="12" assertions="38" failures="0" errors="0" time="2.005964">
      <testcase name="testValid" class="RoleCall\InterviewActions\Requests\CreateInterviewTimeslotRequestTest" file="/home/ubuntu/subhub-api/tests/InterviewActions/Requests/CreateInterviewTimeslotRequestTest.php" line="15" assertions="1" time="0.135411"/>
      <testcase name="testRequiredFields" class="RoleCall\InterviewActions\Requests\CreateInterviewTimeslotRequestTest" file="/home/ubuntu/subhub-api/tests/InterviewActions/Requests/CreateInterviewTimeslotRequestTest.php" line="37" assertions="7" time="0.205932"/>
      <testcase name="testInvalidFields" class="RoleCall\InterviewActions\Requests\CreateInterviewTimeslotRequestTest" file="/home/ubuntu/subhub-api/tests/InterviewActions/Requests/CreateInterviewTimeslotRequestTest.php" line="56" assertions="7" time="0.138401"/>
      <testsuite name="RoleCall\InterviewActions\Requests\CreateInterviewTimeslotRequestTest::testTimeslotAlreadyExists" tests="9" assertions="23" failures="0" errors="0" time="1.526220">
        <testcase name="testTimeslotAlreadyExists with data set &quot;collides window exactly&quot;" assertions="3" time="0.143348"/>
        <testcase name="testTimeslotAlreadyExists with data set &quot;not collides completely before&quot;" assertions="2" time="0.215785"/>
        <testcase name="testTimeslotAlreadyExists with data set &quot;not collides edge before&quot;" assertions="2" time="0.146354"/>
        <testcase name="testTimeslotAlreadyExists with data set &quot;collides overlap before&quot;" assertions="3" time="0.146214"/>
        <testcase name="testTimeslotAlreadyExists with data set &quot;collides inside window&quot;" assertions="3" time="0.219642"/>
        <testcase name="testTimeslotAlreadyExists with data set &quot;collides overlap after&quot;" assertions="3" time="0.145083"/>
        <testcase name="testTimeslotAlreadyExists with data set &quot;not collides edge after&quot;" assertions="2" time="0.214398"/>
        <testcase name="testTimeslotAlreadyExists with data set &quot;not collides completely after&quot;" assertions="2" time="0.148721"/>
        <testcase name="testTimeslotAlreadyExists with data set &quot;collides around&quot;" assertions="3" time="0.146675"/>
      </testsuite>
    </testsuite>
    <testsuite name="RoleCall\InterviewActions\Requests\UpdateInterviewActionRequestTest" file="/home/ubuntu/subhub-api/tests/InterviewActions/Requests/UpdateInterviewActionRequestTest.php" tests="2" assertions="5" failures="0" errors="0" time="0.340184">
      <testcase name="testValid" class="RoleCall\InterviewActions\Requests\UpdateInterviewActionRequestTest" file="/home/ubuntu/subhub-api/tests/InterviewActions/Requests/UpdateInterviewActionRequestTest.php" line="15" assertions="1" time="0.205624"/>
      <testcase name="testRequiredFields" class="RoleCall\InterviewActions\Requests\UpdateInterviewActionRequestTest" file="/home/ubuntu/subhub-api/tests/InterviewActions/Requests/UpdateInterviewActionRequestTest.php" line="33" assertions="4" time="0.134560"/>
    </testsuite>
    <testsuite name="RoleCall\HiringProcesses\Scopes\InterviewRubricVisibleToScopeTest" file="/home/ubuntu/subhub-api/tests/InterviewActions/Scopes/InterviewRubricVisibleToScopeTest.php" tests="1" assertions="24" failures="0" errors="0" time="0.997031">
      <testcase name="testVisibleTo" class="RoleCall\HiringProcesses\Scopes\InterviewRubricVisibleToScopeTest" file="/home/ubuntu/subhub-api/tests/InterviewActions/Scopes/InterviewRubricVisibleToScopeTest.php" line="14" assertions="24" time="0.997031"/>
    </testsuite>
    <testsuite name="RoleCall\InterviewActions\Services\CreateInterviewActionTest" file="/home/ubuntu/subhub-api/tests/InterviewActions/Services/CreateInterviewActionTest.php" tests="1" assertions="12" failures="0" errors="0" time="0.175697">
      <testcase name="testCreateInterviewAction" class="RoleCall\InterviewActions\Services\CreateInterviewActionTest" file="/home/ubuntu/subhub-api/tests/InterviewActions/Services/CreateInterviewActionTest.php" line="16" assertions="12" time="0.175697"/>
    </testsuite>
    <testsuite name="RoleCall\InterviewActions\Services\CreateInterviewRubricTest" file="/home/ubuntu/subhub-api/tests/InterviewActions/Services/CreateInterviewRubricTest.php" tests="1" assertions="6" failures="0" errors="0" time="0.240536">
      <testcase name="testCreateInterviewRubric" class="RoleCall\InterviewActions\Services\CreateInterviewRubricTest" file="/home/ubuntu/subhub-api/tests/InterviewActions/Services/CreateInterviewRubricTest.php" line="15" assertions="6" time="0.240536"/>
    </testsuite>
    <testsuite name="RoleCall\InterviewActions\Services\CreateInterviewTimeslotTest" file="/home/ubuntu/subhub-api/tests/InterviewActions/Services/CreateInterviewTimeslotTest.php" tests="2" assertions="12" failures="0" errors="0" time="0.352518">
      <testcase name="testCreate" class="RoleCall\InterviewActions\Services\CreateInterviewTimeslotTest" file="/home/ubuntu/subhub-api/tests/InterviewActions/Services/CreateInterviewTimeslotTest.php" line="13" assertions="5" time="0.150960"/>
      <testcase name="testCreateWithTimeslotLength" class="RoleCall\InterviewActions\Services\CreateInterviewTimeslotTest" file="/home/ubuntu/subhub-api/tests/InterviewActions/Services/CreateInterviewTimeslotTest.php" line="36" assertions="7" time="0.201558"/>
    </testsuite>
    <testsuite name="RoleCall\InterviewActions\Services\UpdateInterviewRubricTest" file="/home/ubuntu/subhub-api/tests/InterviewActions/Services/UpdateInterviewRubricTest.php" tests="1" assertions="2" failures="0" errors="0" time="0.205347">
      <testcase name="testUpdateInterviewRubric" class="RoleCall\InterviewActions\Services\UpdateInterviewRubricTest" file="/home/ubuntu/subhub-api/tests/InterviewActions/Services/UpdateInterviewRubricTest.php" line="14" assertions="2" time="0.205347"/>
    </testsuite>
    <testsuite name="RoleCall\JobApplications\Controllers\BackgroundChecksControllerTest" file="/home/ubuntu/subhub-api/tests/JobApplications/Controllers/BackgroundChecksControllerTest.php" tests="2" assertions="4" failures="0" errors="0" time="0.403398">
      <testcase name="testStore" class="RoleCall\JobApplications\Controllers\BackgroundChecksControllerTest" file="/home/ubuntu/subhub-api/tests/JobApplications/Controllers/BackgroundChecksControllerTest.php" line="13" assertions="2" time="0.168615"/>
      <testcase name="testUpdate" class="RoleCall\JobApplications\Controllers\BackgroundChecksControllerTest" file="/home/ubuntu/subhub-api/tests/JobApplications/Controllers/BackgroundChecksControllerTest.php" line="37" assertions="2" time="0.234783"/>
    </testsuite>
    <testsuite name="RoleCall\JobApplications\Controllers\JobApplicationCancellationControllerTest" file="/home/ubuntu/subhub-api/tests/JobApplications/Controllers/JobApplicationCancellationControllerTest.php" tests="2" assertions="5" failures="0" errors="0" time="0.440577">
      <testcase name="testShowCancel" class="RoleCall\JobApplications\Controllers\JobApplicationCancellationControllerTest" file="/home/ubuntu/subhub-api/tests/JobApplications/Controllers/JobApplicationCancellationControllerTest.php" line="13" assertions="2" time="0.215389"/>
      <testcase name="testCancel" class="RoleCall\JobApplications\Controllers\JobApplicationCancellationControllerTest" file="/home/ubuntu/subhub-api/tests/JobApplications/Controllers/JobApplicationCancellationControllerTest.php" line="30" assertions="3" time="0.225188"/>
    </testsuite>
    <testsuite name="RoleCall\JobApplications\Controllers\JobApplicationReferenceNotesControllerTest" file="/home/ubuntu/subhub-api/tests/JobApplications/Controllers/JobApplicationReferenceNotesControllerTest.php" tests="2" assertions="5" failures="0" errors="0" time="0.337664">
      <testcase name="testStore" class="RoleCall\JobApplications\Controllers\JobApplicationReferenceNotesControllerTest" file="/home/ubuntu/subhub-api/tests/JobApplications/Controllers/JobApplicationReferenceNotesControllerTest.php" line="13" assertions="2" time="0.171498"/>
      <testcase name="testDestroy" class="RoleCall\JobApplications\Controllers\JobApplicationReferenceNotesControllerTest" file="/home/ubuntu/subhub-api/tests/JobApplications/Controllers/JobApplicationReferenceNotesControllerTest.php" line="48" assertions="3" time="0.166166"/>
    </testsuite>
    <testsuite name="RoleCall\JobApplications\Controllers\JobApplicationReferencesControllerTest" file="/home/ubuntu/subhub-api/tests/JobApplications/Controllers/JobApplicationReferencesControllerTest.php" tests="3" assertions="11" failures="0" errors="0" time="0.751803">
      <testcase name="testShow" class="RoleCall\JobApplications\Controllers\JobApplicationReferencesControllerTest" file="/home/ubuntu/subhub-api/tests/JobApplications/Controllers/JobApplicationReferencesControllerTest.php" line="14" assertions="5" time="0.340853"/>
      <testcase name="testMarkCompleted" class="RoleCall\JobApplications\Controllers\JobApplicationReferencesControllerTest" file="/home/ubuntu/subhub-api/tests/JobApplications/Controllers/JobApplicationReferencesControllerTest.php" line="54" assertions="3" time="0.170134"/>
      <testcase name="testMarkUnavailable" class="RoleCall\JobApplications\Controllers\JobApplicationReferencesControllerTest" file="/home/ubuntu/subhub-api/tests/JobApplications/Controllers/JobApplicationReferencesControllerTest.php" line="89" assertions="3" time="0.240816"/>
    </testsuite>
    <testsuite name="RoleCall\JobApplications\Controllers\JobApplicationRejectionControllerTest" file="/home/ubuntu/subhub-api/tests/JobApplications/Controllers/JobApplicationRejectionControllerTest.php" tests="5" assertions="11" failures="0" errors="0" time="1.194381">
      <testcase name="testShow" class="RoleCall\JobApplications\Controllers\JobApplicationRejectionControllerTest" file="/home/ubuntu/subhub-api/tests/JobApplications/Controllers/JobApplicationRejectionControllerTest.php" line="15" assertions="1" time="0.285173"/>
      <testcase name="testShowRejected" class="RoleCall\JobApplications\Controllers\JobApplicationRejectionControllerTest" file="/home/ubuntu/subhub-api/tests/JobApplications/Controllers/JobApplicationRejectionControllerTest.php" line="41" assertions="2" time="0.267199"/>
      <testcase name="testReject" class="RoleCall\JobApplications\Controllers\JobApplicationRejectionControllerTest" file="/home/ubuntu/subhub-api/tests/JobApplications/Controllers/JobApplicationRejectionControllerTest.php" line="62" assertions="3" time="0.192473"/>
      <testcase name="testRejectWithMessage" class="RoleCall\JobApplications\Controllers\JobApplicationRejectionControllerTest" file="/home/ubuntu/subhub-api/tests/JobApplications/Controllers/JobApplicationRejectionControllerTest.php" line="85" assertions="3" time="0.261576"/>
      <testcase name="testRejectSelected" class="RoleCall\JobApplications\Controllers\JobApplicationRejectionControllerTest" file="/home/ubuntu/subhub-api/tests/JobApplications/Controllers/JobApplicationRejectionControllerTest.php" line="111" assertions="2" time="0.187960"/>
    </testsuite>
    <testsuite name="RoleCall\JobApplications\Controllers\JobApplicationSelectionControllerTest" file="/home/ubuntu/subhub-api/tests/JobApplications/Controllers/JobApplicationSelectionControllerTest.php" tests="6" assertions="12" failures="0" errors="0" time="1.588859">
      <testcase name="testShow" class="RoleCall\JobApplications\Controllers\JobApplicationSelectionControllerTest" file="/home/ubuntu/subhub-api/tests/JobApplications/Controllers/JobApplicationSelectionControllerTest.php" line="13" assertions="1" time="0.350455"/>
      <testcase name="testShowSelected" class="RoleCall\JobApplications\Controllers\JobApplicationSelectionControllerTest" file="/home/ubuntu/subhub-api/tests/JobApplications/Controllers/JobApplicationSelectionControllerTest.php" line="35" assertions="2" time="0.202182"/>
      <testcase name="testSelect" class="RoleCall\JobApplications\Controllers\JobApplicationSelectionControllerTest" file="/home/ubuntu/subhub-api/tests/JobApplications/Controllers/JobApplicationSelectionControllerTest.php" line="58" assertions="3" time="0.205505"/>
      <testcase name="testSelectSelected" class="RoleCall\JobApplications\Controllers\JobApplicationSelectionControllerTest" file="/home/ubuntu/subhub-api/tests/JobApplications/Controllers/JobApplicationSelectionControllerTest.php" line="81" assertions="2" time="0.266919"/>
      <testcase name="testShowUnselect" class="RoleCall\JobApplications\Controllers\JobApplicationSelectionControllerTest" file="/home/ubuntu/subhub-api/tests/JobApplications/Controllers/JobApplicationSelectionControllerTest.php" line="104" assertions="1" time="0.280649"/>
      <testcase name="testUnselect" class="RoleCall\JobApplications\Controllers\JobApplicationSelectionControllerTest" file="/home/ubuntu/subhub-api/tests/JobApplications/Controllers/JobApplicationSelectionControllerTest.php" line="130" assertions="3" time="0.283149"/>
    </testsuite>
    <testsuite name="RoleCall\JobApplications\Controllers\JobApplicationStagesControllerTest" file="/home/ubuntu/subhub-api/tests/JobApplications/Controllers/JobApplicationStagesControllerTest.php" tests="3" assertions="9" failures="0" errors="0" time="0.835207">
      <testcase name="testEdit" class="RoleCall\JobApplications\Controllers\JobApplicationStagesControllerTest" file="/home/ubuntu/subhub-api/tests/JobApplications/Controllers/JobApplicationStagesControllerTest.php" line="16" assertions="5" time="0.328601"/>
      <testcase name="testUpdate" class="RoleCall\JobApplications\Controllers\JobApplicationStagesControllerTest" file="/home/ubuntu/subhub-api/tests/JobApplications/Controllers/JobApplicationStagesControllerTest.php" line="57" assertions="2" time="0.291889"/>
      <testcase name="testCompleteStage" class="RoleCall\JobApplications\Controllers\JobApplicationStagesControllerTest" file="/home/ubuntu/subhub-api/tests/JobApplications/Controllers/JobApplicationStagesControllerTest.php" line="98" assertions="2" time="0.214717"/>
    </testsuite>
    <testsuite name="RoleCall\JobApplications\Controllers\JobApplicationsControllerTest" file="/home/ubuntu/subhub-api/tests/JobApplications/Controllers/JobApplicationsControllerTest.php" tests="16" assertions="36" failures="0" errors="0" time="4.008439">
      <testcase name="testForUserNoApplications" class="RoleCall\JobApplications\Controllers\JobApplicationsControllerTest" file="/home/ubuntu/subhub-api/tests/JobApplications/Controllers/JobApplicationsControllerTest.php" line="37" assertions="1" time="0.313018"/>
      <testcase name="testForUserWithApplications" class="RoleCall\JobApplications\Controllers\JobApplicationsControllerTest" file="/home/ubuntu/subhub-api/tests/JobApplications/Controllers/JobApplicationsControllerTest.php" line="46" assertions="2" time="0.303487"/>
      <testcase name="testShowApplication" class="RoleCall\JobApplications\Controllers\JobApplicationsControllerTest" file="/home/ubuntu/subhub-api/tests/JobApplications/Controllers/JobApplicationsControllerTest.php" line="64" assertions="1" time="0.355242"/>
      <testcase name="testCreateAsAnonymous" class="RoleCall\JobApplications\Controllers\JobApplicationsControllerTest" file="/home/ubuntu/subhub-api/tests/JobApplications/Controllers/JobApplicationsControllerTest.php" line="85" assertions="2" time="0.149638"/>
      <testcase name="testCreateAsLoggedIn" class="RoleCall\JobApplications\Controllers\JobApplicationsControllerTest" file="/home/ubuntu/subhub-api/tests/JobApplications/Controllers/JobApplicationsControllerTest.php" line="93" assertions="5" time="0.289394"/>
      <testcase name="testCreateButAlreadyHasDraft" class="RoleCall\JobApplications\Controllers\JobApplicationsControllerTest" file="/home/ubuntu/subhub-api/tests/JobApplications/Controllers/JobApplicationsControllerTest.php" line="122" assertions="2" time="0.192751"/>
      <testcase name="testCreateButAlreadyApplied" class="RoleCall\JobApplications\Controllers\JobApplicationsControllerTest" file="/home/ubuntu/subhub-api/tests/JobApplications/Controllers/JobApplicationsControllerTest.php" line="140" assertions="1" time="0.265829"/>
      <testcase name="testStoreAsDraft" class="RoleCall\JobApplications\Controllers\JobApplicationsControllerTest" file="/home/ubuntu/subhub-api/tests/JobApplications/Controllers/JobApplicationsControllerTest.php" line="157" assertions="2" time="0.201224"/>
      <testcase name="testStoreAsDraftNoValues" class="RoleCall\JobApplications\Controllers\JobApplicationsControllerTest" file="/home/ubuntu/subhub-api/tests/JobApplications/Controllers/JobApplicationsControllerTest.php" line="185" assertions="2" time="0.259422"/>
      <testcase name="testStoreAndSubmit" class="RoleCall\JobApplications\Controllers\JobApplicationsControllerTest" file="/home/ubuntu/subhub-api/tests/JobApplications/Controllers/JobApplicationsControllerTest.php" line="203" assertions="2" time="0.220522"/>
      <testcase name="testStoreAndSubmitAndRejected" class="RoleCall\JobApplications\Controllers\JobApplicationsControllerTest" file="/home/ubuntu/subhub-api/tests/JobApplications/Controllers/JobApplicationsControllerTest.php" line="240" assertions="2" time="0.290075"/>
      <testcase name="testEdit" class="RoleCall\JobApplications\Controllers\JobApplicationsControllerTest" file="/home/ubuntu/subhub-api/tests/JobApplications/Controllers/JobApplicationsControllerTest.php" line="274" assertions="6" time="0.206833"/>
      <testcase name="testUpdateAsDraft" class="RoleCall\JobApplications\Controllers\JobApplicationsControllerTest" file="/home/ubuntu/subhub-api/tests/JobApplications/Controllers/JobApplicationsControllerTest.php" line="315" assertions="2" time="0.267553"/>
      <testcase name="testUpdateAsDraftNoValues" class="RoleCall\JobApplications\Controllers\JobApplicationsControllerTest" file="/home/ubuntu/subhub-api/tests/JobApplications/Controllers/JobApplicationsControllerTest.php" line="349" assertions="2" time="0.186077"/>
      <testcase name="testUpdateAndSubmit" class="RoleCall\JobApplications\Controllers\JobApplicationsControllerTest" file="/home/ubuntu/subhub-api/tests/JobApplications/Controllers/JobApplicationsControllerTest.php" line="373" assertions="2" time="0.284778"/>
      <testcase name="testUpdateAndSubmitToRejected" class="RoleCall\JobApplications\Controllers\JobApplicationsControllerTest" file="/home/ubuntu/subhub-api/tests/JobApplications/Controllers/JobApplicationsControllerTest.php" line="413" assertions="2" time="0.222596"/>
    </testsuite>
    <testsuite name="RoleCall\JobApplications\JobApplicationActionTest" file="/home/ubuntu/subhub-api/tests/JobApplications/JobApplicationActionTest.php" tests="4" assertions="5" failures="0" errors="0" time="0.576975">
      <testcase name="testTimestampsAreEnabled" class="RoleCall\JobApplications\JobApplicationActionTest" file="/home/ubuntu/subhub-api/tests/JobApplications/JobApplicationActionTest.php" line="18" assertions="1" time="0.121662"/>
      <testcase name="testFillable" class="RoleCall\JobApplications\JobApplicationActionTest" file="/home/ubuntu/subhub-api/tests/JobApplications/JobApplicationActionTest.php" line="23" assertions="1" time="0.195252"/>
      <testcase name="testDates" class="RoleCall\JobApplications\JobApplicationActionTest" file="/home/ubuntu/subhub-api/tests/JobApplications/JobApplicationActionTest.php" line="32" assertions="1" time="0.121301"/>
      <testcase name="testScopeInOrder" class="RoleCall\JobApplications\JobApplicationActionTest" file="/home/ubuntu/subhub-api/tests/JobApplications/JobApplicationActionTest.php" line="44" assertions="2" time="0.138760"/>
    </testsuite>
    <testsuite name="RoleCall\JobApplications\JobApplicationTest" file="/home/ubuntu/subhub-api/tests/JobApplications/JobApplicationTest.php" tests="8" assertions="10" failures="0" errors="0" time="1.297439">
      <testcase name="testTimestampsAreEnabled" class="RoleCall\JobApplications\JobApplicationTest" file="/home/ubuntu/subhub-api/tests/JobApplications/JobApplicationTest.php" line="21" assertions="1" time="0.191958"/>
      <testcase name="testFillable" class="RoleCall\JobApplications\JobApplicationTest" file="/home/ubuntu/subhub-api/tests/JobApplications/JobApplicationTest.php" line="26" assertions="1" time="0.121684"/>
      <testcase name="testDates" class="RoleCall\JobApplications\JobApplicationTest" file="/home/ubuntu/subhub-api/tests/JobApplications/JobApplicationTest.php" line="40" assertions="1" time="0.121859"/>
      <testcase name="testDistrictRelationship" class="RoleCall\JobApplications\JobApplicationTest" file="/home/ubuntu/subhub-api/tests/JobApplications/JobApplicationTest.php" line="52" assertions="1" time="0.231036"/>
      <testcase name="testPositionRelationship" class="RoleCall\JobApplications\JobApplicationTest" file="/home/ubuntu/subhub-api/tests/JobApplications/JobApplicationTest.php" line="61" assertions="1" time="0.137659"/>
      <testcase name="testSchoolRelationship" class="RoleCall\JobApplications\JobApplicationTest" file="/home/ubuntu/subhub-api/tests/JobApplications/JobApplicationTest.php" line="70" assertions="1" time="0.136554"/>
      <testcase name="testCurrentStageAttribute" class="RoleCall\JobApplications\JobApplicationTest" file="/home/ubuntu/subhub-api/tests/JobApplications/JobApplicationTest.php" line="79" assertions="2" time="0.214824"/>
      <testcase name="testQuestions" class="RoleCall\JobApplications\JobApplicationTest" file="/home/ubuntu/subhub-api/tests/JobApplications/JobApplicationTest.php" line="111" assertions="2" time="0.141865"/>
    </testsuite>
    <testsuite name="RoleCall\JobApplications\Policies\JobApplicationPolicyTest" file="/home/ubuntu/subhub-api/tests/JobApplications/Policies/JobApplicationPolicyTest.php" tests="10" assertions="433" failures="0" errors="0" time="3.420001">
      <testcase name="testCancel" class="RoleCall\JobApplications\Policies\JobApplicationPolicyTest" file="/home/ubuntu/subhub-api/tests/JobApplications/Policies/JobApplicationPolicyTest.php" line="13" assertions="33" time="0.266068"/>
      <testcase name="testManage" class="RoleCall\JobApplications\Policies\JobApplicationPolicyTest" file="/home/ubuntu/subhub-api/tests/JobApplications/Policies/JobApplicationPolicyTest.php" line="115" assertions="42" time="0.398277"/>
      <testcase name="testReject" class="RoleCall\JobApplications\Policies\JobApplicationPolicyTest" file="/home/ubuntu/subhub-api/tests/JobApplications/Policies/JobApplicationPolicyTest.php" line="232" assertions="42" time="0.322030"/>
      <testcase name="testSelect" class="RoleCall\JobApplications\Policies\JobApplicationPolicyTest" file="/home/ubuntu/subhub-api/tests/JobApplications/Policies/JobApplicationPolicyTest.php" line="349" assertions="42" time="0.391916"/>
      <testcase name="testUncancel" class="RoleCall\JobApplications\Policies\JobApplicationPolicyTest" file="/home/ubuntu/subhub-api/tests/JobApplications/Policies/JobApplicationPolicyTest.php" line="469" assertions="42" time="0.311303"/>
      <testcase name="testUnreject" class="RoleCall\JobApplications\Policies\JobApplicationPolicyTest" file="/home/ubuntu/subhub-api/tests/JobApplications/Policies/JobApplicationPolicyTest.php" line="589" assertions="42" time="0.315958"/>
      <testcase name="testUnselect" class="RoleCall\JobApplications\Policies\JobApplicationPolicyTest" file="/home/ubuntu/subhub-api/tests/JobApplications/Policies/JobApplicationPolicyTest.php" line="706" assertions="42" time="0.389578"/>
      <testcase name="testUpdate" class="RoleCall\JobApplications\Policies\JobApplicationPolicyTest" file="/home/ubuntu/subhub-api/tests/JobApplications/Policies/JobApplicationPolicyTest.php" line="823" assertions="52" time="0.309110"/>
      <testcase name="testView" class="RoleCall\JobApplications\Policies\JobApplicationPolicyTest" file="/home/ubuntu/subhub-api/tests/JobApplications/Policies/JobApplicationPolicyTest.php" line="957" assertions="70" time="0.372488"/>
      <testcase name="testViewAsApplicant" class="RoleCall\JobApplications\Policies\JobApplicationPolicyTest" file="/home/ubuntu/subhub-api/tests/JobApplications/Policies/JobApplicationPolicyTest.php" line="1115" assertions="26" time="0.343273"/>
    </testsuite>
    <testsuite name="RoleCall\JobApplications\Policies\JobApplicationStagePolicyTest" file="/home/ubuntu/subhub-api/tests/JobApplications/Policies/JobApplicationStagePolicyTest.php" tests="6" assertions="247" failures="0" errors="0" time="2.321106">
      <testcase name="testComplete" class="RoleCall\JobApplications\Policies\JobApplicationStagePolicyTest" file="/home/ubuntu/subhub-api/tests/JobApplications/Policies/JobApplicationStagePolicyTest.php" line="13" assertions="39" time="0.358432"/>
      <testcase name="testMakeCurrent" class="RoleCall\JobApplications\Policies\JobApplicationStagePolicyTest" file="/home/ubuntu/subhub-api/tests/JobApplications/Policies/JobApplicationStagePolicyTest.php" line="169" assertions="39" time="0.356323"/>
      <testcase name="testScreen" class="RoleCall\JobApplications\Policies\JobApplicationStagePolicyTest" file="/home/ubuntu/subhub-api/tests/JobApplications/Policies/JobApplicationStagePolicyTest.php" line="325" assertions="39" time="0.435379"/>
      <testcase name="testSkip" class="RoleCall\JobApplications\Policies\JobApplicationStagePolicyTest" file="/home/ubuntu/subhub-api/tests/JobApplications/Policies/JobApplicationStagePolicyTest.php" line="481" assertions="39" time="0.359898"/>
      <testcase name="testUncomplete" class="RoleCall\JobApplications\Policies\JobApplicationStagePolicyTest" file="/home/ubuntu/subhub-api/tests/JobApplications/Policies/JobApplicationStagePolicyTest.php" line="637" assertions="52" time="0.463948"/>
      <testcase name="testUpdate" class="RoleCall\JobApplications\Policies\JobApplicationStagePolicyTest" file="/home/ubuntu/subhub-api/tests/JobApplications/Policies/JobApplicationStagePolicyTest.php" line="812" assertions="39" time="0.347126"/>
    </testsuite>
    <testsuite name="RoleCall\JobApplications\Policies\ReviewPolicyTest" file="/home/ubuntu/subhub-api/tests/JobApplications/Policies/ReviewPolicyTest.php" tests="1" assertions="39" failures="0" errors="0" time="0.382276">
      <testcase name="testCreate" class="RoleCall\JobApplications\Policies\ReviewPolicyTest" file="/home/ubuntu/subhub-api/tests/JobApplications/Policies/ReviewPolicyTest.php" line="14" assertions="39" time="0.382276"/>
    </testsuite>
    <testsuite name="RoleCall\JobApplications\Repositories\GetNextApplicationTest" file="/home/ubuntu/subhub-api/tests/JobApplications/Repositories/GetNextApplicationTest.php" tests="1" assertions="8" failures="0" errors="0" time="0.235049">
      <testcase name="testNewerAndOlder" class="RoleCall\JobApplications\Repositories\GetNextApplicationTest" file="/home/ubuntu/subhub-api/tests/JobApplications/Repositories/GetNextApplicationTest.php" line="12" assertions="8" time="0.235049"/>
    </testsuite>
    <testsuite name="RoleCall\JobApplications\Requests\CreateJobApplicationRequestTest" file="/home/ubuntu/subhub-api/tests/JobApplications/Requests/CreateJobApplicationRequestTest.php" tests="8" assertions="33" failures="0" errors="0" time="1.392739">
      <testcase name="testValid" class="RoleCall\JobApplications\Requests\CreateJobApplicationRequestTest" file="/home/ubuntu/subhub-api/tests/JobApplications/Requests/CreateJobApplicationRequestTest.php" line="14" assertions="1" time="0.144923"/>
      <testcase name="testValidOnSubmit" class="RoleCall\JobApplications\Requests\CreateJobApplicationRequestTest" file="/home/ubuntu/subhub-api/tests/JobApplications/Requests/CreateJobApplicationRequestTest.php" line="40" assertions="1" time="0.151343"/>
      <testcase name="testRequiredFields" class="RoleCall\JobApplications\Requests\CreateJobApplicationRequestTest" file="/home/ubuntu/subhub-api/tests/JobApplications/Requests/CreateJobApplicationRequestTest.php" line="88" assertions="3" time="0.212723"/>
      <testcase name="testAnswersMustBeArray" class="RoleCall\JobApplications\Requests\CreateJobApplicationRequestTest" file="/home/ubuntu/subhub-api/tests/JobApplications/Requests/CreateJobApplicationRequestTest.php" line="108" assertions="2" time="0.144092"/>
      <testcase name="testAnswersIsEmptyArray" class="RoleCall\JobApplications\Requests\CreateJobApplicationRequestTest" file="/home/ubuntu/subhub-api/tests/JobApplications/Requests/CreateJobApplicationRequestTest.php" line="131" assertions="2" time="0.147866"/>
      <testcase name="testMissingReferences" class="RoleCall\JobApplications\Requests\CreateJobApplicationRequestTest" file="/home/ubuntu/subhub-api/tests/JobApplications/Requests/CreateJobApplicationRequestTest.php" line="162" assertions="11" time="0.230405"/>
      <testcase name="testMissingRequirements" class="RoleCall\JobApplications\Requests\CreateJobApplicationRequestTest" file="/home/ubuntu/subhub-api/tests/JobApplications/Requests/CreateJobApplicationRequestTest.php" line="271" assertions="7" time="0.149011"/>
      <testcase name="testNoRequirements" class="RoleCall\JobApplications\Requests\CreateJobApplicationRequestTest" file="/home/ubuntu/subhub-api/tests/JobApplications/Requests/CreateJobApplicationRequestTest.php" line="321" assertions="6" time="0.212376"/>
    </testsuite>
    <testsuite name="RoleCall\JobApplications\Requests\UpdateJobApplicationRequestTest" file="/home/ubuntu/subhub-api/tests/JobApplications/Requests/UpdateJobApplicationRequestTest.php" tests="1" assertions="1" failures="0" errors="0" time="0.138269">
      <testcase name="testValid" class="RoleCall\JobApplications\Requests\UpdateJobApplicationRequestTest" file="/home/ubuntu/subhub-api/tests/JobApplications/Requests/UpdateJobApplicationRequestTest.php" line="12" assertions="1" time="0.138269"/>
    </testsuite>
    <testsuite name="RoleCall\JobApplications\Requests\UpdateReviewRequestTest" file="/home/ubuntu/subhub-api/tests/JobApplications/Requests/UpdateReviewRequestTest.php" tests="3" assertions="5" failures="0" errors="0" time="0.482433">
      <testcase name="testValid" class="RoleCall\JobApplications\Requests\UpdateReviewRequestTest" file="/home/ubuntu/subhub-api/tests/JobApplications/Requests/UpdateReviewRequestTest.php" line="16" assertions="1" time="0.134414"/>
      <testcase name="testRequiredFields" class="RoleCall\JobApplications\Requests\UpdateReviewRequestTest" file="/home/ubuntu/subhub-api/tests/JobApplications/Requests/UpdateReviewRequestTest.php" line="43" assertions="2" time="0.210864"/>
      <testcase name="testMaxScore" class="RoleCall\JobApplications\Requests\UpdateReviewRequestTest" file="/home/ubuntu/subhub-api/tests/JobApplications/Requests/UpdateReviewRequestTest.php" line="66" assertions="2" time="0.137155"/>
    </testsuite>
    <testsuite name="RoleCall\JobApplications\Scopes\JobApplicationNotesVisibleToScopeTest" file="/home/ubuntu/subhub-api/tests/JobApplications/Scopes/JobApplicationNotesVisibleToScopeTest.php" tests="1" assertions="16" failures="0" errors="0" time="0.642343">
      <testcase name="testVisibleTo" class="RoleCall\JobApplications\Scopes\JobApplicationNotesVisibleToScopeTest" file="/home/ubuntu/subhub-api/tests/JobApplications/Scopes/JobApplicationNotesVisibleToScopeTest.php" line="14" assertions="16" time="0.642343"/>
    </testsuite>
    <testsuite name="RoleCall\JobApplications\Scopes\JobApplicationVisibleToScopeTest" file="/home/ubuntu/subhub-api/tests/JobApplications/Scopes/JobApplicationVisibleToScopeTest.php" tests="1" assertions="14" failures="0" errors="0" time="0.643925">
      <testcase name="testVisibleTo" class="RoleCall\JobApplications\Scopes\JobApplicationVisibleToScopeTest" file="/home/ubuntu/subhub-api/tests/JobApplications/Scopes/JobApplicationVisibleToScopeTest.php" line="14" assertions="14" time="0.643925"/>
    </testsuite>
    <testsuite name="RoleCall\JobApplications\Services\CancelJobApplicationTest" file="/home/ubuntu/subhub-api/tests/JobApplications/Services/CancelJobApplicationTest.php" tests="2" assertions="3" failures="0" errors="0" time="0.355271">
      <testcase name="testCancelJobApplication" class="RoleCall\JobApplications\Services\CancelJobApplicationTest" file="/home/ubuntu/subhub-api/tests/JobApplications/Services/CancelJobApplicationTest.php" line="15" assertions="1" time="0.211784"/>
      <testcase name="testCancelJobApplicationThatIsOnOpening" class="RoleCall\JobApplications\Services\CancelJobApplicationTest" file="/home/ubuntu/subhub-api/tests/JobApplications/Services/CancelJobApplicationTest.php" line="29" assertions="2" time="0.143487"/>
    </testsuite>
    <testsuite name="RoleCall\JobApplications\Services\CompleteApplicantHireTest" file="/home/ubuntu/subhub-api/tests/JobApplications/Services/CompleteApplicantHireTest.php" tests="1" assertions="1" failures="0" errors="0" time="0.175386">
      <testcase name="testComplete" class="RoleCall\JobApplications\Services\CompleteApplicantHireTest" file="/home/ubuntu/subhub-api/tests/JobApplications/Services/CompleteApplicantHireTest.php" line="12" assertions="1" time="0.175386"/>
    </testsuite>
    <testsuite name="RoleCall\JobApplications\Services\CompleteJobApplicationStageTest" file="/home/ubuntu/subhub-api/tests/JobApplications/Services/CompleteJobApplicationStageTest.php" tests="1" assertions="8" failures="0" errors="0" time="0.276987">
      <testcase name="testComplete" class="RoleCall\JobApplications\Services\CompleteJobApplicationStageTest" file="/home/ubuntu/subhub-api/tests/JobApplications/Services/CompleteJobApplicationStageTest.php" line="15" assertions="8" time="0.276987"/>
    </testsuite>
    <testsuite name="RoleCall\JobApplications\Services\CreateJobApplicationAttachmentTest" file="/home/ubuntu/subhub-api/tests/JobApplications/Services/CreateJobApplicationAttachmentTest.php" tests="2" assertions="12" failures="0" errors="0" time="0.360140">
      <testcase name="testCreateAttachment" class="RoleCall\JobApplications\Services\CreateJobApplicationAttachmentTest" file="/home/ubuntu/subhub-api/tests/JobApplications/Services/CreateJobApplicationAttachmentTest.php" line="16" assertions="6" time="0.145402"/>
      <testcase name="testCreateAttachmentWithCustomName" class="RoleCall\JobApplications\Services\CreateJobApplicationAttachmentTest" file="/home/ubuntu/subhub-api/tests/JobApplications/Services/CreateJobApplicationAttachmentTest.php" line="43" assertions="6" time="0.214738"/>
    </testsuite>
    <testsuite name="RoleCall\JobApplications\Services\CreateJobApplicationStageTest" file="/home/ubuntu/subhub-api/tests/JobApplications/Services/CreateJobApplicationStageTest.php" tests="2" assertions="17" failures="0" errors="0" time="0.430762">
      <testcase name="testCreateStageWithChecklist" class="RoleCall\JobApplications\Services\CreateJobApplicationStageTest" file="/home/ubuntu/subhub-api/tests/JobApplications/Services/CreateJobApplicationStageTest.php" line="17" assertions="8" time="0.207088"/>
      <testcase name="testCreateStageWithInterview" class="RoleCall\JobApplications\Services\CreateJobApplicationStageTest" file="/home/ubuntu/subhub-api/tests/JobApplications/Services/CreateJobApplicationStageTest.php" line="59" assertions="9" time="0.223674"/>
    </testsuite>
    <testsuite name="RoleCall\JobApplications\Services\CreateJobApplicationTest" file="/home/ubuntu/subhub-api/tests/JobApplications/Services/CreateJobApplicationTest.php" tests="4" assertions="44" failures="0" errors="0" time="0.914435">
      <testcase name="testCreateJobApplication" class="RoleCall\JobApplications\Services\CreateJobApplicationTest" file="/home/ubuntu/subhub-api/tests/JobApplications/Services/CreateJobApplicationTest.php" line="14" assertions="15" time="0.271886"/>
      <testcase name="testCreateJobApplicationAndSubmit" class="RoleCall\JobApplications\Services\CreateJobApplicationTest" file="/home/ubuntu/subhub-api/tests/JobApplications/Services/CreateJobApplicationTest.php" line="73" assertions="15" time="0.213547"/>
      <testcase name="testCreateJobApplicationNoAnswers" class="RoleCall\JobApplications\Services\CreateJobApplicationTest" file="/home/ubuntu/subhub-api/tests/JobApplications/Services/CreateJobApplicationTest.php" line="132" assertions="7" time="0.175435"/>
      <testcase name="testCreateJobApplicationRejectedFromInvalidAnswer" class="RoleCall\JobApplications\Services\CreateJobApplicationTest" file="/home/ubuntu/subhub-api/tests/JobApplications/Services/CreateJobApplicationTest.php" line="163" assertions="7" time="0.253567"/>
    </testsuite>
    <testsuite name="RoleCall\JobApplications\Services\RejectJobApplicationTest" file="/home/ubuntu/subhub-api/tests/JobApplications/Services/RejectJobApplicationTest.php" tests="2" assertions="18" failures="0" errors="0" time="0.312433">
      <testcase name="testRejectJobApplication" class="RoleCall\JobApplications\Services\RejectJobApplicationTest" file="/home/ubuntu/subhub-api/tests/JobApplications/Services/RejectJobApplicationTest.php" line="15" assertions="6" time="0.142556"/>
      <testcase name="testRejectJobApplicationWithNotesAndReason" class="RoleCall\JobApplications\Services\RejectJobApplicationTest" file="/home/ubuntu/subhub-api/tests/JobApplications/Services/RejectJobApplicationTest.php" line="36" assertions="12" time="0.169877"/>
    </testsuite>
    <testsuite name="RoleCall\JobApplications\Services\RestoreJobApplicationTest" file="/home/ubuntu/subhub-api/tests/JobApplications/Services/RestoreJobApplicationTest.php" tests="2" assertions="16" failures="0" errors="0" time="0.579836">
      <testcase name="testRestore" class="RoleCall\JobApplications\Services\RestoreJobApplicationTest" file="/home/ubuntu/subhub-api/tests/JobApplications/Services/RestoreJobApplicationTest.php" line="16" assertions="9" time="0.322923"/>
      <testcase name="testRestoreFromApplyFail" class="RoleCall\JobApplications\Services\RestoreJobApplicationTest" file="/home/ubuntu/subhub-api/tests/JobApplications/Services/RestoreJobApplicationTest.php" line="86" assertions="7" time="0.256913"/>
    </testsuite>
    <testsuite name="RoleCall\JobApplications\Services\SelectJobApplicationTest" file="/home/ubuntu/subhub-api/tests/JobApplications/Services/SelectJobApplicationTest.php" tests="3" assertions="12" failures="0" errors="0" time="0.635427">
      <testcase name="testSelectJobApplication" class="RoleCall\JobApplications\Services\SelectJobApplicationTest" file="/home/ubuntu/subhub-api/tests/JobApplications/Services/SelectJobApplicationTest.php" line="13" assertions="6" time="0.190854"/>
      <testcase name="testSelectJobApplicationRequisitionGetsFilled" class="RoleCall\JobApplications\Services\SelectJobApplicationTest" file="/home/ubuntu/subhub-api/tests/JobApplications/Services/SelectJobApplicationTest.php" line="42" assertions="3" time="0.258324"/>
      <testcase name="testSelectJobApplicationRequisitionAlreadyFilled" class="RoleCall\JobApplications\Services\SelectJobApplicationTest" file="/home/ubuntu/subhub-api/tests/JobApplications/Services/SelectJobApplicationTest.php" line="65" assertions="3" time="0.186249"/>
    </testsuite>
    <testsuite name="RoleCall\JobApplications\Services\SubmitJobApplicationTest" file="/home/ubuntu/subhub-api/tests/JobApplications/Services/SubmitJobApplicationTest.php" tests="3" assertions="12" failures="0" errors="0" time="0.616408">
      <testcase name="testSubmit" class="RoleCall\JobApplications\Services\SubmitJobApplicationTest" file="/home/ubuntu/subhub-api/tests/JobApplications/Services/SubmitJobApplicationTest.php" line="14" assertions="2" time="0.241051"/>
      <testcase name="testRejectBeforeSubmit" class="RoleCall\JobApplications\Services\SubmitJobApplicationTest" file="/home/ubuntu/subhub-api/tests/JobApplications/Services/SubmitJobApplicationTest.php" line="38" assertions="4" time="0.174822"/>
      <testcase name="testSubmitAndNotifyReferences" class="RoleCall\JobApplications\Services\SubmitJobApplicationTest" file="/home/ubuntu/subhub-api/tests/JobApplications/Services/SubmitJobApplicationTest.php" line="76" assertions="6" time="0.200535"/>
    </testsuite>
    <testsuite name="RoleCall\JobApplications\Services\UncompleteJobApplicationStageTest" file="/home/ubuntu/subhub-api/tests/JobApplications/Services/UncompleteJobApplicationStageTest.php" tests="1" assertions="4" failures="0" errors="0" time="0.263628">
      <testcase name="testUncomplete" class="RoleCall\JobApplications\Services\UncompleteJobApplicationStageTest" file="/home/ubuntu/subhub-api/tests/JobApplications/Services/UncompleteJobApplicationStageTest.php" line="15" assertions="4" time="0.263628"/>
    </testsuite>
    <testsuite name="RoleCall\JobApplications\Services\UnselectJobApplicationTest" file="/home/ubuntu/subhub-api/tests/JobApplications/Services/UnselectJobApplicationTest.php" tests="2" assertions="10" failures="0" errors="0" time="0.395039">
      <testcase name="testUnselect" class="RoleCall\JobApplications\Services\UnselectJobApplicationTest" file="/home/ubuntu/subhub-api/tests/JobApplications/Services/UnselectJobApplicationTest.php" line="13" assertions="8" time="0.204226"/>
      <testcase name="testUnselectAndUnfillRequisition" class="RoleCall\JobApplications\Services\UnselectJobApplicationTest" file="/home/ubuntu/subhub-api/tests/JobApplications/Services/UnselectJobApplicationTest.php" line="54" assertions="2" time="0.190813"/>
    </testsuite>
    <testsuite name="RoleCall\JobApplications\Services\UpdateJobApplicationTest" file="/home/ubuntu/subhub-api/tests/JobApplications/Services/UpdateJobApplicationTest.php" tests="2" assertions="14" failures="0" errors="0" time="0.475688">
      <testcase name="testUpdate" class="RoleCall\JobApplications\Services\UpdateJobApplicationTest" file="/home/ubuntu/subhub-api/tests/JobApplications/Services/UpdateJobApplicationTest.php" line="14" assertions="13" time="0.286991"/>
      <testcase name="testUpdateAndSubmit" class="RoleCall\JobApplications\Services\UpdateJobApplicationTest" file="/home/ubuntu/subhub-api/tests/JobApplications/Services/UpdateJobApplicationTest.php" line="82" assertions="1" time="0.188697"/>
    </testsuite>
    <testsuite name="RoleCall\JobApplications\Services\UpdateReviewTest" file="/home/ubuntu/subhub-api/tests/JobApplications/Services/UpdateReviewTest.php" tests="1" assertions="3" failures="0" errors="0" time="0.189314">
      <testcase name="testUpdate" class="RoleCall\JobApplications\Services\UpdateReviewTest" file="/home/ubuntu/subhub-api/tests/JobApplications/Services/UpdateReviewTest.php" line="15" assertions="3" time="0.189314"/>
    </testsuite>
    <testsuite name="RoleCall\JobApplications\Utilities\ApplyHiringProcessToJobApplicationTest" file="/home/ubuntu/subhub-api/tests/JobApplications/Utilities/ApplyHiringProcessToJobApplicationTest.php" tests="1" assertions="7" failures="0" errors="0" time="0.307454">
      <testcase name="testApplyStagesToApplication" class="RoleCall\JobApplications\Utilities\ApplyHiringProcessToJobApplicationTest" file="/home/ubuntu/subhub-api/tests/JobApplications/Utilities/ApplyHiringProcessToJobApplicationTest.php" line="18" assertions="7" time="0.307454"/>
    </testsuite>
    <testsuite name="RoleCall\JobApplications\Utilities\CalculateApplicationStageScoreTest" file="/home/ubuntu/subhub-api/tests/JobApplications/Utilities/CalculateApplicationStageScoreTest.php" tests="2" assertions="2" failures="0" errors="0" time="0.430362">
      <testcase name="testCalculateInteviewScores" class="RoleCall\JobApplications\Utilities\CalculateApplicationStageScoreTest" file="/home/ubuntu/subhub-api/tests/JobApplications/Utilities/CalculateApplicationStageScoreTest.php" line="16" assertions="1" time="0.193665"/>
      <testcase name="testCalculateReviewScores" class="RoleCall\JobApplications\Utilities\CalculateApplicationStageScoreTest" file="/home/ubuntu/subhub-api/tests/JobApplications/Utilities/CalculateApplicationStageScoreTest.php" line="64" assertions="1" time="0.236697"/>
    </testsuite>
    <testsuite name="RoleCall\JobApplications\Utilities\SendCurrentStageNotificationsTest" file="/home/ubuntu/subhub-api/tests/JobApplications/Utilities/SendCurrentStageNotificationsTest.php" tests="6" assertions="0" failures="0" errors="0" time="1.447985">
      <testcase name="testSendNextForChecklist" class="RoleCall\JobApplications\Utilities\SendCurrentStageNotificationsTest" file="/home/ubuntu/subhub-api/tests/JobApplications/Utilities/SendCurrentStageNotificationsTest.php" line="18" assertions="0" time="0.215360"/>
      <testcase name="testSendNextForInterviewNotAccepted" class="RoleCall\JobApplications\Utilities\SendCurrentStageNotificationsTest" file="/home/ubuntu/subhub-api/tests/JobApplications/Utilities/SendCurrentStageNotificationsTest.php" line="64" assertions="0" time="0.223013"/>
      <testcase name="testSendNextForInterviewIsAccepted" class="RoleCall\JobApplications\Utilities\SendCurrentStageNotificationsTest" file="/home/ubuntu/subhub-api/tests/JobApplications/Utilities/SendCurrentStageNotificationsTest.php" line="102" assertions="0" time="0.306793"/>
      <testcase name="testSendNextForReview" class="RoleCall\JobApplications\Utilities\SendCurrentStageNotificationsTest" file="/home/ubuntu/subhub-api/tests/JobApplications/Utilities/SendCurrentStageNotificationsTest.php" line="143" assertions="0" time="0.204873"/>
      <testcase name="testSendNextForReviewAlreadyReviewed" class="RoleCall\JobApplications\Utilities\SendCurrentStageNotificationsTest" file="/home/ubuntu/subhub-api/tests/JobApplications/Utilities/SendCurrentStageNotificationsTest.php" line="181" assertions="0" time="0.206551"/>
      <testcase name="testSendNoNext" class="RoleCall\JobApplications\Utilities\SendCurrentStageNotificationsTest" file="/home/ubuntu/subhub-api/tests/JobApplications/Utilities/SendCurrentStageNotificationsTest.php" line="223" assertions="0" time="0.291395"/>
    </testsuite>
    <testsuite name="RoleCall\JobApplications\Validators\JobApplicationAnswerValidatorTest" file="/home/ubuntu/subhub-api/tests/JobApplications/Validators/JobApplicationAnswerValidatorTest.php" tests="10" assertions="10" failures="0" errors="0" time="1.525258">
      <testcase name="testNonBoolean" class="RoleCall\JobApplications\Validators\JobApplicationAnswerValidatorTest" file="/home/ubuntu/subhub-api/tests/JobApplications/Validators/JobApplicationAnswerValidatorTest.php" line="12" assertions="1" time="0.130311"/>
      <testcase name="testNonDisqualifying" class="RoleCall\JobApplications\Validators\JobApplicationAnswerValidatorTest" file="/home/ubuntu/subhub-api/tests/JobApplications/Validators/JobApplicationAnswerValidatorTest.php" line="27" assertions="1" time="0.131387"/>
      <testsuite name="RoleCall\JobApplications\Validators\JobApplicationAnswerValidatorTest::testDisqualifyingBoolean" tests="8" assertions="8" failures="0" errors="0" time="1.263560">
        <testcase name="testDisqualifyingBoolean with data set &quot;both strings, valid&quot;" assertions="1" time="0.203101"/>
        <testcase name="testDisqualifyingBoolean with data set &quot;both integers, valid&quot;" assertions="1" time="0.129491"/>
        <testcase name="testDisqualifyingBoolean with data set &quot;string / integer, valid&quot;" assertions="1" time="0.129482"/>
        <testcase name="testDisqualifyingBoolean with data set &quot;integer / string, valid&quot;" assertions="1" time="0.201745"/>
        <testcase name="testDisqualifyingBoolean with data set &quot;both strings, invalid&quot;" assertions="1" time="0.132431"/>
        <testcase name="testDisqualifyingBoolean with data set &quot;both integers, invalid&quot;" assertions="1" time="0.132045"/>
        <testcase name="testDisqualifyingBoolean with data set &quot;string / integer, invalid&quot;" assertions="1" time="0.202782"/>
        <testcase name="testDisqualifyingBoolean with data set &quot;integer / string, invalid&quot;" assertions="1" time="0.132483"/>
      </testsuite>
    </testsuite>
    <testsuite name="RoleCall\JobApplications\Validators\JobApplicationStageScreeningValidatorTest" file="/home/ubuntu/subhub-api/tests/JobApplications/Validators/JobApplicationStageScreeningValidatorTest.php" tests="4" assertions="10" failures="0" errors="0" time="0.831661">
      <testcase name="testChecklistAction" class="RoleCall\JobApplications\Validators\JobApplicationStageScreeningValidatorTest" file="/home/ubuntu/subhub-api/tests/JobApplications/Validators/JobApplicationStageScreeningValidatorTest.php" line="18" assertions="1" time="0.232186"/>
      <testcase name="testEvaluationStage" class="RoleCall\JobApplications\Validators\JobApplicationStageScreeningValidatorTest" file="/home/ubuntu/subhub-api/tests/JobApplications/Validators/JobApplicationStageScreeningValidatorTest.php" line="39" assertions="3" time="0.170998"/>
      <testcase name="testInterviewStage" class="RoleCall\JobApplications\Validators\JobApplicationStageScreeningValidatorTest" file="/home/ubuntu/subhub-api/tests/JobApplications/Validators/JobApplicationStageScreeningValidatorTest.php" line="70" assertions="3" time="0.184698"/>
      <testcase name="testReviewStage" class="RoleCall\JobApplications\Validators\JobApplicationStageScreeningValidatorTest" file="/home/ubuntu/subhub-api/tests/JobApplications/Validators/JobApplicationStageScreeningValidatorTest.php" line="101" assertions="3" time="0.243779"/>
    </testsuite>
    <testsuite name="RoleCall\JobInterviews\Controllers\JobInterviewInvitationsControllerTest" file="/home/ubuntu/subhub-api/tests/JobInterviews/Controllers/JobInterviewInvitationsControllerTest.php" tests="7" assertions="17" failures="0" errors="0" time="1.831175">
      <testcase name="testShow" class="RoleCall\JobInterviews\Controllers\JobInterviewInvitationsControllerTest" file="/home/ubuntu/subhub-api/tests/JobInterviews/Controllers/JobInterviewInvitationsControllerTest.php" line="16" assertions="5" time="0.285719"/>
      <testcase name="testInvite" class="RoleCall\JobInterviews\Controllers\JobInterviewInvitationsControllerTest" file="/home/ubuntu/subhub-api/tests/JobInterviews/Controllers/JobInterviewInvitationsControllerTest.php" line="63" assertions="2" time="0.302046"/>
      <testcase name="testInviteWithSelected" class="RoleCall\JobInterviews\Controllers\JobInterviewInvitationsControllerTest" file="/home/ubuntu/subhub-api/tests/JobInterviews/Controllers/JobInterviewInvitationsControllerTest.php" line="125" assertions="2" time="0.230874"/>
      <testcase name="testAssign" class="RoleCall\JobInterviews\Controllers\JobInterviewInvitationsControllerTest" file="/home/ubuntu/subhub-api/tests/JobInterviews/Controllers/JobInterviewInvitationsControllerTest.php" line="186" assertions="2" time="0.230305"/>
      <testcase name="testMarkAccepted" class="RoleCall\JobInterviews\Controllers\JobInterviewInvitationsControllerTest" file="/home/ubuntu/subhub-api/tests/JobInterviews/Controllers/JobInterviewInvitationsControllerTest.php" line="242" assertions="2" time="0.290671"/>
      <testcase name="testMarkDeclined" class="RoleCall\JobInterviews\Controllers\JobInterviewInvitationsControllerTest" file="/home/ubuntu/subhub-api/tests/JobInterviews/Controllers/JobInterviewInvitationsControllerTest.php" line="286" assertions="2" time="0.213606"/>
      <testcase name="testMarkInvited" class="RoleCall\JobInterviews\Controllers\JobInterviewInvitationsControllerTest" file="/home/ubuntu/subhub-api/tests/JobInterviews/Controllers/JobInterviewInvitationsControllerTest.php" line="330" assertions="2" time="0.277954"/>
    </testsuite>
    <testsuite name="RoleCall\JobInterviews\Controllers\JobInterviewQuickStartControllerTest" file="/home/ubuntu/subhub-api/tests/JobInterviews/Controllers/JobInterviewQuickStartControllerTest.php" tests="1" assertions="2" failures="0" errors="0" time="0.275134">
      <testcase name="testStore" class="RoleCall\JobInterviews\Controllers\JobInterviewQuickStartControllerTest" file="/home/ubuntu/subhub-api/tests/JobInterviews/Controllers/JobInterviewQuickStartControllerTest.php" line="16" assertions="2" time="0.275134"/>
    </testsuite>
    <testsuite name="RoleCall\JobInterviews\Controllers\JobInterviewScorecardsControllerTest" file="/home/ubuntu/subhub-api/tests/JobInterviews/Controllers/JobInterviewScorecardsControllerTest.php" tests="1" assertions="5" failures="0" errors="0" time="0.394673">
      <testcase name="testUpdate" class="RoleCall\JobInterviews\Controllers\JobInterviewScorecardsControllerTest" file="/home/ubuntu/subhub-api/tests/JobInterviews/Controllers/JobInterviewScorecardsControllerTest.php" line="17" assertions="5" time="0.394673"/>
    </testsuite>
    <testsuite name="RoleCall\JobInterviews\Controllers\JobInterviewScreenerInvitationsControllerTest" file="/home/ubuntu/subhub-api/tests/JobInterviews/Controllers/JobInterviewScreenerInvitationsControllerTest.php" tests="6" assertions="16" failures="0" errors="0" time="1.218421">
      <testcase name="testInvite" class="RoleCall\JobInterviews\Controllers\JobInterviewScreenerInvitationsControllerTest" file="/home/ubuntu/subhub-api/tests/JobInterviews/Controllers/JobInterviewScreenerInvitationsControllerTest.php" line="18" assertions="2" time="0.200273"/>
      <testcase name="testUninvite" class="RoleCall\JobInterviews\Controllers\JobInterviewScreenerInvitationsControllerTest" file="/home/ubuntu/subhub-api/tests/JobInterviews/Controllers/JobInterviewScreenerInvitationsControllerTest.php" line="51" assertions="2" time="0.268495"/>
      <testcase name="testScreenerAcceptGet" class="RoleCall\JobInterviews\Controllers\JobInterviewScreenerInvitationsControllerTest" file="/home/ubuntu/subhub-api/tests/JobInterviews/Controllers/JobInterviewScreenerInvitationsControllerTest.php" line="84" assertions="3" time="0.177349"/>
      <testcase name="testScreenerAcceptPost" class="RoleCall\JobInterviews\Controllers\JobInterviewScreenerInvitationsControllerTest" file="/home/ubuntu/subhub-api/tests/JobInterviews/Controllers/JobInterviewScreenerInvitationsControllerTest.php" line="105" assertions="3" time="0.168198"/>
      <testcase name="testScreenerDeclineGet" class="RoleCall\JobInterviews\Controllers\JobInterviewScreenerInvitationsControllerTest" file="/home/ubuntu/subhub-api/tests/JobInterviews/Controllers/JobInterviewScreenerInvitationsControllerTest.php" line="126" assertions="3" time="0.241854"/>
      <testcase name="testScreenerDeclinePost" class="RoleCall\JobInterviews\Controllers\JobInterviewScreenerInvitationsControllerTest" file="/home/ubuntu/subhub-api/tests/JobInterviews/Controllers/JobInterviewScreenerInvitationsControllerTest.php" line="147" assertions="3" time="0.162252"/>
    </testsuite>
    <testsuite name="RoleCall\JobInterviews\Controllers\JobInterviewScreenersControllerTest" file="/home/ubuntu/subhub-api/tests/JobInterviews/Controllers/JobInterviewScreenersControllerTest.php" tests="2" assertions="4" failures="0" errors="0" time="0.458179">
      <testcase name="testAddScreener" class="RoleCall\JobInterviews\Controllers\JobInterviewScreenersControllerTest" file="/home/ubuntu/subhub-api/tests/JobInterviews/Controllers/JobInterviewScreenersControllerTest.php" line="16" assertions="2" time="0.265019"/>
      <testcase name="testRemoveScreener" class="RoleCall\JobInterviews\Controllers\JobInterviewScreenersControllerTest" file="/home/ubuntu/subhub-api/tests/JobInterviews/Controllers/JobInterviewScreenersControllerTest.php" line="44" assertions="2" time="0.193160"/>
    </testsuite>
    <testsuite name="RoleCall\JobInterviews\Controllers\JobInterviewTimeslotSelectionControllerTest" file="/home/ubuntu/subhub-api/tests/JobInterviews/Controllers/JobInterviewTimeslotSelectionControllerTest.php" tests="1" assertions="8" failures="0" errors="0" time="0.355865">
      <testcase name="testShow" class="RoleCall\JobInterviews\Controllers\JobInterviewTimeslotSelectionControllerTest" file="/home/ubuntu/subhub-api/tests/JobInterviews/Controllers/JobInterviewTimeslotSelectionControllerTest.php" line="14" assertions="8" time="0.355865"/>
    </testsuite>
    <testsuite name="RoleCall\JobInterviews\JobInterviewTest" file="/home/ubuntu/subhub-api/tests/JobInterviews/JobInterviewTest.php" tests="5" assertions="7" failures="0" errors="0" time="0.787554">
      <testcase name="testTimestampsAreEnabled" class="RoleCall\JobInterviews\JobInterviewTest" file="/home/ubuntu/subhub-api/tests/JobInterviews/JobInterviewTest.php" line="18" assertions="1" time="0.122177"/>
      <testcase name="testFillable" class="RoleCall\JobInterviews\JobInterviewTest" file="/home/ubuntu/subhub-api/tests/JobInterviews/JobInterviewTest.php" line="23" assertions="1" time="0.191544"/>
      <testcase name="testDates" class="RoleCall\JobInterviews\JobInterviewTest" file="/home/ubuntu/subhub-api/tests/JobInterviews/JobInterviewTest.php" line="40" assertions="1" time="0.124012"/>
      <testcase name="testAttributes" class="RoleCall\JobInterviews\JobInterviewTest" file="/home/ubuntu/subhub-api/tests/JobInterviews/JobInterviewTest.php" line="54" assertions="1" time="0.121406"/>
      <testcase name="testScopeForUser" class="RoleCall\JobInterviews\JobInterviewTest" file="/home/ubuntu/subhub-api/tests/JobInterviews/JobInterviewTest.php" line="63" assertions="3" time="0.228415"/>
    </testsuite>
    <testsuite name="RoleCall\JobInterviews\Policies\JobInterviewPolicyTest" file="/home/ubuntu/subhub-api/tests/JobInterviews/Policies/JobInterviewPolicyTest.php" tests="1" assertions="39" failures="0" errors="0" time="0.353940">
      <testcase name="testInvite" class="RoleCall\JobInterviews\Policies\JobInterviewPolicyTest" file="/home/ubuntu/subhub-api/tests/JobInterviews/Policies/JobInterviewPolicyTest.php" line="13" assertions="39" time="0.353940"/>
    </testsuite>
    <testsuite name="RoleCall\JobInterviews\Policies\JobInterviewScorecardPolicyTest" file="/home/ubuntu/subhub-api/tests/JobInterviews/Policies/JobInterviewScorecardPolicyTest.php" tests="1" assertions="16" failures="0" errors="0" time="0.347896">
      <testcase name="testInvite" class="RoleCall\JobInterviews\Policies\JobInterviewScorecardPolicyTest" file="/home/ubuntu/subhub-api/tests/JobInterviews/Policies/JobInterviewScorecardPolicyTest.php" line="13" assertions="16" time="0.347896"/>
    </testsuite>
    <testsuite name="RoleCall\JobInterviews\Policies\JobInterviewScreenerPolicyTest" file="/home/ubuntu/subhub-api/tests/JobInterviews/Policies/JobInterviewScreenerPolicyTest.php" tests="2" assertions="26" failures="0" errors="0" time="0.607303">
      <testcase name="testAccept" class="RoleCall\JobInterviews\Policies\JobInterviewScreenerPolicyTest" file="/home/ubuntu/subhub-api/tests/JobInterviews/Policies/JobInterviewScreenerPolicyTest.php" line="17" assertions="13" time="0.343878"/>
      <testcase name="testDecline" class="RoleCall\JobInterviews\Policies\JobInterviewScreenerPolicyTest" file="/home/ubuntu/subhub-api/tests/JobInterviews/Policies/JobInterviewScreenerPolicyTest.php" line="100" assertions="13" time="0.263425"/>
    </testsuite>
    <testsuite name="RoleCall\JobInterviews\Requests\SelectInterviewTimeslotRequestTest" file="/home/ubuntu/subhub-api/tests/JobInterviews/Requests/SelectInterviewTimeslotRequestTest.php" tests="2" assertions="4" failures="0" errors="0" time="0.338492">
      <testcase name="testValid" class="RoleCall\JobInterviews\Requests\SelectInterviewTimeslotRequestTest" file="/home/ubuntu/subhub-api/tests/JobInterviews/Requests/SelectInterviewTimeslotRequestTest.php" line="13" assertions="1" time="0.131945"/>
      <testcase name="testHasNoOpenOccurrences" class="RoleCall\JobInterviews\Requests\SelectInterviewTimeslotRequestTest" file="/home/ubuntu/subhub-api/tests/JobInterviews/Requests/SelectInterviewTimeslotRequestTest.php" line="26" assertions="3" time="0.206547"/>
    </testsuite>
    <testsuite name="RoleCall\JobInterviews\Scopes\JobInterviewVisibleToScopeTest" file="/home/ubuntu/subhub-api/tests/JobInterviews/Scopes/JobInterviewVisibleToScopeTest.php" tests="1" assertions="16" failures="0" errors="0" time="0.677703">
      <testcase name="testVisibleTo" class="RoleCall\JobInterviews\Scopes\JobInterviewVisibleToScopeTest" file="/home/ubuntu/subhub-api/tests/JobInterviews/Scopes/JobInterviewVisibleToScopeTest.php" line="16" assertions="16" time="0.677703"/>
    </testsuite>
    <testsuite name="RoleCall\JobInterviews\Services\AcceptJobInterviewTest" file="/home/ubuntu/subhub-api/tests/JobInterviews/Services/AcceptJobInterviewTest.php" tests="1" assertions="5" failures="0" errors="0" time="0.312650">
      <testcase name="testAcceptJobInterview" class="RoleCall\JobInterviews\Services\AcceptJobInterviewTest" file="/home/ubuntu/subhub-api/tests/JobInterviews/Services/AcceptJobInterviewTest.php" line="18" assertions="5" time="0.312650"/>
    </testsuite>
    <testsuite name="RoleCall\JobInterviews\Services\AcceptScreenerInviteTest" file="/home/ubuntu/subhub-api/tests/JobInterviews/Services/AcceptScreenerInviteTest.php" tests="1" assertions="1" failures="0" errors="0" time="0.151799">
      <testcase name="testAccept" class="RoleCall\JobInterviews\Services\AcceptScreenerInviteTest" file="/home/ubuntu/subhub-api/tests/JobInterviews/Services/AcceptScreenerInviteTest.php" line="13" assertions="1" time="0.151799"/>
    </testsuite>
    <testsuite name="RoleCall\JobInterviews\Services\AddScreenerToJobInterviewTest" file="/home/ubuntu/subhub-api/tests/JobInterviews/Services/AddScreenerToJobInterviewTest.php" tests="1" assertions="4" failures="0" errors="0" time="0.213672">
      <testcase name="testAdd" class="RoleCall\JobInterviews\Services\AddScreenerToJobInterviewTest" file="/home/ubuntu/subhub-api/tests/JobInterviews/Services/AddScreenerToJobInterviewTest.php" line="13" assertions="4" time="0.213672"/>
    </testsuite>
    <testsuite name="RoleCall\JobInterviews\Services\AssignTimeslotToInterviewTest" file="/home/ubuntu/subhub-api/tests/JobInterviews/Services/AssignTimeslotToInterviewTest.php" tests="1" assertions="6" failures="0" errors="0" time="0.165185">
      <testcase name="testAssign" class="RoleCall\JobInterviews\Services\AssignTimeslotToInterviewTest" file="/home/ubuntu/subhub-api/tests/JobInterviews/Services/AssignTimeslotToInterviewTest.php" line="16" assertions="6" time="0.165185"/>
    </testsuite>
    <testsuite name="RoleCall\JobInterviews\Services\CancelJobInterviewTest" file="/home/ubuntu/subhub-api/tests/JobInterviews/Services/CancelJobInterviewTest.php" tests="1" assertions="8" failures="0" errors="0" time="0.258435">
      <testcase name="testCancelJobInterview" class="RoleCall\JobInterviews\Services\CancelJobInterviewTest" file="/home/ubuntu/subhub-api/tests/JobInterviews/Services/CancelJobInterviewTest.php" line="17" assertions="8" time="0.258435"/>
    </testsuite>
    <testsuite name="RoleCall\JobInterviews\Services\CompleteInterviewScorecardTest" file="/home/ubuntu/subhub-api/tests/JobInterviews/Services/CompleteInterviewScorecardTest.php" tests="1" assertions="4" failures="0" errors="0" time="0.247359">
      <testcase name="testCompleteInterviewScorecard" class="RoleCall\JobInterviews\Services\CompleteInterviewScorecardTest" file="/home/ubuntu/subhub-api/tests/JobInterviews/Services/CompleteInterviewScorecardTest.php" line="12" assertions="4" time="0.247359"/>
    </testsuite>
    <testsuite name="RoleCall\JobInterviews\Services\CompleteJobInterviewTest" file="/home/ubuntu/subhub-api/tests/JobInterviews/Services/CompleteJobInterviewTest.php" tests="1" assertions="4" failures="0" errors="0" time="0.184457">
      <testcase name="testCompleteInterview" class="RoleCall\JobInterviews\Services\CompleteJobInterviewTest" file="/home/ubuntu/subhub-api/tests/JobInterviews/Services/CompleteJobInterviewTest.php" line="14" assertions="4" time="0.184457"/>
    </testsuite>
    <testsuite name="RoleCall\JobInterviews\Services\CreateJobInterviewScorecardTest" file="/home/ubuntu/subhub-api/tests/JobInterviews/Services/CreateJobInterviewScorecardTest.php" tests="1" assertions="6" failures="0" errors="0" time="0.221952">
      <testcase name="testCreateScorecard" class="RoleCall\JobInterviews\Services\CreateJobInterviewScorecardTest" file="/home/ubuntu/subhub-api/tests/JobInterviews/Services/CreateJobInterviewScorecardTest.php" line="15" assertions="6" time="0.221952"/>
    </testsuite>
    <testsuite name="RoleCall\JobInterviews\Services\CreateJobInterviewTest" file="/home/ubuntu/subhub-api/tests/JobInterviews/Services/CreateJobInterviewTest.php" tests="1" assertions="18" failures="0" errors="0" time="0.354268">
      <testcase name="testCreateJobInterview" class="RoleCall\JobInterviews\Services\CreateJobInterviewTest" file="/home/ubuntu/subhub-api/tests/JobInterviews/Services/CreateJobInterviewTest.php" line="17" assertions="18" time="0.354268"/>
    </testsuite>
    <testsuite name="RoleCall\JobInterviews\Services\DeclineJobInterviewTest" file="/home/ubuntu/subhub-api/tests/JobInterviews/Services/DeclineJobInterviewTest.php" tests="1" assertions="5" failures="0" errors="0" time="0.154256">
      <testcase name="testDecline" class="RoleCall\JobInterviews\Services\DeclineJobInterviewTest" file="/home/ubuntu/subhub-api/tests/JobInterviews/Services/DeclineJobInterviewTest.php" line="16" assertions="5" time="0.154256"/>
    </testsuite>
    <testsuite name="RoleCall\JobInterviews\Services\DeclineScreenerInviteTest" file="/home/ubuntu/subhub-api/tests/JobInterviews/Services/DeclineScreenerInviteTest.php" tests="1" assertions="1" failures="0" errors="0" time="0.228870">
      <testcase name="testAccept" class="RoleCall\JobInterviews\Services\DeclineScreenerInviteTest" file="/home/ubuntu/subhub-api/tests/JobInterviews/Services/DeclineScreenerInviteTest.php" line="13" assertions="1" time="0.228870"/>
    </testsuite>
    <testsuite name="RoleCall\JobInterviews\Services\InviteScreenerToJobInterviewTest" file="/home/ubuntu/subhub-api/tests/JobInterviews/Services/InviteScreenerToJobInterviewTest.php" tests="1" assertions="3" failures="0" errors="0" time="0.145015">
      <testcase name="testInvite" class="RoleCall\JobInterviews\Services\InviteScreenerToJobInterviewTest" file="/home/ubuntu/subhub-api/tests/JobInterviews/Services/InviteScreenerToJobInterviewTest.php" line="14" assertions="3" time="0.145015"/>
    </testsuite>
    <testsuite name="RoleCall\JobInterviews\Services\InviteToJobInterviewTest" file="/home/ubuntu/subhub-api/tests/JobInterviews/Services/InviteToJobInterviewTest.php" tests="1" assertions="2" failures="0" errors="0" time="0.163348">
      <testcase name="testInvite" class="RoleCall\JobInterviews\Services\InviteToJobInterviewTest" file="/home/ubuntu/subhub-api/tests/JobInterviews/Services/InviteToJobInterviewTest.php" line="16" assertions="2" time="0.163348"/>
    </testsuite>
    <testsuite name="RoleCall\JobInterviews\Services\QuickBookJobInterviewTest" file="/home/ubuntu/subhub-api/tests/JobInterviews/Services/QuickBookJobInterviewTest.php" tests="2" assertions="18" failures="0" errors="0" time="0.586830">
      <testcase name="testQuickbookWithExistingTimeslot" class="RoleCall\JobInterviews\Services\QuickBookJobInterviewTest" file="/home/ubuntu/subhub-api/tests/JobInterviews/Services/QuickBookJobInterviewTest.php" line="46" assertions="9" time="0.332480"/>
      <testcase name="testQuickbookWithNoExistingTimeslots" class="RoleCall\JobInterviews\Services\QuickBookJobInterviewTest" file="/home/ubuntu/subhub-api/tests/JobInterviews/Services/QuickBookJobInterviewTest.php" line="72" assertions="9" time="0.254350"/>
    </testsuite>
    <testsuite name="RoleCall\JobInterviews\Services\RemoveScreenerFromInterviewTest" file="/home/ubuntu/subhub-api/tests/JobInterviews/Services/RemoveScreenerFromInterviewTest.php" tests="1" assertions="8" failures="0" errors="0" time="0.171302">
      <testcase name="testRemove" class="RoleCall\JobInterviews\Services\RemoveScreenerFromInterviewTest" file="/home/ubuntu/subhub-api/tests/JobInterviews/Services/RemoveScreenerFromInterviewTest.php" line="13" assertions="8" time="0.171302"/>
    </testsuite>
    <testsuite name="RoleCall\JobInterviews\Services\ScoreInterviewQuestionTest" file="/home/ubuntu/subhub-api/tests/JobInterviews/Services/ScoreInterviewQuestionTest.php" tests="2" assertions="12" failures="0" errors="0" time="0.378110">
      <testcase name="testInitialScore" class="RoleCall\JobInterviews\Services\ScoreInterviewQuestionTest" file="/home/ubuntu/subhub-api/tests/JobInterviews/Services/ScoreInterviewQuestionTest.php" line="16" assertions="6" time="0.224703"/>
      <testcase name="testUpdateScore" class="RoleCall\JobInterviews\Services\ScoreInterviewQuestionTest" file="/home/ubuntu/subhub-api/tests/JobInterviews/Services/ScoreInterviewQuestionTest.php" line="38" assertions="6" time="0.153407"/>
    </testsuite>
    <testsuite name="RoleCall\JobInterviews\Services\SelectTimeslotForInterviewTest" file="/home/ubuntu/subhub-api/tests/JobInterviews/Services/SelectTimeslotForInterviewTest.php" tests="1" assertions="4" failures="0" errors="0" time="0.251466">
      <testcase name="testSelect" class="RoleCall\JobInterviews\Services\SelectTimeslotForInterviewTest" file="/home/ubuntu/subhub-api/tests/JobInterviews/Services/SelectTimeslotForInterviewTest.php" line="16" assertions="4" time="0.251466"/>
    </testsuite>
    <testsuite name="RoleCall\JobInterviews\Services\UninviteScreenerToJobInterviewTest" file="/home/ubuntu/subhub-api/tests/JobInterviews/Services/UninviteScreenerToJobInterviewTest.php" tests="1" assertions="3" failures="0" errors="0" time="0.212163">
      <testcase name="testUninvite" class="RoleCall\JobInterviews\Services\UninviteScreenerToJobInterviewTest" file="/home/ubuntu/subhub-api/tests/JobInterviews/Services/UninviteScreenerToJobInterviewTest.php" line="13" assertions="3" time="0.212163"/>
    </testsuite>
    <testsuite name="RoleCall\JobInterviews\Services\UpdateJobInterviewScorecardTest" file="/home/ubuntu/subhub-api/tests/JobInterviews/Services/UpdateJobInterviewScorecardTest.php" tests="1" assertions="22" failures="0" errors="0" time="0.376662">
      <testcase name="testUpdate" class="RoleCall\JobInterviews\Services\UpdateJobInterviewScorecardTest" file="/home/ubuntu/subhub-api/tests/JobInterviews/Services/UpdateJobInterviewScorecardTest.php" line="16" assertions="22" time="0.376662"/>
    </testsuite>
    <testsuite name="RoleCall\LeaveBalances\EmployeeLeaveBalanceLedgerTest" file="/home/ubuntu/subhub-api/tests/LeaveBalances/EmployeeLeaveBalanceLedgerTest.php" tests="14" assertions="36" failures="0" errors="0" time="2.604859">
      <testcase name="testCreateEmployeeLeaveBalanceLedger" class="RoleCall\LeaveBalances\EmployeeLeaveBalanceLedgerTest" file="/home/ubuntu/subhub-api/tests/LeaveBalances/EmployeeLeaveBalanceLedgerTest.php" line="17" assertions="1" time="0.220740"/>
      <testcase name="testDeleteEmployeeLeaveBalanceLedger" class="RoleCall\LeaveBalances\EmployeeLeaveBalanceLedgerTest" file="/home/ubuntu/subhub-api/tests/LeaveBalances/EmployeeLeaveBalanceLedgerTest.php" line="25" assertions="2" time="0.154847"/>
      <testcase name="testDistrictRelation" class="RoleCall\LeaveBalances\EmployeeLeaveBalanceLedgerTest" file="/home/ubuntu/subhub-api/tests/LeaveBalances/EmployeeLeaveBalanceLedgerTest.php" line="37" assertions="3" time="0.155518"/>
      <testcase name="testAbsenceReasonRelation" class="RoleCall\LeaveBalances\EmployeeLeaveBalanceLedgerTest" file="/home/ubuntu/subhub-api/tests/LeaveBalances/EmployeeLeaveBalanceLedgerTest.php" line="50" assertions="3" time="0.203911"/>
      <testcase name="testAbsenceOccurrenceRelation" class="RoleCall\LeaveBalances\EmployeeLeaveBalanceLedgerTest" file="/home/ubuntu/subhub-api/tests/LeaveBalances/EmployeeLeaveBalanceLedgerTest.php" line="63" assertions="3" time="0.133447"/>
      <testcase name="testAccrualRateRelation" class="RoleCall\LeaveBalances\EmployeeLeaveBalanceLedgerTest" file="/home/ubuntu/subhub-api/tests/LeaveBalances/EmployeeLeaveBalanceLedgerTest.php" line="76" assertions="3" time="0.134975"/>
      <testcase name="testUserRelation" class="RoleCall\LeaveBalances\EmployeeLeaveBalanceLedgerTest" file="/home/ubuntu/subhub-api/tests/LeaveBalances/EmployeeLeaveBalanceLedgerTest.php" line="89" assertions="3" time="0.213687"/>
      <testcase name="testScopeForReason" class="RoleCall\LeaveBalances\EmployeeLeaveBalanceLedgerTest" file="/home/ubuntu/subhub-api/tests/LeaveBalances/EmployeeLeaveBalanceLedgerTest.php" line="102" assertions="3" time="0.144999"/>
      <testcase name="testScopeInDistrict" class="RoleCall\LeaveBalances\EmployeeLeaveBalanceLedgerTest" file="/home/ubuntu/subhub-api/tests/LeaveBalances/EmployeeLeaveBalanceLedgerTest.php" line="118" assertions="3" time="0.145829"/>
      <testcase name="testScopeIsVisible" class="RoleCall\LeaveBalances\EmployeeLeaveBalanceLedgerTest" file="/home/ubuntu/subhub-api/tests/LeaveBalances/EmployeeLeaveBalanceLedgerTest.php" line="134" assertions="3" time="0.217447"/>
      <testcase name="testScopeSearchFilterOnDistrictEmployeeTotals" class="RoleCall\LeaveBalances\EmployeeLeaveBalanceLedgerTest" file="/home/ubuntu/subhub-api/tests/LeaveBalances/EmployeeLeaveBalanceLedgerTest.php" line="150" assertions="3" time="0.199885"/>
      <testcase name="testScopeSelectDistrictEmployeeTotals" class="RoleCall\LeaveBalances\EmployeeLeaveBalanceLedgerTest" file="/home/ubuntu/subhub-api/tests/LeaveBalances/EmployeeLeaveBalanceLedgerTest.php" line="179" assertions="2" time="0.196714"/>
      <testcase name="testScopeSelectEmployeeTotalsByReason" class="RoleCall\LeaveBalances\EmployeeLeaveBalanceLedgerTest" file="/home/ubuntu/subhub-api/tests/LeaveBalances/EmployeeLeaveBalanceLedgerTest.php" line="204" assertions="2" time="0.276722"/>
      <testcase name="testScopeSelectEmployeeTotals" class="RoleCall\LeaveBalances\EmployeeLeaveBalanceLedgerTest" file="/home/ubuntu/subhub-api/tests/LeaveBalances/EmployeeLeaveBalanceLedgerTest.php" line="240" assertions="2" time="0.206138"/>
    </testsuite>
    <testsuite name="RoleCall\LeaveBalances\Jobs\AccrualRateCreatedForPositionTest" file="/home/ubuntu/subhub-api/tests/LeaveBalances/Jobs/AccrualRateCreatedForPositionTest.php" tests="4" assertions="2" failures="0" errors="0" time="0.824992">
      <testcase name="testSuccess" class="RoleCall\LeaveBalances\Jobs\AccrualRateCreatedForPositionTest" file="/home/ubuntu/subhub-api/tests/LeaveBalances/Jobs/AccrualRateCreatedForPositionTest.php" line="13" assertions="0" time="0.185866"/>
      <testcase name="testNoActiveEmployees" class="RoleCall\LeaveBalances\Jobs\AccrualRateCreatedForPositionTest" file="/home/ubuntu/subhub-api/tests/LeaveBalances/Jobs/AccrualRateCreatedForPositionTest.php" line="34" assertions="0" time="0.259605"/>
      <testcase name="testAccrualRates" class="RoleCall\LeaveBalances\Jobs\AccrualRateCreatedForPositionTest" file="/home/ubuntu/subhub-api/tests/LeaveBalances/Jobs/AccrualRateCreatedForPositionTest.php" line="57" assertions="1" time="0.186963"/>
      <testcase name="testCreateInstance" class="RoleCall\LeaveBalances\Jobs\AccrualRateCreatedForPositionTest" file="/home/ubuntu/subhub-api/tests/LeaveBalances/Jobs/AccrualRateCreatedForPositionTest.php" line="77" assertions="1" time="0.192558"/>
    </testsuite>
    <testsuite name="RoleCall\LeaveBalances\Jobs\AccrualRateCreatedForUserTest" file="/home/ubuntu/subhub-api/tests/LeaveBalances/Jobs/AccrualRateCreatedForUserTest.php" tests="2" assertions="1" failures="0" errors="0" time="0.306272">
      <testcase name="testSuccess" class="RoleCall\LeaveBalances\Jobs\AccrualRateCreatedForUserTest" file="/home/ubuntu/subhub-api/tests/LeaveBalances/Jobs/AccrualRateCreatedForUserTest.php" line="14" assertions="0" time="0.182089"/>
      <testcase name="testCreateInstance" class="RoleCall\LeaveBalances\Jobs\AccrualRateCreatedForUserTest" file="/home/ubuntu/subhub-api/tests/LeaveBalances/Jobs/AccrualRateCreatedForUserTest.php" line="35" assertions="1" time="0.124183"/>
    </testsuite>
    <testsuite name="RoleCall\LeaveBalances\Jobs\CreatedSchoolYearTest" file="/home/ubuntu/subhub-api/tests/LeaveBalances/Jobs/CreatedSchoolYearTest.php" tests="4" assertions="2" failures="0" errors="0" time="0.849775">
      <testcase name="testSuccess" class="RoleCall\LeaveBalances\Jobs\CreatedSchoolYearTest" file="/home/ubuntu/subhub-api/tests/LeaveBalances/Jobs/CreatedSchoolYearTest.php" line="14" assertions="0" time="0.264960"/>
      <testcase name="testNoApplicableRates" class="RoleCall\LeaveBalances\Jobs\CreatedSchoolYearTest" file="/home/ubuntu/subhub-api/tests/LeaveBalances/Jobs/CreatedSchoolYearTest.php" line="40" assertions="0" time="0.192792"/>
      <testcase name="testEmployees" class="RoleCall\LeaveBalances\Jobs\CreatedSchoolYearTest" file="/home/ubuntu/subhub-api/tests/LeaveBalances/Jobs/CreatedSchoolYearTest.php" line="56" assertions="1" time="0.193097"/>
      <testcase name="testCreateInstance" class="RoleCall\LeaveBalances\Jobs\CreatedSchoolYearTest" file="/home/ubuntu/subhub-api/tests/LeaveBalances/Jobs/CreatedSchoolYearTest.php" line="80" assertions="1" time="0.198926"/>
    </testsuite>
    <testsuite name="RoleCall\LeaveBalances\Jobs\PositionAddedToUserTest" file="/home/ubuntu/subhub-api/tests/LeaveBalances/Jobs/PositionAddedToUserTest.php" tests="3" assertions="1" failures="0" errors="0" time="0.574333">
      <testcase name="testSuccess" class="RoleCall\LeaveBalances\Jobs\PositionAddedToUserTest" file="/home/ubuntu/subhub-api/tests/LeaveBalances/Jobs/PositionAddedToUserTest.php" line="14" assertions="0" time="0.188575"/>
      <testcase name="testNoApplicableRates" class="RoleCall\LeaveBalances\Jobs\PositionAddedToUserTest" file="/home/ubuntu/subhub-api/tests/LeaveBalances/Jobs/PositionAddedToUserTest.php" line="35" assertions="0" time="0.187936"/>
      <testcase name="testCreateInstance" class="RoleCall\LeaveBalances\Jobs\PositionAddedToUserTest" file="/home/ubuntu/subhub-api/tests/LeaveBalances/Jobs/PositionAddedToUserTest.php" line="57" assertions="1" time="0.197822"/>
    </testsuite>
    <testsuite name="RoleCall\LeaveBalances\Jobs\PositionRemovedFromUserTest" file="/home/ubuntu/subhub-api/tests/LeaveBalances/Jobs/PositionRemovedFromUserTest.php" tests="3" assertions="3" failures="0" errors="0" time="0.575361">
      <testcase name="testSuccess" class="RoleCall\LeaveBalances\Jobs\PositionRemovedFromUserTest" file="/home/ubuntu/subhub-api/tests/LeaveBalances/Jobs/PositionRemovedFromUserTest.php" line="16" assertions="1" time="0.192270"/>
      <testcase name="testRateDoesNotExistForPosition" class="RoleCall\LeaveBalances\Jobs\PositionRemovedFromUserTest" file="/home/ubuntu/subhub-api/tests/LeaveBalances/Jobs/PositionRemovedFromUserTest.php" line="47" assertions="1" time="0.183155"/>
      <testcase name="testCreateInstance" class="RoleCall\LeaveBalances\Jobs\PositionRemovedFromUserTest" file="/home/ubuntu/subhub-api/tests/LeaveBalances/Jobs/PositionRemovedFromUserTest.php" line="67" assertions="1" time="0.199936"/>
    </testsuite>
    <testsuite name="RoleCall\LeaveBalances\LeaveBalanceAccrualRateTest" file="/home/ubuntu/subhub-api/tests/LeaveBalances/LeaveBalanceAccrualRateTest.php" tests="10" assertions="24" failures="0" errors="0" time="1.645751">
      <testcase name="testCreateLeaveBalanceAccrualRate" class="RoleCall\LeaveBalances\LeaveBalanceAccrualRateTest" file="/home/ubuntu/subhub-api/tests/LeaveBalances/LeaveBalanceAccrualRateTest.php" line="14" assertions="1" time="0.151277"/>
      <testcase name="testDeleteLeaveBalanceAccrualRate" class="RoleCall\LeaveBalances\LeaveBalanceAccrualRateTest" file="/home/ubuntu/subhub-api/tests/LeaveBalances/LeaveBalanceAccrualRateTest.php" line="22" assertions="2" time="0.223499"/>
      <testcase name="testDistrictRelation" class="RoleCall\LeaveBalances\LeaveBalanceAccrualRateTest" file="/home/ubuntu/subhub-api/tests/LeaveBalances/LeaveBalanceAccrualRateTest.php" line="35" assertions="3" time="0.156938"/>
      <testcase name="testAbsenceReasonRelation" class="RoleCall\LeaveBalances\LeaveBalanceAccrualRateTest" file="/home/ubuntu/subhub-api/tests/LeaveBalances/LeaveBalanceAccrualRateTest.php" line="48" assertions="3" time="0.134971"/>
      <testcase name="testEmployeeLeaveBalanceLedgersRelation" class="RoleCall\LeaveBalances\LeaveBalanceAccrualRateTest" file="/home/ubuntu/subhub-api/tests/LeaveBalances/LeaveBalanceAccrualRateTest.php" line="61" assertions="1" time="0.202843"/>
      <testcase name="testUserRelation" class="RoleCall\LeaveBalances\LeaveBalanceAccrualRateTest" file="/home/ubuntu/subhub-api/tests/LeaveBalances/LeaveBalanceAccrualRateTest.php" line="74" assertions="3" time="0.146544"/>
      <testcase name="testPositionRelation" class="RoleCall\LeaveBalances\LeaveBalanceAccrualRateTest" file="/home/ubuntu/subhub-api/tests/LeaveBalances/LeaveBalanceAccrualRateTest.php" line="87" assertions="3" time="0.136622"/>
      <testcase name="testIsActive" class="RoleCall\LeaveBalances\LeaveBalanceAccrualRateTest" file="/home/ubuntu/subhub-api/tests/LeaveBalances/LeaveBalanceAccrualRateTest.php" line="100" assertions="2" time="0.214485"/>
      <testcase name="testIsUserOverride" class="RoleCall\LeaveBalances\LeaveBalanceAccrualRateTest" file="/home/ubuntu/subhub-api/tests/LeaveBalances/LeaveBalanceAccrualRateTest.php" line="113" assertions="2" time="0.135437"/>
      <testcase name="testScopeIsInTimeTable" class="RoleCall\LeaveBalances\LeaveBalanceAccrualRateTest" file="/home/ubuntu/subhub-api/tests/LeaveBalances/LeaveBalanceAccrualRateTest.php" line="125" assertions="4" time="0.143136"/>
    </testsuite>
    <testsuite name="RoleCall\Districts\Policies\LeaveBalancePolicyTest" file="/home/ubuntu/subhub-api/tests/LeaveBalances/Policies/LeaveBalancePolicyTest.php" tests="2" assertions="44" failures="0" errors="0" time="0.761244">
      <testcase name="testIndex" class="RoleCall\Districts\Policies\LeaveBalancePolicyTest" file="/home/ubuntu/subhub-api/tests/LeaveBalances/Policies/LeaveBalancePolicyTest.php" line="13" assertions="22" time="0.413708"/>
      <testcase name="testUpdate" class="RoleCall\Districts\Policies\LeaveBalancePolicyTest" file="/home/ubuntu/subhub-api/tests/LeaveBalances/Policies/LeaveBalancePolicyTest.php" line="85" assertions="22" time="0.347536"/>
    </testsuite>
    <testsuite name="RoleCall\Positions\Requests\CreatePositionLeaveBalanceAccrualRateRequestTest" file="/home/ubuntu/subhub-api/tests/LeaveBalances/Requests/CreatePositionLeaveBalanceAccrualRateRequestTest.php" tests="1" assertions="4" failures="0" errors="0" time="0.194890">
      <testcase name="testValid" class="RoleCall\Positions\Requests\CreatePositionLeaveBalanceAccrualRateRequestTest" file="/home/ubuntu/subhub-api/tests/LeaveBalances/Requests/CreatePositionLeaveBalanceAccrualRateRequestTest.php" line="17" assertions="4" time="0.194890"/>
    </testsuite>
    <testsuite name="RoleCall\Positions\Requests\CreateUserLeaveBalanceAccrualRateRequestTest" file="/home/ubuntu/subhub-api/tests/LeaveBalances/Requests/CreateUserLeaveBalanceAccrualRateRequestTest.php" tests="1" assertions="4" failures="0" errors="0" time="0.254705">
      <testcase name="testValid" class="RoleCall\Positions\Requests\CreateUserLeaveBalanceAccrualRateRequestTest" file="/home/ubuntu/subhub-api/tests/LeaveBalances/Requests/CreateUserLeaveBalanceAccrualRateRequestTest.php" line="16" assertions="4" time="0.254705"/>
    </testsuite>
    <testsuite name="RoleCall\LeaveBalances\Services\CreateAccrualRateTest" file="/home/ubuntu/subhub-api/tests/LeaveBalances/Services/CreateAccrualRateTest.php" tests="2" assertions="4" failures="0" errors="0" time="0.415246">
      <testcase name="testCreateEmpty" class="RoleCall\LeaveBalances\Services\CreateAccrualRateTest" file="/home/ubuntu/subhub-api/tests/LeaveBalances/Services/CreateAccrualRateTest.php" line="16" assertions="2" time="0.169730"/>
      <testcase name="testCreateEverything" class="RoleCall\LeaveBalances\Services\CreateAccrualRateTest" file="/home/ubuntu/subhub-api/tests/LeaveBalances/Services/CreateAccrualRateTest.php" line="35" assertions="2" time="0.245516"/>
    </testsuite>
    <testsuite name="RoleCall\LeaveBalances\Services\CreateEmployeeLeaveBalanceLedgerRecordTest" file="/home/ubuntu/subhub-api/tests/LeaveBalances/Services/CreateEmployeeLeaveBalanceLedgerRecordTest.php" tests="2" assertions="9" failures="0" errors="0" time="0.461677">
      <testcase name="testAddFromAbsenceOccurrence" class="RoleCall\LeaveBalances\Services\CreateEmployeeLeaveBalanceLedgerRecordTest" file="/home/ubuntu/subhub-api/tests/LeaveBalances/Services/CreateEmployeeLeaveBalanceLedgerRecordTest.php" line="16" assertions="5" time="0.238327"/>
      <testcase name="testAddFromAbsenceOccurrenceFail" class="RoleCall\LeaveBalances\Services\CreateEmployeeLeaveBalanceLedgerRecordTest" file="/home/ubuntu/subhub-api/tests/LeaveBalances/Services/CreateEmployeeLeaveBalanceLedgerRecordTest.php" line="48" assertions="4" time="0.223350"/>
    </testsuite>
    <testsuite name="RoleCall\LeaveBalances\Services\FindPositionAccrualRatesTest" file="/home/ubuntu/subhub-api/tests/LeaveBalances/Services/FindPositionAccrualRatesTest.php" tests="7" assertions="25" failures="0" errors="0" time="1.524334">
      <testcase name="testProcess" class="RoleCall\LeaveBalances\Services\FindPositionAccrualRatesTest" file="/home/ubuntu/subhub-api/tests/LeaveBalances/Services/FindPositionAccrualRatesTest.php" line="15" assertions="1" time="0.245335"/>
      <testcase name="testGetActiveRates" class="RoleCall\LeaveBalances\Services\FindPositionAccrualRatesTest" file="/home/ubuntu/subhub-api/tests/LeaveBalances/Services/FindPositionAccrualRatesTest.php" line="33" assertions="3" time="0.204337"/>
      <testcase name="testIsRateActive" class="RoleCall\LeaveBalances\Services\FindPositionAccrualRatesTest" file="/home/ubuntu/subhub-api/tests/LeaveBalances/Services/FindPositionAccrualRatesTest.php" line="72" assertions="4" time="0.177795"/>
      <testcase name="testFindPreviousRate" class="RoleCall\LeaveBalances\Services\FindPositionAccrualRatesTest" file="/home/ubuntu/subhub-api/tests/LeaveBalances/Services/FindPositionAccrualRatesTest.php" line="99" assertions="5" time="0.258986"/>
      <testcase name="testStatus" class="RoleCall\LeaveBalances\Services\FindPositionAccrualRatesTest" file="/home/ubuntu/subhub-api/tests/LeaveBalances/Services/FindPositionAccrualRatesTest.php" line="127" assertions="4" time="0.189871"/>
      <testcase name="testIsRateExpired" class="RoleCall\LeaveBalances\Services\FindPositionAccrualRatesTest" file="/home/ubuntu/subhub-api/tests/LeaveBalances/Services/FindPositionAccrualRatesTest.php" line="158" assertions="4" time="0.187240"/>
      <testcase name="testIsRateUpcoming" class="RoleCall\LeaveBalances\Services\FindPositionAccrualRatesTest" file="/home/ubuntu/subhub-api/tests/LeaveBalances/Services/FindPositionAccrualRatesTest.php" line="189" assertions="4" time="0.260770"/>
    </testsuite>
    <testsuite name="RoleCall\LeaveBalances\Services\FindUserAccrualRatesTest" file="/home/ubuntu/subhub-api/tests/LeaveBalances/Services/FindUserAccrualRatesTest.php" tests="10" assertions="47" failures="0" errors="0" time="2.239289">
      <testcase name="testProcess" class="RoleCall\LeaveBalances\Services\FindUserAccrualRatesTest" file="/home/ubuntu/subhub-api/tests/LeaveBalances/Services/FindUserAccrualRatesTest.php" line="15" assertions="2" time="0.174929"/>
      <testcase name="testGetActiveRates" class="RoleCall\LeaveBalances\Services\FindUserAccrualRatesTest" file="/home/ubuntu/subhub-api/tests/LeaveBalances/Services/FindUserAccrualRatesTest.php" line="34" assertions="3" time="0.211589"/>
      <testcase name="testIsRateActive" class="RoleCall\LeaveBalances\Services\FindUserAccrualRatesTest" file="/home/ubuntu/subhub-api/tests/LeaveBalances/Services/FindUserAccrualRatesTest.php" line="74" assertions="8" time="0.288755"/>
      <testcase name="testFindPreviousRate" class="RoleCall\LeaveBalances\Services\FindUserAccrualRatesTest" file="/home/ubuntu/subhub-api/tests/LeaveBalances/Services/FindUserAccrualRatesTest.php" line="114" assertions="9" time="0.210604"/>
      <testcase name="testStatus" class="RoleCall\LeaveBalances\Services\FindUserAccrualRatesTest" file="/home/ubuntu/subhub-api/tests/LeaveBalances/Services/FindUserAccrualRatesTest.php" line="153" assertions="4" time="0.265580"/>
      <testcase name="testIsRateExpired" class="RoleCall\LeaveBalances\Services\FindUserAccrualRatesTest" file="/home/ubuntu/subhub-api/tests/LeaveBalances/Services/FindUserAccrualRatesTest.php" line="184" assertions="4" time="0.198562"/>
      <testcase name="testIsRateUpcoming" class="RoleCall\LeaveBalances\Services\FindUserAccrualRatesTest" file="/home/ubuntu/subhub-api/tests/LeaveBalances/Services/FindUserAccrualRatesTest.php" line="215" assertions="4" time="0.199297"/>
      <testcase name="testIsRateActiveMultiPosition" class="RoleCall\LeaveBalances\Services\FindUserAccrualRatesTest" file="/home/ubuntu/subhub-api/tests/LeaveBalances/Services/FindUserAccrualRatesTest.php" line="246" assertions="5" time="0.286100"/>
      <testcase name="testIsRateActivePositionAndUserRate" class="RoleCall\LeaveBalances\Services\FindUserAccrualRatesTest" file="/home/ubuntu/subhub-api/tests/LeaveBalances/Services/FindUserAccrualRatesTest.php" line="285" assertions="4" time="0.192413"/>
      <testcase name="testGetInactiveRates" class="RoleCall\LeaveBalances\Services\FindUserAccrualRatesTest" file="/home/ubuntu/subhub-api/tests/LeaveBalances/Services/FindUserAccrualRatesTest.php" line="315" assertions="4" time="0.211460"/>
    </testsuite>
    <testsuite name="RoleCall\LeaveBalances\Services\LeaveBalanceRateIntervalTest" file="/home/ubuntu/subhub-api/tests/LeaveBalances/Services/LeaveBalanceRateIntervalTest.php" tests="1" assertions="3" failures="0" errors="0" time="0.239353">
      <testcase name="testFindDates" class="RoleCall\LeaveBalances\Services\LeaveBalanceRateIntervalTest" file="/home/ubuntu/subhub-api/tests/LeaveBalances/Services/LeaveBalanceRateIntervalTest.php" line="12" assertions="3" time="0.239353"/>
    </testsuite>
    <testsuite name="RoleCall\LeaveBalances\Services\ProcessUserLeaveBalanceRecordsTest" file="/home/ubuntu/subhub-api/tests/LeaveBalances/Services/ProcessUserLeaveBalanceRecordsTest.php" tests="1" assertions="2" failures="0" errors="0" time="0.180215">
      <testcase name="testProcess" class="RoleCall\LeaveBalances\Services\ProcessUserLeaveBalanceRecordsTest" file="/home/ubuntu/subhub-api/tests/LeaveBalances/Services/ProcessUserLeaveBalanceRecordsTest.php" line="14" assertions="2" time="0.180215"/>
    </testsuite>
    <testsuite name="RoleCall\LeaveBalances\Services\RemoveUserLeaveBalanceRecordsTest" file="/home/ubuntu/subhub-api/tests/LeaveBalances/Services/RemoveUserLeaveBalanceRecordsTest.php" tests="2" assertions="9" failures="0" errors="0" time="0.518019">
      <testcase name="testRemove" class="RoleCall\LeaveBalances\Services\RemoveUserLeaveBalanceRecordsTest" file="/home/ubuntu/subhub-api/tests/LeaveBalances/Services/RemoveUserLeaveBalanceRecordsTest.php" line="15" assertions="5" time="0.211863"/>
      <testcase name="testRemoveOccurrence" class="RoleCall\LeaveBalances\Services\RemoveUserLeaveBalanceRecordsTest" file="/home/ubuntu/subhub-api/tests/LeaveBalances/Services/RemoveUserLeaveBalanceRecordsTest.php" line="72" assertions="4" time="0.306156"/>
    </testsuite>
    <testsuite name="RoleCall\LeaveBalances\Utilities\CalculateCurrentLeaveBalanceTest" file="/home/ubuntu/subhub-api/tests/LeaveBalances/Utilities/CalculateCurrentLeaveBalanceTest.php" tests="1" assertions="9" failures="0" errors="0" time="0.221778">
      <testcase name="testCalculate" class="RoleCall\LeaveBalances\Utilities\CalculateCurrentLeaveBalanceTest" file="/home/ubuntu/subhub-api/tests/LeaveBalances/Utilities/CalculateCurrentLeaveBalanceTest.php" line="13" assertions="9" time="0.221778"/>
    </testsuite>
    <testsuite name="RoleCall\Logs\LogsChangesTest" file="/home/ubuntu/subhub-api/tests/Logs/LogsChangesTest.php" tests="10" assertions="100" failures="0" errors="0" time="1.753705">
      <testcase name="testLogCreate" class="RoleCall\Logs\LogsChangesTest" file="/home/ubuntu/subhub-api/tests/Logs/LogsChangesTest.php" line="15" assertions="12" time="0.141432"/>
      <testcase name="testLogUpdate" class="RoleCall\Logs\LogsChangesTest" file="/home/ubuntu/subhub-api/tests/Logs/LogsChangesTest.php" line="40" assertions="13" time="0.219111"/>
      <testcase name="testLogUpdateWithArray" class="RoleCall\Logs\LogsChangesTest" file="/home/ubuntu/subhub-api/tests/Logs/LogsChangesTest.php" line="73" assertions="15" time="0.145314"/>
      <testcase name="testLogDelete" class="RoleCall\Logs\LogsChangesTest" file="/home/ubuntu/subhub-api/tests/Logs/LogsChangesTest.php" line="107" assertions="11" time="0.144525"/>
      <testcase name="testLogAddRelationship" class="RoleCall\Logs\LogsChangesTest" file="/home/ubuntu/subhub-api/tests/Logs/LogsChangesTest.php" line="137" assertions="11" time="0.220693"/>
      <testcase name="testLogUpdateRelationship" class="RoleCall\Logs\LogsChangesTest" file="/home/ubuntu/subhub-api/tests/Logs/LogsChangesTest.php" line="166" assertions="11" time="0.155262"/>
      <testcase name="testLogRemoveRelationship" class="RoleCall\Logs\LogsChangesTest" file="/home/ubuntu/subhub-api/tests/Logs/LogsChangesTest.php" line="202" assertions="11" time="0.218919"/>
      <testcase name="testLogWithModifiers" class="RoleCall\Logs\LogsChangesTest" file="/home/ubuntu/subhub-api/tests/Logs/LogsChangesTest.php" line="233" assertions="12" time="0.165957"/>
      <testcase name="testLogForInvalidForClass" class="RoleCall\Logs\LogsChangesTest" file="/home/ubuntu/subhub-api/tests/Logs/LogsChangesTest.php" line="259" assertions="2" time="0.134143"/>
      <testcase name="testLogForMismatchedObjects" class="RoleCall\Logs\LogsChangesTest" file="/home/ubuntu/subhub-api/tests/Logs/LogsChangesTest.php" line="268" assertions="2" time="0.208349"/>
    </testsuite>
    <testsuite name="RoleCall\Offers\Controllers\ContractsControllerTest" file="/home/ubuntu/subhub-api/tests/Offers/Controllers/ContractsControllerTest.php" tests="2" assertions="8" failures="0" errors="0" time="0.383836">
      <testcase name="testStore" class="RoleCall\Offers\Controllers\ContractsControllerTest" file="/home/ubuntu/subhub-api/tests/Offers/Controllers/ContractsControllerTest.php" line="18" assertions="4" time="0.156228"/>
      <testcase name="testStoreNewVersion" class="RoleCall\Offers\Controllers\ContractsControllerTest" file="/home/ubuntu/subhub-api/tests/Offers/Controllers/ContractsControllerTest.php" line="49" assertions="4" time="0.227608"/>
    </testsuite>
    <testsuite name="RoleCall\Offers\Controllers\OfferAcceptanceControllerTest" file="/home/ubuntu/subhub-api/tests/Offers/Controllers/OfferAcceptanceControllerTest.php" tests="3" assertions="11" failures="0" errors="0" time="0.789785">
      <testcase name="testReview" class="RoleCall\Offers\Controllers\OfferAcceptanceControllerTest" file="/home/ubuntu/subhub-api/tests/Offers/Controllers/OfferAcceptanceControllerTest.php" line="46" assertions="9" time="0.267039"/>
      <testcase name="testAccept" class="RoleCall\Offers\Controllers\OfferAcceptanceControllerTest" file="/home/ubuntu/subhub-api/tests/Offers/Controllers/OfferAcceptanceControllerTest.php" line="62" assertions="1" time="0.325675"/>
      <testcase name="testDecline" class="RoleCall\Offers\Controllers\OfferAcceptanceControllerTest" file="/home/ubuntu/subhub-api/tests/Offers/Controllers/OfferAcceptanceControllerTest.php" line="70" assertions="1" time="0.197071"/>
    </testsuite>
    <testsuite name="RoleCall\Offers\Controllers\OfferApprovalsControllerTest" file="/home/ubuntu/subhub-api/tests/Offers/Controllers/OfferApprovalsControllerTest.php" tests="2" assertions="6" failures="0" errors="0" time="0.461186">
      <testcase name="testApproveOfferApproval" class="RoleCall\Offers\Controllers\OfferApprovalsControllerTest" file="/home/ubuntu/subhub-api/tests/Offers/Controllers/OfferApprovalsControllerTest.php" line="27" assertions="3" time="0.266151"/>
      <testcase name="testDeclineOfferApproval" class="RoleCall\Offers\Controllers\OfferApprovalsControllerTest" file="/home/ubuntu/subhub-api/tests/Offers/Controllers/OfferApprovalsControllerTest.php" line="44" assertions="3" time="0.195035"/>
    </testsuite>
    <testsuite name="RoleCall\Offers\Controllers\OfferRetractionControllerTest" file="/home/ubuntu/subhub-api/tests/Offers/Controllers/OfferRetractionControllerTest.php" tests="1" assertions="3" failures="0" errors="0" time="0.239388">
      <testcase name="testRetract" class="RoleCall\Offers\Controllers\OfferRetractionControllerTest" file="/home/ubuntu/subhub-api/tests/Offers/Controllers/OfferRetractionControllerTest.php" line="38" assertions="3" time="0.239388"/>
    </testsuite>
    <testsuite name="RoleCall\Offers\Controllers\OfferSendControllerTest" file="/home/ubuntu/subhub-api/tests/Offers/Controllers/OfferSendControllerTest.php" tests="1" assertions="3" failures="0" errors="0" time="0.172491">
      <testcase name="testSend" class="RoleCall\Offers\Controllers\OfferSendControllerTest" file="/home/ubuntu/subhub-api/tests/Offers/Controllers/OfferSendControllerTest.php" line="38" assertions="3" time="0.172491"/>
    </testsuite>
    <testsuite name="RoleCall\Offers\Controllers\OffersControllerTest" file="/home/ubuntu/subhub-api/tests/Offers/Controllers/OffersControllerTest.php" tests="1" assertions="3" failures="0" errors="0" time="0.173069">
      <testcase name="testStore" class="RoleCall\Offers\Controllers\OffersControllerTest" file="/home/ubuntu/subhub-api/tests/Offers/Controllers/OffersControllerTest.php" line="38" assertions="3" time="0.173069"/>
    </testsuite>
    <testsuite name="RoleCall\Offers\OfferApprovalTest" file="/home/ubuntu/subhub-api/tests/Offers/OfferApprovalTest.php" tests="4" assertions="4" failures="0" errors="0" time="0.630129">
      <testcase name="testTimestampsAreEnabled" class="RoleCall\Offers\OfferApprovalTest" file="/home/ubuntu/subhub-api/tests/Offers/OfferApprovalTest.php" line="16" assertions="1" time="0.193681"/>
      <testcase name="testFillable" class="RoleCall\Offers\OfferApprovalTest" file="/home/ubuntu/subhub-api/tests/Offers/OfferApprovalTest.php" line="21" assertions="1" time="0.122155"/>
      <testcase name="testDates" class="RoleCall\Offers\OfferApprovalTest" file="/home/ubuntu/subhub-api/tests/Offers/OfferApprovalTest.php" line="31" assertions="1" time="0.121948"/>
      <testcase name="testAttributes" class="RoleCall\Offers\OfferApprovalTest" file="/home/ubuntu/subhub-api/tests/Offers/OfferApprovalTest.php" line="43" assertions="1" time="0.192345"/>
    </testsuite>
    <testsuite name="RoleCall\Offers\OfferTest" file="/home/ubuntu/subhub-api/tests/Offers/OfferTest.php" tests="4" assertions="4" failures="0" errors="0" time="0.562692">
      <testcase name="testTimestampsAreEnabled" class="RoleCall\Offers\OfferTest" file="/home/ubuntu/subhub-api/tests/Offers/OfferTest.php" line="16" assertions="1" time="0.122182"/>
      <testcase name="testFillable" class="RoleCall\Offers\OfferTest" file="/home/ubuntu/subhub-api/tests/Offers/OfferTest.php" line="21" assertions="1" time="0.121811"/>
      <testcase name="testDates" class="RoleCall\Offers\OfferTest" file="/home/ubuntu/subhub-api/tests/Offers/OfferTest.php" line="38" assertions="1" time="0.195387"/>
      <testcase name="testAttributes" class="RoleCall\Offers\OfferTest" file="/home/ubuntu/subhub-api/tests/Offers/OfferTest.php" line="52" assertions="1" time="0.123312"/>
    </testsuite>
    <testsuite name="RoleCall\Offers\Policies\OfferApprovalPolicyTest" file="/home/ubuntu/subhub-api/tests/Offers/Policies/OfferApprovalPolicyTest.php" tests="4" assertions="4" failures="0" errors="0" time="0.708963">
      <testcase name="testDeclineIsValid" class="RoleCall\Offers\Policies\OfferApprovalPolicyTest" file="/home/ubuntu/subhub-api/tests/Offers/Policies/OfferApprovalPolicyTest.php" line="13" assertions="1" time="0.139694"/>
      <testcase name="testDeclineIsInvalid" class="RoleCall\Offers\Policies\OfferApprovalPolicyTest" file="/home/ubuntu/subhub-api/tests/Offers/Policies/OfferApprovalPolicyTest.php" line="26" assertions="1" time="0.215683"/>
      <testcase name="testApproveIsValid" class="RoleCall\Offers\Policies\OfferApprovalPolicyTest" file="/home/ubuntu/subhub-api/tests/Offers/Policies/OfferApprovalPolicyTest.php" line="39" assertions="1" time="0.138531"/>
      <testcase name="testApproveIsInvalid" class="RoleCall\Offers\Policies\OfferApprovalPolicyTest" file="/home/ubuntu/subhub-api/tests/Offers/Policies/OfferApprovalPolicyTest.php" line="52" assertions="1" time="0.215055"/>
    </testsuite>
    <testsuite name="RoleCall\Offers\Policies\OfferPolicyTest" file="/home/ubuntu/subhub-api/tests/Offers/Policies/OfferPolicyTest.php" tests="6" assertions="139" failures="0" errors="0" time="1.892382">
      <testcase name="testAccept" class="RoleCall\Offers\Policies\OfferPolicyTest" file="/home/ubuntu/subhub-api/tests/Offers/Policies/OfferPolicyTest.php" line="13" assertions="22" time="0.254362"/>
      <testcase name="testCreate" class="RoleCall\Offers\Policies\OfferPolicyTest" file="/home/ubuntu/subhub-api/tests/Offers/Policies/OfferPolicyTest.php" line="95" assertions="28" time="0.311792"/>
      <testcase name="testDecline" class="RoleCall\Offers\Policies\OfferPolicyTest" file="/home/ubuntu/subhub-api/tests/Offers/Policies/OfferPolicyTest.php" line="194" assertions="11" time="0.315877"/>
      <testcase name="testRetract" class="RoleCall\Offers\Policies\OfferPolicyTest" file="/home/ubuntu/subhub-api/tests/Offers/Policies/OfferPolicyTest.php" line="260" assertions="26" time="0.309503"/>
      <testcase name="testSend" class="RoleCall\Offers\Policies\OfferPolicyTest" file="/home/ubuntu/subhub-api/tests/Offers/Policies/OfferPolicyTest.php" line="366" assertions="26" time="0.314316"/>
      <testcase name="testUpdate" class="RoleCall\Offers\Policies\OfferPolicyTest" file="/home/ubuntu/subhub-api/tests/Offers/Policies/OfferPolicyTest.php" line="472" assertions="26" time="0.386532"/>
    </testsuite>
    <testsuite name="RoleCall\Offers\Services\AcceptOfferApprovalTest" file="/home/ubuntu/subhub-api/tests/Offers/Services/AcceptOfferApprovalTest.php" tests="2" assertions="7" failures="0" errors="0" time="0.290224">
      <testcase name="testAcceptOfferApproval" class="RoleCall\Offers\Services\AcceptOfferApprovalTest" file="/home/ubuntu/subhub-api/tests/Offers/Services/AcceptOfferApprovalTest.php" line="15" assertions="4" time="0.139627"/>
      <testcase name="testAcceptOfferApprovalAndSendOffer" class="RoleCall\Offers\Services\AcceptOfferApprovalTest" file="/home/ubuntu/subhub-api/tests/Offers/Services/AcceptOfferApprovalTest.php" line="43" assertions="3" time="0.150597"/>
    </testsuite>
    <testsuite name="RoleCall\Offers\Services\AcceptOfferTest" file="/home/ubuntu/subhub-api/tests/Offers/Services/AcceptOfferTest.php" tests="3" assertions="8" failures="0" errors="0" time="0.536325">
      <testcase name="testAccept" class="RoleCall\Offers\Services\AcceptOfferTest" file="/home/ubuntu/subhub-api/tests/Offers/Services/AcceptOfferTest.php" line="16" assertions="2" time="0.226457"/>
      <testcase name="testAcceptAndRequireContractSigning" class="RoleCall\Offers\Services\AcceptOfferTest" file="/home/ubuntu/subhub-api/tests/Offers/Services/AcceptOfferTest.php" line="43" assertions="3" time="0.151808"/>
      <testcase name="testAcceptWithSignedContract" class="RoleCall\Offers\Services\AcceptOfferTest" file="/home/ubuntu/subhub-api/tests/Offers/Services/AcceptOfferTest.php" line="75" assertions="3" time="0.158060"/>
    </testsuite>
    <testsuite name="RoleCall\Offers\Services\CreateOfferApprovalTest" file="/home/ubuntu/subhub-api/tests/Offers/Services/CreateOfferApprovalTest.php" tests="1" assertions="4" failures="0" errors="0" time="0.212109">
      <testcase name="testCreateOfferApproval" class="RoleCall\Offers\Services\CreateOfferApprovalTest" file="/home/ubuntu/subhub-api/tests/Offers/Services/CreateOfferApprovalTest.php" line="15" assertions="4" time="0.212109"/>
    </testsuite>
    <testsuite name="RoleCall\Offers\Services\CreateOfferTest" file="/home/ubuntu/subhub-api/tests/Offers/Services/CreateOfferTest.php" tests="1" assertions="9" failures="0" errors="0" time="0.176096">
      <testcase name="testCreate" class="RoleCall\Offers\Services\CreateOfferTest" file="/home/ubuntu/subhub-api/tests/Offers/Services/CreateOfferTest.php" line="13" assertions="9" time="0.176096"/>
    </testsuite>
    <testsuite name="RoleCall\Offers\Services\DeclineOfferApprovalTest" file="/home/ubuntu/subhub-api/tests/Offers/Services/DeclineOfferApprovalTest.php" tests="1" assertions="2" failures="0" errors="0" time="0.202005">
      <testcase name="testDecline" class="RoleCall\Offers\Services\DeclineOfferApprovalTest" file="/home/ubuntu/subhub-api/tests/Offers/Services/DeclineOfferApprovalTest.php" line="13" assertions="2" time="0.202005"/>
    </testsuite>
    <testsuite name="RoleCall\Offers\Services\DeclineOfferTest" file="/home/ubuntu/subhub-api/tests/Offers/Services/DeclineOfferTest.php" tests="1" assertions="2" failures="0" errors="0" time="0.149350">
      <testcase name="testDeclineOffer" class="RoleCall\Offers\Services\DeclineOfferTest" file="/home/ubuntu/subhub-api/tests/Offers/Services/DeclineOfferTest.php" line="15" assertions="2" time="0.149350"/>
    </testsuite>
    <testsuite name="RoleCall\Offers\Services\RetractOfferTest" file="/home/ubuntu/subhub-api/tests/Offers/Services/RetractOfferTest.php" tests="1" assertions="1" failures="0" errors="0" time="0.126846">
      <testcase name="testRetractOffer" class="RoleCall\Offers\Services\RetractOfferTest" file="/home/ubuntu/subhub-api/tests/Offers/Services/RetractOfferTest.php" line="12" assertions="1" time="0.126846"/>
    </testsuite>
    <testsuite name="RoleCall\Offers\Services\SendOfferTest" file="/home/ubuntu/subhub-api/tests/Offers/Services/SendOfferTest.php" tests="1" assertions="4" failures="0" errors="0" time="0.231331">
      <testcase name="testSendOffer" class="RoleCall\Offers\Services\SendOfferTest" file="/home/ubuntu/subhub-api/tests/Offers/Services/SendOfferTest.php" line="17" assertions="4" time="0.231331"/>
    </testsuite>
    <testsuite name="RoleCall\Offers\Services\UpdateOfferTest" file="/home/ubuntu/subhub-api/tests/Offers/Services/UpdateOfferTest.php" tests="1" assertions="7" failures="0" errors="0" time="0.181017">
      <testcase name="testUpdate" class="RoleCall\Offers\Services\UpdateOfferTest" file="/home/ubuntu/subhub-api/tests/Offers/Services/UpdateOfferTest.php" line="14" assertions="7" time="0.181017"/>
    </testsuite>
    <testsuite name="RoleCall\Offers\Utilities\ParseTemplateforApplicationTest" file="/home/ubuntu/subhub-api/tests/Offers/Utilities/ParseTemplateforApplicationTest.php" tests="1" assertions="1" failures="0" errors="0" time="0.180486">
      <testcase name="testParse" class="RoleCall\Offers\Utilities\ParseTemplateforApplicationTest" file="/home/ubuntu/subhub-api/tests/Offers/Utilities/ParseTemplateforApplicationTest.php" line="12" assertions="1" time="0.180486"/>
    </testsuite>
    <testsuite name="RoleCall\Offers\Utilities\RefreshOfferStatusTest" file="/home/ubuntu/subhub-api/tests/Offers/Utilities/RefreshOfferStatusTest.php" tests="5" assertions="11" failures="0" errors="0" time="0.815355">
      <testcase name="testRefres" class="RoleCall\Offers\Utilities\RefreshOfferStatusTest" file="/home/ubuntu/subhub-api/tests/Offers/Utilities/RefreshOfferStatusTest.php" line="12" assertions="7" time="0.207955"/>
      <testcase name="testRefreshPendingApprovalNoneApproved" class="RoleCall\Offers\Utilities\RefreshOfferStatusTest" file="/home/ubuntu/subhub-api/tests/Offers/Utilities/RefreshOfferStatusTest.php" line="39" assertions="1" time="0.132183"/>
      <testcase name="testRefreshPendingApprovalSomeApproved" class="RoleCall\Offers\Utilities\RefreshOfferStatusTest" file="/home/ubuntu/subhub-api/tests/Offers/Utilities/RefreshOfferStatusTest.php" line="59" assertions="1" time="0.132650"/>
      <testcase name="testRefreshPendingApprovalSomeDeclined" class="RoleCall\Offers\Utilities\RefreshOfferStatusTest" file="/home/ubuntu/subhub-api/tests/Offers/Utilities/RefreshOfferStatusTest.php" line="79" assertions="1" time="0.207245"/>
      <testcase name="testRefreshPendingApprovalAllApproved" class="RoleCall\Offers\Utilities\RefreshOfferStatusTest" file="/home/ubuntu/subhub-api/tests/Offers/Utilities/RefreshOfferStatusTest.php" line="99" assertions="1" time="0.135322"/>
    </testsuite>
    <testsuite name="RoleCall\Offers\Utilities\RequestContractSignatureTest" file="/home/ubuntu/subhub-api/tests/Offers/Utilities/RequestContractSignatureTest.php" tests="1" assertions="1" failures="0" errors="0" time="0.133246">
      <testcase name="testRequest" class="RoleCall\Offers\Utilities\RequestContractSignatureTest" file="/home/ubuntu/subhub-api/tests/Offers/Utilities/RequestContractSignatureTest.php" line="13" assertions="1" time="0.133246"/>
    </testsuite>
    <testsuite name="RoleCall\Offers\Utilities\SendOfferApprovalRequestsTest" file="/home/ubuntu/subhub-api/tests/Offers/Utilities/SendOfferApprovalRequestsTest.php" tests="2" assertions="7" failures="0" errors="0" time="0.476918">
      <testcase name="testRequestApprovalWithOneRecruiter" class="RoleCall\Offers\Utilities\SendOfferApprovalRequestsTest" file="/home/ubuntu/subhub-api/tests/Offers/Utilities/SendOfferApprovalRequestsTest.php" line="14" assertions="4" time="0.277498"/>
      <testcase name="testRequestApprovalWithMultipleRecruiters" class="RoleCall\Offers\Utilities\SendOfferApprovalRequestsTest" file="/home/ubuntu/subhub-api/tests/Offers/Utilities/SendOfferApprovalRequestsTest.php" line="48" assertions="3" time="0.199420"/>
    </testsuite>
    <testsuite name="RoleCall\Onboarding\Controllers\OnboardingControllerTest" file="/home/ubuntu/subhub-api/tests/Onboarding/Controllers/OnboardingControllerTest.php" tests="11" assertions="15" failures="0" errors="0" time="2.400090">
      <testcase name="testDelete" class="RoleCall\Onboarding\Controllers\OnboardingControllerTest" file="/home/ubuntu/subhub-api/tests/Onboarding/Controllers/OnboardingControllerTest.php" line="18" assertions="3" time="0.224893"/>
      <testcase name="testDeleteNonExistantForm" class="RoleCall\Onboarding\Controllers\OnboardingControllerTest" file="/home/ubuntu/subhub-api/tests/Onboarding/Controllers/OnboardingControllerTest.php" line="34" assertions="2" time="0.153762"/>
      <testcase name="testIndex" class="RoleCall\Onboarding\Controllers\OnboardingControllerTest" file="/home/ubuntu/subhub-api/tests/Onboarding/Controllers/OnboardingControllerTest.php" line="46" assertions="1" time="0.243604"/>
      <testcase name="testShow" class="RoleCall\Onboarding\Controllers\OnboardingControllerTest" file="/home/ubuntu/subhub-api/tests/Onboarding/Controllers/OnboardingControllerTest.php" line="56" assertions="2" time="0.457041"/>
      <testcase name="testShowNonExistantOnboardingPackage" class="RoleCall\Onboarding\Controllers\OnboardingControllerTest" file="/home/ubuntu/subhub-api/tests/Onboarding/Controllers/OnboardingControllerTest.php" line="77" assertions="1" time="0.231283"/>
      <testcase name="testStore" class="RoleCall\Onboarding\Controllers\OnboardingControllerTest" file="/home/ubuntu/subhub-api/tests/Onboarding/Controllers/OnboardingControllerTest.php" line="87" assertions="1" time="0.164856"/>
      <testcase name="testStoreMissingName" class="RoleCall\Onboarding\Controllers\OnboardingControllerTest" file="/home/ubuntu/subhub-api/tests/Onboarding/Controllers/OnboardingControllerTest.php" line="122" assertions="1" time="0.225553"/>
      <testcase name="testStoreMissingDescription" class="RoleCall\Onboarding\Controllers\OnboardingControllerTest" file="/home/ubuntu/subhub-api/tests/Onboarding/Controllers/OnboardingControllerTest.php" line="136" assertions="1" time="0.157810"/>
      <testcase name="testUpdate" class="RoleCall\Onboarding\Controllers\OnboardingControllerTest" file="/home/ubuntu/subhub-api/tests/Onboarding/Controllers/OnboardingControllerTest.php" line="152" assertions="1" time="0.157040"/>
      <testcase name="testUpdateMissingName" class="RoleCall\Onboarding\Controllers\OnboardingControllerTest" file="/home/ubuntu/subhub-api/tests/Onboarding/Controllers/OnboardingControllerTest.php" line="178" assertions="1" time="0.229269"/>
      <testcase name="testUpdateMissingDescription" class="RoleCall\Onboarding\Controllers\OnboardingControllerTest" file="/home/ubuntu/subhub-api/tests/Onboarding/Controllers/OnboardingControllerTest.php" line="202" assertions="1" time="0.154979"/>
    </testsuite>
    <testsuite name="RoleCall\Onboarding\OnboardingPackageTest" file="/home/ubuntu/subhub-api/tests/Onboarding/OnboardingPackageTest.php" tests="3" assertions="3" failures="0" errors="0" time="0.518491">
      <testcase name="testUserRelation" class="RoleCall\Onboarding\OnboardingPackageTest" file="/home/ubuntu/subhub-api/tests/Onboarding/OnboardingPackageTest.php" line="12" assertions="1" time="0.207035"/>
      <testcase name="testPositionsRelation" class="RoleCall\Onboarding\OnboardingPackageTest" file="/home/ubuntu/subhub-api/tests/Onboarding/OnboardingPackageTest.php" line="22" assertions="1" time="0.169510"/>
      <testcase name="testIsReadyForCompletionAllDocumentsComplete" class="RoleCall\Onboarding\OnboardingPackageTest" file="/home/ubuntu/subhub-api/tests/Onboarding/OnboardingPackageTest.php" line="36" assertions="1" time="0.141946"/>
    </testsuite>
    <testsuite name="RoleCall\Onboarding\Policies\OnboardingDocumentPolicyTest" file="/home/ubuntu/subhub-api/tests/Onboarding/Policies/OnboardingDocumentPolicyTest.php" tests="1" assertions="16" failures="0" errors="0" time="0.334358">
      <testcase name="testUpload" class="RoleCall\Onboarding\Policies\OnboardingDocumentPolicyTest" file="/home/ubuntu/subhub-api/tests/Onboarding/Policies/OnboardingDocumentPolicyTest.php" line="14" assertions="16" time="0.334358"/>
    </testsuite>
    <testsuite name="RoleCall\Onboarding\Policies\OnboardingPolicyTest" file="/home/ubuntu/subhub-api/tests/Onboarding/Policies/OnboardingPolicyTest.php" tests="3" assertions="40" failures="0" errors="0" time="0.861920">
      <testcase name="testCreate" class="RoleCall\Onboarding\Policies\OnboardingPolicyTest" file="/home/ubuntu/subhub-api/tests/Onboarding/Policies/OnboardingPolicyTest.php" line="14" assertions="11" time="0.259282"/>
      <testcase name="testUpdateOnboarding" class="RoleCall\Onboarding\Policies\OnboardingPolicyTest" file="/home/ubuntu/subhub-api/tests/Onboarding/Policies/OnboardingPolicyTest.php" line="70" assertions="14" time="0.269881"/>
      <testcase name="testUpdateOwnership" class="RoleCall\Onboarding\Policies\OnboardingPolicyTest" file="/home/ubuntu/subhub-api/tests/Onboarding/Policies/OnboardingPolicyTest.php" line="144" assertions="15" time="0.332757"/>
    </testsuite>
    <testsuite name="RoleCall\Onboarding\Scopes\OnboardingPackageVisibleToScopeTest" file="/home/ubuntu/subhub-api/tests/Onboarding/Scopes/OnboardingPackageVisibleToScopeTest.php" tests="4" assertions="52" failures="0" errors="0" time="1.654795">
      <testcase name="testVisibleTo" class="RoleCall\Onboarding\Scopes\OnboardingPackageVisibleToScopeTest" file="/home/ubuntu/subhub-api/tests/Onboarding/Scopes/OnboardingPackageVisibleToScopeTest.php" line="14" assertions="13" time="0.380062"/>
      <testcase name="testAgencyPackageVisibleTo" class="RoleCall\Onboarding\Scopes\OnboardingPackageVisibleToScopeTest" file="/home/ubuntu/subhub-api/tests/Onboarding/Scopes/OnboardingPackageVisibleToScopeTest.php" line="79" assertions="13" time="0.447995"/>
      <testcase name="testRegionPackageVisibleTo" class="RoleCall\Onboarding\Scopes\OnboardingPackageVisibleToScopeTest" file="/home/ubuntu/subhub-api/tests/Onboarding/Scopes/OnboardingPackageVisibleToScopeTest.php" line="146" assertions="13" time="0.379619"/>
      <testcase name="testDistrictPackageVisibleTo" class="RoleCall\Onboarding\Scopes\OnboardingPackageVisibleToScopeTest" file="/home/ubuntu/subhub-api/tests/Onboarding/Scopes/OnboardingPackageVisibleToScopeTest.php" line="213" assertions="13" time="0.447119"/>
    </testsuite>
    <testsuite name="RoleCall\Onboarding\Services\AddDocumentToOnboardingPackageTest" file="/home/ubuntu/subhub-api/tests/Onboarding/Services/AddDocumentToOnboardingPackageTest.php" tests="8" assertions="45" failures="0" errors="0" time="1.656651">
      <testcase name="testCreate" class="RoleCall\Onboarding\Services\AddDocumentToOnboardingPackageTest" file="/home/ubuntu/subhub-api/tests/Onboarding/Services/AddDocumentToOnboardingPackageTest.php" line="17" assertions="5" time="0.156269"/>
      <testcase name="testCreateUserAssignedToOnboardingPackage" class="RoleCall\Onboarding\Services\AddDocumentToOnboardingPackageTest" file="/home/ubuntu/subhub-api/tests/Onboarding/Services/AddDocumentToOnboardingPackageTest.php" line="39" assertions="4" time="0.232919"/>
      <testcase name="testCreateUserAssignedToOnboardingPackageAndIsFormDocument" class="RoleCall\Onboarding\Services\AddDocumentToOnboardingPackageTest" file="/home/ubuntu/subhub-api/tests/Onboarding/Services/AddDocumentToOnboardingPackageTest.php" line="67" assertions="5" time="0.242302"/>
      <testcase name="testCreateUserAssignedToOnboardingPackageAndIsTemplateRequiresDigitalSignature" class="RoleCall\Onboarding\Services\AddDocumentToOnboardingPackageTest" file="/home/ubuntu/subhub-api/tests/Onboarding/Services/AddDocumentToOnboardingPackageTest.php" line="101" assertions="5" time="0.164805"/>
      <testcase name="testCreateUserAssignedToOnboardingPackageAndRequiresDigitalSignature" class="RoleCall\Onboarding\Services\AddDocumentToOnboardingPackageTest" file="/home/ubuntu/subhub-api/tests/Onboarding/Services/AddDocumentToOnboardingPackageTest.php" line="134" assertions="5" time="0.235165"/>
      <testcase name="testCreateWithStartDate" class="RoleCall\Onboarding\Services\AddDocumentToOnboardingPackageTest" file="/home/ubuntu/subhub-api/tests/Onboarding/Services/AddDocumentToOnboardingPackageTest.php" line="166" assertions="7" time="0.168262"/>
      <testcase name="testCreateWithSigners" class="RoleCall\Onboarding\Services\AddDocumentToOnboardingPackageTest" file="/home/ubuntu/subhub-api/tests/Onboarding/Services/AddDocumentToOnboardingPackageTest.php" line="201" assertions="7" time="0.194220"/>
      <testcase name="testCreateWithDefaultEmployeeSigner" class="RoleCall\Onboarding\Services\AddDocumentToOnboardingPackageTest" file="/home/ubuntu/subhub-api/tests/Onboarding/Services/AddDocumentToOnboardingPackageTest.php" line="242" assertions="7" time="0.262709"/>
    </testsuite>
    <testsuite name="RoleCall\Onboarding\Services\CompleteOnboardingTest" file="/home/ubuntu/subhub-api/tests/Onboarding/Services/CompleteOnboardingTest.php" tests="1" assertions="1" failures="0" errors="0" time="0.134339">
      <testcase name="testOnboard" class="RoleCall\Onboarding\Services\CompleteOnboardingTest" file="/home/ubuntu/subhub-api/tests/Onboarding/Services/CompleteOnboardingTest.php" line="14" assertions="1" time="0.134339"/>
    </testsuite>
    <testsuite name="RoleCall\Onboarding\Services\CopyOnboardingPackageTest" file="/home/ubuntu/subhub-api/tests/Onboarding/Services/CopyOnboardingPackageTest.php" tests="1" assertions="17" failures="0" errors="0" time="0.293048">
      <testcase name="testCopy" class="RoleCall\Onboarding\Services\CopyOnboardingPackageTest" file="/home/ubuntu/subhub-api/tests/Onboarding/Services/CopyOnboardingPackageTest.php" line="13" assertions="17" time="0.293048"/>
    </testsuite>
    <testsuite name="RoleCall\Onboarding\Services\CreateOnboardingPackageTest" file="/home/ubuntu/subhub-api/tests/Onboarding/Services/CreateOnboardingPackageTest.php" tests="4" assertions="10" failures="0" errors="0" time="0.754429">
      <testcase name="testCreate" class="RoleCall\Onboarding\Services\CreateOnboardingPackageTest" file="/home/ubuntu/subhub-api/tests/Onboarding/Services/CreateOnboardingPackageTest.php" line="16" assertions="5" time="0.193860"/>
      <testcase name="testCreateNoCreator" class="RoleCall\Onboarding\Services\CreateOnboardingPackageTest" file="/home/ubuntu/subhub-api/tests/Onboarding/Services/CreateOnboardingPackageTest.php" line="42" assertions="2" time="0.158916"/>
      <testcase name="testCreateNoName" class="RoleCall\Onboarding\Services\CreateOnboardingPackageTest" file="/home/ubuntu/subhub-api/tests/Onboarding/Services/CreateOnboardingPackageTest.php" line="53" assertions="2" time="0.233291"/>
      <testcase name="testCreateNoDocuments" class="RoleCall\Onboarding\Services\CreateOnboardingPackageTest" file="/home/ubuntu/subhub-api/tests/Onboarding/Services/CreateOnboardingPackageTest.php" line="62" assertions="1" time="0.168362"/>
    </testsuite>
    <testsuite name="RoleCall\Onboarding\Services\CreateProfileUserFormFieldValuesTest" file="/home/ubuntu/subhub-api/tests/Onboarding/Services/CreateProfileUserFormFieldValuesTest.php" tests="2" assertions="17" failures="0" errors="0" time="0.509845">
      <testcase name="testCreate" class="RoleCall\Onboarding\Services\CreateProfileUserFormFieldValuesTest" file="/home/ubuntu/subhub-api/tests/Onboarding/Services/CreateProfileUserFormFieldValuesTest.php" line="14" assertions="14" time="0.229747"/>
      <testcase name="testCreateNullValues" class="RoleCall\Onboarding\Services\CreateProfileUserFormFieldValuesTest" file="/home/ubuntu/subhub-api/tests/Onboarding/Services/CreateProfileUserFormFieldValuesTest.php" line="53" assertions="3" time="0.280098"/>
    </testsuite>
    <testsuite name="RoleCall\Onboarding\Services\CreateUserFormFieldValuesForFormTest" file="/home/ubuntu/subhub-api/tests/Onboarding/Services/CreateUserFormFieldValuesForFormTest.php" tests="2" assertions="4" failures="0" errors="0" time="0.345581">
      <testcase name="testCreate" class="RoleCall\Onboarding\Services\CreateUserFormFieldValuesForFormTest" file="/home/ubuntu/subhub-api/tests/Onboarding/Services/CreateUserFormFieldValuesForFormTest.php" line="15" assertions="4" time="0.187596"/>
      <testcase name="testCreateWithBlankForm" class="RoleCall\Onboarding\Services\CreateUserFormFieldValuesForFormTest" file="/home/ubuntu/subhub-api/tests/Onboarding/Services/CreateUserFormFieldValuesForFormTest.php" line="43" assertions="0" time="0.157985"/>
    </testsuite>
    <testsuite name="RoleCall\Onboarding\Services\CreateUserFormFieldsForFormTest" file="/home/ubuntu/subhub-api/tests/Onboarding/Services/CreateUserFormFieldsForFormTest.php" tests="2" assertions="12" failures="0" errors="0" time="0.379764">
      <testcase name="testCreate" class="RoleCall\Onboarding\Services\CreateUserFormFieldsForFormTest" file="/home/ubuntu/subhub-api/tests/Onboarding/Services/CreateUserFormFieldsForFormTest.php" line="15" assertions="12" time="0.241496"/>
      <testcase name="testCreateEmptyForm" class="RoleCall\Onboarding\Services\CreateUserFormFieldsForFormTest" file="/home/ubuntu/subhub-api/tests/Onboarding/Services/CreateUserFormFieldsForFormTest.php" line="44" assertions="0" time="0.138268"/>
    </testsuite>
    <testsuite name="RoleCall\Onboarding\Services\DeleteOnboardingPackageDocumentTest" file="/home/ubuntu/subhub-api/tests/Onboarding/Services/DeleteOnboardingPackageDocumentTest.php" tests="2" assertions="8" failures="0" errors="0" time="0.375831">
      <testcase name="testDelete" class="RoleCall\Onboarding\Services\DeleteOnboardingPackageDocumentTest" file="/home/ubuntu/subhub-api/tests/Onboarding/Services/DeleteOnboardingPackageDocumentTest.php" line="17" assertions="5" time="0.153452"/>
      <testcase name="testDeleteFromUserOnboardingPackage" class="RoleCall\Onboarding\Services\DeleteOnboardingPackageDocumentTest" file="/home/ubuntu/subhub-api/tests/Onboarding/Services/DeleteOnboardingPackageDocumentTest.php" line="40" assertions="3" time="0.222379"/>
    </testsuite>
    <testsuite name="RoleCall\Onboarding\Services\DeleteOnboardingPackageTest" file="/home/ubuntu/subhub-api/tests/Onboarding/Services/DeleteOnboardingPackageTest.php" tests="2" assertions="4" failures="0" errors="0" time="0.278111">
      <testcase name="testDelete" class="RoleCall\Onboarding\Services\DeleteOnboardingPackageTest" file="/home/ubuntu/subhub-api/tests/Onboarding/Services/DeleteOnboardingPackageTest.php" line="13" assertions="2" time="0.133543"/>
      <testcase name="testDeleteWithDocuments" class="RoleCall\Onboarding\Services\DeleteOnboardingPackageTest" file="/home/ubuntu/subhub-api/tests/Onboarding/Services/DeleteOnboardingPackageTest.php" line="26" assertions="2" time="0.144568"/>
    </testsuite>
    <testsuite name="RoleCall\Onboarding\Services\OnboardUserTest" file="/home/ubuntu/subhub-api/tests/Onboarding/Services/OnboardUserTest.php" tests="2" assertions="22" failures="0" errors="0" time="0.482206">
      <testcase name="testOnboard" class="RoleCall\Onboarding\Services\OnboardUserTest" file="/home/ubuntu/subhub-api/tests/Onboarding/Services/OnboardUserTest.php" line="17" assertions="13" time="0.298153"/>
      <testcase name="testOnboardErrorDuringOnboardProcess" class="RoleCall\Onboarding\Services\OnboardUserTest" file="/home/ubuntu/subhub-api/tests/Onboarding/Services/OnboardUserTest.php" line="66" assertions="9" time="0.184053"/>
    </testsuite>
    <testsuite name="RoleCall\Onboarding\Services\RefreshFormFieldValuesTest" file="/home/ubuntu/subhub-api/tests/Onboarding/Services/RefreshFormFieldValuesTest.php" tests="1" assertions="4" failures="0" errors="0" time="0.252318">
      <testcase name="testUpdate" class="RoleCall\Onboarding\Services\RefreshFormFieldValuesTest" file="/home/ubuntu/subhub-api/tests/Onboarding/Services/RefreshFormFieldValuesTest.php" line="16" assertions="4" time="0.252318"/>
    </testsuite>
    <testsuite name="RoleCall\Onboarding\Services\UpdateOnboardingPackageTest" file="/home/ubuntu/subhub-api/tests/Onboarding/Services/UpdateOnboardingPackageTest.php" tests="2" assertions="14" failures="0" errors="0" time="0.390369">
      <testcase name="testUpdate" class="RoleCall\Onboarding\Services\UpdateOnboardingPackageTest" file="/home/ubuntu/subhub-api/tests/Onboarding/Services/UpdateOnboardingPackageTest.php" line="14" assertions="7" time="0.195804"/>
      <testcase name="testUpdateStringId" class="RoleCall\Onboarding\Services\UpdateOnboardingPackageTest" file="/home/ubuntu/subhub-api/tests/Onboarding/Services/UpdateOnboardingPackageTest.php" line="46" assertions="7" time="0.194565"/>
    </testsuite>
    <testsuite name="RoleCall\Onboarding\Services\UpdateUserFormFieldProfileValuesTest" file="/home/ubuntu/subhub-api/tests/Onboarding/Services/UpdateUserFormFieldProfileValuesTest.php" tests="1" assertions="0" failures="0" errors="0" time="0.251927">
      <testcase name="testUpdate" class="RoleCall\Onboarding\Services\UpdateUserFormFieldProfileValuesTest" file="/home/ubuntu/subhub-api/tests/Onboarding/Services/UpdateUserFormFieldProfileValuesTest.php" line="17" assertions="0" time="0.251927"/>
    </testsuite>
    <testsuite name="RoleCall\Onboarding\Transformers\OnboardingUserFormFieldValuesJsonTransformerTest" file="/home/ubuntu/subhub-api/tests/Onboarding/Transformers/OnboardingUserFormFieldValuesJsonTransformerTest.php" tests="1" assertions="3" failures="0" errors="0" time="0.207410">
      <testcase name="testTransformUserFormFieldValueModel" class="RoleCall\Onboarding\Transformers\OnboardingUserFormFieldValuesJsonTransformerTest" file="/home/ubuntu/subhub-api/tests/Onboarding/Transformers/OnboardingUserFormFieldValuesJsonTransformerTest.php" line="15" assertions="3" time="0.207410"/>
    </testsuite>
    <testsuite name="RoleCall\Payroll\Controllers\PayrollManagersControllerTest" file="/home/ubuntu/subhub-api/tests/Payroll/Controllers/PayrollManagersControllerTest.php" tests="1" assertions="49" failures="0" errors="0" time="0.655670">
      <testcase name="testIndex" class="RoleCall\Payroll\Controllers\PayrollManagersControllerTest" file="/home/ubuntu/subhub-api/tests/Payroll/Controllers/PayrollManagersControllerTest.php" line="14" assertions="49" time="0.655670"/>
    </testsuite>
    <testsuite name="RoleCall\Payroll\Controllers\PayrollsControllerTest" file="/home/ubuntu/subhub-api/tests/Payroll/Controllers/PayrollsControllerTest.php" tests="4" assertions="13" failures="0" errors="0" time="1.291097">
      <testcase name="testIndex" class="RoleCall\Payroll\Controllers\PayrollsControllerTest" file="/home/ubuntu/subhub-api/tests/Payroll/Controllers/PayrollsControllerTest.php" line="15" assertions="4" time="0.311390"/>
      <testcase name="testCreate" class="RoleCall\Payroll\Controllers\PayrollsControllerTest" file="/home/ubuntu/subhub-api/tests/Payroll/Controllers/PayrollsControllerTest.php" line="30" assertions="3" time="0.371947"/>
      <testcase name="testStore" class="RoleCall\Payroll\Controllers\PayrollsControllerTest" file="/home/ubuntu/subhub-api/tests/Payroll/Controllers/PayrollsControllerTest.php" line="44" assertions="4" time="0.224110"/>
      <testcase name="testEdit" class="RoleCall\Payroll\Controllers\PayrollsControllerTest" file="/home/ubuntu/subhub-api/tests/Payroll/Controllers/PayrollsControllerTest.php" line="75" assertions="2" time="0.383650"/>
    </testsuite>
    <testsuite name="RoleCall\Payroll\PayPeriodTest" file="/home/ubuntu/subhub-api/tests/Payroll/PayPeriodTest.php" tests="3" assertions="3" failures="0" errors="0" time="0.440315">
      <testcase name="testTimestampsAreEnabled" class="RoleCall\Payroll\PayPeriodTest" file="/home/ubuntu/subhub-api/tests/Payroll/PayPeriodTest.php" line="19" assertions="1" time="0.123460"/>
      <testcase name="testFillable" class="RoleCall\Payroll\PayPeriodTest" file="/home/ubuntu/subhub-api/tests/Payroll/PayPeriodTest.php" line="24" assertions="1" time="0.193506"/>
      <testcase name="testGetPresenter" class="RoleCall\Payroll\PayPeriodTest" file="/home/ubuntu/subhub-api/tests/Payroll/PayPeriodTest.php" line="33" assertions="1" time="0.123349"/>
    </testsuite>
    <testsuite name="RoleCall\Payroll\PayrollTest" file="/home/ubuntu/subhub-api/tests/Payroll/PayrollTest.php" tests="32" assertions="97" failures="0" errors="0" time="5.720668">
      <testcase name="testTimestampsAreEnabled" class="RoleCall\Payroll\PayrollTest" file="/home/ubuntu/subhub-api/tests/Payroll/PayrollTest.php" line="20" assertions="1" time="0.123251"/>
      <testcase name="testFillable" class="RoleCall\Payroll\PayrollTest" file="/home/ubuntu/subhub-api/tests/Payroll/PayrollTest.php" line="25" assertions="1" time="0.193877"/>
      <testcase name="testGetPresenter" class="RoleCall\Payroll\PayrollTest" file="/home/ubuntu/subhub-api/tests/Payroll/PayrollTest.php" line="45" assertions="1" time="0.123550"/>
      <testcase name="testLastRunAttribute" class="RoleCall\Payroll\PayrollTest" file="/home/ubuntu/subhub-api/tests/Payroll/PayrollTest.php" line="50" assertions="1" time="0.158804"/>
      <testcase name="testNextRunOneWeekStartsSundayEndsSunday" class="RoleCall\Payroll\PayrollTest" file="/home/ubuntu/subhub-api/tests/Payroll/PayrollTest.php" line="66" assertions="2" time="0.226006"/>
      <testcase name="testNextRunOneWeekStartsSundayEndsMonday" class="RoleCall\Payroll\PayrollTest" file="/home/ubuntu/subhub-api/tests/Payroll/PayrollTest.php" line="86" assertions="2" time="0.154572"/>
      <testcase name="testNextRunOneWeekStartsSundayEndsTuesday" class="RoleCall\Payroll\PayrollTest" file="/home/ubuntu/subhub-api/tests/Payroll/PayrollTest.php" line="106" assertions="2" time="0.154037"/>
      <testcase name="testNextRunOneWeekStartsMondayEndsSunday" class="RoleCall\Payroll\PayrollTest" file="/home/ubuntu/subhub-api/tests/Payroll/PayrollTest.php" line="126" assertions="2" time="0.225516"/>
      <testcase name="testNextRunOneWeekStartsMondayEndsMonday" class="RoleCall\Payroll\PayrollTest" file="/home/ubuntu/subhub-api/tests/Payroll/PayrollTest.php" line="146" assertions="2" time="0.154720"/>
      <testcase name="testNextRunOneWeekStartsMondayEndsTuesday" class="RoleCall\Payroll\PayrollTest" file="/home/ubuntu/subhub-api/tests/Payroll/PayrollTest.php" line="166" assertions="2" time="0.158544"/>
      <testcase name="testNextRunOneWeekStartsThursdayEndsMonday" class="RoleCall\Payroll\PayrollTest" file="/home/ubuntu/subhub-api/tests/Payroll/PayrollTest.php" line="186" assertions="2" time="0.225226"/>
      <testcase name="testNextRunOneWeekStartsThursdayEndsTuesday" class="RoleCall\Payroll\PayrollTest" file="/home/ubuntu/subhub-api/tests/Payroll/PayrollTest.php" line="206" assertions="2" time="0.157463"/>
      <testcase name="testNextRunTwoWeekStartsSundayEndsSunday" class="RoleCall\Payroll\PayrollTest" file="/home/ubuntu/subhub-api/tests/Payroll/PayrollTest.php" line="226" assertions="2" time="0.222970"/>
      <testcase name="testNextRunTwoWeekStartsSundayEndsMonday" class="RoleCall\Payroll\PayrollTest" file="/home/ubuntu/subhub-api/tests/Payroll/PayrollTest.php" line="246" assertions="2" time="0.155992"/>
      <testcase name="testNextRunTwoWeekStartsSundayEndsTuesday" class="RoleCall\Payroll\PayrollTest" file="/home/ubuntu/subhub-api/tests/Payroll/PayrollTest.php" line="266" assertions="2" time="0.154110"/>
      <testcase name="testNextRunTwoWeekStartsMondayEndsSunday" class="RoleCall\Payroll\PayrollTest" file="/home/ubuntu/subhub-api/tests/Payroll/PayrollTest.php" line="286" assertions="2" time="0.226323"/>
      <testcase name="testNextRunTwoWeekStartsMondayEndsMonday" class="RoleCall\Payroll\PayrollTest" file="/home/ubuntu/subhub-api/tests/Payroll/PayrollTest.php" line="306" assertions="2" time="0.153835"/>
      <testcase name="testNextRunTwoWeekStartsMondayEndsTuesday" class="RoleCall\Payroll\PayrollTest" file="/home/ubuntu/subhub-api/tests/Payroll/PayrollTest.php" line="326" assertions="2" time="0.154010"/>
      <testcase name="testNextRunTwoWeekStartsTuesdayEndsTuesday" class="RoleCall\Payroll\PayrollTest" file="/home/ubuntu/subhub-api/tests/Payroll/PayrollTest.php" line="346" assertions="2" time="0.227819"/>
      <testcase name="testNextRunTwoWeekStartsAMonthAgoEndsTuesday" class="RoleCall\Payroll\PayrollTest" file="/home/ubuntu/subhub-api/tests/Payroll/PayrollTest.php" line="366" assertions="2" time="0.155524"/>
      <testcase name="testNextRunThreeWeekStartsAMonthAgoEndsTuesday" class="RoleCall\Payroll\PayrollTest" file="/home/ubuntu/subhub-api/tests/Payroll/PayrollTest.php" line="388" assertions="2" time="0.157223"/>
      <testcase name="testLastRunTwoWeekStarts2WeeksAgoEndsSunday" class="RoleCall\Payroll\PayrollTest" file="/home/ubuntu/subhub-api/tests/Payroll/PayrollTest.php" line="410" assertions="4" time="0.234085"/>
      <testcase name="testLastRunTwoWeekStartsAMonthAgoEndsSunday" class="RoleCall\Payroll\PayrollTest" file="/home/ubuntu/subhub-api/tests/Payroll/PayrollTest.php" line="433" assertions="4" time="0.158793"/>
      <testcase name="testLastEndedOneWeekStartsSundayEndsMonday" class="RoleCall\Payroll\PayrollTest" file="/home/ubuntu/subhub-api/tests/Payroll/PayrollTest.php" line="456" assertions="3" time="0.156815"/>
      <testcase name="testCompletionCutoffForOneWeekStartsMondayEndsSunday" class="RoleCall\Payroll\PayrollTest" file="/home/ubuntu/subhub-api/tests/Payroll/PayrollTest.php" line="479" assertions="10" time="0.237732"/>
      <testcase name="testApprovalCutoffForOneWeekStartsMondayEndsSunday" class="RoleCall\Payroll\PayrollTest" file="/home/ubuntu/subhub-api/tests/Payroll/PayrollTest.php" line="512" assertions="10" time="0.172965"/>
      <testcase name="testIsInBlackoutPeriodForOneWeekStartsMondayEndsSunday" class="RoleCall\Payroll\PayrollTest" file="/home/ubuntu/subhub-api/tests/Payroll/PayrollTest.php" line="545" assertions="10" time="0.173325"/>
      <testcase name="testNextRunMonthlyOn15" class="RoleCall\Payroll\PayrollTest" file="/home/ubuntu/subhub-api/tests/Payroll/PayrollTest.php" line="585" assertions="3" time="0.231280"/>
      <testcase name="testLastEndedMonthlyOnLastDay" class="RoleCall\Payroll\PayrollTest" file="/home/ubuntu/subhub-api/tests/Payroll/PayrollTest.php" line="605" assertions="3" time="0.153871"/>
      <testcase name="testMonthlyOnLastDayCreatedFirst" class="RoleCall\Payroll\PayrollTest" file="/home/ubuntu/subhub-api/tests/Payroll/PayrollTest.php" line="625" assertions="4" time="0.156234"/>
      <testcase name="testMonthlyOnLastDayCreated15" class="RoleCall\Payroll\PayrollTest" file="/home/ubuntu/subhub-api/tests/Payroll/PayrollTest.php" line="647" assertions="4" time="0.227454"/>
      <testcase name="testMonthlyOnLastDayCreatedLast" class="RoleCall\Payroll\PayrollTest" file="/home/ubuntu/subhub-api/tests/Payroll/PayrollTest.php" line="669" assertions="4" time="0.154742"/>
    </testsuite>
    <testsuite name="RoleCall\Payroll\Policies\PayPeriodPolicyTest" file="/home/ubuntu/subhub-api/tests/Payroll/Policies/PayPeriodPolicyTest.php" tests="3" assertions="74" failures="0" errors="0" time="1.021510">
      <testcase name="testCreate" class="RoleCall\Payroll\Policies\PayPeriodPolicyTest" file="/home/ubuntu/subhub-api/tests/Payroll/Policies/PayPeriodPolicyTest.php" line="12" assertions="26" time="0.393256"/>
      <testcase name="testIndex" class="RoleCall\Payroll\Policies\PayPeriodPolicyTest" file="/home/ubuntu/subhub-api/tests/Payroll/Policies/PayPeriodPolicyTest.php" line="99" assertions="24" time="0.311536"/>
      <testcase name="testView" class="RoleCall\Payroll\Policies\PayPeriodPolicyTest" file="/home/ubuntu/subhub-api/tests/Payroll/Policies/PayPeriodPolicyTest.php" line="179" assertions="24" time="0.316718"/>
    </testsuite>
    <testsuite name="RoleCall\Payroll\Policies\PayrollPolicyTest" file="/home/ubuntu/subhub-api/tests/Payroll/Policies/PayrollPolicyTest.php" tests="7" assertions="156" failures="0" errors="0" time="2.384702">
      <testcase name="testAddManager" class="RoleCall\Payroll\Policies\PayrollPolicyTest" file="/home/ubuntu/subhub-api/tests/Payroll/Policies/PayrollPolicyTest.php" line="13" assertions="24" time="0.356431"/>
      <testcase name="testCreate" class="RoleCall\Payroll\Policies\PayrollPolicyTest" file="/home/ubuntu/subhub-api/tests/Payroll/Policies/PayrollPolicyTest.php" line="96" assertions="22" time="0.309040"/>
      <testcase name="testIndex" class="RoleCall\Payroll\Policies\PayrollPolicyTest" file="/home/ubuntu/subhub-api/tests/Payroll/Policies/PayrollPolicyTest.php" line="165" assertions="12" time="0.315627"/>
      <testcase name="testRemoveManager" class="RoleCall\Payroll\Policies\PayrollPolicyTest" file="/home/ubuntu/subhub-api/tests/Payroll/Policies/PayrollPolicyTest.php" line="228" assertions="24" time="0.384962"/>
      <testcase name="testSearchManagers" class="RoleCall\Payroll\Policies\PayrollPolicyTest" file="/home/ubuntu/subhub-api/tests/Payroll/Policies/PayrollPolicyTest.php" line="312" assertions="24" time="0.314848"/>
      <testcase name="testView" class="RoleCall\Payroll\Policies\PayrollPolicyTest" file="/home/ubuntu/subhub-api/tests/Payroll/Policies/PayrollPolicyTest.php" line="396" assertions="24" time="0.315031"/>
      <testcase name="testUpdate" class="RoleCall\Payroll\Policies\PayrollPolicyTest" file="/home/ubuntu/subhub-api/tests/Payroll/Policies/PayrollPolicyTest.php" line="473" assertions="26" time="0.388763"/>
    </testsuite>
    <testsuite name="RoleCall\Payroll\Requests\CreatePayrollRequestTest" file="/home/ubuntu/subhub-api/tests/Payroll/Requests/CreatePayrollRequestTest.php" tests="7" assertions="31" failures="0" errors="0" time="1.352288">
      <testcase name="testValid" class="RoleCall\Payroll\Requests\CreatePayrollRequestTest" file="/home/ubuntu/subhub-api/tests/Payroll/Requests/CreatePayrollRequestTest.php" line="14" assertions="1" time="0.179823"/>
      <testcase name="testRequiredFields" class="RoleCall\Payroll\Requests\CreatePayrollRequestTest" file="/home/ubuntu/subhub-api/tests/Payroll/Requests/CreatePayrollRequestTest.php" line="53" assertions="11" time="0.169599"/>
      <testcase name="testInvalidFields" class="RoleCall\Payroll\Requests\CreatePayrollRequestTest" file="/home/ubuntu/subhub-api/tests/Payroll/Requests/CreatePayrollRequestTest.php" line="78" assertions="10" time="0.242924"/>
      <testcase name="testInvalidDistrict" class="RoleCall\Payroll\Requests\CreatePayrollRequestTest" file="/home/ubuntu/subhub-api/tests/Payroll/Requests/CreatePayrollRequestTest.php" line="117" assertions="2" time="0.183171"/>
      <testcase name="testInvalidManagers" class="RoleCall\Payroll\Requests\CreatePayrollRequestTest" file="/home/ubuntu/subhub-api/tests/Payroll/Requests/CreatePayrollRequestTest.php" line="145" assertions="2" time="0.244967"/>
      <testcase name="testInvalidWeekFields" class="RoleCall\Payroll\Requests\CreatePayrollRequestTest" file="/home/ubuntu/subhub-api/tests/Payroll/Requests/CreatePayrollRequestTest.php" line="178" assertions="3" time="0.166648"/>
      <testcase name="testInvalidMonthlyFields" class="RoleCall\Payroll\Requests\CreatePayrollRequestTest" file="/home/ubuntu/subhub-api/tests/Payroll/Requests/CreatePayrollRequestTest.php" line="200" assertions="2" time="0.165156"/>
    </testsuite>
    <testsuite name="RoleCall\Payroll\Scopes\PayPeriodVisibleToScopeTest" file="/home/ubuntu/subhub-api/tests/Payroll/Scopes/PayPeriodVisibleToScopeTest.php" tests="1" assertions="11" failures="0" errors="0" time="0.414698">
      <testcase name="testPayPeriodVisibleToScope" class="RoleCall\Payroll\Scopes\PayPeriodVisibleToScopeTest" file="/home/ubuntu/subhub-api/tests/Payroll/Scopes/PayPeriodVisibleToScopeTest.php" line="14" assertions="11" time="0.414698"/>
    </testsuite>
    <testsuite name="RoleCall\Payroll\Scopes\PayrollVisibleToScopeTest" file="/home/ubuntu/subhub-api/tests/Payroll/Scopes/PayrollVisibleToScopeTest.php" tests="1" assertions="11" failures="0" errors="0" time="0.328634">
      <testcase name="testPayrollVisibleToScope" class="RoleCall\Payroll\Scopes\PayrollVisibleToScopeTest" file="/home/ubuntu/subhub-api/tests/Payroll/Scopes/PayrollVisibleToScopeTest.php" line="14" assertions="11" time="0.328634"/>
    </testsuite>
    <testsuite name="RoleCall\Payroll\Services\AssociatePayrollToRolesTest" file="/home/ubuntu/subhub-api/tests/Payroll/Services/AssociatePayrollToRolesTest.php" tests="5" assertions="42" failures="0" errors="0" time="1.586686">
      <testcase name="testAssociateDistrictUsersWithoutPayroll" class="RoleCall\Payroll\Services\AssociatePayrollToRolesTest" file="/home/ubuntu/subhub-api/tests/Payroll/Services/AssociatePayrollToRolesTest.php" line="15" assertions="9" time="0.359848"/>
      <testcase name="testAssociateAgencyUsersWithoutPayroll" class="RoleCall\Payroll\Services\AssociatePayrollToRolesTest" file="/home/ubuntu/subhub-api/tests/Payroll/Services/AssociatePayrollToRolesTest.php" line="105" assertions="9" time="0.293041"/>
      <testcase name="testAssociateDistrictUsersWithAndWithoutPayroll" class="RoleCall\Payroll\Services\AssociatePayrollToRolesTest" file="/home/ubuntu/subhub-api/tests/Payroll/Services/AssociatePayrollToRolesTest.php" line="195" assertions="9" time="0.294536"/>
      <testcase name="testAssociateAgencyUsersWithAndWithoutPayroll" class="RoleCall\Payroll\Services\AssociatePayrollToRolesTest" file="/home/ubuntu/subhub-api/tests/Payroll/Services/AssociatePayrollToRolesTest.php" line="285" assertions="9" time="0.364652"/>
      <testcase name="testAssociateInactiveRoles" class="RoleCall\Payroll\Services\AssociatePayrollToRolesTest" file="/home/ubuntu/subhub-api/tests/Payroll/Services/AssociatePayrollToRolesTest.php" line="375" assertions="6" time="0.274609"/>
    </testsuite>
    <testsuite name="RoleCall\Payroll\Services\CreatePayPeriodTest" file="/home/ubuntu/subhub-api/tests/Payroll/Services/CreatePayPeriodTest.php" tests="7" assertions="59" failures="0" errors="0" time="2.923333">
      <testcase name="testCreateOneWeekEndsMonday" class="RoleCall\Payroll\Services\CreatePayPeriodTest" file="/home/ubuntu/subhub-api/tests/Payroll/Services/CreatePayPeriodTest.php" line="19" assertions="11" time="0.490493"/>
      <testcase name="testCreateTwoWeeksEndsMondayNoValidTimecards" class="RoleCall\Payroll\Services\CreatePayPeriodTest" file="/home/ubuntu/subhub-api/tests/Payroll/Services/CreatePayPeriodTest.php" line="104" assertions="5" time="0.314674"/>
      <testcase name="testCreateOneWeekEndsMondayJustSubs" class="RoleCall\Payroll\Services\CreatePayPeriodTest" file="/home/ubuntu/subhub-api/tests/Payroll/Services/CreatePayPeriodTest.php" line="173" assertions="9" time="0.418185"/>
      <testcase name="testCreateOneWeekEndsMondayJustEmployees" class="RoleCall\Payroll\Services\CreatePayPeriodTest" file="/home/ubuntu/subhub-api/tests/Payroll/Services/CreatePayPeriodTest.php" line="263" assertions="9" time="0.484103"/>
      <testcase name="testCreateOneWeekEndsMondayNoUsers" class="RoleCall\Payroll\Services\CreatePayPeriodTest" file="/home/ubuntu/subhub-api/tests/Payroll/Services/CreatePayPeriodTest.php" line="353" assertions="5" time="0.313324"/>
      <testcase name="testCreateOnceAMonthEnds15" class="RoleCall\Payroll\Services\CreatePayPeriodTest" file="/home/ubuntu/subhub-api/tests/Payroll/Services/CreatePayPeriodTest.php" line="421" assertions="10" time="0.480724"/>
      <testcase name="testCreateOnceAMonthEndsLastDay" class="RoleCall\Payroll\Services\CreatePayPeriodTest" file="/home/ubuntu/subhub-api/tests/Payroll/Services/CreatePayPeriodTest.php" line="515" assertions="10" time="0.421830"/>
    </testsuite>
    <testsuite name="RoleCall\Payroll\Services\CreatePayrollTest" file="/home/ubuntu/subhub-api/tests/Payroll/Services/CreatePayrollTest.php" tests="3" assertions="38" failures="0" errors="0" time="0.777678">
      <testcase name="testCreateWeekly" class="RoleCall\Payroll\Services\CreatePayrollTest" file="/home/ubuntu/subhub-api/tests/Payroll/Services/CreatePayrollTest.php" line="16" assertions="20" time="0.240553"/>
      <testcase name="testCreateWeeklyWithSpecificName" class="RoleCall\Payroll\Services\CreatePayrollTest" file="/home/ubuntu/subhub-api/tests/Payroll/Services/CreatePayrollTest.php" line="93" assertions="3" time="0.293265"/>
      <testcase name="testCreateMonthly" class="RoleCall\Payroll\Services\CreatePayrollTest" file="/home/ubuntu/subhub-api/tests/Payroll/Services/CreatePayrollTest.php" line="138" assertions="15" time="0.243860"/>
    </testsuite>
    <testsuite name="RoleCall\Payroll\Services\PayrollTimelogsCalculatorTest" file="/home/ubuntu/subhub-api/tests/Payroll/Services/PayrollTimelogsCalculatorTest.php" tests="1" assertions="10" failures="0" errors="0" time="0.131150">
      <testcase name="testCalculatePayroll" class="RoleCall\Payroll\Services\PayrollTimelogsCalculatorTest" file="/home/ubuntu/subhub-api/tests/Payroll/Services/PayrollTimelogsCalculatorTest.php" line="12" assertions="10" time="0.131150"/>
    </testsuite>
    <testsuite name="RoleCall\Payroll\Services\UpdatePayrollTest" file="/home/ubuntu/subhub-api/tests/Payroll/Services/UpdatePayrollTest.php" tests="1" assertions="11" failures="0" errors="0" time="0.250045">
      <testcase name="testUpdate" class="RoleCall\Payroll\Services\UpdatePayrollTest" file="/home/ubuntu/subhub-api/tests/Payroll/Services/UpdatePayrollTest.php" line="12" assertions="11" time="0.250045"/>
    </testsuite>
    <testsuite name="RoleCall\Payroll\Utilities\FormatDefaultPayrollNameTest" file="/home/ubuntu/subhub-api/tests/Payroll/Utilities/FormatDefaultPayrollNameTest.php" tests="7" assertions="7" failures="0" errors="0" time="0.959585">
      <testsuite name="RoleCall\Payroll\Utilities\FormatDefaultPayrollNameTest::testFormat" tests="7" assertions="7" failures="0" errors="0" time="0.959585">
        <testcase name="testFormat with data set #0" assertions="1" time="0.122133"/>
        <testcase name="testFormat with data set #1" assertions="1" time="0.118846"/>
        <testcase name="testFormat with data set #2" assertions="1" time="0.184308"/>
        <testcase name="testFormat with data set #3" assertions="1" time="0.116735"/>
        <testcase name="testFormat with data set #4" assertions="1" time="0.116009"/>
        <testcase name="testFormat with data set #5" assertions="1" time="0.185261"/>
        <testcase name="testFormat with data set #6" assertions="1" time="0.116293"/>
      </testsuite>
    </testsuite>
    <testsuite name="RoleCall\Payroll\Validators\CreatePayPeriodValidatorTest" file="/home/ubuntu/subhub-api/tests/Payroll/Validators/CreatePayPeriodValidatorTest.php" tests="4" assertions="18" failures="0" errors="0" time="1.292610">
      <testcase name="testInBlackoutPeriod" class="RoleCall\Payroll\Validators\CreatePayPeriodValidatorTest" file="/home/ubuntu/subhub-api/tests/Payroll/Validators/CreatePayPeriodValidatorTest.php" line="13" assertions="3" time="0.305713"/>
      <testcase name="testNoTimecardsOrAdjustments" class="RoleCall\Payroll\Validators\CreatePayPeriodValidatorTest" file="/home/ubuntu/subhub-api/tests/Payroll/Validators/CreatePayPeriodValidatorTest.php" line="41" assertions="3" time="0.234999"/>
      <testcase name="testBadSsn" class="RoleCall\Payroll\Validators\CreatePayPeriodValidatorTest" file="/home/ubuntu/subhub-api/tests/Payroll/Validators/CreatePayPeriodValidatorTest.php" line="62" assertions="6" time="0.338783"/>
      <testcase name="testBadSchoolExternalIds" class="RoleCall\Payroll\Validators\CreatePayPeriodValidatorTest" file="/home/ubuntu/subhub-api/tests/Payroll/Validators/CreatePayPeriodValidatorTest.php" line="113" assertions="6" time="0.413115"/>
    </testsuite>
    <testsuite name="RoleCall\Positions\AllocationRuleTest" file="/home/ubuntu/subhub-api/tests/Positions/AllocationRuleTest.php" tests="4" assertions="4" failures="0" errors="0" time="0.571839">
      <testcase name="testFillable" class="RoleCall\Positions\AllocationRuleTest" file="/home/ubuntu/subhub-api/tests/Positions/AllocationRuleTest.php" line="16" assertions="1" time="0.124946"/>
      <testcase name="testCasts" class="RoleCall\Positions\AllocationRuleTest" file="/home/ubuntu/subhub-api/tests/Positions/AllocationRuleTest.php" line="23" assertions="1" time="0.123404"/>
      <testcase name="testTypes" class="RoleCall\Positions\AllocationRuleTest" file="/home/ubuntu/subhub-api/tests/Positions/AllocationRuleTest.php" line="37" assertions="1" time="0.197813"/>
      <testcase name="testRoundConditions" class="RoleCall\Positions\AllocationRuleTest" file="/home/ubuntu/subhub-api/tests/Positions/AllocationRuleTest.php" line="48" assertions="1" time="0.125676"/>
    </testsuite>
    <testsuite name="RoleCall\Positions\Controllers\CustomPositionValuesControllerTest" file="/home/ubuntu/subhub-api/tests/Positions/Controllers/CustomPositionValuesControllerTest.php" tests="4" assertions="19" failures="0" errors="0" time="0.981199">
      <testcase name="testStore" class="RoleCall\Positions\Controllers\CustomPositionValuesControllerTest" file="/home/ubuntu/subhub-api/tests/Positions/Controllers/CustomPositionValuesControllerTest.php" line="14" assertions="4" time="0.276909"/>
      <testcase name="testPositionCanHaveMoreThanOneValuePerField" class="RoleCall\Positions\Controllers\CustomPositionValuesControllerTest" file="/home/ubuntu/subhub-api/tests/Positions/Controllers/CustomPositionValuesControllerTest.php" line="34" assertions="6" time="0.230010"/>
      <testcase name="testUpdate" class="RoleCall\Positions\Controllers\CustomPositionValuesControllerTest" file="/home/ubuntu/subhub-api/tests/Positions/Controllers/CustomPositionValuesControllerTest.php" line="59" assertions="5" time="0.275921"/>
      <testcase name="testDelete" class="RoleCall\Positions\Controllers\CustomPositionValuesControllerTest" file="/home/ubuntu/subhub-api/tests/Positions/Controllers/CustomPositionValuesControllerTest.php" line="83" assertions="4" time="0.198359"/>
    </testsuite>
    <testsuite name="RoleCall\Positions\Controllers\DayUnitRatesControllerTest" file="/home/ubuntu/subhub-api/tests/Positions/Controllers/DayUnitRatesControllerTest.php" tests="1" assertions="2" failures="0" errors="0" time="0.278437">
      <testcase name="testCreate" class="RoleCall\Positions\Controllers\DayUnitRatesControllerTest" file="/home/ubuntu/subhub-api/tests/Positions/Controllers/DayUnitRatesControllerTest.php" line="17" assertions="2" time="0.278437"/>
    </testsuite>
    <testsuite name="RoleCall\Positions\Controllers\LeaveBalanceAccrualRatesControllerTest" file="/home/ubuntu/subhub-api/tests/Positions/Controllers/LeaveBalanceAccrualRatesControllerTest.php" tests="1" assertions="4" failures="0" errors="0" time="0.223610">
      <testcase name="testStore" class="RoleCall\Positions\Controllers\LeaveBalanceAccrualRatesControllerTest" file="/home/ubuntu/subhub-api/tests/Positions/Controllers/LeaveBalanceAccrualRatesControllerTest.php" line="15" assertions="4" time="0.223610"/>
    </testsuite>
    <testsuite name="RoleCall\Positions\Controllers\PositionsControllerTest" file="/home/ubuntu/subhub-api/tests/Positions/Controllers/PositionsControllerTest.php" tests="5" assertions="10" failures="0" errors="0" time="1.502338">
      <testcase name="testIndex" class="RoleCall\Positions\Controllers\PositionsControllerTest" file="/home/ubuntu/subhub-api/tests/Positions/Controllers/PositionsControllerTest.php" line="13" assertions="2" time="0.383648"/>
      <testcase name="testShow" class="RoleCall\Positions\Controllers\PositionsControllerTest" file="/home/ubuntu/subhub-api/tests/Positions/Controllers/PositionsControllerTest.php" line="26" assertions="2" time="0.371199"/>
      <testcase name="testStore" class="RoleCall\Positions\Controllers\PositionsControllerTest" file="/home/ubuntu/subhub-api/tests/Positions/Controllers/PositionsControllerTest.php" line="42" assertions="2" time="0.283112"/>
      <testcase name="testUpdate" class="RoleCall\Positions\Controllers\PositionsControllerTest" file="/home/ubuntu/subhub-api/tests/Positions/Controllers/PositionsControllerTest.php" line="58" assertions="2" time="0.204449"/>
      <testcase name="testDelete" class="RoleCall\Positions\Controllers\PositionsControllerTest" file="/home/ubuntu/subhub-api/tests/Positions/Controllers/PositionsControllerTest.php" line="76" assertions="2" time="0.259930"/>
    </testsuite>
    <testsuite name="RoleCall\Positions\Controllers\RatesControllerTest" file="/home/ubuntu/subhub-api/tests/Positions/Controllers/RatesControllerTest.php" tests="1" assertions="2" failures="0" errors="0" time="0.207873">
      <testcase name="testCreate" class="RoleCall\Positions\Controllers\RatesControllerTest" file="/home/ubuntu/subhub-api/tests/Positions/Controllers/RatesControllerTest.php" line="17" assertions="2" time="0.207873"/>
    </testsuite>
    <testsuite name="RoleCall\Positions\DayUnitRateTest" file="/home/ubuntu/subhub-api/tests/Positions/DayUnitRateTest.php" tests="3" assertions="7" failures="0" errors="0" time="0.499470">
      <testcase name="testFillable" class="RoleCall\Positions\DayUnitRateTest" file="/home/ubuntu/subhub-api/tests/Positions/DayUnitRateTest.php" line="16" assertions="1" time="0.192506"/>
      <testcase name="testGetPayRateAttribute" class="RoleCall\Positions\DayUnitRateTest" file="/home/ubuntu/subhub-api/tests/Positions/DayUnitRateTest.php" line="28" assertions="1" time="0.128242"/>
      <testcase name="testGetIsInEffectAttribute" class="RoleCall\Positions\DayUnitRateTest" file="/home/ubuntu/subhub-api/tests/Positions/DayUnitRateTest.php" line="37" assertions="5" time="0.178722"/>
    </testsuite>
    <testsuite name="RoleCall\Positions\Policies\DayUnitRatePolicyTest" file="/home/ubuntu/subhub-api/tests/Positions/Policies/DayUnitRatePolicyTest.php" tests="3" assertions="18" failures="0" errors="0" time="0.738674">
      <testcase name="testCreate" class="RoleCall\Positions\Policies\DayUnitRatePolicyTest" file="/home/ubuntu/subhub-api/tests/Positions/Policies/DayUnitRatePolicyTest.php" line="47" assertions="6" time="0.263748"/>
      <testcase name="testIndex" class="RoleCall\Positions\Policies\DayUnitRatePolicyTest" file="/home/ubuntu/subhub-api/tests/Positions/Policies/DayUnitRatePolicyTest.php" line="59" assertions="6" time="0.230387"/>
      <testcase name="testView" class="RoleCall\Positions\Policies\DayUnitRatePolicyTest" file="/home/ubuntu/subhub-api/tests/Positions/Policies/DayUnitRatePolicyTest.php" line="71" assertions="6" time="0.244539"/>
    </testsuite>
    <testsuite name="RoleCall\Positions\Policies\PositionPolicyTest" file="/home/ubuntu/subhub-api/tests/Positions/Policies/PositionPolicyTest.php" tests="7" assertions="74" failures="0" errors="0" time="1.658551">
      <testcase name="testCreate" class="RoleCall\Positions\Policies\PositionPolicyTest" file="/home/ubuntu/subhub-api/tests/Positions/Policies/PositionPolicyTest.php" line="13" assertions="10" time="0.268677"/>
      <testcase name="testDelete" class="RoleCall\Positions\Policies\PositionPolicyTest" file="/home/ubuntu/subhub-api/tests/Positions/Policies/PositionPolicyTest.php" line="50" assertions="10" time="0.182760"/>
      <testcase name="testIndex" class="RoleCall\Positions\Policies\PositionPolicyTest" file="/home/ubuntu/subhub-api/tests/Positions/Policies/PositionPolicyTest.php" line="90" assertions="10" time="0.194615"/>
      <testcase name="testUpdate" class="RoleCall\Positions\Policies\PositionPolicyTest" file="/home/ubuntu/subhub-api/tests/Positions/Policies/PositionPolicyTest.php" line="127" assertions="10" time="0.272044"/>
      <testcase name="testUpdateDefaultHiringProcess" class="RoleCall\Positions\Policies\PositionPolicyTest" file="/home/ubuntu/subhub-api/tests/Positions/Policies/PositionPolicyTest.php" line="167" assertions="12" time="0.233402"/>
      <testcase name="testUpdateDefaultRequisitionWorkflow" class="RoleCall\Positions\Policies\PositionPolicyTest" file="/home/ubuntu/subhub-api/tests/Positions/Policies/PositionPolicyTest.php" line="222" assertions="12" time="0.304771"/>
      <testcase name="testView" class="RoleCall\Positions\Policies\PositionPolicyTest" file="/home/ubuntu/subhub-api/tests/Positions/Policies/PositionPolicyTest.php" line="280" assertions="10" time="0.202281"/>
    </testsuite>
    <testsuite name="RoleCall\Positions\Policies\RatePolicyTest" file="/home/ubuntu/subhub-api/tests/Positions/Policies/RatePolicyTest.php" tests="3" assertions="12" failures="0" errors="0" time="0.593870">
      <testcase name="testCreate" class="RoleCall\Positions\Policies\RatePolicyTest" file="/home/ubuntu/subhub-api/tests/Positions/Policies/RatePolicyTest.php" line="44" assertions="4" time="0.165399"/>
      <testcase name="testIndex" class="RoleCall\Positions\Policies\RatePolicyTest" file="/home/ubuntu/subhub-api/tests/Positions/Policies/RatePolicyTest.php" line="54" assertions="4" time="0.247605"/>
      <testcase name="testView" class="RoleCall\Positions\Policies\RatePolicyTest" file="/home/ubuntu/subhub-api/tests/Positions/Policies/RatePolicyTest.php" line="64" assertions="4" time="0.180866"/>
    </testsuite>
    <testsuite name="RoleCall\Positions\PositionRateRuleTest" file="/home/ubuntu/subhub-api/tests/Positions/PositionRateRuleTest.php" tests="4" assertions="4" failures="0" errors="0" time="0.583276">
      <testcase name="testGetPayRateAttribute" class="RoleCall\Positions\PositionRateRuleTest" file="/home/ubuntu/subhub-api/tests/Positions/PositionRateRuleTest.php" line="11" assertions="1" time="0.130068"/>
      <testcase name="testSetPayRateAttribute" class="RoleCall\Positions\PositionRateRuleTest" file="/home/ubuntu/subhub-api/tests/Positions/PositionRateRuleTest.php" line="20" assertions="1" time="0.198663"/>
      <testcase name="testGetBillingRateAttribute" class="RoleCall\Positions\PositionRateRuleTest" file="/home/ubuntu/subhub-api/tests/Positions/PositionRateRuleTest.php" line="28" assertions="1" time="0.129012"/>
      <testcase name="testSetBillingRateAttribute" class="RoleCall\Positions\PositionRateRuleTest" file="/home/ubuntu/subhub-api/tests/Positions/PositionRateRuleTest.php" line="37" assertions="1" time="0.125533"/>
    </testsuite>
    <testsuite name="RoleCall\Positions\PositionTest" file="/home/ubuntu/subhub-api/tests/Positions/PositionTest.php" tests="4" assertions="4" failures="0" errors="0" time="0.631304">
      <testcase name="testTimestampsAreEnabled" class="RoleCall\Positions\PositionTest" file="/home/ubuntu/subhub-api/tests/Positions/PositionTest.php" line="18" assertions="1" time="0.193556"/>
      <testcase name="testFillable" class="RoleCall\Positions\PositionTest" file="/home/ubuntu/subhub-api/tests/Positions/PositionTest.php" line="23" assertions="1" time="0.122455"/>
      <testcase name="testRateTypes" class="RoleCall\Positions\PositionTest" file="/home/ubuntu/subhub-api/tests/Positions/PositionTest.php" line="34" assertions="1" time="0.122383"/>
      <testcase name="testDayUnitRateTypes" class="RoleCall\Positions\PositionTest" file="/home/ubuntu/subhub-api/tests/Positions/PositionTest.php" line="47" assertions="1" time="0.192910"/>
    </testsuite>
    <testsuite name="RoleCall\Positions\PositionTimeTrackingMethodsTest" file="/home/ubuntu/subhub-api/tests/Positions/PositionTimeTrackingMethodsTest.php" tests="2" assertions="9" failures="0" errors="0" time="0.307733">
      <testcase name="testSetTimeTrackingMethodsAttribute" class="RoleCall\Positions\PositionTimeTrackingMethodsTest" file="/home/ubuntu/subhub-api/tests/Positions/PositionTimeTrackingMethodsTest.php" line="42" assertions="1" time="0.153966"/>
      <testcase name="testAllowsTimeTracking" class="RoleCall\Positions\PositionTimeTrackingMethodsTest" file="/home/ubuntu/subhub-api/tests/Positions/PositionTimeTrackingMethodsTest.php" line="49" assertions="8" time="0.153767"/>
    </testsuite>
    <testsuite name="RoleCall\Positions\Presenters\PositionRateRulePresenterTest" file="/home/ubuntu/subhub-api/tests/Positions/Presenters/PositionRateRulePresenterTest.php" tests="5" assertions="5" failures="0" errors="0" time="0.780827">
      <testcase name="testPresentPayRateFormatted" class="RoleCall\Positions\Presenters\PositionRateRulePresenterTest" file="/home/ubuntu/subhub-api/tests/Positions/Presenters/PositionRateRulePresenterTest.php" line="12" assertions="1" time="0.196544"/>
      <testcase name="testPresentBillingRateFormatted" class="RoleCall\Positions\Presenters\PositionRateRulePresenterTest" file="/home/ubuntu/subhub-api/tests/Positions/Presenters/PositionRateRulePresenterTest.php" line="23" assertions="1" time="0.126836"/>
      <testcase name="testPresentTypeFormatted" class="RoleCall\Positions\Presenters\PositionRateRulePresenterTest" file="/home/ubuntu/subhub-api/tests/Positions/Presenters/PositionRateRulePresenterTest.php" line="34" assertions="1" time="0.126314"/>
      <testcase name="testPresentRateDifference" class="RoleCall\Positions\Presenters\PositionRateRulePresenterTest" file="/home/ubuntu/subhub-api/tests/Positions/Presenters/PositionRateRulePresenterTest.php" line="45" assertions="1" time="0.203337"/>
      <testcase name="testPresentHumanDefinition" class="RoleCall\Positions\Presenters\PositionRateRulePresenterTest" file="/home/ubuntu/subhub-api/tests/Positions/Presenters/PositionRateRulePresenterTest.php" line="57" assertions="1" time="0.127796"/>
    </testsuite>
    <testsuite name="RoleCall\Positions\RateTest" file="/home/ubuntu/subhub-api/tests/Positions/RateTest.php" tests="6" assertions="12" failures="0" errors="0" time="0.990313">
      <testcase name="testGetPayRateAttribute" class="RoleCall\Positions\RateTest" file="/home/ubuntu/subhub-api/tests/Positions/RateTest.php" line="11" assertions="1" time="0.198464"/>
      <testcase name="testSetPayRateAttribute" class="RoleCall\Positions\RateTest" file="/home/ubuntu/subhub-api/tests/Positions/RateTest.php" line="20" assertions="1" time="0.128699"/>
      <testcase name="testGetBillingRateAttribute" class="RoleCall\Positions\RateTest" file="/home/ubuntu/subhub-api/tests/Positions/RateTest.php" line="28" assertions="1" time="0.129634"/>
      <testcase name="testSetBillingRateAttribute" class="RoleCall\Positions\RateTest" file="/home/ubuntu/subhub-api/tests/Positions/RateTest.php" line="37" assertions="1" time="0.197792"/>
      <testcase name="testGetIsInEffectAttribute" class="RoleCall\Positions\RateTest" file="/home/ubuntu/subhub-api/tests/Positions/RateTest.php" line="45" assertions="5" time="0.177812"/>
      <testcase name="testGetIsInEffectAttributeNoRateFound" class="RoleCall\Positions\RateTest" file="/home/ubuntu/subhub-api/tests/Positions/RateTest.php" line="96" assertions="3" time="0.157912"/>
    </testsuite>
    <testsuite name="RoleCall\Positions\Requests\CreateAllocationRuleRequestTest" file="/home/ubuntu/subhub-api/tests/Positions/Requests/CreateAllocationRuleRequestTest.php" tests="18" assertions="49" failures="0" errors="0" time="3.452169">
      <testcase name="testValidFixedRule" class="RoleCall\Positions\Requests\CreateAllocationRuleRequestTest" file="/home/ubuntu/subhub-api/tests/Positions/Requests/CreateAllocationRuleRequestTest.php" line="11" assertions="1" time="0.233346"/>
      <testcase name="testValidRangeRule" class="RoleCall\Positions\Requests\CreateAllocationRuleRequestTest" file="/home/ubuntu/subhub-api/tests/Positions/Requests/CreateAllocationRuleRequestTest.php" line="31" assertions="1" time="0.161569"/>
      <testcase name="testValidRatioRule" class="RoleCall\Positions\Requests\CreateAllocationRuleRequestTest" file="/home/ubuntu/subhub-api/tests/Positions/Requests/CreateAllocationRuleRequestTest.php" line="56" assertions="1" time="0.160434"/>
      <testcase name="testRequired" class="RoleCall\Positions\Requests\CreateAllocationRuleRequestTest" file="/home/ubuntu/subhub-api/tests/Positions/Requests/CreateAllocationRuleRequestTest.php" line="77" assertions="6" time="0.225040"/>
      <testcase name="testInvalid" class="RoleCall\Positions\Requests\CreateAllocationRuleRequestTest" file="/home/ubuntu/subhub-api/tests/Positions/Requests/CreateAllocationRuleRequestTest.php" line="93" assertions="9" time="0.157583"/>
      <testcase name="testConflictingRuleWithExistingFixed" class="RoleCall\Positions\Requests\CreateAllocationRuleRequestTest" file="/home/ubuntu/subhub-api/tests/Positions/Requests/CreateAllocationRuleRequestTest.php" line="122" assertions="3" time="0.163608"/>
      <testcase name="testNotConflictingRuleWithExistingFixedButDifferentYear" class="RoleCall\Positions\Requests\CreateAllocationRuleRequestTest" file="/home/ubuntu/subhub-api/tests/Positions/Requests/CreateAllocationRuleRequestTest.php" line="150" assertions="1" time="0.237462"/>
      <testcase name="testConflictingRuleWithExistingRatio" class="RoleCall\Positions\Requests\CreateAllocationRuleRequestTest" file="/home/ubuntu/subhub-api/tests/Positions/Requests/CreateAllocationRuleRequestTest.php" line="177" assertions="3" time="0.163419"/>
      <testcase name="testConflictingRuleWithExistingRangeForNonRange" class="RoleCall\Positions\Requests\CreateAllocationRuleRequestTest" file="/home/ubuntu/subhub-api/tests/Positions/Requests/CreateAllocationRuleRequestTest.php" line="205" assertions="3" time="0.165221"/>
      <testsuite name="RoleCall\Positions\Requests\CreateAllocationRuleRequestTest::testConflictingRuleWithExistingRange" tests="9" assertions="21" failures="0" errors="0" time="1.784487">
        <testcase name="testConflictingRuleWithExistingRange with data set &quot;Existing has no max, new has no max&quot;" assertions="1" time="0.237854"/>
        <testcase name="testConflictingRuleWithExistingRange with data set &quot;Existing has no max, new has no max, same min&quot;" assertions="3" time="0.165610"/>
        <testcase name="testConflictingRuleWithExistingRange with data set &quot;Existing max, new has no max&quot;" assertions="3" time="0.237263"/>
        <testcase name="testConflictingRuleWithExistingRange with data set &quot;before&quot;" assertions="1" time="0.166234"/>
        <testcase name="testConflictingRuleWithExistingRange with data set &quot;overlap start&quot;" assertions="3" time="0.166073"/>
        <testcase name="testConflictingRuleWithExistingRange with data set &quot;overlap inside&quot;" assertions="3" time="0.241335"/>
        <testcase name="testConflictingRuleWithExistingRange with data set &quot;overlap end&quot;" assertions="3" time="0.167013"/>
        <testcase name="testConflictingRuleWithExistingRange with data set &quot;after&quot;" assertions="1" time="0.166796"/>
        <testcase name="testConflictingRuleWithExistingRange with data set &quot;around&quot;" assertions="3" time="0.236309"/>
      </testsuite>
    </testsuite>
    <testsuite name="RoleCall\Positions\Requests\CreateDayUnitRateRequestTest" file="/home/ubuntu/subhub-api/tests/Positions/Requests/CreateDayUnitRateRequestTest.php" tests="2" assertions="5" failures="0" errors="0" time="0.332899">
      <testcase name="testValid" class="RoleCall\Positions\Requests\CreateDayUnitRateRequestTest" file="/home/ubuntu/subhub-api/tests/Positions/Requests/CreateDayUnitRateRequestTest.php" line="11" assertions="1" time="0.158201"/>
      <testcase name="testExistingRate" class="RoleCall\Positions\Requests\CreateDayUnitRateRequestTest" file="/home/ubuntu/subhub-api/tests/Positions/Requests/CreateDayUnitRateRequestTest.php" line="30" assertions="4" time="0.174698"/>
    </testsuite>
    <testsuite name="RoleCall\Positions\Requests\CreatePositionRequestTest" file="/home/ubuntu/subhub-api/tests/Positions/Requests/CreatePositionRequestTest.php" tests="2" assertions="6" failures="0" errors="0" time="0.328261">
      <testcase name="testValid" class="RoleCall\Positions\Requests\CreatePositionRequestTest" file="/home/ubuntu/subhub-api/tests/Positions/Requests/CreatePositionRequestTest.php" line="11" assertions="1" time="0.201153"/>
      <testcase name="testInvalidAttributes" class="RoleCall\Positions\Requests\CreatePositionRequestTest" file="/home/ubuntu/subhub-api/tests/Positions/Requests/CreatePositionRequestTest.php" line="27" assertions="5" time="0.127108"/>
    </testsuite>
    <testsuite name="RoleCall\Positions\Requests\CreateRateRequestTest" file="/home/ubuntu/subhub-api/tests/Positions/Requests/CreateRateRequestTest.php" tests="2" assertions="5" failures="0" errors="0" time="0.413747">
      <testcase name="testValid" class="RoleCall\Positions\Requests\CreateRateRequestTest" file="/home/ubuntu/subhub-api/tests/Positions/Requests/CreateRateRequestTest.php" line="11" assertions="1" time="0.160498"/>
      <testcase name="testExistingRate" class="RoleCall\Positions\Requests\CreateRateRequestTest" file="/home/ubuntu/subhub-api/tests/Positions/Requests/CreateRateRequestTest.php" line="31" assertions="4" time="0.253249"/>
    </testsuite>
    <testsuite name="RoleCall\Positions\Services\CreateAllocationRuleTest" file="/home/ubuntu/subhub-api/tests/Positions/Services/CreateAllocationRuleTest.php" tests="4" assertions="32" failures="0" errors="0" time="0.763061">
      <testcase name="testCreateFixedRule" class="RoleCall\Positions\Services\CreateAllocationRuleTest" file="/home/ubuntu/subhub-api/tests/Positions/Services/CreateAllocationRuleTest.php" line="12" assertions="10" time="0.176171"/>
      <testcase name="testCreateRangeRule" class="RoleCall\Positions\Services\CreateAllocationRuleTest" file="/home/ubuntu/subhub-api/tests/Positions/Services/CreateAllocationRuleTest.php" line="41" assertions="10" time="0.247987"/>
      <testcase name="testCreateRatioRule" class="RoleCall\Positions\Services\CreateAllocationRuleTest" file="/home/ubuntu/subhub-api/tests/Positions/Services/CreateAllocationRuleTest.php" line="70" assertions="10" time="0.171829"/>
      <testcase name="testCreateWithMultipleRuleTypes" class="RoleCall\Positions\Services\CreateAllocationRuleTest" file="/home/ubuntu/subhub-api/tests/Positions/Services/CreateAllocationRuleTest.php" line="99" assertions="2" time="0.167074"/>
    </testsuite>
    <testsuite name="RoleCall\Positions\Services\CreateDayUnitRateTest" file="/home/ubuntu/subhub-api/tests/Positions/Services/CreateDayUnitTest.php" tests="1" assertions="7" failures="0" errors="0" time="0.248265">
      <testcase name="testCreate" class="RoleCall\Positions\Services\CreateDayUnitRateTest" file="/home/ubuntu/subhub-api/tests/Positions/Services/CreateDayUnitTest.php" line="15" assertions="7" time="0.248265"/>
    </testsuite>
    <testsuite name="RoleCall\Positions\Services\CreatePositionTest" file="/home/ubuntu/subhub-api/tests/Positions/Services/CreatePositionTest.php" tests="1" assertions="12" failures="0" errors="0" time="0.165499">
      <testcase name="testCreate" class="RoleCall\Positions\Services\CreatePositionTest" file="/home/ubuntu/subhub-api/tests/Positions/Services/CreatePositionTest.php" line="12" assertions="12" time="0.165499"/>
    </testsuite>
    <testsuite name="RoleCall\Positions\Services\CreateRateTest" file="/home/ubuntu/subhub-api/tests/Positions/Services/CreateRateTest.php" tests="1" assertions="9" failures="0" errors="0" time="0.177733">
      <testcase name="testCreate" class="RoleCall\Positions\Services\CreateRateTest" file="/home/ubuntu/subhub-api/tests/Positions/Services/CreateRateTest.php" line="15" assertions="9" time="0.177733"/>
    </testsuite>
    <testsuite name="RoleCall\Positions\Services\DeletePositionTest" file="/home/ubuntu/subhub-api/tests/Positions/Services/DeletePositionTest.php" tests="1" assertions="7" failures="0" errors="0" time="0.262043">
      <testcase name="testDelete" class="RoleCall\Positions\Services\DeletePositionTest" file="/home/ubuntu/subhub-api/tests/Positions/Services/DeletePositionTest.php" line="16" assertions="7" time="0.262043"/>
    </testsuite>
    <testsuite name="RoleCall\Positions\Transformers\CustomPositionValuesJsonTransformerTest" file="/home/ubuntu/subhub-api/tests/Positions/Transformers/CustomPositionValuesJsonTransformerTest.php" tests="3" assertions="3" failures="0" errors="0" time="0.551871">
      <testcase name="testTransformCustomValueModel" class="RoleCall\Positions\Transformers\CustomPositionValuesJsonTransformerTest" file="/home/ubuntu/subhub-api/tests/Positions/Transformers/CustomPositionValuesJsonTransformerTest.php" line="12" assertions="1" time="0.158760"/>
      <testcase name="testTransformCustomValueArray" class="RoleCall\Positions\Transformers\CustomPositionValuesJsonTransformerTest" file="/home/ubuntu/subhub-api/tests/Positions/Transformers/CustomPositionValuesJsonTransformerTest.php" line="21" assertions="1" time="0.159120"/>
      <testcase name="testTransformCustomValueCollection" class="RoleCall\Positions\Transformers\CustomPositionValuesJsonTransformerTest" file="/home/ubuntu/subhub-api/tests/Positions/Transformers/CustomPositionValuesJsonTransformerTest.php" line="30" assertions="1" time="0.233991"/>
    </testsuite>
    <testsuite name="RoleCall\Positions\Transformers\PositionJsonTransformerTest" file="/home/ubuntu/subhub-api/tests/Positions/Transformers/PositionJsonTransformerTest.php" tests="1" assertions="1" failures="0" errors="0" time="0.153632">
      <testcase name="testTransform" class="RoleCall\Positions\Transformers\PositionJsonTransformerTest" file="/home/ubuntu/subhub-api/tests/Positions/Transformers/PositionJsonTransformerTest.php" line="12" assertions="1" time="0.153632"/>
    </testsuite>
    <testsuite name="RoleCall\Positions\Utilities\CalculateAllocationUnitsTest" file="/home/ubuntu/subhub-api/tests/Positions/Utilities/CalculateAllocationUnitsTest.php" tests="15" assertions="20" failures="0" errors="0" time="2.939662">
      <testcase name="testMissingEnrollment" class="RoleCall\Positions\Utilities\CalculateAllocationUnitsTest" file="/home/ubuntu/subhub-api/tests/Positions/Utilities/CalculateAllocationUnitsTest.php" line="12" assertions="2" time="0.165692"/>
      <testcase name="testMissingRule" class="RoleCall\Positions\Utilities\CalculateAllocationUnitsTest" file="/home/ubuntu/subhub-api/tests/Positions/Utilities/CalculateAllocationUnitsTest.php" line="30" assertions="2" time="0.242616"/>
      <testsuite name="RoleCall\Positions\Utilities\CalculateAllocationUnitsTest::testCalculateFixed" tests="3" assertions="3" failures="0" errors="0" time="0.584545">
        <testcase name="testCalculateFixed with data set #1" assertions="1" time="0.169717"/>
        <testcase name="testCalculateFixed with data set #100" assertions="1" time="0.169072"/>
        <testcase name="testCalculateFixed with data set #1000" assertions="1" time="0.245756"/>
      </testsuite>
      <testsuite name="RoleCall\Positions\Utilities\CalculateAllocationUnitsTest::testCalculateRatio" tests="5" assertions="5" failures="0" errors="0" time="0.999011">
        <testcase name="testCalculateRatio with data set &quot;1:1&quot;" assertions="1" time="0.172327"/>
        <testcase name="testCalculateRatio with data set &quot;1:2&quot;" assertions="1" time="0.241234"/>
        <testcase name="testCalculateRatio with data set &quot;1.5 result&quot;" assertions="1" time="0.168238"/>
        <testcase name="testCalculateRatio with data set &quot;round, below threshold&quot;" assertions="1" time="0.167969"/>
        <testcase name="testCalculateRatio with data set &quot;round, same as threshold&quot;" assertions="1" time="0.249243"/>
      </testsuite>
      <testcase name="testCalculateCrazyRatio" class="RoleCall\Positions\Utilities\CalculateAllocationUnitsTest" file="/home/ubuntu/subhub-api/tests/Positions/Utilities/CalculateAllocationUnitsTest.php" line="169" assertions="4" time="0.184350"/>
      <testsuite name="RoleCall\Positions\Utilities\CalculateAllocationUnitsTest::testCalculateRange" tests="4" assertions="4" failures="0" errors="0" time="0.763448">
        <testcase name="testCalculateRange with data set &quot;inside rule 1 (1-100), rule 2 (101-X) no max&quot;" assertions="1" time="0.172115"/>
        <testcase name="testCalculateRange with data set &quot;inside rule 2 (101-X) no max&quot;" assertions="1" time="0.246980"/>
        <testcase name="testCalculateRange with data set &quot;inside rule 2 (101-200)&quot;" assertions="1" time="0.172426"/>
        <testcase name="testCalculateRange with data set &quot;above rule 2 (101-200)&quot;" assertions="1" time="0.171927"/>
      </testsuite>
    </testsuite>
    <testsuite name="RoleCall\Positions\Validators\DeletePositionValidatorTest" file="/home/ubuntu/subhub-api/tests/Positions/Validators/DeletePositionValidatorTest.php" tests="2" assertions="4" failures="0" errors="0" time="0.427318">
      <testcase name="testValid" class="RoleCall\Positions\Validators\DeletePositionValidatorTest" file="/home/ubuntu/subhub-api/tests/Positions/Validators/DeletePositionValidatorTest.php" line="12" assertions="1" time="0.238073"/>
      <testcase name="testHasRelatingAbsences" class="RoleCall\Positions\Validators\DeletePositionValidatorTest" file="/home/ubuntu/subhub-api/tests/Positions/Validators/DeletePositionValidatorTest.php" line="24" assertions="3" time="0.189245"/>
    </testsuite>
    <testsuite name="RoleCall\Preferences\Controllers\JobPreferencesControllerTest" file="/home/ubuntu/subhub-api/tests/Preferences/Controllers/JobPreferencesControllerTest.php" tests="2" assertions="12" failures="0" errors="0" time="0.513798">
      <testcase name="testStoreSchoolPreference" class="RoleCall\Preferences\Controllers\JobPreferencesControllerTest" file="/home/ubuntu/subhub-api/tests/Preferences/Controllers/JobPreferencesControllerTest.php" line="14" assertions="6" time="0.285411"/>
      <testcase name="testStoreUserPreference" class="RoleCall\Preferences\Controllers\JobPreferencesControllerTest" file="/home/ubuntu/subhub-api/tests/Preferences/Controllers/JobPreferencesControllerTest.php" line="42" assertions="6" time="0.228387"/>
    </testsuite>
    <testsuite name="RoleCall\Preferences\Controllers\SubPreferencesControllerTest" file="/home/ubuntu/subhub-api/tests/Preferences/Controllers/SubPreferencesControllerTest.php" tests="1" assertions="7" failures="0" errors="0" time="0.441674">
      <testcase name="testIndex" class="RoleCall\Preferences\Controllers\SubPreferencesControllerTest" file="/home/ubuntu/subhub-api/tests/Preferences/Controllers/SubPreferencesControllerTest.php" line="13" assertions="7" time="0.441674"/>
    </testsuite>
    <testsuite name="RoleCall\Preferences\Policies\UserJobPreferencePolicyTest" file="/home/ubuntu/subhub-api/tests/Preferences/Policies/UserJobPreferencePolicyTest.php" tests="3" assertions="9" failures="0" errors="0" time="0.679096">
      <testcase name="testCreate" class="RoleCall\Preferences\Policies\UserJobPreferencePolicyTest" file="/home/ubuntu/subhub-api/tests/Preferences/Policies/UserJobPreferencePolicyTest.php" line="12" assertions="3" time="0.197110"/>
      <testcase name="testDelete" class="RoleCall\Preferences\Policies\UserJobPreferencePolicyTest" file="/home/ubuntu/subhub-api/tests/Preferences/Policies/UserJobPreferencePolicyTest.php" line="32" assertions="3" time="0.281596"/>
      <testcase name="testIndex" class="RoleCall\Preferences\Policies\UserJobPreferencePolicyTest" file="/home/ubuntu/subhub-api/tests/Preferences/Policies/UserJobPreferencePolicyTest.php" line="55" assertions="3" time="0.200390"/>
    </testsuite>
    <testsuite name="RoleCall\Preferences\Policies\UserSubPreferencePolicyTest" file="/home/ubuntu/subhub-api/tests/Preferences/Policies/UserSubPreferencePolicyTest.php" tests="3" assertions="18" failures="0" errors="0" time="0.711054">
      <testcase name="testCreate" class="RoleCall\Preferences\Policies\UserSubPreferencePolicyTest" file="/home/ubuntu/subhub-api/tests/Preferences/Policies/UserSubPreferencePolicyTest.php" line="12" assertions="6" time="0.214877"/>
      <testcase name="testDelete" class="RoleCall\Preferences\Policies\UserSubPreferencePolicyTest" file="/home/ubuntu/subhub-api/tests/Preferences/Policies/UserSubPreferencePolicyTest.php" line="35" assertions="6" time="0.289076"/>
      <testcase name="testIndex" class="RoleCall\Preferences\Policies\UserSubPreferencePolicyTest" file="/home/ubuntu/subhub-api/tests/Preferences/Policies/UserSubPreferencePolicyTest.php" line="66" assertions="6" time="0.207101"/>
    </testsuite>
    <testsuite name="RoleCall\Preferences\Jobs\CreateJobPreferenceTest" file="/home/ubuntu/subhub-api/tests/Preferences/Services/CreateJobPreferenceTest.php" tests="5" assertions="31" failures="0" errors="0" time="1.173443">
      <testcase name="testCreateJobPreference" class="RoleCall\Preferences\Jobs\CreateJobPreferenceTest" file="/home/ubuntu/subhub-api/tests/Preferences/Services/CreateJobPreferenceTest.php" line="17" assertions="5" time="0.219191"/>
      <testcase name="testUpdateJobPreference" class="RoleCall\Preferences\Jobs\CreateJobPreferenceTest" file="/home/ubuntu/subhub-api/tests/Preferences/Services/CreateJobPreferenceTest.php" line="39" assertions="5" time="0.161808"/>
      <testcase name="testCreateJobPreferenceForUserWithoutChangingSchoolPreference" class="RoleCall\Preferences\Jobs\CreateJobPreferenceTest" file="/home/ubuntu/subhub-api/tests/Preferences/Services/CreateJobPreferenceTest.php" line="63" assertions="17" time="0.157330"/>
      <testcase name="testBlockSubAndUnassignFromFutureJobsAtSchool" class="RoleCall\Preferences\Jobs\CreateJobPreferenceTest" file="/home/ubuntu/subhub-api/tests/Preferences/Services/CreateJobPreferenceTest.php" line="109" assertions="2" time="0.354486"/>
      <testcase name="testBlockSubAndUnassignFromFutureJobsForEmployee" class="RoleCall\Preferences\Jobs\CreateJobPreferenceTest" file="/home/ubuntu/subhub-api/tests/Preferences/Services/CreateJobPreferenceTest.php" line="168" assertions="2" time="0.280628"/>
    </testsuite>
    <testsuite name="RoleCall\Processes\GenerateDailyAbsenceSummariesTest" file="/home/ubuntu/subhub-api/tests/Processes/GenerateDailyAbsenceSummariesTest.php" tests="2" assertions="2" failures="0" errors="0" time="0.308438">
      <testcase name="testConstruct" class="RoleCall\Processes\GenerateDailyAbsenceSummariesTest" file="/home/ubuntu/subhub-api/tests/Processes/GenerateDailyAbsenceSummariesTest.php" line="10" assertions="2" time="0.115522"/>
      <testcase name="testHandle" class="RoleCall\Processes\GenerateDailyAbsenceSummariesTest" file="/home/ubuntu/subhub-api/tests/Processes/GenerateDailyAbsenceSummariesTest.php" line="18" assertions="0" time="0.192916"/>
    </testsuite>
    <testsuite name="RoleCall\Processes\GenerateDailySavedSearchSummariesTest" file="/home/ubuntu/subhub-api/tests/Processes/GenerateDailySavedSearchSummariesTest.php" tests="2" assertions="2" failures="0" errors="0" time="0.237730">
      <testcase name="testConstruct" class="RoleCall\Processes\GenerateDailySavedSearchSummariesTest" file="/home/ubuntu/subhub-api/tests/Processes/GenerateDailySavedSearchSummariesTest.php" line="10" assertions="2" time="0.117577"/>
      <testcase name="testHandle" class="RoleCall\Processes\GenerateDailySavedSearchSummariesTest" file="/home/ubuntu/subhub-api/tests/Processes/GenerateDailySavedSearchSummariesTest.php" line="18" assertions="0" time="0.120153"/>
    </testsuite>
    <testsuite name="RoleCall\Processes\GenerateJobNotificationsTest" file="/home/ubuntu/subhub-api/tests/Processes/GenerateJobNotificationsTest.php" tests="2" assertions="2" failures="0" errors="0" time="0.310084">
      <testcase name="testConstruct" class="RoleCall\Processes\GenerateJobNotificationsTest" file="/home/ubuntu/subhub-api/tests/Processes/GenerateJobNotificationsTest.php" line="10" assertions="2" time="0.189914"/>
      <testcase name="testHandle" class="RoleCall\Processes\GenerateJobNotificationsTest" file="/home/ubuntu/subhub-api/tests/Processes/GenerateJobNotificationsTest.php" line="18" assertions="0" time="0.120170"/>
    </testsuite>
    <testsuite name="RoleCall\Proximity\Controllers\BadgesControllerTest" file="/home/ubuntu/subhub-api/tests/Proximity/Controllers/BadgesControllerTest.php" tests="3" assertions="12" failures="0" errors="0" time="0.784667">
      <testcase name="testDelete" class="RoleCall\Proximity\Controllers\BadgesControllerTest" file="/home/ubuntu/subhub-api/tests/Proximity/Controllers/BadgesControllerTest.php" line="12" assertions="3" time="0.276662"/>
      <testcase name="testStore" class="RoleCall\Proximity\Controllers\BadgesControllerTest" file="/home/ubuntu/subhub-api/tests/Proximity/Controllers/BadgesControllerTest.php" line="29" assertions="6" time="0.224054"/>
      <testcase name="testUpdate" class="RoleCall\Proximity\Controllers\BadgesControllerTest" file="/home/ubuntu/subhub-api/tests/Proximity/Controllers/BadgesControllerTest.php" line="50" assertions="3" time="0.283951"/>
    </testsuite>
    <testsuite name="RoleCall\Proximity\Policies\BadgePolicyTest" file="/home/ubuntu/subhub-api/tests/Proximity/Policies/BadgePolicyTest.php" tests="3" assertions="12" failures="0" errors="0" time="0.629543">
      <testcase name="testCreate" class="RoleCall\Proximity\Policies\BadgePolicyTest" file="/home/ubuntu/subhub-api/tests/Proximity/Policies/BadgePolicyTest.php" line="51" assertions="4" time="0.186027"/>
      <testcase name="testDelete" class="RoleCall\Proximity\Policies\BadgePolicyTest" file="/home/ubuntu/subhub-api/tests/Proximity/Policies/BadgePolicyTest.php" line="61" assertions="4" time="0.183683"/>
      <testcase name="testUpdate" class="RoleCall\Proximity\Policies\BadgePolicyTest" file="/home/ubuntu/subhub-api/tests/Proximity/Policies/BadgePolicyTest.php" line="71" assertions="4" time="0.259833"/>
    </testsuite>
    <testsuite name="RoleCall\Proximity\Policies\FaceRecognitionPolicyTest" file="/home/ubuntu/subhub-api/tests/Proximity/Policies/FaceRecognitionPolicyTest.php" tests="5" assertions="20" failures="0" errors="0" time="1.090017">
      <testcase name="testScan" class="RoleCall\Proximity\Policies\FaceRecognitionPolicyTest" file="/home/ubuntu/subhub-api/tests/Proximity/Policies/FaceRecognitionPolicyTest.php" line="47" assertions="4" time="0.218971"/>
      <testcase name="testEnroll" class="RoleCall\Proximity\Policies\FaceRecognitionPolicyTest" file="/home/ubuntu/subhub-api/tests/Proximity/Policies/FaceRecognitionPolicyTest.php" line="57" assertions="4" time="0.217316"/>
      <testcase name="testDelete" class="RoleCall\Proximity\Policies\FaceRecognitionPolicyTest" file="/home/ubuntu/subhub-api/tests/Proximity/Policies/FaceRecognitionPolicyTest.php" line="67" assertions="4" time="0.268500"/>
      <testcase name="testDeleteFaces" class="RoleCall\Proximity\Policies\FaceRecognitionPolicyTest" file="/home/ubuntu/subhub-api/tests/Proximity/Policies/FaceRecognitionPolicyTest.php" line="77" assertions="4" time="0.192794"/>
      <testcase name="testUpdate" class="RoleCall\Proximity\Policies\FaceRecognitionPolicyTest" file="/home/ubuntu/subhub-api/tests/Proximity/Policies/FaceRecognitionPolicyTest.php" line="87" assertions="4" time="0.192436"/>
    </testsuite>
    <testsuite name="RoleCall\Proximity\Requests\UpdateBreaksRequestTest" file="/home/ubuntu/subhub-api/tests/Proximity/Requests/UpdateBreaksRequestTest.php" tests="3" assertions="9" failures="0" errors="0" time="0.447344">
      <testcase name="testValid" class="RoleCall\Proximity\Requests\UpdateBreaksRequestTest" file="/home/ubuntu/subhub-api/tests/Proximity/Requests/UpdateBreaksRequestTest.php" line="12" assertions="1" time="0.198274"/>
      <testcase name="testInvalid" class="RoleCall\Proximity\Requests\UpdateBreaksRequestTest" file="/home/ubuntu/subhub-api/tests/Proximity/Requests/UpdateBreaksRequestTest.php" line="30" assertions="2" time="0.124479"/>
      <testcase name="testFormatting" class="RoleCall\Proximity\Requests\UpdateBreaksRequestTest" file="/home/ubuntu/subhub-api/tests/Proximity/Requests/UpdateBreaksRequestTest.php" line="49" assertions="6" time="0.124591"/>
    </testsuite>
    <testsuite name="RoleCall\Proximity\Scopes\BadgeVisibleToScopeTest" file="/home/ubuntu/subhub-api/tests/Proximity/Scopes/BadgeVisibleToScopeTest.php" tests="4" assertions="12" failures="0" errors="0" time="1.072034">
      <testcase name="testBadgeVisibleAsSuper" class="RoleCall\Proximity\Scopes\BadgeVisibleToScopeTest" file="/home/ubuntu/subhub-api/tests/Proximity/Scopes/BadgeVisibleToScopeTest.php" line="41" assertions="3" time="0.252681"/>
      <testcase name="testBadgeVisibleAsAgencyAdmin" class="RoleCall\Proximity\Scopes\BadgeVisibleToScopeTest" file="/home/ubuntu/subhub-api/tests/Proximity/Scopes/BadgeVisibleToScopeTest.php" line="50" assertions="3" time="0.246795"/>
      <testcase name="testBadgeAsRegionAdmin" class="RoleCall\Proximity\Scopes\BadgeVisibleToScopeTest" file="/home/ubuntu/subhub-api/tests/Proximity/Scopes/BadgeVisibleToScopeTest.php" line="60" assertions="3" time="0.248525"/>
      <testcase name="testBadgeVisibleAsDistrictAdmin" class="RoleCall\Proximity\Scopes\BadgeVisibleToScopeTest" file="/home/ubuntu/subhub-api/tests/Proximity/Scopes/BadgeVisibleToScopeTest.php" line="70" assertions="3" time="0.324033"/>
    </testsuite>
    <testsuite name="RoleCall\References\Controllers\ReferenceRequestsControllerTest" file="/home/ubuntu/subhub-api/tests/References/Controllers/ReferenceRequestsControllerTest.php" tests="1" assertions="2" failures="0" errors="0" time="0.177311">
      <testcase name="testStore" class="RoleCall\References\Controllers\ReferenceRequestsControllerTest" file="/home/ubuntu/subhub-api/tests/References/Controllers/ReferenceRequestsControllerTest.php" line="15" assertions="2" time="0.177311"/>
    </testsuite>
    <testsuite name="RoleCall\Requisitions\Policies\ReferenceFormPolicyTest" file="/home/ubuntu/subhub-api/tests/References/Policies/ReferenceFormPolicyTest.php" tests="4" assertions="48" failures="0" errors="0" time="2.046777">
      <testcase name="testCreate" class="RoleCall\Requisitions\Policies\ReferenceFormPolicyTest" file="/home/ubuntu/subhub-api/tests/References/Policies/ReferenceFormPolicyTest.php" line="13" assertions="12" time="0.553676"/>
      <testcase name="testIndex" class="RoleCall\Requisitions\Policies\ReferenceFormPolicyTest" file="/home/ubuntu/subhub-api/tests/References/Policies/ReferenceFormPolicyTest.php" line="83" assertions="12" time="0.479690"/>
      <testcase name="testPreview" class="RoleCall\Requisitions\Policies\ReferenceFormPolicyTest" file="/home/ubuntu/subhub-api/tests/References/Policies/ReferenceFormPolicyTest.php" line="153" assertions="12" time="0.535912"/>
      <testcase name="testUpdate" class="RoleCall\Requisitions\Policies\ReferenceFormPolicyTest" file="/home/ubuntu/subhub-api/tests/References/Policies/ReferenceFormPolicyTest.php" line="229" assertions="12" time="0.477499"/>
    </testsuite>
    <testsuite name="RoleCall\Payroll\ReferenceTest" file="/home/ubuntu/subhub-api/tests/References/ReferenceTest.php" tests="4" assertions="4" failures="0" errors="0" time="0.577056">
      <testcase name="testTimestampsAreEnabled" class="RoleCall\Payroll\ReferenceTest" file="/home/ubuntu/subhub-api/tests/References/ReferenceTest.php" line="20" assertions="1" time="0.125138"/>
      <testcase name="testFillable" class="RoleCall\Payroll\ReferenceTest" file="/home/ubuntu/subhub-api/tests/References/ReferenceTest.php" line="25" assertions="1" time="0.201928"/>
      <testcase name="testStaticRelationships" class="RoleCall\Payroll\ReferenceTest" file="/home/ubuntu/subhub-api/tests/References/ReferenceTest.php" line="40" assertions="1" time="0.125321"/>
      <testcase name="testGetPresenter" class="RoleCall\Payroll\ReferenceTest" file="/home/ubuntu/subhub-api/tests/References/ReferenceTest.php" line="53" assertions="1" time="0.124669"/>
    </testsuite>
    <testsuite name="RoleCall\References\Requests\CreateReferenceFormRequestTest" file="/home/ubuntu/subhub-api/tests/References/Requests/CreateReferenceFormRequestTest.php" tests="1" assertions="1" failures="0" errors="0" time="0.210375">
      <testcase name="testValid" class="RoleCall\References\Requests\CreateReferenceFormRequestTest" file="/home/ubuntu/subhub-api/tests/References/Requests/CreateReferenceFormRequestTest.php" line="12" assertions="1" time="0.210375"/>
    </testsuite>
    <testsuite name="RoleCall\Positions\Requests\CreateReferenceRequestTest" file="/home/ubuntu/subhub-api/tests/References/Requests/CreateReferenceRequestTest.php" tests="3" assertions="13" failures="0" errors="0" time="0.495501">
      <testcase name="testValid" class="RoleCall\Positions\Requests\CreateReferenceRequestTest" file="/home/ubuntu/subhub-api/tests/References/Requests/CreateReferenceRequestTest.php" line="13" assertions="1" time="0.142564"/>
      <testcase name="testRequiredFields" class="RoleCall\Positions\Requests\CreateReferenceRequestTest" file="/home/ubuntu/subhub-api/tests/References/Requests/CreateReferenceRequestTest.php" line="36" assertions="7" time="0.138479"/>
      <testcase name="testInvalidFields" class="RoleCall\Positions\Requests\CreateReferenceRequestTest" file="/home/ubuntu/subhub-api/tests/References/Requests/CreateReferenceRequestTest.php" line="60" assertions="5" time="0.214458"/>
    </testsuite>
    <testsuite name="RoleCall\References\Requests\UpdateReferenceResponseRequestTest" file="/home/ubuntu/subhub-api/tests/References/Requests/UpdateReferenceResponseRequestTest.php" tests="1" assertions="1" failures="0" errors="0" time="0.166507">
      <testcase name="testValid" class="RoleCall\References\Requests\UpdateReferenceResponseRequestTest" file="/home/ubuntu/subhub-api/tests/References/Requests/UpdateReferenceResponseRequestTest.php" line="16" assertions="1" time="0.166507"/>
    </testsuite>
    <testsuite name="RoleCall\References\Scopes\ReferenceFormVisibleToScopeTest" file="/home/ubuntu/subhub-api/tests/References/Scopes/ReferenceFormVisibleToScopeTest.php" tests="1" assertions="60" failures="0" errors="0" time="0.957123">
      <testcase name="testVisibleTo" class="RoleCall\References\Scopes\ReferenceFormVisibleToScopeTest" file="/home/ubuntu/subhub-api/tests/References/Scopes/ReferenceFormVisibleToScopeTest.php" line="14" assertions="60" time="0.957123"/>
    </testsuite>
    <testsuite name="RoleCall\References\Services\CompleteReferenceResponseTest" file="/home/ubuntu/subhub-api/tests/References/Services/CompleteReferenceResponseTest.php" tests="1" assertions="2" failures="0" errors="0" time="0.220236">
      <testcase name="testComplete" class="RoleCall\References\Services\CompleteReferenceResponseTest" file="/home/ubuntu/subhub-api/tests/References/Services/CompleteReferenceResponseTest.php" line="13" assertions="2" time="0.220236"/>
    </testsuite>
    <testsuite name="RoleCall\References\Services\CreateReferenceFormQuestionTest" file="/home/ubuntu/subhub-api/tests/References/Services/CreateReferenceFormQuestionTest.php" tests="1" assertions="6" failures="0" errors="0" time="0.142194">
      <testcase name="testCreate" class="RoleCall\References\Services\CreateReferenceFormQuestionTest" file="/home/ubuntu/subhub-api/tests/References/Services/CreateReferenceFormQuestionTest.php" line="13" assertions="6" time="0.142194"/>
    </testsuite>
    <testsuite name="RoleCall\References\Services\CreateReferenceRequestTest" file="/home/ubuntu/subhub-api/tests/References/Services/CreateReferenceRequestTest.php" tests="1" assertions="5" failures="0" errors="0" time="0.141086">
      <testcase name="testCreate" class="RoleCall\References\Services\CreateReferenceRequestTest" file="/home/ubuntu/subhub-api/tests/References/Services/CreateReferenceRequestTest.php" line="15" assertions="5" time="0.141086"/>
    </testsuite>
    <testsuite name="RoleCall\References\Services\CreateReferenceResponseTest" file="/home/ubuntu/subhub-api/tests/References/Services/CreateReferenceResponseTest.php" tests="1" assertions="7" failures="0" errors="0" time="0.236834">
      <testcase name="testCreate" class="RoleCall\References\Services\CreateReferenceResponseTest" file="/home/ubuntu/subhub-api/tests/References/Services/CreateReferenceResponseTest.php" line="17" assertions="7" time="0.236834"/>
    </testsuite>
    <testsuite name="RoleCall\References\Services\CreateReferenceTest" file="/home/ubuntu/subhub-api/tests/References/Services/CreateReferenceTest.php" tests="3" assertions="30" failures="0" errors="0" time="0.512949">
      <testcase name="testCreateEmploymentReference" class="RoleCall\References\Services\CreateReferenceTest" file="/home/ubuntu/subhub-api/tests/References/Services/CreateReferenceTest.php" line="12" assertions="10" time="0.145227"/>
      <testcase name="testCreateEducationReference" class="RoleCall\References\Services\CreateReferenceTest" file="/home/ubuntu/subhub-api/tests/References/Services/CreateReferenceTest.php" line="41" assertions="10" time="0.218356"/>
      <testcase name="testCreateWithExistingReferee" class="RoleCall\References\Services\CreateReferenceTest" file="/home/ubuntu/subhub-api/tests/References/Services/CreateReferenceTest.php" line="70" assertions="10" time="0.149366"/>
    </testsuite>
    <testsuite name="RoleCall\References\Services\UpdateReferenceTest" file="/home/ubuntu/subhub-api/tests/References/Services/UpdateReferenceTest.php" tests="2" assertions="16" failures="0" errors="0" time="0.372215">
      <testcase name="testUpdate" class="RoleCall\References\Services\UpdateReferenceTest" file="/home/ubuntu/subhub-api/tests/References/Services/UpdateReferenceTest.php" line="13" assertions="9" time="0.148293"/>
      <testcase name="testUpdateWithExistingReferee" class="RoleCall\References\Services\UpdateReferenceTest" file="/home/ubuntu/subhub-api/tests/References/Services/UpdateReferenceTest.php" line="49" assertions="7" time="0.223922"/>
    </testsuite>
    <testsuite name="RoleCall\Reports\Controllers\ReasonBalancesReportControllerTest" file="/home/ubuntu/subhub-api/tests/Reports/Controllers/ReasonBalancesReportControllerTest.php" tests="5" assertions="5" failures="0" errors="0" time="1.572809">
      <testcase name="testViewAsSuper" class="RoleCall\Reports\Controllers\ReasonBalancesReportControllerTest" file="/home/ubuntu/subhub-api/tests/Reports/Controllers/ReasonBalancesReportControllerTest.php" line="13" assertions="1" time="0.250556"/>
      <testcase name="testViewAsAgencyAdmin" class="RoleCall\Reports\Controllers\ReasonBalancesReportControllerTest" file="/home/ubuntu/subhub-api/tests/Reports/Controllers/ReasonBalancesReportControllerTest.php" line="24" assertions="1" time="0.370967"/>
      <testcase name="testViewAsRegionAdmin" class="RoleCall\Reports\Controllers\ReasonBalancesReportControllerTest" file="/home/ubuntu/subhub-api/tests/Reports/Controllers/ReasonBalancesReportControllerTest.php" line="37" assertions="1" time="0.373828"/>
      <testcase name="testViewAsDistrictAdmin" class="RoleCall\Reports\Controllers\ReasonBalancesReportControllerTest" file="/home/ubuntu/subhub-api/tests/Reports/Controllers/ReasonBalancesReportControllerTest.php" line="50" assertions="1" time="0.305115"/>
      <testcase name="testViewAsSchoolAdmin" class="RoleCall\Reports\Controllers\ReasonBalancesReportControllerTest" file="/home/ubuntu/subhub-api/tests/Reports/Controllers/ReasonBalancesReportControllerTest.php" line="63" assertions="1" time="0.272343"/>
    </testsuite>
    <testsuite name="RoleCall\Reports\Controllers\ReportsConsolidatedPayrollTest" file="/home/ubuntu/subhub-api/tests/Reports/Controllers/ReportsConsolidatedPayrollTest.php" tests="1" assertions="11" failures="0" errors="0" time="0.709168">
      <testcase name="testIndex" class="RoleCall\Reports\Controllers\ReportsConsolidatedPayrollTest" file="/home/ubuntu/subhub-api/tests/Reports/Controllers/ReportsConsolidatedPayrollTest.php" line="108" assertions="11" time="0.709168"/>
    </testsuite>
    <testsuite name="RoleCall\Reports\Controllers\ReportsEmployeesControllerTest" file="/home/ubuntu/subhub-api/tests/Reports/Controllers/ReportsEmployeesControllerTest.php" tests="2" assertions="24" failures="0" errors="0" time="1.574410">
      <testcase name="testIndex" class="RoleCall\Reports\Controllers\ReportsEmployeesControllerTest" file="/home/ubuntu/subhub-api/tests/Reports/Controllers/ReportsEmployeesControllerTest.php" line="107" assertions="20" time="1.036239"/>
      <testcase name="testIndexMessenger" class="RoleCall\Reports\Controllers\ReportsEmployeesControllerTest" file="/home/ubuntu/subhub-api/tests/Reports/Controllers/ReportsEmployeesControllerTest.php" line="152" assertions="4" time="0.538171"/>
    </testsuite>
    <testsuite name="RoleCall\Reports\Controllers\ReportsLoginControllerTest" file="/home/ubuntu/subhub-api/tests/Reports/Controllers/ReportsLoginControllerTest.php" tests="2" assertions="14" failures="0" errors="0" time="1.253051">
      <testcase name="testIndex" class="RoleCall\Reports\Controllers\ReportsLoginControllerTest" file="/home/ubuntu/subhub-api/tests/Reports/Controllers/ReportsLoginControllerTest.php" line="98" assertions="10" time="0.782613"/>
      <testcase name="testIndexMessenger" class="RoleCall\Reports\Controllers\ReportsLoginControllerTest" file="/home/ubuntu/subhub-api/tests/Reports/Controllers/ReportsLoginControllerTest.php" line="129" assertions="4" time="0.470438"/>
    </testsuite>
    <testsuite name="RoleCall\Reports\Controllers\ReportsSubCredentialsControllerTest" file="/home/ubuntu/subhub-api/tests/Reports/Controllers/ReportsSubCredentialsControllerTest.php" tests="2" assertions="18" failures="0" errors="0" time="1.306809">
      <testcase name="testIndex" class="RoleCall\Reports\Controllers\ReportsSubCredentialsControllerTest" file="/home/ubuntu/subhub-api/tests/Reports/Controllers/ReportsSubCredentialsControllerTest.php" line="107" assertions="14" time="0.765637"/>
      <testcase name="testIndexMessenger" class="RoleCall\Reports\Controllers\ReportsSubCredentialsControllerTest" file="/home/ubuntu/subhub-api/tests/Reports/Controllers/ReportsSubCredentialsControllerTest.php" line="142" assertions="4" time="0.541172"/>
    </testsuite>
    <testsuite name="RoleCall\Reports\Controllers\ReportsSubsControllerTest" file="/home/ubuntu/subhub-api/tests/Reports/Controllers/ReportsSubsControllerTest.php" tests="4" assertions="34" failures="0" errors="0" time="2.667588">
      <testcase name="testIndex" class="RoleCall\Reports\Controllers\ReportsSubsControllerTest" file="/home/ubuntu/subhub-api/tests/Reports/Controllers/ReportsSubsControllerTest.php" line="98" assertions="10" time="0.711058"/>
      <testcase name="testIncludeInactive" class="RoleCall\Reports\Controllers\ReportsSubsControllerTest" file="/home/ubuntu/subhub-api/tests/Reports/Controllers/ReportsSubsControllerTest.php" line="126" assertions="10" time="0.713193"/>
      <testcase name="testOnlyInactive" class="RoleCall\Reports\Controllers\ReportsSubsControllerTest" file="/home/ubuntu/subhub-api/tests/Reports/Controllers/ReportsSubsControllerTest.php" line="154" assertions="10" time="0.717866"/>
      <testcase name="testIndexMessenger" class="RoleCall\Reports\Controllers\ReportsSubsControllerTest" file="/home/ubuntu/subhub-api/tests/Reports/Controllers/ReportsSubsControllerTest.php" line="185" assertions="4" time="0.525471"/>
    </testsuite>
    <testsuite name="RoleCall\Reports\Controllers\SubInactivityReportControllerTest" file="/home/ubuntu/subhub-api/tests/Reports/Controllers/SubInactivityReportControllerTest.php" tests="2" assertions="15" failures="0" errors="0" time="1.111575">
      <testcase name="testIndex" class="RoleCall\Reports\Controllers\SubInactivityReportControllerTest" file="/home/ubuntu/subhub-api/tests/Reports/Controllers/SubInactivityReportControllerTest.php" line="99" assertions="11" time="0.619049"/>
      <testcase name="testIndexMessenger" class="RoleCall\Reports\Controllers\SubInactivityReportControllerTest" file="/home/ubuntu/subhub-api/tests/Reports/Controllers/SubInactivityReportControllerTest.php" line="132" assertions="4" time="0.492526"/>
    </testsuite>
    <testsuite name="RoleCall\Reports\Policies\ReportPolicyTest" file="/home/ubuntu/subhub-api/tests/Reports/Policies/ReportPolicyTest.php" tests="9" assertions="90" failures="0" errors="0" time="2.887699">
      <testcase name="testViewAcaHours" class="RoleCall\Reports\Policies\ReportPolicyTest" file="/home/ubuntu/subhub-api/tests/Reports/Policies/ReportPolicyTest.php" line="103" assertions="10" time="0.298668"/>
      <testcase name="testViewAssumedHours" class="RoleCall\Reports\Policies\ReportPolicyTest" file="/home/ubuntu/subhub-api/tests/Reports/Policies/ReportPolicyTest.php" line="133" assertions="10" time="0.372515"/>
      <testcase name="testViewFillRate" class="RoleCall\Reports\Policies\ReportPolicyTest" file="/home/ubuntu/subhub-api/tests/Reports/Policies/ReportPolicyTest.php" line="163" assertions="10" time="0.329027"/>
      <testcase name="testViewFinancialData" class="RoleCall\Reports\Policies\ReportPolicyTest" file="/home/ubuntu/subhub-api/tests/Reports/Policies/ReportPolicyTest.php" line="193" assertions="10" time="0.276587"/>
      <testcase name="testViewIntegrations" class="RoleCall\Reports\Policies\ReportPolicyTest" file="/home/ubuntu/subhub-api/tests/Reports/Policies/ReportPolicyTest.php" line="223" assertions="10" time="0.374838"/>
      <testcase name="testViewLogins" class="RoleCall\Reports\Policies\ReportPolicyTest" file="/home/ubuntu/subhub-api/tests/Reports/Policies/ReportPolicyTest.php" line="253" assertions="10" time="0.266011"/>
      <testcase name="testViewReasonBalances" class="RoleCall\Reports\Policies\ReportPolicyTest" file="/home/ubuntu/subhub-api/tests/Reports/Policies/ReportPolicyTest.php" line="283" assertions="10" time="0.301244"/>
      <testcase name="testViewSubCredentials" class="RoleCall\Reports\Policies\ReportPolicyTest" file="/home/ubuntu/subhub-api/tests/Reports/Policies/ReportPolicyTest.php" line="313" assertions="10" time="0.369000"/>
      <testcase name="testViewConsolidatePayroll" class="RoleCall\Reports\Policies\ReportPolicyTest" file="/home/ubuntu/subhub-api/tests/Reports/Policies/ReportPolicyTest.php" line="346" assertions="10" time="0.299809"/>
    </testsuite>
    <testsuite name="RoleCall\Reports\Services\AvailabilityReportTest" file="/home/ubuntu/subhub-api/tests/Reports/Services/AvailabilityReportTest.php" tests="1" assertions="5" failures="0" errors="0" time="0.319554">
      <testcase name="testGenerate" class="RoleCall\Reports\Services\AvailabilityReportTest" file="/home/ubuntu/subhub-api/tests/Reports/Services/AvailabilityReportTest.php" line="14" assertions="5" time="0.319554"/>
    </testsuite>
    <testsuite name="RoleCall\Reports\Services\ConsolidatePayrollTest" file="/home/ubuntu/subhub-api/tests/Reports/Services/ConsolidatePayrollTest.php" tests="4" assertions="4" failures="0" errors="0" time="2.340934">
      <testcase name="testBuild" class="RoleCall\Reports\Services\ConsolidatePayrollTest" file="/home/ubuntu/subhub-api/tests/Reports/Services/ConsolidatePayrollTest.php" line="195" assertions="1" time="0.566558"/>
      <testcase name="testDistrictParm" class="RoleCall\Reports\Services\ConsolidatePayrollTest" file="/home/ubuntu/subhub-api/tests/Reports/Services/ConsolidatePayrollTest.php" line="213" assertions="1" time="0.563030"/>
      <testcase name="testStartDateParm" class="RoleCall\Reports\Services\ConsolidatePayrollTest" file="/home/ubuntu/subhub-api/tests/Reports/Services/ConsolidatePayrollTest.php" line="231" assertions="1" time="0.649509"/>
      <testcase name="testEndDateParm" class="RoleCall\Reports\Services\ConsolidatePayrollTest" file="/home/ubuntu/subhub-api/tests/Reports/Services/ConsolidatePayrollTest.php" line="249" assertions="1" time="0.561837"/>
    </testsuite>
    <testsuite name="RoleCall\Reports\Services\TotalJobsReportTest" file="/home/ubuntu/subhub-api/tests/Reports/Services/TotalJobsReportTest.php" tests="1" assertions="2" failures="0" errors="0" time="0.269702">
      <testcase name="testGenerate" class="RoleCall\Reports\Services\TotalJobsReportTest" file="/home/ubuntu/subhub-api/tests/Reports/Services/TotalJobsReportTest.php" line="11" assertions="2" time="0.269702"/>
    </testsuite>
    <testsuite name="RoleCall\Requisitions\Controllers\DuplicateRequisitionsControllerTest" file="/home/ubuntu/subhub-api/tests/Requisitions/Controllers/DuplicateRequisitionsControllerTest.php" tests="2" assertions="4" failures="0" errors="0" time="0.489552">
      <testcase name="testShow" class="RoleCall\Requisitions\Controllers\DuplicateRequisitionsControllerTest" file="/home/ubuntu/subhub-api/tests/Requisitions/Controllers/DuplicateRequisitionsControllerTest.php" line="13" assertions="2" time="0.251047"/>
      <testcase name="testStore" class="RoleCall\Requisitions\Controllers\DuplicateRequisitionsControllerTest" file="/home/ubuntu/subhub-api/tests/Requisitions/Controllers/DuplicateRequisitionsControllerTest.php" line="26" assertions="2" time="0.238505"/>
    </testsuite>
    <testsuite name="RoleCall\Requisitions\Controllers\JobSearchControllerTest" file="/home/ubuntu/subhub-api/tests/Requisitions/Controllers/JobSearchControllerTest.php" tests="8" assertions="19" failures="0" errors="0" time="2.148425">
      <testcase name="testIndex" class="RoleCall\Requisitions\Controllers\JobSearchControllerTest" file="/home/ubuntu/subhub-api/tests/Requisitions/Controllers/JobSearchControllerTest.php" line="13" assertions="5" time="0.338975"/>
      <testcase name="testShowAsAnonymous" class="RoleCall\Requisitions\Controllers\JobSearchControllerTest" file="/home/ubuntu/subhub-api/tests/Requisitions/Controllers/JobSearchControllerTest.php" line="73" assertions="2" time="0.284969"/>
      <testcase name="testShowInternalAsAnonymous" class="RoleCall\Requisitions\Controllers\JobSearchControllerTest" file="/home/ubuntu/subhub-api/tests/Requisitions/Controllers/JobSearchControllerTest.php" line="88" assertions="2" time="0.190166"/>
      <testcase name="testShowInternalAsAtrmDistrictAdmin" class="RoleCall\Requisitions\Controllers\JobSearchControllerTest" file="/home/ubuntu/subhub-api/tests/Requisitions/Controllers/JobSearchControllerTest.php" line="104" assertions="1" time="0.298127"/>
      <testcase name="testShowInternalAsSub" class="RoleCall\Requisitions\Controllers\JobSearchControllerTest" file="/home/ubuntu/subhub-api/tests/Requisitions/Controllers/JobSearchControllerTest.php" line="125" assertions="2" time="0.310262"/>
      <testcase name="testShowAsApplicant" class="RoleCall\Requisitions\Controllers\JobSearchControllerTest" file="/home/ubuntu/subhub-api/tests/Requisitions/Controllers/JobSearchControllerTest.php" line="145" assertions="2" time="0.213285"/>
      <testcase name="testShowAsApplicantWithDraftApplication" class="RoleCall\Requisitions\Controllers\JobSearchControllerTest" file="/home/ubuntu/subhub-api/tests/Requisitions/Controllers/JobSearchControllerTest.php" line="163" assertions="2" time="0.291477"/>
      <testcase name="testShowAsApplicantWithAppliedApplication" class="RoleCall\Requisitions\Controllers\JobSearchControllerTest" file="/home/ubuntu/subhub-api/tests/Requisitions/Controllers/JobSearchControllerTest.php" line="187" assertions="3" time="0.221164"/>
    </testsuite>
    <testsuite name="RoleCall\Requisitions\Controllers\KeywordsControllerTest" file="/home/ubuntu/subhub-api/tests/Requisitions/Controllers/KeywordsControllerTest.php" tests="2" assertions="4" failures="0" errors="0" time="0.380527">
      <testcase name="testStore" class="RoleCall\Requisitions\Controllers\KeywordsControllerTest" file="/home/ubuntu/subhub-api/tests/Requisitions/Controllers/KeywordsControllerTest.php" line="14" assertions="2" time="0.232319"/>
      <testcase name="testDelete" class="RoleCall\Requisitions\Controllers\KeywordsControllerTest" file="/home/ubuntu/subhub-api/tests/Requisitions/Controllers/KeywordsControllerTest.php" line="31" assertions="2" time="0.148208"/>
    </testsuite>
    <testsuite name="RoleCall\Requisitions\Controllers\QualifyingQuestionsControllerTest" file="/home/ubuntu/subhub-api/tests/Requisitions/Controllers/QualifyingQuestionsControllerTest.php" tests="4" assertions="9" failures="0" errors="0" time="0.909971">
      <testcase name="testStore" class="RoleCall\Requisitions\Controllers\QualifyingQuestionsControllerTest" file="/home/ubuntu/subhub-api/tests/Requisitions/Controllers/QualifyingQuestionsControllerTest.php" line="13" assertions="2" time="0.244047"/>
      <testcase name="testEdit" class="RoleCall\Requisitions\Controllers\QualifyingQuestionsControllerTest" file="/home/ubuntu/subhub-api/tests/Requisitions/Controllers/QualifyingQuestionsControllerTest.php" line="33" assertions="3" time="0.264033"/>
      <testcase name="testUpdate" class="RoleCall\Requisitions\Controllers\QualifyingQuestionsControllerTest" file="/home/ubuntu/subhub-api/tests/Requisitions/Controllers/QualifyingQuestionsControllerTest.php" line="56" assertions="2" time="0.242727"/>
      <testcase name="testDestroy" class="RoleCall\Requisitions\Controllers\QualifyingQuestionsControllerTest" file="/home/ubuntu/subhub-api/tests/Requisitions/Controllers/QualifyingQuestionsControllerTest.php" line="84" assertions="2" time="0.159164"/>
    </testsuite>
    <testsuite name="RoleCall\Requisitions\Controllers\RequisitionApprovalsControllerTest" file="/home/ubuntu/subhub-api/tests/Requisitions/Controllers/RequisitionApprovalsControllerTest.php" tests="3" assertions="6" failures="0" errors="0" time="0.650265">
      <testcase name="testApproveApproval" class="RoleCall\Requisitions\Controllers\RequisitionApprovalsControllerTest" file="/home/ubuntu/subhub-api/tests/Requisitions/Controllers/RequisitionApprovalsControllerTest.php" line="17" assertions="2" time="0.195051"/>
      <testcase name="testDenyApproval" class="RoleCall\Requisitions\Controllers\RequisitionApprovalsControllerTest" file="/home/ubuntu/subhub-api/tests/Requisitions/Controllers/RequisitionApprovalsControllerTest.php" line="54" assertions="2" time="0.255498"/>
      <testcase name="testForceApprove" class="RoleCall\Requisitions\Controllers\RequisitionApprovalsControllerTest" file="/home/ubuntu/subhub-api/tests/Requisitions/Controllers/RequisitionApprovalsControllerTest.php" line="91" assertions="2" time="0.199716"/>
    </testsuite>
    <testsuite name="RoleCall\Requisitions\Controllers\RequisitionCandidatesControllerTest" file="/home/ubuntu/subhub-api/tests/Requisitions/Controllers/RequisitionCandidatesControllerTest.php" tests="2" assertions="12" failures="0" errors="0" time="0.588179">
      <testcase name="testCreate" class="RoleCall\Requisitions\Controllers\RequisitionCandidatesControllerTest" file="/home/ubuntu/subhub-api/tests/Requisitions/Controllers/RequisitionCandidatesControllerTest.php" line="13" assertions="6" time="0.306159"/>
      <testcase name="testStore" class="RoleCall\Requisitions\Controllers\RequisitionCandidatesControllerTest" file="/home/ubuntu/subhub-api/tests/Requisitions/Controllers/RequisitionCandidatesControllerTest.php" line="29" assertions="6" time="0.282020"/>
    </testsuite>
    <testsuite name="RoleCall\Requisitions\Controllers\RequisitionStagesControllerTest" file="/home/ubuntu/subhub-api/tests/Requisitions/Controllers/RequisitionStagesControllerTest.php" tests="1" assertions="4" failures="0" errors="0" time="0.202038">
      <testcase name="testUpdate" class="RoleCall\Requisitions\Controllers\RequisitionStagesControllerTest" file="/home/ubuntu/subhub-api/tests/Requisitions/Controllers/RequisitionStagesControllerTest.php" line="15" assertions="4" time="0.202038"/>
    </testsuite>
    <testsuite name="RoleCall\Requisitions\Controllers\RequisitionsControllerTest" file="/home/ubuntu/subhub-api/tests/Requisitions/Controllers/RequisitionsControllerTest.php" tests="5" assertions="12" failures="0" errors="0" time="1.045379">
      <testcase name="testUpdate" class="RoleCall\Requisitions\Controllers\RequisitionsControllerTest" file="/home/ubuntu/subhub-api/tests/Requisitions/Controllers/RequisitionsControllerTest.php" line="13" assertions="2" time="0.195197"/>
      <testcase name="testClose" class="RoleCall\Requisitions\Controllers\RequisitionsControllerTest" file="/home/ubuntu/subhub-api/tests/Requisitions/Controllers/RequisitionsControllerTest.php" line="48" assertions="3" time="0.246858"/>
      <testcase name="testHold" class="RoleCall\Requisitions\Controllers\RequisitionsControllerTest" file="/home/ubuntu/subhub-api/tests/Requisitions/Controllers/RequisitionsControllerTest.php" line="65" assertions="2" time="0.176725"/>
      <testcase name="testRelease" class="RoleCall\Requisitions\Controllers\RequisitionsControllerTest" file="/home/ubuntu/subhub-api/tests/Requisitions/Controllers/RequisitionsControllerTest.php" line="82" assertions="2" time="0.244624"/>
      <testcase name="testDestroy" class="RoleCall\Requisitions\Controllers\RequisitionsControllerTest" file="/home/ubuntu/subhub-api/tests/Requisitions/Controllers/RequisitionsControllerTest.php" line="99" assertions="3" time="0.181975"/>
    </testsuite>
    <testsuite name="RoleCall\Requisitions\Controllers\SavedSearchesControllerTest" file="/home/ubuntu/subhub-api/tests/Requisitions/Controllers/SavedSearchesControllerTest.php" tests="3" assertions="14" failures="0" errors="0" time="0.639419">
      <testcase name="testGetSavedSearches" class="RoleCall\Requisitions\Controllers\SavedSearchesControllerTest" file="/home/ubuntu/subhub-api/tests/Requisitions/Controllers/SavedSearchesControllerTest.php" line="15" assertions="7" time="0.234946"/>
      <testcase name="testShowSavedSearch" class="RoleCall\Requisitions\Controllers\SavedSearchesControllerTest" file="/home/ubuntu/subhub-api/tests/Requisitions/Controllers/SavedSearchesControllerTest.php" line="31" assertions="4" time="0.166931"/>
      <testcase name="testShowSavedSearchById" class="RoleCall\Requisitions\Controllers\SavedSearchesControllerTest" file="/home/ubuntu/subhub-api/tests/Requisitions/Controllers/SavedSearchesControllerTest.php" line="49" assertions="3" time="0.237542"/>
    </testsuite>
    <testsuite name="RoleCall\Requisitions\OpeningTest" file="/home/ubuntu/subhub-api/tests/Requisitions/OpeningTest.php" tests="3" assertions="3" failures="0" errors="0" time="0.445398">
      <testcase name="testTimestampsAreEnabled" class="RoleCall\Requisitions\OpeningTest" file="/home/ubuntu/subhub-api/tests/Requisitions/OpeningTest.php" line="16" assertions="1" time="0.124420"/>
      <testcase name="testFillable" class="RoleCall\Requisitions\OpeningTest" file="/home/ubuntu/subhub-api/tests/Requisitions/OpeningTest.php" line="21" assertions="1" time="0.123578"/>
      <testcase name="testDates" class="RoleCall\Requisitions\OpeningTest" file="/home/ubuntu/subhub-api/tests/Requisitions/OpeningTest.php" line="31" assertions="1" time="0.197400"/>
    </testsuite>
    <testsuite name="RoleCall\Requisitions\Policies\JobSearchPolicyTest" file="/home/ubuntu/subhub-api/tests/Requisitions/Policies/JobSearchPolicyTest.php" tests="1" assertions="84" failures="0" errors="0" time="0.451653">
      <testcase name="testView" class="RoleCall\Requisitions\Policies\JobSearchPolicyTest" file="/home/ubuntu/subhub-api/tests/Requisitions/Policies/JobSearchPolicyTest.php" line="13" assertions="84" time="0.451653"/>
    </testsuite>
    <testsuite name="RoleCall\Requisitions\Policies\QualifyingQuestionPolicyTest" file="/home/ubuntu/subhub-api/tests/Requisitions/Policies/QualifyingQuestionPolicyTest.php" tests="3" assertions="78" failures="0" errors="0" time="1.050283">
      <testcase name="testCreate" class="RoleCall\Requisitions\Policies\QualifyingQuestionPolicyTest" file="/home/ubuntu/subhub-api/tests/Requisitions/Policies/QualifyingQuestionPolicyTest.php" line="13" assertions="26" time="0.391861"/>
      <testcase name="testDelete" class="RoleCall\Requisitions\Policies\QualifyingQuestionPolicyTest" file="/home/ubuntu/subhub-api/tests/Requisitions/Policies/QualifyingQuestionPolicyTest.php" line="100" assertions="26" time="0.332734"/>
      <testcase name="testUpdate" class="RoleCall\Requisitions\Policies\QualifyingQuestionPolicyTest" file="/home/ubuntu/subhub-api/tests/Requisitions/Policies/QualifyingQuestionPolicyTest.php" line="190" assertions="26" time="0.325688"/>
    </testsuite>
    <testsuite name="RoleCall\Requisitions\Policies\RequisitionApprovalPolicyTest" file="/home/ubuntu/subhub-api/tests/Requisitions/Policies/RequisitionApprovalPolicyTest.php" tests="2" assertions="73" failures="0" errors="0" time="0.706436">
      <testcase name="testApprove" class="RoleCall\Requisitions\Policies\RequisitionApprovalPolicyTest" file="/home/ubuntu/subhub-api/tests/Requisitions/Policies/RequisitionApprovalPolicyTest.php" line="15" assertions="45" time="0.387561"/>
      <testcase name="testRequestApproval" class="RoleCall\Requisitions\Policies\RequisitionApprovalPolicyTest" file="/home/ubuntu/subhub-api/tests/Requisitions/Policies/RequisitionApprovalPolicyTest.php" line="159" assertions="28" time="0.318875"/>
    </testsuite>
    <testsuite name="RoleCall\Requisitions\Policies\RequisitionCandidatePolicyTest" file="/home/ubuntu/subhub-api/tests/Requisitions/Policies/RequisitionCandidatePolicyTest.php" tests="2" assertions="52" failures="0" errors="0" time="0.735561">
      <testcase name="testCreate" class="RoleCall\Requisitions\Policies\RequisitionCandidatePolicyTest" file="/home/ubuntu/subhub-api/tests/Requisitions/Policies/RequisitionCandidatePolicyTest.php" line="14" assertions="26" time="0.328324"/>
      <testcase name="testIndex" class="RoleCall\Requisitions\Policies\RequisitionCandidatePolicyTest" file="/home/ubuntu/subhub-api/tests/Requisitions/Policies/RequisitionCandidatePolicyTest.php" line="112" assertions="26" time="0.407237"/>
    </testsuite>
    <testsuite name="RoleCall\Requisitions\Policies\RequisitionKeywordPolicyTest" file="/home/ubuntu/subhub-api/tests/Requisitions/Policies/RequisitionKeywordPolicyTest.php" tests="1" assertions="26" failures="0" errors="0" time="0.315472">
      <testcase name="testCreate" class="RoleCall\Requisitions\Policies\RequisitionKeywordPolicyTest" file="/home/ubuntu/subhub-api/tests/Requisitions/Policies/RequisitionKeywordPolicyTest.php" line="13" assertions="26" time="0.315472"/>
    </testsuite>
    <testsuite name="RoleCall\Requisitions\Policies\RequisitionPolicyTest" file="/home/ubuntu/subhub-api/tests/Requisitions/Policies/RequisitionPolicyTest.php" tests="5" assertions="160" failures="0" errors="0" time="2.174354">
      <testcase name="testCreate" class="RoleCall\Requisitions\Policies\RequisitionPolicyTest" file="/home/ubuntu/subhub-api/tests/Requisitions/Policies/RequisitionPolicyTest.php" line="14" assertions="13" time="0.581106"/>
      <testcase name="testDelete" class="RoleCall\Requisitions\Policies\RequisitionPolicyTest" file="/home/ubuntu/subhub-api/tests/Requisitions/Policies/RequisitionPolicyTest.php" line="91" assertions="52" time="0.326576"/>
      <testcase name="testIndex" class="RoleCall\Requisitions\Policies\RequisitionPolicyTest" file="/home/ubuntu/subhub-api/tests/Requisitions/Policies/RequisitionPolicyTest.php" line="225" assertions="13" time="0.516667"/>
      <testcase name="testUpdate" class="RoleCall\Requisitions\Policies\RequisitionPolicyTest" file="/home/ubuntu/subhub-api/tests/Requisitions/Policies/RequisitionPolicyTest.php" line="302" assertions="52" time="0.395175"/>
      <testcase name="testView" class="RoleCall\Requisitions\Policies\RequisitionPolicyTest" file="/home/ubuntu/subhub-api/tests/Requisitions/Policies/RequisitionPolicyTest.php" line="436" assertions="30" time="0.354830"/>
    </testsuite>
    <testsuite name="RoleCall\Requisitions\Policies\RequisitionStagePolicyTest" file="/home/ubuntu/subhub-api/tests/Requisitions/Policies/RequisitionStagePolicyTest.php" tests="4" assertions="110" failures="0" errors="0" time="1.387352">
      <testcase name="testDelete" class="RoleCall\Requisitions\Policies\RequisitionStagePolicyTest" file="/home/ubuntu/subhub-api/tests/Requisitions/Policies/RequisitionStagePolicyTest.php" line="13" assertions="26" time="0.262293"/>
      <testcase name="testIndex" class="RoleCall\Requisitions\Policies\RequisitionStagePolicyTest" file="/home/ubuntu/subhub-api/tests/Requisitions/Policies/RequisitionStagePolicyTest.php" line="98" assertions="28" time="0.401816"/>
      <testcase name="testUpdate" class="RoleCall\Requisitions\Policies\RequisitionStagePolicyTest" file="/home/ubuntu/subhub-api/tests/Requisitions/Policies/RequisitionStagePolicyTest.php" line="185" assertions="28" time="0.316285"/>
      <testcase name="testView" class="RoleCall\Requisitions\Policies\RequisitionStagePolicyTest" file="/home/ubuntu/subhub-api/tests/Requisitions/Policies/RequisitionStagePolicyTest.php" line="280" assertions="28" time="0.406958"/>
    </testsuite>
    <testsuite name="RoleCall\Requisitions\Policies\RequisitionWorkflowGroupPolicyTest" file="/home/ubuntu/subhub-api/tests/Requisitions/Policies/RequisitionWorkflowGroupPolicyTest.php" tests="3" assertions="72" failures="0" errors="0" time="1.591187">
      <testcase name="testCreate" class="RoleCall\Requisitions\Policies\RequisitionWorkflowGroupPolicyTest" file="/home/ubuntu/subhub-api/tests/Requisitions/Policies/RequisitionWorkflowGroupPolicyTest.php" line="13" assertions="24" time="0.486451"/>
      <testcase name="testDelete" class="RoleCall\Requisitions\Policies\RequisitionWorkflowGroupPolicyTest" file="/home/ubuntu/subhub-api/tests/Requisitions/Policies/RequisitionWorkflowGroupPolicyTest.php" line="102" assertions="24" time="0.513049"/>
      <testcase name="testUpdate" class="RoleCall\Requisitions\Policies\RequisitionWorkflowGroupPolicyTest" file="/home/ubuntu/subhub-api/tests/Requisitions/Policies/RequisitionWorkflowGroupPolicyTest.php" line="194" assertions="24" time="0.591687"/>
    </testsuite>
    <testsuite name="RoleCall\Requisitions\Policies\RequisitionWorkflowPolicyTest" file="/home/ubuntu/subhub-api/tests/Requisitions/Policies/RequisitionWorkflowPolicyTest.php" tests="3" assertions="33" failures="0" errors="0" time="1.391249">
      <testcase name="testCreate" class="RoleCall\Requisitions\Policies\RequisitionWorkflowPolicyTest" file="/home/ubuntu/subhub-api/tests/Requisitions/Policies/RequisitionWorkflowPolicyTest.php" line="13" assertions="11" time="0.442525"/>
      <testcase name="testIndex" class="RoleCall\Requisitions\Policies\RequisitionWorkflowPolicyTest" file="/home/ubuntu/subhub-api/tests/Requisitions/Policies/RequisitionWorkflowPolicyTest.php" line="77" assertions="11" time="0.521030"/>
      <testcase name="testUpdate" class="RoleCall\Requisitions\Policies\RequisitionWorkflowPolicyTest" file="/home/ubuntu/subhub-api/tests/Requisitions/Policies/RequisitionWorkflowPolicyTest.php" line="141" assertions="11" time="0.427694"/>
    </testsuite>
    <testsuite name="RoleCall\Requisitions\Policies\RequisitionWorkflowRulePolicyTest" file="/home/ubuntu/subhub-api/tests/Requisitions/Policies/RequisitionWorkflowRulePolicyTest.php" tests="3" assertions="77" failures="0" errors="0" time="1.648100">
      <testcase name="testCreate" class="RoleCall\Requisitions\Policies\RequisitionWorkflowRulePolicyTest" file="/home/ubuntu/subhub-api/tests/Requisitions/Policies/RequisitionWorkflowRulePolicyTest.php" line="13" assertions="22" time="0.504887"/>
      <testcase name="testDelete" class="RoleCall\Requisitions\Policies\RequisitionWorkflowRulePolicyTest" file="/home/ubuntu/subhub-api/tests/Requisitions/Policies/RequisitionWorkflowRulePolicyTest.php" line="103" assertions="33" time="0.633778"/>
      <testcase name="testUpdate" class="RoleCall\Requisitions\Policies\RequisitionWorkflowRulePolicyTest" file="/home/ubuntu/subhub-api/tests/Requisitions/Policies/RequisitionWorkflowRulePolicyTest.php" line="226" assertions="22" time="0.509435"/>
    </testsuite>
    <testsuite name="RoleCall\Requisitions\Policies\SavedSearchPolicyTest" file="/home/ubuntu/subhub-api/tests/Requisitions/Policies/SavedSearchPolicyTest.php" tests="4" assertions="4" failures="0" errors="0" time="0.695175">
      <testcase name="testDeleteIsValid" class="RoleCall\Requisitions\Policies\SavedSearchPolicyTest" file="/home/ubuntu/subhub-api/tests/Requisitions/Policies/SavedSearchPolicyTest.php" line="12" assertions="1" time="0.206888"/>
      <testcase name="testDeleteIsInvalid" class="RoleCall\Requisitions\Policies\SavedSearchPolicyTest" file="/home/ubuntu/subhub-api/tests/Requisitions/Policies/SavedSearchPolicyTest.php" line="20" assertions="1" time="0.140097"/>
      <testcase name="testUpdateIsValid" class="RoleCall\Requisitions\Policies\SavedSearchPolicyTest" file="/home/ubuntu/subhub-api/tests/Requisitions/Policies/SavedSearchPolicyTest.php" line="28" assertions="1" time="0.135798"/>
      <testcase name="testUpdateIsInvalid" class="RoleCall\Requisitions\Policies\SavedSearchPolicyTest" file="/home/ubuntu/subhub-api/tests/Requisitions/Policies/SavedSearchPolicyTest.php" line="36" assertions="1" time="0.212392"/>
    </testsuite>
    <testsuite name="RoleCall\Requisitions\QualifyingQuestionTest" file="/home/ubuntu/subhub-api/tests/Requisitions/QualifyingQuestionTest.php" tests="4" assertions="11" failures="0" errors="0" time="0.560351">
      <testcase name="testTimestampsAreEnabled" class="RoleCall\Requisitions\QualifyingQuestionTest" file="/home/ubuntu/subhub-api/tests/Requisitions/QualifyingQuestionTest.php" line="16" assertions="1" time="0.122557"/>
      <testcase name="testFillable" class="RoleCall\Requisitions\QualifyingQuestionTest" file="/home/ubuntu/subhub-api/tests/Requisitions/QualifyingQuestionTest.php" line="21" assertions="1" time="0.121875"/>
      <testcase name="testFormats" class="RoleCall\Requisitions\QualifyingQuestionTest" file="/home/ubuntu/subhub-api/tests/Requisitions/QualifyingQuestionTest.php" line="35" assertions="1" time="0.193637"/>
      <testcase name="testSetValidAnswerAttribute" class="RoleCall\Requisitions\QualifyingQuestionTest" file="/home/ubuntu/subhub-api/tests/Requisitions/QualifyingQuestionTest.php" line="45" assertions="8" time="0.122282"/>
    </testsuite>
    <testsuite name="RoleCall\Requisitions\Repositories\SearchRequisitionsTest" file="/home/ubuntu/subhub-api/tests/Requisitions/Repositories/SearchRequisitionsTest.php" tests="7" assertions="14" failures="0" errors="0" time="1.102092">
      <testcase name="testSearchRequisitionsByDistrict" class="RoleCall\Requisitions\Repositories\SearchRequisitionsTest" file="/home/ubuntu/subhub-api/tests/Requisitions/Repositories/SearchRequisitionsTest.php" line="14" assertions="2" time="0.156009"/>
      <testcase name="testSearchRequisitionsBySchool" class="RoleCall\Requisitions\Repositories\SearchRequisitionsTest" file="/home/ubuntu/subhub-api/tests/Requisitions/Repositories/SearchRequisitionsTest.php" line="29" assertions="2" time="0.208101"/>
      <testcase name="testSearchRequisitionsByPosition" class="RoleCall\Requisitions\Repositories\SearchRequisitionsTest" file="/home/ubuntu/subhub-api/tests/Requisitions/Repositories/SearchRequisitionsTest.php" line="44" assertions="2" time="0.133933"/>
      <testcase name="testSearchRequisitionsByShiftType" class="RoleCall\Requisitions\Repositories\SearchRequisitionsTest" file="/home/ubuntu/subhub-api/tests/Requisitions/Repositories/SearchRequisitionsTest.php" line="59" assertions="2" time="0.132348"/>
      <testcase name="testSearchRequisitionsByPositionType" class="RoleCall\Requisitions\Repositories\SearchRequisitionsTest" file="/home/ubuntu/subhub-api/tests/Requisitions/Repositories/SearchRequisitionsTest.php" line="75" assertions="2" time="0.201527"/>
      <testcase name="testSearchRequisitionsByQuery" class="RoleCall\Requisitions\Repositories\SearchRequisitionsTest" file="/home/ubuntu/subhub-api/tests/Requisitions/Repositories/SearchRequisitionsTest.php" line="91" assertions="2" time="0.136821"/>
      <testcase name="testSearchRequisitionsWithEmptyParameters" class="RoleCall\Requisitions\Repositories\SearchRequisitionsTest" file="/home/ubuntu/subhub-api/tests/Requisitions/Repositories/SearchRequisitionsTest.php" line="109" assertions="2" time="0.133353"/>
    </testsuite>
    <testsuite name="RoleCall\Requisitions\Requests\CreateCandidateRequestTest" file="/home/ubuntu/subhub-api/tests/Requisitions/Requests/CreateCandidateRequestTest.php" tests="3" assertions="24" failures="0" errors="0" time="0.527405">
      <testcase name="testValid" class="RoleCall\Requisitions\Requests\CreateCandidateRequestTest" file="/home/ubuntu/subhub-api/tests/Requisitions/Requests/CreateCandidateRequestTest.php" line="11" assertions="1" time="0.200090"/>
      <testcase name="testMissingFields" class="RoleCall\Requisitions\Requests\CreateCandidateRequestTest" file="/home/ubuntu/subhub-api/tests/Requisitions/Requests/CreateCandidateRequestTest.php" line="36" assertions="11" time="0.126911"/>
      <testcase name="testInvalid" class="RoleCall\Requisitions\Requests\CreateCandidateRequestTest" file="/home/ubuntu/subhub-api/tests/Requisitions/Requests/CreateCandidateRequestTest.php" line="54" assertions="12" time="0.200404"/>
    </testsuite>
    <testsuite name="RoleCall\Requisitions\Requests\CreateQualifyingQuestionRequestTest" file="/home/ubuntu/subhub-api/tests/Requisitions/Requests/CreateQualifyingQuestionRequestTest.php" tests="4" assertions="14" failures="0" errors="0" time="0.569769">
      <testcase name="testValid" class="RoleCall\Requisitions\Requests\CreateQualifyingQuestionRequestTest" file="/home/ubuntu/subhub-api/tests/Requisitions/Requests/CreateQualifyingQuestionRequestTest.php" line="12" assertions="1" time="0.123418"/>
      <testcase name="testRequiredFields" class="RoleCall\Requisitions\Requests\CreateQualifyingQuestionRequestTest" file="/home/ubuntu/subhub-api/tests/Requisitions/Requests/CreateQualifyingQuestionRequestTest.php" line="27" assertions="3" time="0.124264"/>
      <testcase name="testInvalidBoolean" class="RoleCall\Requisitions\Requests\CreateQualifyingQuestionRequestTest" file="/home/ubuntu/subhub-api/tests/Requisitions/Requests/CreateQualifyingQuestionRequestTest.php" line="38" assertions="6" time="0.198130"/>
      <testcase name="testInvalidRange" class="RoleCall\Requisitions\Requests\CreateQualifyingQuestionRequestTest" file="/home/ubuntu/subhub-api/tests/Requisitions/Requests/CreateQualifyingQuestionRequestTest.php" line="58" assertions="4" time="0.123957"/>
    </testsuite>
    <testsuite name="RoleCall\Requisitions\Requests\CreateRequisitionRequestTest" file="/home/ubuntu/subhub-api/tests/Requisitions/Requests/CreateRequisitionRequestTest.php" tests="37" assertions="105" failures="0" errors="0" time="9.719129">
      <testcase name="testValidForAgency" class="RoleCall\Requisitions\Requests\CreateRequisitionRequestTest" file="/home/ubuntu/subhub-api/tests/Requisitions/Requests/CreateRequisitionRequestTest.php" line="49" assertions="1" time="0.166922"/>
      <testcase name="testValidForRegion" class="RoleCall\Requisitions\Requests\CreateRequisitionRequestTest" file="/home/ubuntu/subhub-api/tests/Requisitions/Requests/CreateRequisitionRequestTest.php" line="73" assertions="1" time="0.243182"/>
      <testcase name="testValidForDistrict" class="RoleCall\Requisitions\Requests\CreateRequisitionRequestTest" file="/home/ubuntu/subhub-api/tests/Requisitions/Requests/CreateRequisitionRequestTest.php" line="97" assertions="1" time="0.203394"/>
      <testcase name="testValidForSchool" class="RoleCall\Requisitions\Requests\CreateRequisitionRequestTest" file="/home/ubuntu/subhub-api/tests/Requisitions/Requests/CreateRequisitionRequestTest.php" line="121" assertions="1" time="0.203179"/>
      <testcase name="testMissingFields" class="RoleCall\Requisitions\Requests\CreateRequisitionRequestTest" file="/home/ubuntu/subhub-api/tests/Requisitions/Requests/CreateRequisitionRequestTest.php" line="147" assertions="20" time="0.231538"/>
      <testcase name="testInvalidFields" class="RoleCall\Requisitions\Requests\CreateRequisitionRequestTest" file="/home/ubuntu/subhub-api/tests/Requisitions/Requests/CreateRequisitionRequestTest.php" line="184" assertions="20" time="0.167246"/>
      <testcase name="testOpeningsExceedsAllocationRuleWithNoEnrollmentRecord" class="RoleCall\Requisitions\Requests\CreateRequisitionRequestTest" file="/home/ubuntu/subhub-api/tests/Requisitions/Requests/CreateRequisitionRequestTest.php" line="238" assertions="1" time="0.289103"/>
      <testcase name="testOpeningsExceedsAllocationRuleWithNoEnrollmentValue" class="RoleCall\Requisitions\Requests\CreateRequisitionRequestTest" file="/home/ubuntu/subhub-api/tests/Requisitions/Requests/CreateRequisitionRequestTest.php" line="279" assertions="1" time="0.224440"/>
      <testsuite name="RoleCall\Requisitions\Requests\CreateRequisitionRequestTest::testOpeningsExceedsAllocationRule" tests="17" assertions="37" failures="0" errors="0" time="4.546561">
        <testcase name="testOpeningsExceedsAllocationRule with data set &quot;no rules&quot;" assertions="1" time="0.213565"/>
        <testcase name="testOpeningsExceedsAllocationRule with data set &quot;1.0 unit value, below count&quot;" assertions="1" time="0.299954"/>
        <testcase name="testOpeningsExceedsAllocationRule with data set &quot;1.0 unit value, matches count&quot;" assertions="3" time="0.225486"/>
        <testcase name="testOpeningsExceedsAllocationRule with data set &quot;1.0 unit value, exceeds count&quot;" assertions="3" time="0.224473"/>
        <testcase name="testOpeningsExceedsAllocationRule with data set &quot;1.0 unit value, below count, with existing role&quot;" assertions="3" time="0.328626"/>
        <testcase name="testOpeningsExceedsAllocationRule with data set &quot;1.0 unit value, matches count, with existing role&quot;" assertions="3" time="0.255328"/>
        <testcase name="testOpeningsExceedsAllocationRule with data set &quot;1.0 unit value, exceeds count, with existing role&quot;" assertions="3" time="0.255384"/>
        <testcase name="testOpeningsExceedsAllocationRule with data set &quot;1.0 unit value, higher rule, 2 below count, with existing role&quot;" assertions="1" time="0.326411"/>
        <testcase name="testOpeningsExceedsAllocationRule with data set &quot;1.0 unit value, higher rule, 1 below count, with existing role&quot;" assertions="3" time="0.251922"/>
        <testcase name="testOpeningsExceedsAllocationRule with data set &quot;1.0 unit value, higher rule, matches count, with existing role&quot;" assertions="3" time="0.323252"/>
        <testcase name="testOpeningsExceedsAllocationRule with data set &quot;1.0 unit value, higher rule, exceeds count, with existing role&quot;" assertions="3" time="0.253034"/>
        <testcase name="testOpeningsExceedsAllocationRule with data set &quot;0.5 unit value, below count&quot;" assertions="1" time="0.224811"/>
        <testcase name="testOpeningsExceedsAllocationRule with data set &quot;0.5 unit value, matches count&quot;" assertions="1" time="0.299013"/>
        <testcase name="testOpeningsExceedsAllocationRule with data set &quot;0.5 unit value, exceeds count&quot;" assertions="3" time="0.225632"/>
        <testcase name="testOpeningsExceedsAllocationRule with data set &quot;0.5 unit value, below count, with existing role&quot;" assertions="1" time="0.252350"/>
        <testcase name="testOpeningsExceedsAllocationRule with data set &quot;0.5 unit value, matches count, with existing role&quot;" assertions="1" time="0.330032"/>
        <testcase name="testOpeningsExceedsAllocationRule with data set &quot;0.5 unit value, exceeds count, with existing role&quot;" assertions="3" time="0.257288"/>
      </testsuite>
      <testsuite name="RoleCall\Requisitions\Requests\CreateRequisitionRequestTest::testOpeningsExceedsAccountingCode" tests="12" assertions="22" failures="0" errors="0" time="3.443564">
        <testcase name="testOpeningsExceedsAccountingCode with data set &quot;2.0 available, 1 requested at 1.0&quot;" assertions="1" time="0.310987"/>
        <testcase name="testOpeningsExceedsAccountingCode with data set &quot;2.0 available, 2 requested at 1.0&quot;" assertions="3" time="0.234276"/>
        <testcase name="testOpeningsExceedsAccountingCode with data set &quot;2.0 available, 3 requested at 1.0&quot;" assertions="3" time="0.231302"/>
        <testcase name="testOpeningsExceedsAccountingCode with data set &quot;2.0 available, 1 requested at 1.0, with existing role&quot;" assertions="1" time="0.339936"/>
        <testcase name="testOpeningsExceedsAccountingCode with data set &quot;2.0 available, 2 requested at 1.0, with existing role&quot;" assertions="3" time="0.262621"/>
        <testcase name="testOpeningsExceedsAccountingCode with data set &quot;2.0 available, 3 requested at 1.0, with existing role&quot;" assertions="3" time="0.262517"/>
        <testcase name="testOpeningsExceedsAccountingCode with data set &quot;3.0 available, 1 requested at 1.0, with existing role at 50% (3 - 1 - 0.5 = 1.5 available)&quot;" assertions="1" time="0.337285"/>
        <testcase name="testOpeningsExceedsAccountingCode with data set &quot;3.0 available, 2 requested at 1.0, with existing role at 50% (3 - 2 - 0.5 = 0.5 available)&quot;" assertions="1" time="0.266248"/>
        <testcase name="testOpeningsExceedsAccountingCode with data set &quot;3.0 available, 3 requested at 1.0, with existing role at 50% (3 - 3 - 0.5 = -0.5 available)&quot;" assertions="3" time="0.334033"/>
        <testcase name="testOpeningsExceedsAccountingCode with data set &quot;3.0 available, 1 requested at 0.5, with existing role at 50% (3 - 0.5 - 0.5 = 2 available)&quot;" assertions="1" time="0.263091"/>
        <testcase name="testOpeningsExceedsAccountingCode with data set &quot;3.0 available, 2 requested at 0.5, with existing role at 50% (3 - 1 - 0.5 = 1.5 available)&quot;" assertions="1" time="0.263737"/>
        <testcase name="testOpeningsExceedsAccountingCode with data set &quot;3.0 available, 3 requested at 0.5, with existing role at 50% (3 - 1.5 - 0.5 = 1 available)&quot;" assertions="1" time="0.337531"/>
      </testsuite>
    </testsuite>
    <testsuite name="RoleCall\Requisitions\Requests\CreateSavedSearchRequestTest" file="/home/ubuntu/subhub-api/tests/Requisitions/Requests/CreateSavedSearchRequestTest.php" tests="2" assertions="11" failures="0" errors="0" time="0.260084">
      <testcase name="testValid" class="RoleCall\Requisitions\Requests\CreateSavedSearchRequestTest" file="/home/ubuntu/subhub-api/tests/Requisitions/Requests/CreateSavedSearchRequestTest.php" line="12" assertions="1" time="0.123681"/>
      <testcase name="testValidValues" class="RoleCall\Requisitions\Requests\CreateSavedSearchRequestTest" file="/home/ubuntu/subhub-api/tests/Requisitions/Requests/CreateSavedSearchRequestTest.php" line="28" assertions="10" time="0.136403"/>
    </testsuite>
    <testsuite name="RoleCall\Requisitions\Requests\UpdateRequisitionRequestTest" file="/home/ubuntu/subhub-api/tests/Requisitions/Requests/UpdateRequisitionRequestTest.php" tests="4" assertions="27" failures="0" errors="0" time="0.880039">
      <testcase name="testValid" class="RoleCall\Requisitions\Requests\UpdateRequisitionRequestTest" file="/home/ubuntu/subhub-api/tests/Requisitions/Requests/UpdateRequisitionRequestTest.php" line="52" assertions="1" time="0.259373"/>
      <testcase name="testMissingFields" class="RoleCall\Requisitions\Requests\UpdateRequisitionRequestTest" file="/home/ubuntu/subhub-api/tests/Requisitions/Requests/UpdateRequisitionRequestTest.php" line="66" assertions="1" time="0.181996"/>
      <testcase name="testMissingFieldsWhenNeedingApproval" class="RoleCall\Requisitions\Requests\UpdateRequisitionRequestTest" file="/home/ubuntu/subhub-api/tests/Requisitions/Requests/UpdateRequisitionRequestTest.php" line="87" assertions="8" time="0.251558"/>
      <testcase name="testInvalidFields" class="RoleCall\Requisitions\Requests\UpdateRequisitionRequestTest" file="/home/ubuntu/subhub-api/tests/Requisitions/Requests/UpdateRequisitionRequestTest.php" line="110" assertions="17" time="0.187112"/>
    </testsuite>
    <testsuite name="RoleCall\Requisitions\Requests\UpdateSavedSearchRequestTest" file="/home/ubuntu/subhub-api/tests/Requisitions/Requests/UpdateSavedSearchRequestTest.php" tests="2" assertions="4" failures="0" errors="0" time="0.320328">
      <testcase name="testValid" class="RoleCall\Requisitions\Requests\UpdateSavedSearchRequestTest" file="/home/ubuntu/subhub-api/tests/Requisitions/Requests/UpdateSavedSearchRequestTest.php" line="12" assertions="1" time="0.122813"/>
      <testcase name="testValidValues" class="RoleCall\Requisitions\Requests\UpdateSavedSearchRequestTest" file="/home/ubuntu/subhub-api/tests/Requisitions/Requests/UpdateSavedSearchRequestTest.php" line="25" assertions="3" time="0.197515"/>
    </testsuite>
    <testsuite name="RoleCall\Requisitions\RequisitionApprovalTest" file="/home/ubuntu/subhub-api/tests/Requisitions/RequisitionApprovalTest.php" tests="5" assertions="5" failures="0" errors="0" time="0.683141">
      <testcase name="testTimestampsAreEnabled" class="RoleCall\Requisitions\RequisitionApprovalTest" file="/home/ubuntu/subhub-api/tests/Requisitions/RequisitionApprovalTest.php" line="16" assertions="1" time="0.122032"/>
      <testcase name="testDates" class="RoleCall\Requisitions\RequisitionApprovalTest" file="/home/ubuntu/subhub-api/tests/Requisitions/RequisitionApprovalTest.php" line="21" assertions="1" time="0.122108"/>
      <testcase name="testAttributes" class="RoleCall\Requisitions\RequisitionApprovalTest" file="/home/ubuntu/subhub-api/tests/Requisitions/RequisitionApprovalTest.php" line="32" assertions="1" time="0.194218"/>
      <testcase name="testFillable" class="RoleCall\Requisitions\RequisitionApprovalTest" file="/home/ubuntu/subhub-api/tests/Requisitions/RequisitionApprovalTest.php" line="41" assertions="1" time="0.122063"/>
      <testcase name="testStatuses" class="RoleCall\Requisitions\RequisitionApprovalTest" file="/home/ubuntu/subhub-api/tests/Requisitions/RequisitionApprovalTest.php" line="52" assertions="1" time="0.122720"/>
    </testsuite>
    <testsuite name="RoleCall\Requisitions\RequisitionKeywordTest" file="/home/ubuntu/subhub-api/tests/Requisitions/RequisitionKeywordTest.php" tests="3" assertions="4" failures="0" errors="0" time="0.437432">
      <testcase name="testTimestampsAreEnabled" class="RoleCall\Requisitions\RequisitionKeywordTest" file="/home/ubuntu/subhub-api/tests/Requisitions/RequisitionKeywordTest.php" line="18" assertions="1" time="0.193181"/>
      <testcase name="testFillable" class="RoleCall\Requisitions\RequisitionKeywordTest" file="/home/ubuntu/subhub-api/tests/Requisitions/RequisitionKeywordTest.php" line="23" assertions="1" time="0.122288"/>
      <testcase name="testSetValueAttribute" class="RoleCall\Requisitions\RequisitionKeywordTest" file="/home/ubuntu/subhub-api/tests/Requisitions/RequisitionKeywordTest.php" line="32" assertions="2" time="0.121963"/>
    </testsuite>
    <testsuite name="RoleCall\Requisitions\RequisitionTest" file="/home/ubuntu/subhub-api/tests/Requisitions/RequisitionTest.php" tests="16" assertions="32" failures="0" errors="0" time="2.592347">
      <testcase name="testTimestampsAreEnabled" class="RoleCall\Requisitions\RequisitionTest" file="/home/ubuntu/subhub-api/tests/Requisitions/RequisitionTest.php" line="18" assertions="1" time="0.193401"/>
      <testcase name="testAttributes" class="RoleCall\Requisitions\RequisitionTest" file="/home/ubuntu/subhub-api/tests/Requisitions/RequisitionTest.php" line="23" assertions="1" time="0.121606"/>
      <testcase name="testFillable" class="RoleCall\Requisitions\RequisitionTest" file="/home/ubuntu/subhub-api/tests/Requisitions/RequisitionTest.php" line="40" assertions="1" time="0.121438"/>
      <testcase name="testDates" class="RoleCall\Requisitions\RequisitionTest" file="/home/ubuntu/subhub-api/tests/Requisitions/RequisitionTest.php" line="64" assertions="1" time="0.193085"/>
      <testcase name="testStatuses" class="RoleCall\Requisitions\RequisitionTest" file="/home/ubuntu/subhub-api/tests/Requisitions/RequisitionTest.php" line="81" assertions="1" time="0.123022"/>
      <testcase name="testPositionTypes" class="RoleCall\Requisitions\RequisitionTest" file="/home/ubuntu/subhub-api/tests/Requisitions/RequisitionTest.php" line="98" assertions="1" time="0.122286"/>
      <testcase name="testShiftTypes" class="RoleCall\Requisitions\RequisitionTest" file="/home/ubuntu/subhub-api/tests/Requisitions/RequisitionTest.php" line="108" assertions="1" time="0.194597"/>
      <testcase name="testPayIntervals" class="RoleCall\Requisitions\RequisitionTest" file="/home/ubuntu/subhub-api/tests/Requisitions/RequisitionTest.php" line="119" assertions="1" time="0.122553"/>
      <testcase name="testSetReportingHoursAttribute" class="RoleCall\Requisitions\RequisitionTest" file="/home/ubuntu/subhub-api/tests/Requisitions/RequisitionTest.php" line="130" assertions="3" time="0.132646"/>
      <testcase name="testSetRequiredReferencesAttribute" class="RoleCall\Requisitions\RequisitionTest" file="/home/ubuntu/subhub-api/tests/Requisitions/RequisitionTest.php" line="191" assertions="3" time="0.205939"/>
      <testsuite name="RoleCall\Requisitions\RequisitionTest::testIsFilledChecks" tests="6" assertions="18" failures="0" errors="0" time="1.061774">
        <testcase name="testIsFilledChecks with data set &quot;all_open&quot;" assertions="3" time="0.152259"/>
        <testcase name="testIsFilledChecks with data set &quot;1_selected&quot;" assertions="3" time="0.152641"/>
        <testcase name="testIsFilledChecks with data set &quot;all_selected&quot;" assertions="3" time="0.226814"/>
        <testcase name="testIsFilledChecks with data set &quot;one_ready_to_hire&quot;" assertions="3" time="0.153942"/>
        <testcase name="testIsFilledChecks with data set &quot;one_onboarding&quot;" assertions="3" time="0.221832"/>
        <testcase name="testIsFilledChecks with data set &quot;all_filled&quot;" assertions="3" time="0.154286"/>
      </testsuite>
    </testsuite>
    <testsuite name="RoleCall\Requisitions\SavedSearchParameterTest" file="/home/ubuntu/subhub-api/tests/Requisitions/SavedSearchParameterTest.php" tests="4" assertions="7" failures="0" errors="0" time="0.571743">
      <testcase name="testTimestampsAreEnabled" class="RoleCall\Requisitions\SavedSearchParameterTest" file="/home/ubuntu/subhub-api/tests/Requisitions/SavedSearchParameterTest.php" line="16" assertions="1" time="0.123258"/>
      <testcase name="testFillable" class="RoleCall\Requisitions\SavedSearchParameterTest" file="/home/ubuntu/subhub-api/tests/Requisitions/SavedSearchParameterTest.php" line="21" assertions="1" time="0.197110"/>
      <testcase name="testSetAttributes" class="RoleCall\Requisitions\SavedSearchParameterTest" file="/home/ubuntu/subhub-api/tests/Requisitions/SavedSearchParameterTest.php" line="32" assertions="3" time="0.126318"/>
      <testcase name="testSetNonQuery" class="RoleCall\Requisitions\SavedSearchParameterTest" file="/home/ubuntu/subhub-api/tests/Requisitions/SavedSearchParameterTest.php" line="43" assertions="2" time="0.125057"/>
    </testsuite>
    <testsuite name="RoleCall\Requisitions\SavedSearchTest" file="/home/ubuntu/subhub-api/tests/Requisitions/SavedSearchTest.php" tests="3" assertions="3" failures="0" errors="0" time="0.440039">
      <testcase name="testTimestampsAreEnabled" class="RoleCall\Requisitions\SavedSearchTest" file="/home/ubuntu/subhub-api/tests/Requisitions/SavedSearchTest.php" line="16" assertions="1" time="0.195306"/>
      <testcase name="testFillable" class="RoleCall\Requisitions\SavedSearchTest" file="/home/ubuntu/subhub-api/tests/Requisitions/SavedSearchTest.php" line="21" assertions="1" time="0.123166"/>
      <testcase name="testValidParameters" class="RoleCall\Requisitions\SavedSearchTest" file="/home/ubuntu/subhub-api/tests/Requisitions/SavedSearchTest.php" line="31" assertions="1" time="0.121567"/>
    </testsuite>
    <testsuite name="RoleCall\Requisitions\Scopes\IsInternalScopeTest" file="/home/ubuntu/subhub-api/tests/Requisitions/Scopes/IsInternalScopeTest.php" tests="1" assertions="5" failures="0" errors="0" time="0.210307">
      <testcase name="testIsInternal" class="RoleCall\Requisitions\Scopes\IsInternalScopeTest" file="/home/ubuntu/subhub-api/tests/Requisitions/Scopes/IsInternalScopeTest.php" line="13" assertions="5" time="0.210307"/>
    </testsuite>
    <testsuite name="RoleCall\Requisitions\Scopes\IsPublicScopeTest" file="/home/ubuntu/subhub-api/tests/Requisitions/Scopes/IsPublicScopeTest.php" tests="1" assertions="2" failures="0" errors="0" time="0.136488">
      <testcase name="testIsPublic" class="RoleCall\Requisitions\Scopes\IsPublicScopeTest" file="/home/ubuntu/subhub-api/tests/Requisitions/Scopes/IsPublicScopeTest.php" line="12" assertions="2" time="0.136488"/>
    </testsuite>
    <testsuite name="RoleCall\Requisitions\Scopes\JobSearchVisibleToScopeTest" file="/home/ubuntu/subhub-api/tests/Requisitions/Scopes/JobSearchVisibleToScopeTest.php" tests="1" assertions="17" failures="0" errors="0" time="0.911018">
      <testcase name="testVisibleTo" class="RoleCall\Requisitions\Scopes\JobSearchVisibleToScopeTest" file="/home/ubuntu/subhub-api/tests/Requisitions/Scopes/JobSearchVisibleToScopeTest.php" line="14" assertions="17" time="0.911018"/>
    </testsuite>
    <testsuite name="RoleCall\Requisitions\Scopes\RequisitionVisibleToScopeTest" file="/home/ubuntu/subhub-api/tests/Requisitions/Scopes/RequisitionVisibleToScopeTest.php" tests="1" assertions="28" failures="0" errors="0" time="0.929912">
      <testcase name="testVisibleTo" class="RoleCall\Requisitions\Scopes\RequisitionVisibleToScopeTest" file="/home/ubuntu/subhub-api/tests/Requisitions/Scopes/RequisitionVisibleToScopeTest.php" line="14" assertions="28" time="0.929912"/>
    </testsuite>
    <testsuite name="RoleCall\Requisitions\Scopes\RequisitionWorkflowVisibleToScopeTest" file="/home/ubuntu/subhub-api/tests/Requisitions/Scopes/RequisitionWorkflowVisibleToScopeTest.php" tests="1" assertions="60" failures="0" errors="0" time="0.941096">
      <testcase name="testVisibleTo" class="RoleCall\Requisitions\Scopes\RequisitionWorkflowVisibleToScopeTest" file="/home/ubuntu/subhub-api/tests/Requisitions/Scopes/RequisitionWorkflowVisibleToScopeTest.php" line="14" assertions="60" time="0.941096"/>
    </testsuite>
    <testsuite name="RoleCall\Requisitions\Services\ApproveRequisitionApprovalTest" file="/home/ubuntu/subhub-api/tests/Requisitions/Services/ApproveRequisitionApprovalTest.php" tests="1" assertions="1" failures="0" errors="0" time="0.203716">
      <testcase name="testApproveRequisition" class="RoleCall\Requisitions\Services\ApproveRequisitionApprovalTest" file="/home/ubuntu/subhub-api/tests/Requisitions/Services/ApproveRequisitionApprovalTest.php" line="15" assertions="1" time="0.203716"/>
    </testsuite>
    <testsuite name="RoleCall\Requisitions\Services\AssignCandidateTest" file="/home/ubuntu/subhub-api/tests/Requisitions/Services/AssignCandidateTest.php" tests="1" assertions="5" failures="0" errors="0" time="0.148533">
      <testcase name="testAssign" class="RoleCall\Requisitions\Services\AssignCandidateTest" file="/home/ubuntu/subhub-api/tests/Requisitions/Services/AssignCandidateTest.php" line="14" assertions="5" time="0.148533"/>
    </testsuite>
    <testsuite name="RoleCall\Requisitions\Services\CloseRequisitionTest" file="/home/ubuntu/subhub-api/tests/Requisitions/Services/CloseRequisitionTest.php" tests="1" assertions="1" failures="0" errors="0" time="0.208995">
      <testcase name="testClose" class="RoleCall\Requisitions\Services\CloseRequisitionTest" file="/home/ubuntu/subhub-api/tests/Requisitions/Services/CloseRequisitionTest.php" line="14" assertions="1" time="0.208995"/>
    </testsuite>
    <testsuite name="RoleCall\Requisitions\Services\CreateKeywordTest" file="/home/ubuntu/subhub-api/tests/Requisitions/Services/CreateKeywordTest.php" tests="1" assertions="4" failures="0" errors="0" time="0.131549">
      <testcase name="testCreate" class="RoleCall\Requisitions\Services\CreateKeywordTest" file="/home/ubuntu/subhub-api/tests/Requisitions/Services/CreateKeywordTest.php" line="12" assertions="4" time="0.131549"/>
    </testsuite>
    <testsuite name="RoleCall\Requisitions\Services\CreateQualifyingQuestionTest" file="/home/ubuntu/subhub-api/tests/Requisitions/Services/CreateQualifyingQuestionTest.php" tests="3" assertions="22" failures="0" errors="0" time="0.525725">
      <testcase name="testCreateQualifyingQuestion" class="RoleCall\Requisitions\Services\CreateQualifyingQuestionTest" file="/home/ubuntu/subhub-api/tests/Requisitions/Services/CreateQualifyingQuestionTest.php" line="13" assertions="7" time="0.215942"/>
      <testcase name="testCreateQualifyingQuestionWithRange" class="RoleCall\Requisitions\Services\CreateQualifyingQuestionTest" file="/home/ubuntu/subhub-api/tests/Requisitions/Services/CreateQualifyingQuestionTest.php" line="36" assertions="8" time="0.146132"/>
      <testcase name="testCreateQualifyingQuestionWithSetOrder" class="RoleCall\Requisitions\Services\CreateQualifyingQuestionTest" file="/home/ubuntu/subhub-api/tests/Requisitions/Services/CreateQualifyingQuestionTest.php" line="86" assertions="7" time="0.163651"/>
    </testsuite>
    <testsuite name="RoleCall\Requisitions\Services\CreateRequisitionApprovalTest" file="/home/ubuntu/subhub-api/tests/Requisitions/Services/CreateRequisitionApprovalTest.php" tests="1" assertions="4" failures="0" errors="0" time="0.253169">
      <testcase name="testCreateRequisitionApproval" class="RoleCall\Requisitions\Services\CreateRequisitionApprovalTest" file="/home/ubuntu/subhub-api/tests/Requisitions/Services/CreateRequisitionApprovalTest.php" line="13" assertions="4" time="0.253169"/>
    </testsuite>
    <testsuite name="RoleCall\Requisitions\Services\CreateRequisitionTest" file="/home/ubuntu/subhub-api/tests/Requisitions/Services/CreateRequisitionTest.php" tests="5" assertions="46" failures="0" errors="0" time="1.029381">
      <testcase name="testCreateWithNoWorkflow" class="RoleCall\Requisitions\Services\CreateRequisitionTest" file="/home/ubuntu/subhub-api/tests/Requisitions/Services/CreateRequisitionTest.php" line="16" assertions="23" time="0.191621"/>
      <testcase name="testCreateWithNoHoursOrReferences" class="RoleCall\Requisitions\Services\CreateRequisitionTest" file="/home/ubuntu/subhub-api/tests/Requisitions/Services/CreateRequisitionTest.php" line="92" assertions="2" time="0.186736"/>
      <testcase name="testCreateWithPositionDefaults" class="RoleCall\Requisitions\Services\CreateRequisitionTest" file="/home/ubuntu/subhub-api/tests/Requisitions/Services/CreateRequisitionTest.php" line="140" assertions="15" time="0.266468"/>
      <testcase name="testCreateWithAutoAssignPositionCredentials" class="RoleCall\Requisitions\Services\CreateRequisitionTest" file="/home/ubuntu/subhub-api/tests/Requisitions/Services/CreateRequisitionTest.php" line="189" assertions="4" time="0.202017"/>
      <testcase name="testCreateWithPositionJobPostingDefaults" class="RoleCall\Requisitions\Services\CreateRequisitionTest" file="/home/ubuntu/subhub-api/tests/Requisitions/Services/CreateRequisitionTest.php" line="256" assertions="2" time="0.182539"/>
    </testsuite>
    <testsuite name="RoleCall\Requisitions\Services\CreateRequisitionWorkflowGroupTest" file="/home/ubuntu/subhub-api/tests/Requisitions/Services/CreateRequisitionWorkflowGroupTest.php" tests="3" assertions="14" failures="0" errors="0" time="0.544266">
      <testcase name="testCreate" class="RoleCall\Requisitions\Services\CreateRequisitionWorkflowGroupTest" file="/home/ubuntu/subhub-api/tests/Requisitions/Services/CreateRequisitionWorkflowGroupTest.php" line="12" assertions="5" time="0.228644"/>
      <testcase name="testCreateMultiple" class="RoleCall\Requisitions\Services\CreateRequisitionWorkflowGroupTest" file="/home/ubuntu/subhub-api/tests/Requisitions/Services/CreateRequisitionWorkflowGroupTest.php" line="33" assertions="3" time="0.160252"/>
      <testcase name="testCreateWithName" class="RoleCall\Requisitions\Services\CreateRequisitionWorkflowGroupTest" file="/home/ubuntu/subhub-api/tests/Requisitions/Services/CreateRequisitionWorkflowGroupTest.php" line="61" assertions="6" time="0.155370"/>
    </testsuite>
    <testsuite name="RoleCall\Requisitions\Services\CreateRequisitionWorkflowRuleTest" file="/home/ubuntu/subhub-api/tests/Requisitions/Services/CreateRequisitionWorkflowRuleTest.php" tests="4" assertions="15" failures="0" errors="0" time="0.831397">
      <testcase name="testCreateForDistrictWorkflow" class="RoleCall\Requisitions\Services\CreateRequisitionWorkflowRuleTest" file="/home/ubuntu/subhub-api/tests/Requisitions/Services/CreateRequisitionWorkflowRuleTest.php" line="13" assertions="4" time="0.243536"/>
      <testcase name="testCreateForRegionWorkflow" class="RoleCall\Requisitions\Services\CreateRequisitionWorkflowRuleTest" file="/home/ubuntu/subhub-api/tests/Requisitions/Services/CreateRequisitionWorkflowRuleTest.php" line="34" assertions="4" time="0.169394"/>
      <testcase name="testCreateForAgencyWorkflow" class="RoleCall\Requisitions\Services\CreateRequisitionWorkflowRuleTest" file="/home/ubuntu/subhub-api/tests/Requisitions/Services/CreateRequisitionWorkflowRuleTest.php" line="56" assertions="4" time="0.169184"/>
      <testcase name="testCreateWithoutOrder" class="RoleCall\Requisitions\Services\CreateRequisitionWorkflowRuleTest" file="/home/ubuntu/subhub-api/tests/Requisitions/Services/CreateRequisitionWorkflowRuleTest.php" line="78" assertions="3" time="0.249283"/>
    </testsuite>
    <testsuite name="RoleCall\Requisitions\Services\CreateRequisitionWorkflowTest" file="/home/ubuntu/subhub-api/tests/Requisitions/Services/CreateRequisitionWorkflowTest.php" tests="3" assertions="21" failures="0" errors="0" time="0.560735">
      <testcase name="testCreateForDistrict" class="RoleCall\Requisitions\Services\CreateRequisitionWorkflowTest" file="/home/ubuntu/subhub-api/tests/Requisitions/Services/CreateRequisitionWorkflowTest.php" line="14" assertions="7" time="0.164362"/>
      <testcase name="testCreateForRegion" class="RoleCall\Requisitions\Services\CreateRequisitionWorkflowTest" file="/home/ubuntu/subhub-api/tests/Requisitions/Services/CreateRequisitionWorkflowTest.php" line="38" assertions="7" time="0.233773"/>
      <testcase name="testCreateForAgency" class="RoleCall\Requisitions\Services\CreateRequisitionWorkflowTest" file="/home/ubuntu/subhub-api/tests/Requisitions/Services/CreateRequisitionWorkflowTest.php" line="63" assertions="7" time="0.162600"/>
    </testsuite>
    <testsuite name="RoleCall\Requisitions\Services\CreateSavedSearchParameterTest" file="/home/ubuntu/subhub-api/tests/Requisitions/Services/CreateSavedSearchParameterTest.php" tests="1" assertions="4" failures="0" errors="0" time="0.155166">
      <testcase name="testCreateSavedSearchParameter" class="RoleCall\Requisitions\Services\CreateSavedSearchParameterTest" file="/home/ubuntu/subhub-api/tests/Requisitions/Services/CreateSavedSearchParameterTest.php" line="12" assertions="4" time="0.155166"/>
    </testsuite>
    <testsuite name="RoleCall\Requisitions\Services\CreateSavedSearchTest" file="/home/ubuntu/subhub-api/tests/Requisitions/Services/CreateSavedSearchTest.php" tests="3" assertions="15" failures="0" errors="0" time="0.573667">
      <testcase name="testCreateSavedSearch" class="RoleCall\Requisitions\Services\CreateSavedSearchTest" file="/home/ubuntu/subhub-api/tests/Requisitions/Services/CreateSavedSearchTest.php" line="15" assertions="7" time="0.247534"/>
      <testcase name="testCreateSavedSearchWithoutName" class="RoleCall\Requisitions\Services\CreateSavedSearchTest" file="/home/ubuntu/subhub-api/tests/Requisitions/Services/CreateSavedSearchTest.php" line="41" assertions="6" time="0.175871"/>
      <testcase name="testCreateSavedSearchWithInvalidParameters" class="RoleCall\Requisitions\Services\CreateSavedSearchTest" file="/home/ubuntu/subhub-api/tests/Requisitions/Services/CreateSavedSearchTest.php" line="65" assertions="2" time="0.150262"/>
    </testsuite>
    <testsuite name="RoleCall\Requisitions\Services\DeleteRequisitionWorkflowGroupTest" file="/home/ubuntu/subhub-api/tests/Requisitions/Services/DeleteRequisitionWorkflowGroupTest.php" tests="1" assertions="4" failures="0" errors="0" time="0.250727">
      <testcase name="testDelete" class="RoleCall\Requisitions\Services\DeleteRequisitionWorkflowGroupTest" file="/home/ubuntu/subhub-api/tests/Requisitions/Services/DeleteRequisitionWorkflowGroupTest.php" line="13" assertions="4" time="0.250727"/>
    </testsuite>
    <testsuite name="RoleCall\Requisitions\Services\DeleteRequisitionWorkflowRuleTest" file="/home/ubuntu/subhub-api/tests/Requisitions/Services/DeleteRequisitionWorkflowRuleTest.php" tests="1" assertions="1" failures="0" errors="0" time="0.159236">
      <testcase name="testDelete" class="RoleCall\Requisitions\Services\DeleteRequisitionWorkflowRuleTest" file="/home/ubuntu/subhub-api/tests/Requisitions/Services/DeleteRequisitionWorkflowRuleTest.php" line="12" assertions="1" time="0.159236"/>
    </testsuite>
    <testsuite name="RoleCall\Requisitions\Services\DenyRequisitionApprovalTest" file="/home/ubuntu/subhub-api/tests/Requisitions/Services/DenyRequisitionApprovalTest.php" tests="1" assertions="1" failures="0" errors="0" time="0.181193">
      <testcase name="testDenyRequisition" class="RoleCall\Requisitions\Services\DenyRequisitionApprovalTest" file="/home/ubuntu/subhub-api/tests/Requisitions/Services/DenyRequisitionApprovalTest.php" line="14" assertions="1" time="0.181193"/>
    </testsuite>
    <testsuite name="RoleCall\Requisitions\Services\DuplicateRequisitionTest" file="/home/ubuntu/subhub-api/tests/Requisitions/Services/DuplicateRequisitionTest.php" tests="1" assertions="26" failures="0" errors="0" time="0.299647">
      <testcase name="testDuplicate" class="RoleCall\Requisitions\Services\DuplicateRequisitionTest" file="/home/ubuntu/subhub-api/tests/Requisitions/Services/DuplicateRequisitionTest.php" line="19" assertions="26" time="0.299647"/>
    </testsuite>
    <testsuite name="RoleCall\Requisitions\Services\HoldRequisitionTest" file="/home/ubuntu/subhub-api/tests/Requisitions/Services/HoldRequisitionTest.php" tests="1" assertions="1" failures="0" errors="0" time="0.129683">
      <testcase name="testHold" class="RoleCall\Requisitions\Services\HoldRequisitionTest" file="/home/ubuntu/subhub-api/tests/Requisitions/Services/HoldRequisitionTest.php" line="11" assertions="1" time="0.129683"/>
    </testsuite>
    <testsuite name="RoleCall\Requisitions\Services\ReleaseRequisitionTest" file="/home/ubuntu/subhub-api/tests/Requisitions/Services/ReleaseRequisitionTest.php" tests="1" assertions="1" failures="0" errors="0" time="0.137057">
      <testcase name="testRelease" class="RoleCall\Requisitions\Services\ReleaseRequisitionTest" file="/home/ubuntu/subhub-api/tests/Requisitions/Services/ReleaseRequisitionTest.php" line="11" assertions="1" time="0.137057"/>
    </testsuite>
    <testsuite name="RoleCall\Requisitions\Services\RequestRequisitionApprovalTest" file="/home/ubuntu/subhub-api/tests/Requisitions/Services/RequestRequisitionApprovalTest.php" tests="1" assertions="3" failures="0" errors="0" time="0.264896">
      <testcase name="testRequest" class="RoleCall\Requisitions\Services\RequestRequisitionApprovalTest" file="/home/ubuntu/subhub-api/tests/Requisitions/Services/RequestRequisitionApprovalTest.php" line="14" assertions="3" time="0.264896"/>
    </testsuite>
    <testsuite name="RoleCall\Requisitions\Services\SendNextRequisitionApprovalsTest" file="/home/ubuntu/subhub-api/tests/Requisitions/Services/SendNextRequisitionApprovalsTest.php" tests="1" assertions="2" failures="0" errors="0" time="0.221759">
      <testcase name="testSend" class="RoleCall\Requisitions\Services\SendNextRequisitionApprovalsTest" file="/home/ubuntu/subhub-api/tests/Requisitions/Services/SendNextRequisitionApprovalsTest.php" line="14" assertions="2" time="0.221759"/>
    </testsuite>
    <testsuite name="RoleCall\Requisitions\Services\UpdateRequisitionStageTest" file="/home/ubuntu/subhub-api/tests/Requisitions/Services/UpdateRequisitionStageTest.php" tests="1" assertions="21" failures="0" errors="0" time="0.223451">
      <testcase name="testUpdateInterviewStage" class="RoleCall\Requisitions\Services\UpdateRequisitionStageTest" file="/home/ubuntu/subhub-api/tests/Requisitions/Services/UpdateRequisitionStageTest.php" line="15" assertions="21" time="0.223451"/>
    </testsuite>
    <testsuite name="RoleCall\Requisitions\Services\UpdateRequisitionTest" file="/home/ubuntu/subhub-api/tests/Requisitions/Services/UpdateRequisitionTest.php" tests="1" assertions="24" failures="0" errors="0" time="0.197097">
      <testcase name="testUpdate" class="RoleCall\Requisitions\Services\UpdateRequisitionTest" file="/home/ubuntu/subhub-api/tests/Requisitions/Services/UpdateRequisitionTest.php" line="14" assertions="24" time="0.197097"/>
    </testsuite>
    <testsuite name="RoleCall\Requisitions\Services\UpdateRequisitionWorkflowGroupTest" file="/home/ubuntu/subhub-api/tests/Requisitions/Services/UpdateRequisitionWorkflowGroupTest.php" tests="1" assertions="5" failures="0" errors="0" time="0.159600">
      <testcase name="testUpdate" class="RoleCall\Requisitions\Services\UpdateRequisitionWorkflowGroupTest" file="/home/ubuntu/subhub-api/tests/Requisitions/Services/UpdateRequisitionWorkflowGroupTest.php" line="12" assertions="5" time="0.159600"/>
    </testsuite>
    <testsuite name="RoleCall\Requisitions\Services\UpdateRequisitionWorkflowRuleTest" file="/home/ubuntu/subhub-api/tests/Requisitions/Services/UpdateRequisitionWorkflowRuleTest.php" tests="1" assertions="4" failures="0" errors="0" time="0.243905">
      <testcase name="testUpdate" class="RoleCall\Requisitions\Services\UpdateRequisitionWorkflowRuleTest" file="/home/ubuntu/subhub-api/tests/Requisitions/Services/UpdateRequisitionWorkflowRuleTest.php" line="13" assertions="4" time="0.243905"/>
    </testsuite>
    <testsuite name="RoleCall\Requisitions\Services\UpdateRequisitionWorkflowTest" file="/home/ubuntu/subhub-api/tests/Requisitions/Services/UpdateRequisitionWorkflowTest.php" tests="1" assertions="5" failures="0" errors="0" time="0.164216">
      <testcase name="testUpdate" class="RoleCall\Requisitions\Services\UpdateRequisitionWorkflowTest" file="/home/ubuntu/subhub-api/tests/Requisitions/Services/UpdateRequisitionWorkflowTest.php" line="14" assertions="5" time="0.164216"/>
    </testsuite>
    <testsuite name="RoleCall\Requisitions\Services\UpdateSavedSearchTest" file="/home/ubuntu/subhub-api/tests/Requisitions/Services/UpdateSavedSearchTest.php" tests="1" assertions="6" failures="0" errors="0" time="0.148131">
      <testcase name="testUpdateSavedSearch" class="RoleCall\Requisitions\Services\UpdateSavedSearchTest" file="/home/ubuntu/subhub-api/tests/Requisitions/Services/UpdateSavedSearchTest.php" line="15" assertions="6" time="0.148131"/>
    </testsuite>
    <testsuite name="RoleCall\Requisitions\Utilities\ApplyHiringProcessToRequisitionTest" file="/home/ubuntu/subhub-api/tests/Requisitions/Utilities/ApplyHiringProcessToRequisitionTest.php" tests="1" assertions="50" failures="0" errors="0" time="0.405099">
      <testcase name="testApply" class="RoleCall\Requisitions\Utilities\ApplyHiringProcessToRequisitionTest" file="/home/ubuntu/subhub-api/tests/Requisitions/Utilities/ApplyHiringProcessToRequisitionTest.php" line="28" assertions="50" time="0.405099"/>
    </testsuite>
    <testsuite name="RoleCall\Requisitions\Utilities\CompleteRequisitionApprovalTest" file="/home/ubuntu/subhub-api/tests/Requisitions/Utilities/CompleteRequisitionApprovalTest.php" tests="2" assertions="7" failures="0" errors="0" time="0.357673">
      <testcase name="testComplete" class="RoleCall\Requisitions\Utilities\CompleteRequisitionApprovalTest" file="/home/ubuntu/subhub-api/tests/Requisitions/Utilities/CompleteRequisitionApprovalTest.php" line="18" assertions="2" time="0.174303"/>
      <testcase name="testCompleteWithOutstandingApprovals" class="RoleCall\Requisitions\Utilities\CompleteRequisitionApprovalTest" file="/home/ubuntu/subhub-api/tests/Requisitions/Utilities/CompleteRequisitionApprovalTest.php" line="45" assertions="5" time="0.183370"/>
    </testsuite>
    <testsuite name="RoleCall\Requisitions\Utilities\InitializeRequisitionApprovalsTest" file="/home/ubuntu/subhub-api/tests/Requisitions/Utilities/InitializeRequisitionApprovalsTest.php" tests="1" assertions="2" failures="0" errors="0" time="0.302297">
      <testcase name="testInitialize" class="RoleCall\Requisitions\Utilities\InitializeRequisitionApprovalsTest" file="/home/ubuntu/subhub-api/tests/Requisitions/Utilities/InitializeRequisitionApprovalsTest.php" line="15" assertions="2" time="0.302297"/>
    </testsuite>
    <testsuite name="RoleCall\Requisitions\Utilities\NextRequisitionApprovalsTest" file="/home/ubuntu/subhub-api/tests/Requisitions/Utilities/NextRequisitionApprovalsTest.php" tests="25" assertions="164" failures="0" errors="0" time="6.723616">
      <testcase name="testInvalidStatus" class="RoleCall\Requisitions\Utilities\NextRequisitionApprovalsTest" file="/home/ubuntu/subhub-api/tests/Requisitions/Utilities/NextRequisitionApprovalsTest.php" line="14" assertions="2" time="0.129629"/>
      <testsuite name="RoleCall\Requisitions\Utilities\NextRequisitionApprovalsTest::testOneGroup" tests="6" assertions="36" failures="0" errors="0" time="1.196056">
        <testcase name="testOneGroup with data set &quot;or_pending&quot;" assertions="6" time="0.246808"/>
        <testcase name="testOneGroup with data set &quot;and_pending&quot;" assertions="6" time="0.176966"/>
        <testcase name="testOneGroup with data set &quot;or_one_approved&quot;" assertions="6" time="0.173971"/>
        <testcase name="testOneGroup with data set &quot;or_one_denied&quot;" assertions="6" time="0.250444"/>
        <testcase name="testOneGroup with data set &quot;and_one_approved&quot;" assertions="6" time="0.174410"/>
        <testcase name="testOneGroup with data set &quot;and_one_denied&quot;" assertions="6" time="0.173457"/>
      </testsuite>
      <testsuite name="RoleCall\Requisitions\Utilities\NextRequisitionApprovalsTest::testMultipleGroups" tests="18" assertions="126" failures="0" errors="0" time="5.397931">
        <testcase name="testMultipleGroups with data set &quot;outer_and_inner_and_pending&quot;" assertions="7" time="0.387923"/>
        <testcase name="testMultipleGroups with data set &quot;outer_or_inner_or_pending&quot;" assertions="7" time="0.235463"/>
        <testcase name="testMultipleGroups with data set &quot;outer_and_inner_or_pending&quot;" assertions="7" time="0.215566"/>
        <testcase name="testMultipleGroups with data set &quot;outer_or_inner_and_pending&quot;" assertions="7" time="0.428951"/>
        <testcase name="testMultipleGroups with data set &quot;outer_or_inner_and_inner_or_pending&quot;" assertions="7" time="0.318111"/>
        <testcase name="testMultipleGroups with data set &quot;outer_and_inner_or_inner_and_pending&quot;" assertions="7" time="0.319015"/>
        <testcase name="testMultipleGroups with data set &quot;outer_and_inner_and_approved_one_group&quot;" assertions="7" time="0.436205"/>
        <testcase name="testMultipleGroups with data set &quot;outer_or_inner_or_approved_one_group&quot;" assertions="7" time="0.306211"/>
        <testcase name="testMultipleGroups with data set &quot;outer_and_inner_or_approved_one_group&quot;" assertions="7" time="0.311881"/>
        <testcase name="testMultipleGroups with data set &quot;outer_or_inner_and_approved_one_group&quot;" assertions="7" time="0.437208"/>
        <testcase name="testMultipleGroups with data set &quot;outer_or_inner_and_inner_or_approved_one_group&quot;" assertions="7" time="0.330468"/>
        <testcase name="testMultipleGroups with data set &quot;outer_and_inner_or_inner_and_approved_one_group&quot;" assertions="7" time="0.395500"/>
        <testcase name="testMultipleGroups with data set &quot;outer_and_inner_and_approved_both_groups&quot;" assertions="7" time="0.188512"/>
        <testcase name="testMultipleGroups with data set &quot;outer_or_inner_or_approved_both_groups&quot;" assertions="7" time="0.186506"/>
        <testcase name="testMultipleGroups with data set &quot;outer_and_inner_or_approved_both_groups&quot;" assertions="7" time="0.262825"/>
        <testcase name="testMultipleGroups with data set &quot;outer_or_inner_and_approved_both_groups&quot;" assertions="7" time="0.187310"/>
        <testcase name="testMultipleGroups with data set &quot;outer_or_inner_and_inner_or_approved_both_groups&quot;" assertions="7" time="0.187408"/>
        <testcase name="testMultipleGroups with data set &quot;outer_and_inner_or_inner_and_approved_both_groups&quot;" assertions="7" time="0.262868"/>
      </testsuite>
    </testsuite>
    <testsuite name="RoleCall\Requisitions\Utilities\RefreshRequisitionStatusTest" file="/home/ubuntu/subhub-api/tests/Requisitions/Utilities/RefreshRequisitionStatusTest.php" tests="33" assertions="37" failures="0" errors="0" time="6.499861">
      <testcase name="testRefreshInvalidStatuses" class="RoleCall\Requisitions\Utilities\RefreshRequisitionStatusTest" file="/home/ubuntu/subhub-api/tests/Requisitions/Utilities/RefreshRequisitionStatusTest.php" line="14" assertions="5" time="0.163164"/>
      <testcase name="testRefreshByExpiry" class="RoleCall\Requisitions\Utilities\RefreshRequisitionStatusTest" file="/home/ubuntu/subhub-api/tests/Requisitions/Utilities/RefreshRequisitionStatusTest.php" line="73" assertions="1" time="0.131454"/>
      <testsuite name="RoleCall\Requisitions\Utilities\RefreshRequisitionStatusTest::testRefreshByApplications" tests="7" assertions="7" failures="0" errors="0" time="1.246644">
        <testcase name="testRefreshByApplications with data set &quot;open_with_applied&quot;" assertions="1" time="0.217837"/>
        <testcase name="testRefreshByApplications with data set &quot;open_with_rejected&quot;" assertions="1" time="0.144380"/>
        <testcase name="testRefreshByApplications with data set &quot;open_with_selected&quot;" assertions="1" time="0.147943"/>
        <testcase name="testRefreshByApplications with data set &quot;open_with_selected_and_ready_to_hire&quot;" assertions="1" time="0.219086"/>
        <testcase name="testRefreshByApplications with data set &quot;pending_filled_with_selected_and_ready_to_hire&quot;" assertions="1" time="0.148442"/>
        <testcase name="testRefreshByApplications with data set &quot;pending_filled_with_ready_to_hire&quot;" assertions="1" time="0.147121"/>
        <testcase name="testRefreshByApplications with data set &quot;pending_filled_with_rejected&quot;" assertions="1" time="0.221835"/>
      </testsuite>
      <testsuite name="RoleCall\Requisitions\Utilities\RefreshRequisitionStatusTest::testRefreshApprovalWithOneGroup" tests="6" assertions="6" failures="0" errors="0" time="1.170747">
        <testcase name="testRefreshApprovalWithOneGroup with data set &quot;or_all_pending&quot;" assertions="1" time="0.172862"/>
        <testcase name="testRefreshApprovalWithOneGroup with data set &quot;and_all_pending&quot;" assertions="1" time="0.241779"/>
        <testcase name="testRefreshApprovalWithOneGroup with data set &quot;or_one_approved&quot;" assertions="1" time="0.173436"/>
        <testcase name="testRefreshApprovalWithOneGroup with data set &quot;and_one_approved&quot;" assertions="1" time="0.171196"/>
        <testcase name="testRefreshApprovalWithOneGroup with data set &quot;or_one_denied&quot;" assertions="1" time="0.241266"/>
        <testcase name="testRefreshApprovalWithOneGroup with data set &quot;and_one_denied&quot;" assertions="1" time="0.170208"/>
      </testsuite>
      <testsuite name="RoleCall\Requisitions\Utilities\RefreshRequisitionStatusTest::testApprovalMultipleGroups" tests="18" assertions="18" failures="0" errors="0" time="3.787852">
        <testcase name="testApprovalMultipleGroups with data set &quot;outer_and_inner_and_pending&quot;" assertions="1" time="0.183902"/>
        <testcase name="testApprovalMultipleGroups with data set &quot;outer_or_inner_or_pending&quot;" assertions="1" time="0.259842"/>
        <testcase name="testApprovalMultipleGroups with data set &quot;outer_and_inner_or_pending&quot;" assertions="1" time="0.189970"/>
        <testcase name="testApprovalMultipleGroups with data set &quot;outer_or_inner_and_pending&quot;" assertions="1" time="0.189144"/>
        <testcase name="testApprovalMultipleGroups with data set &quot;outer_or_inner_and_inner_or_pending&quot;" assertions="1" time="0.258519"/>
        <testcase name="testApprovalMultipleGroups with data set &quot;outer_and_inner_or_inner_and_pending&quot;" assertions="1" time="0.185459"/>
        <testcase name="testApprovalMultipleGroups with data set &quot;outer_and_inner_and_approved_one_group&quot;" assertions="1" time="0.184184"/>
        <testcase name="testApprovalMultipleGroups with data set &quot;outer_or_inner_or_approved_one_group&quot;" assertions="1" time="0.258702"/>
        <testcase name="testApprovalMultipleGroups with data set &quot;outer_and_inner_or_approved_one_group&quot;" assertions="1" time="0.186823"/>
        <testcase name="testApprovalMultipleGroups with data set &quot;outer_or_inner_and_approved_one_group&quot;" assertions="1" time="0.187117"/>
        <testcase name="testApprovalMultipleGroups with data set &quot;outer_or_inner_and_inner_or_approved_one_group&quot;" assertions="1" time="0.259232"/>
        <testcase name="testApprovalMultipleGroups with data set &quot;outer_and_inner_or_inner_and_approved_one_group&quot;" assertions="1" time="0.186001"/>
        <testcase name="testApprovalMultipleGroups with data set &quot;outer_and_inner_and_approved_both_groups&quot;" assertions="1" time="0.255299"/>
        <testcase name="testApprovalMultipleGroups with data set &quot;outer_or_inner_or_approved_both_groups&quot;" assertions="1" time="0.187052"/>
        <testcase name="testApprovalMultipleGroups with data set &quot;outer_and_inner_or_approved_both_groups&quot;" assertions="1" time="0.186709"/>
        <testcase name="testApprovalMultipleGroups with data set &quot;outer_or_inner_and_approved_both_groups&quot;" assertions="1" time="0.258165"/>
        <testcase name="testApprovalMultipleGroups with data set &quot;outer_or_inner_and_inner_or_approved_both_groups&quot;" assertions="1" time="0.186691"/>
        <testcase name="testApprovalMultipleGroups with data set &quot;outer_and_inner_or_inner_and_approved_both_groups&quot;" assertions="1" time="0.185041"/>
      </testsuite>
    </testsuite>
    <testsuite name="RoleCall\RestrictedDates\Policies\RestrictedDatePolicyTest" file="/home/ubuntu/subhub-api/tests/RestrictedDates/Policies/RestrictedDatePolicyTest.php" tests="5" assertions="56" failures="0" errors="0" time="1.223505">
      <testcase name="testCreate" class="RoleCall\RestrictedDates\Policies\RestrictedDatePolicyTest" file="/home/ubuntu/subhub-api/tests/RestrictedDates/Policies/RestrictedDatePolicyTest.php" line="38" assertions="4" time="0.242482"/>
      <testcase name="testDelete" class="RoleCall\RestrictedDates\Policies\RestrictedDatePolicyTest" file="/home/ubuntu/subhub-api/tests/RestrictedDates/Policies/RestrictedDatePolicyTest.php" line="48" assertions="4" time="0.171359"/>
      <testcase name="testIndex" class="RoleCall\RestrictedDates\Policies\RestrictedDatePolicyTest" file="/home/ubuntu/subhub-api/tests/RestrictedDates/Policies/RestrictedDatePolicyTest.php" line="61" assertions="4" time="0.168509"/>
      <testcase name="testUpdateForDistrict" class="RoleCall\RestrictedDates\Policies\RestrictedDatePolicyTest" file="/home/ubuntu/subhub-api/tests/RestrictedDates/Policies/RestrictedDatePolicyTest.php" line="71" assertions="22" time="0.352224"/>
      <testcase name="testUpdateForSchool" class="RoleCall\RestrictedDates\Policies\RestrictedDatePolicyTest" file="/home/ubuntu/subhub-api/tests/RestrictedDates/Policies/RestrictedDatePolicyTest.php" line="142" assertions="22" time="0.288931"/>
    </testsuite>
    <testsuite name="RoleCall\RestrictedDates\Requests\CreateRestrictedDateRequestTest" file="/home/ubuntu/subhub-api/tests/RestrictedDates/Requests/CreateRestrictedDateRequestTest.php" tests="4" assertions="16" failures="0" errors="0" time="0.569291">
      <testcase name="testValid" class="RoleCall\RestrictedDates\Requests\CreateRestrictedDateRequestTest" file="/home/ubuntu/subhub-api/tests/RestrictedDates/Requests/CreateRestrictedDateRequestTest.php" line="16" assertions="1" time="0.123622"/>
      <testcase name="testRequiredFields" class="RoleCall\RestrictedDates\Requests\CreateRestrictedDateRequestTest" file="/home/ubuntu/subhub-api/tests/RestrictedDates/Requests/CreateRestrictedDateRequestTest.php" line="32" assertions="8" time="0.196520"/>
      <testcase name="testValidFields" class="RoleCall\RestrictedDates\Requests\CreateRestrictedDateRequestTest" file="/home/ubuntu/subhub-api/tests/RestrictedDates/Requests/CreateRestrictedDateRequestTest.php" line="48" assertions="6" time="0.125684"/>
      <testcase name="testSameDates" class="RoleCall\RestrictedDates\Requests\CreateRestrictedDateRequestTest" file="/home/ubuntu/subhub-api/tests/RestrictedDates/Requests/CreateRestrictedDateRequestTest.php" line="71" assertions="1" time="0.123465"/>
    </testsuite>
    <testsuite name="RoleCall\RestrictedDates\Requests\UpdateRestrictedDateRequestTest" file="/home/ubuntu/subhub-api/tests/RestrictedDates/Requests/UpdateRestrictedDateRequestTest.php" tests="3" assertions="8" failures="0" errors="0" time="0.447355">
      <testcase name="testValid" class="RoleCall\RestrictedDates\Requests\UpdateRestrictedDateRequestTest" file="/home/ubuntu/subhub-api/tests/RestrictedDates/Requests/UpdateRestrictedDateRequestTest.php" line="12" assertions="1" time="0.196300"/>
      <testcase name="testValidFields" class="RoleCall\RestrictedDates\Requests\UpdateRestrictedDateRequestTest" file="/home/ubuntu/subhub-api/tests/RestrictedDates/Requests/UpdateRestrictedDateRequestTest.php" line="28" assertions="6" time="0.126383"/>
      <testcase name="testSameDates" class="RoleCall\RestrictedDates\Requests\UpdateRestrictedDateRequestTest" file="/home/ubuntu/subhub-api/tests/RestrictedDates/Requests/UpdateRestrictedDateRequestTest.php" line="51" assertions="1" time="0.124672"/>
    </testsuite>
    <testsuite name="RoleCall\RestrictedDates\Services\CreateRestrictedDateTest" file="/home/ubuntu/subhub-api/tests/RestrictedDates/Services/CreateRestrictedDateTest.php" tests="9" assertions="52" failures="0" errors="0" time="2.531398">
      <testcase name="testCreateRestrictedDate" class="RoleCall\RestrictedDates\Services\CreateRestrictedDateTest" file="/home/ubuntu/subhub-api/tests/RestrictedDates/Services/CreateRestrictedDateTest.php" line="21" assertions="11" time="0.302473"/>
      <testcase name="testCreateAsAgencyAdmin" class="RoleCall\RestrictedDates\Services\CreateRestrictedDateTest" file="/home/ubuntu/subhub-api/tests/RestrictedDates/Services/CreateRestrictedDateTest.php" line="87" assertions="4" time="0.239186"/>
      <testcase name="testCreateAsStaff" class="RoleCall\RestrictedDates\Services\CreateRestrictedDateTest" file="/home/ubuntu/subhub-api/tests/RestrictedDates/Services/CreateRestrictedDateTest.php" line="122" assertions="4" time="0.303809"/>
      <testcase name="testCreateWithSchools" class="RoleCall\RestrictedDates\Services\CreateRestrictedDateTest" file="/home/ubuntu/subhub-api/tests/RestrictedDates/Services/CreateRestrictedDateTest.php" line="157" assertions="4" time="0.201399"/>
      <testcase name="testCreateWithPositions" class="RoleCall\RestrictedDates\Services\CreateRestrictedDateTest" file="/home/ubuntu/subhub-api/tests/RestrictedDates/Services/CreateRestrictedDateTest.php" line="195" assertions="4" time="0.195047"/>
      <testcase name="testCreateWithReasons" class="RoleCall\RestrictedDates\Services\CreateRestrictedDateTest" file="/home/ubuntu/subhub-api/tests/RestrictedDates/Services/CreateRestrictedDateTest.php" line="233" assertions="4" time="0.260160"/>
      <testcase name="testCreateWithConflictingAbsences" class="RoleCall\RestrictedDates\Services\CreateRestrictedDateTest" file="/home/ubuntu/subhub-api/tests/RestrictedDates/Services/CreateRestrictedDateTest.php" line="259" assertions="7" time="0.358862"/>
      <testcase name="testCreateAndOnlyShowInSelectedDistrict" class="RoleCall\RestrictedDates\Services\CreateRestrictedDateTest" file="/home/ubuntu/subhub-api/tests/RestrictedDates/Services/CreateRestrictedDateTest.php" line="322" assertions="10" time="0.335218"/>
      <testcase name="testCreateWithBlankValues" class="RoleCall\RestrictedDates\Services\CreateRestrictedDateTest" file="/home/ubuntu/subhub-api/tests/RestrictedDates/Services/CreateRestrictedDateTest.php" line="422" assertions="4" time="0.335244"/>
    </testsuite>
    <testsuite name="RoleCall\RestrictedDates\Services\UpdateRestrictedDateTest" file="/home/ubuntu/subhub-api/tests/RestrictedDates/Services/UpdateRestrictedDateTest.php" tests="3" assertions="41" failures="0" errors="0" time="0.993674">
      <testcase name="testUpdate" class="RoleCall\RestrictedDates\Services\UpdateRestrictedDateTest" file="/home/ubuntu/subhub-api/tests/RestrictedDates/Services/UpdateRestrictedDateTest.php" line="17" assertions="13" time="0.316594"/>
      <testcase name="testUpdateSchools" class="RoleCall\RestrictedDates\Services\UpdateRestrictedDateTest" file="/home/ubuntu/subhub-api/tests/RestrictedDates/Services/UpdateRestrictedDateTest.php" line="73" assertions="14" time="0.371356"/>
      <testcase name="testUpdatePositions" class="RoleCall\RestrictedDates\Services\UpdateRestrictedDateTest" file="/home/ubuntu/subhub-api/tests/RestrictedDates/Services/UpdateRestrictedDateTest.php" line="129" assertions="14" time="0.305724"/>
    </testsuite>
    <testsuite name="RoleCall\RestrictedDates\Utilities\GetConflictsTest" file="/home/ubuntu/subhub-api/tests/RestrictedDates/Utilities/GetConflictsTest.php" tests="2" assertions="3" failures="0" errors="0" time="0.569397">
      <testcase name="testGet" class="RoleCall\RestrictedDates\Utilities\GetConflictsTest" file="/home/ubuntu/subhub-api/tests/RestrictedDates/Utilities/GetConflictsTest.php" line="17" assertions="2" time="0.249971"/>
      <testcase name="testGetZeroTimeBetweenStartAndEnd" class="RoleCall\RestrictedDates\Utilities\GetConflictsTest" file="/home/ubuntu/subhub-api/tests/RestrictedDates/Utilities/GetConflictsTest.php" line="96" assertions="1" time="0.319426"/>
    </testsuite>
    <testsuite name="RoleCall\Resumes\Services\CreateResumeTest" file="/home/ubuntu/subhub-api/tests/Resumes/Services/CreateResumeTest.php" tests="1" assertions="8" failures="0" errors="0" time="0.145612">
      <testcase name="testCreate" class="RoleCall\Resumes\Services\CreateResumeTest" file="/home/ubuntu/subhub-api/tests/Resumes/Services/CreateResumeTest.php" line="15" assertions="8" time="0.145612"/>
    </testsuite>
    <testsuite name="RoleCall\Schedules\Jobs\RegenerateDistrictScheduleDatesTest" file="/home/ubuntu/subhub-api/tests/Schedules/Jobs/RegenerateDistrictScheduleDatesTest.php" tests="2" assertions="1" failures="0" errors="0" time="0.380296">
      <testcase name="testConstruct" class="RoleCall\Schedules\Jobs\RegenerateDistrictScheduleDatesTest" file="/home/ubuntu/subhub-api/tests/Schedules/Jobs/RegenerateDistrictScheduleDatesTest.php" line="13" assertions="1" time="0.122982"/>
      <testcase name="testHandle" class="RoleCall\Schedules\Jobs\RegenerateDistrictScheduleDatesTest" file="/home/ubuntu/subhub-api/tests/Schedules/Jobs/RegenerateDistrictScheduleDatesTest.php" line="20" assertions="0" time="0.257314"/>
    </testsuite>
    <testsuite name="RoleCall\Schedules\Jobs\RegenerateUserScheduleDatesTest" file="/home/ubuntu/subhub-api/tests/Schedules/Jobs/RegenerateUserScheduleDatesTest.php" tests="2" assertions="1" failures="0" errors="0" time="0.319296">
      <testcase name="testConstruct" class="RoleCall\Schedules\Jobs\RegenerateUserScheduleDatesTest" file="/home/ubuntu/subhub-api/tests/Schedules/Jobs/RegenerateUserScheduleDatesTest.php" line="13" assertions="1" time="0.134747"/>
      <testcase name="testHandle" class="RoleCall\Schedules\Jobs\RegenerateUserScheduleDatesTest" file="/home/ubuntu/subhub-api/tests/Schedules/Jobs/RegenerateUserScheduleDatesTest.php" line="20" assertions="0" time="0.184549"/>
    </testsuite>
    <testsuite name="RoleCall\Schedules\Policies\ScheduleRulePolicyTest" file="/home/ubuntu/subhub-api/tests/Schedules/Policies/ScheduleRulePolicyTest.php" tests="3" assertions="48" failures="0" errors="0" time="0.891209">
      <testcase name="testCreate" class="RoleCall\Schedules\Policies\ScheduleRulePolicyTest" file="/home/ubuntu/subhub-api/tests/Schedules/Policies/ScheduleRulePolicyTest.php" line="13" assertions="16" time="0.321025"/>
      <testcase name="testDelete" class="RoleCall\Schedules\Policies\ScheduleRulePolicyTest" file="/home/ubuntu/subhub-api/tests/Schedules/Policies/ScheduleRulePolicyTest.php" line="72" assertions="16" time="0.249233"/>
      <testcase name="testView" class="RoleCall\Schedules\Policies\ScheduleRulePolicyTest" file="/home/ubuntu/subhub-api/tests/Schedules/Policies/ScheduleRulePolicyTest.php" line="139" assertions="16" time="0.320951"/>
    </testsuite>
    <testsuite name="RoleCall\Schedules\Requests\CreateAvailabilityRequestTest" file="/home/ubuntu/subhub-api/tests/Schedules/Requests/CreateAvailabilityRequestTest.php" tests="4" assertions="16" failures="0" errors="0" time="0.578475">
      <testcase name="testValid" class="RoleCall\Schedules\Requests\CreateAvailabilityRequestTest" file="/home/ubuntu/subhub-api/tests/Schedules/Requests/CreateAvailabilityRequestTest.php" line="12" assertions="1" time="0.126853"/>
      <testcase name="testRequiredFields" class="RoleCall\Schedules\Requests\CreateAvailabilityRequestTest" file="/home/ubuntu/subhub-api/tests/Schedules/Requests/CreateAvailabilityRequestTest.php" line="29" assertions="6" time="0.125662"/>
      <testcase name="testInvalidFields" class="RoleCall\Schedules\Requests\CreateAvailabilityRequestTest" file="/home/ubuntu/subhub-api/tests/Schedules/Requests/CreateAvailabilityRequestTest.php" line="43" assertions="6" time="0.201268"/>
      <testcase name="testDateFields" class="RoleCall\Schedules\Requests\CreateAvailabilityRequestTest" file="/home/ubuntu/subhub-api/tests/Schedules/Requests/CreateAvailabilityRequestTest.php" line="65" assertions="3" time="0.124692"/>
    </testsuite>
    <testsuite name="RoleCall\Schedules\Requests\SaveWeekRequestTest" file="/home/ubuntu/subhub-api/tests/Schedules/Requests/SaveWeekRequestTest.php" tests="3" assertions="10" failures="0" errors="0" time="0.474903">
      <testcase name="testValid" class="RoleCall\Schedules\Requests\SaveWeekRequestTest" file="/home/ubuntu/subhub-api/tests/Schedules/Requests/SaveWeekRequestTest.php" line="13" assertions="1" time="0.137209"/>
      <testcase name="testRequiredFields" class="RoleCall\Schedules\Requests\SaveWeekRequestTest" file="/home/ubuntu/subhub-api/tests/Schedules/Requests/SaveWeekRequestTest.php" line="43" assertions="3" time="0.204448"/>
      <testcase name="testInvalidFields" class="RoleCall\Schedules\Requests\SaveWeekRequestTest" file="/home/ubuntu/subhub-api/tests/Schedules/Requests/SaveWeekRequestTest.php" line="56" assertions="6" time="0.133246"/>
    </testsuite>
    <testsuite name="RoleCall\Schedules\Requests\UpdateAvailabilityRequestTest" file="/home/ubuntu/subhub-api/tests/Schedules/Requests/UpdateAvailabilityRequestTest.php" tests="4" assertions="16" failures="0" errors="0" time="0.573167">
      <testcase name="testValid" class="RoleCall\Schedules\Requests\UpdateAvailabilityRequestTest" file="/home/ubuntu/subhub-api/tests/Schedules/Requests/UpdateAvailabilityRequestTest.php" line="12" assertions="1" time="0.124250"/>
      <testcase name="testRequiredFields" class="RoleCall\Schedules\Requests\UpdateAvailabilityRequestTest" file="/home/ubuntu/subhub-api/tests/Schedules/Requests/UpdateAvailabilityRequestTest.php" line="29" assertions="6" time="0.198348"/>
      <testcase name="testInvalidFields" class="RoleCall\Schedules\Requests\UpdateAvailabilityRequestTest" file="/home/ubuntu/subhub-api/tests/Schedules/Requests/UpdateAvailabilityRequestTest.php" line="43" assertions="6" time="0.125580"/>
      <testcase name="testDateFields" class="RoleCall\Schedules\Requests\UpdateAvailabilityRequestTest" file="/home/ubuntu/subhub-api/tests/Schedules/Requests/UpdateAvailabilityRequestTest.php" line="65" assertions="3" time="0.124989"/>
    </testsuite>
    <testsuite name="RoleCall\Schedules\ScheduleTest" file="/home/ubuntu/subhub-api/tests/Schedules/ScheduleTest.php" tests="4" assertions="17" failures="0" errors="0" time="0.719470">
      <testcase name="testBetween" class="RoleCall\Schedules\ScheduleTest" file="/home/ubuntu/subhub-api/tests/Schedules/ScheduleTest.php" line="12" assertions="12" time="0.220718"/>
      <testcase name="testBetweenKeepingOverlaps" class="RoleCall\Schedules\ScheduleTest" file="/home/ubuntu/subhub-api/tests/Schedules/ScheduleTest.php" line="55" assertions="3" time="0.142627"/>
      <testcase name="testTotalHours" class="RoleCall\Schedules\ScheduleTest" file="/home/ubuntu/subhub-api/tests/Schedules/ScheduleTest.php" line="89" assertions="1" time="0.147733"/>
      <testcase name="testTotalHoursIfZero" class="RoleCall\Schedules\ScheduleTest" file="/home/ubuntu/subhub-api/tests/Schedules/ScheduleTest.php" line="113" assertions="1" time="0.208392"/>
    </testsuite>
    <testsuite name="RoleCall\Schedules\Services\CreateScheduleRuleTest" file="/home/ubuntu/subhub-api/tests/Schedules/Services/CreateScheduleRuleTest.php" tests="1" assertions="5" failures="0" errors="0" time="0.163845">
      <testcase name="testCreateScheduleRule" class="RoleCall\Schedules\Services\CreateScheduleRuleTest" file="/home/ubuntu/subhub-api/tests/Schedules/Services/CreateScheduleRuleTest.php" line="12" assertions="5" time="0.163845"/>
    </testsuite>
    <testsuite name="RoleCall\Schedules\Services\GenerateAvailabilityScheduleDatesTest" file="/home/ubuntu/subhub-api/tests/Schedules/Services/GenerateAvailabilityScheduleDatesTest.php" tests="3" assertions="20" failures="0" errors="0" time="0.730438">
      <testcase name="testGenerateForTwoSubs" class="RoleCall\Schedules\Services\GenerateAvailabilityScheduleDatesTest" file="/home/ubuntu/subhub-api/tests/Schedules/Services/GenerateAvailabilityScheduleDatesTest.php" line="13" assertions="10" time="0.243099"/>
      <testcase name="testGenerateForDeactivatedSub" class="RoleCall\Schedules\Services\GenerateAvailabilityScheduleDatesTest" file="/home/ubuntu/subhub-api/tests/Schedules/Services/GenerateAvailabilityScheduleDatesTest.php" line="69" assertions="5" time="0.274258"/>
      <testcase name="testDontGenerateForThePast" class="RoleCall\Schedules\Services\GenerateAvailabilityScheduleDatesTest" file="/home/ubuntu/subhub-api/tests/Schedules/Services/GenerateAvailabilityScheduleDatesTest.php" line="104" assertions="5" time="0.213081"/>
    </testsuite>
    <testsuite name="RoleCall\School\Controllers\CustomSchoolValuesControllerTest" file="/home/ubuntu/subhub-api/tests/Schools/Controllers/CustomSchoolValuesControllerTest.php" tests="5" assertions="23" failures="0" errors="0" time="1.392249">
      <testcase name="testStore" class="RoleCall\School\Controllers\CustomSchoolValuesControllerTest" file="/home/ubuntu/subhub-api/tests/Schools/Controllers/CustomSchoolValuesControllerTest.php" line="14" assertions="4" time="0.277174"/>
      <testcase name="testSchoolCanHaveMoreThanOneValuePerField" class="RoleCall\School\Controllers\CustomSchoolValuesControllerTest" file="/home/ubuntu/subhub-api/tests/Schools/Controllers/CustomSchoolValuesControllerTest.php" line="34" assertions="6" time="0.234955"/>
      <testcase name="testUpdate" class="RoleCall\School\Controllers\CustomSchoolValuesControllerTest" file="/home/ubuntu/subhub-api/tests/Schools/Controllers/CustomSchoolValuesControllerTest.php" line="59" assertions="5" time="0.282036"/>
      <testcase name="testDelete" class="RoleCall\School\Controllers\CustomSchoolValuesControllerTest" file="/home/ubuntu/subhub-api/tests/Schools/Controllers/CustomSchoolValuesControllerTest.php" line="83" assertions="4" time="0.195836"/>
      <testcase name="testIndex" class="RoleCall\School\Controllers\CustomSchoolValuesControllerTest" file="/home/ubuntu/subhub-api/tests/Schools/Controllers/CustomSchoolValuesControllerTest.php" line="106" assertions="4" time="0.402248"/>
    </testsuite>
    <testsuite name="RoleCall\Schools\Controllers\SchoolDatesControllerTest" file="/home/ubuntu/subhub-api/tests/Schools/Controllers/SchoolDatesControllerTest.php" tests="2" assertions="11" failures="0" errors="0" time="0.610472">
      <testcase name="testStore" class="RoleCall\Schools\Controllers\SchoolDatesControllerTest" file="/home/ubuntu/subhub-api/tests/Schools/Controllers/SchoolDatesControllerTest.php" line="16" assertions="5" time="0.322157"/>
      <testcase name="testUpdate" class="RoleCall\Schools\Controllers\SchoolDatesControllerTest" file="/home/ubuntu/subhub-api/tests/Schools/Controllers/SchoolDatesControllerTest.php" line="42" assertions="6" time="0.288315"/>
    </testsuite>
    <testsuite name="RoleCall\Schools\Controllers\SchoolPreferencesControllerTest" file="/home/ubuntu/subhub-api/tests/Schools/Controllers/SchoolPreferencesControllerTest.php" tests="7" assertions="19" failures="0" errors="0" time="1.909831">
      <testcase name="testShow" class="RoleCall\Schools\Controllers\SchoolPreferencesControllerTest" file="/home/ubuntu/subhub-api/tests/Schools/Controllers/SchoolPreferencesControllerTest.php" line="13" assertions="3" time="0.396818"/>
      <testcase name="testStore" class="RoleCall\Schools\Controllers\SchoolPreferencesControllerTest" file="/home/ubuntu/subhub-api/tests/Schools/Controllers/SchoolPreferencesControllerTest.php" line="30" assertions="4" time="0.218925"/>
      <testcase name="testDestroy" class="RoleCall\Schools\Controllers\SchoolPreferencesControllerTest" file="/home/ubuntu/subhub-api/tests/Schools/Controllers/SchoolPreferencesControllerTest.php" line="56" assertions="4" time="0.280594"/>
      <testcase name="testPreferSub" class="RoleCall\Schools\Controllers\SchoolPreferencesControllerTest" file="/home/ubuntu/subhub-api/tests/Schools/Controllers/SchoolPreferencesControllerTest.php" line="84" assertions="2" time="0.213972"/>
      <testcase name="testUnpreferSub" class="RoleCall\Schools\Controllers\SchoolPreferencesControllerTest" file="/home/ubuntu/subhub-api/tests/Schools/Controllers/SchoolPreferencesControllerTest.php" line="103" assertions="2" time="0.289101"/>
      <testcase name="testBlockSub" class="RoleCall\Schools\Controllers\SchoolPreferencesControllerTest" file="/home/ubuntu/subhub-api/tests/Schools/Controllers/SchoolPreferencesControllerTest.php" line="127" assertions="2" time="0.219376"/>
      <testcase name="testUnblockSub" class="RoleCall\Schools\Controllers\SchoolPreferencesControllerTest" file="/home/ubuntu/subhub-api/tests/Schools/Controllers/SchoolPreferencesControllerTest.php" line="146" assertions="2" time="0.291044"/>
    </testsuite>
    <testsuite name="RoleCall\Schools\Controllers\SchoolsControllerTest" file="/home/ubuntu/subhub-api/tests/Schools/Controllers/SchoolsControllerTest.php" tests="3" assertions="13" failures="0" errors="0" time="1.060179">
      <testcase name="testIndex" class="RoleCall\Schools\Controllers\SchoolsControllerTest" file="/home/ubuntu/subhub-api/tests/Schools/Controllers/SchoolsControllerTest.php" line="13" assertions="5" time="0.435725"/>
      <testcase name="testIndexJson" class="RoleCall\Schools\Controllers\SchoolsControllerTest" file="/home/ubuntu/subhub-api/tests/Schools/Controllers/SchoolsControllerTest.php" line="37" assertions="5" time="0.230336"/>
      <testcase name="testCreate" class="RoleCall\Schools\Controllers\SchoolsControllerTest" file="/home/ubuntu/subhub-api/tests/Schools/Controllers/SchoolsControllerTest.php" line="61" assertions="3" time="0.394118"/>
    </testsuite>
    <testsuite name="RoleCall\Schools\EnrollmentRecordTest" file="/home/ubuntu/subhub-api/tests/Schools/EnrollmentRecordTest.php" tests="2" assertions="2" failures="0" errors="0" time="0.319835">
      <testcase name="testTimestampsAreEnabled" class="RoleCall\Schools\EnrollmentRecordTest" file="/home/ubuntu/subhub-api/tests/Schools/EnrollmentRecordTest.php" line="16" assertions="1" time="0.124692"/>
      <testcase name="testFillable" class="RoleCall\Schools\EnrollmentRecordTest" file="/home/ubuntu/subhub-api/tests/Schools/EnrollmentRecordTest.php" line="21" assertions="1" time="0.195143"/>
    </testsuite>
    <testsuite name="RoleCall\Schools\GradeTest" file="/home/ubuntu/subhub-api/tests/Schools/GradeTest.php" tests="3" assertions="9" failures="0" errors="0" time="0.565262">
      <testcase name="testGetDistrict" class="RoleCall\Schools\GradeTest" file="/home/ubuntu/subhub-api/tests/Schools/GradeTest.php" line="12" assertions="3" time="0.158400"/>
      <testcase name="testGetAbsences" class="RoleCall\Schools\GradeTest" file="/home/ubuntu/subhub-api/tests/Schools/GradeTest.php" line="27" assertions="3" time="0.263621"/>
      <testcase name="testGetUsers" class="RoleCall\Schools\GradeTest" file="/home/ubuntu/subhub-api/tests/Schools/GradeTest.php" line="42" assertions="3" time="0.143241"/>
    </testsuite>
    <testsuite name="RoleCall\Schools\Jobs\ResolveGeoCoordinatesTest" file="/home/ubuntu/subhub-api/tests/Schools/Jobs/ResolveGeoCoordinatesTest.php" tests="2" assertions="4" failures="0" errors="0" time="0.386654">
      <testcase name="testSuccess" class="RoleCall\Schools\Jobs\ResolveGeoCoordinatesTest" file="/home/ubuntu/subhub-api/tests/Schools/Jobs/ResolveGeoCoordinatesTest.php" line="17" assertions="2" time="0.174702"/>
      <testcase name="testFail" class="RoleCall\Schools\Jobs\ResolveGeoCoordinatesTest" file="/home/ubuntu/subhub-api/tests/Schools/Jobs/ResolveGeoCoordinatesTest.php" line="47" assertions="2" time="0.211952"/>
    </testsuite>
    <testsuite name="RoleCall\Schools\Policies\SchoolPolicyTest" file="/home/ubuntu/subhub-api/tests/Schools/Policies/SchoolPolicyTest.php" tests="10" assertions="209" failures="0" errors="0" time="3.430715">
      <testcase name="testCreate" class="RoleCall\Schools\Policies\SchoolPolicyTest" file="/home/ubuntu/subhub-api/tests/Schools/Policies/SchoolPolicyTest.php" line="13" assertions="22" time="0.276596"/>
      <testcase name="testIndex" class="RoleCall\Schools\Policies\SchoolPolicyTest" file="/home/ubuntu/subhub-api/tests/Schools/Policies/SchoolPolicyTest.php" line="83" assertions="11" time="0.277475"/>
      <testcase name="testUpdate" class="RoleCall\Schools\Policies\SchoolPolicyTest" file="/home/ubuntu/subhub-api/tests/Schools/Policies/SchoolPolicyTest.php" line="142" assertions="22" time="0.376645"/>
      <testcase name="testView" class="RoleCall\Schools\Policies\SchoolPolicyTest" file="/home/ubuntu/subhub-api/tests/Schools/Policies/SchoolPolicyTest.php" line="212" assertions="22" time="0.566919"/>
      <testcase name="testViewCallHistory" class="RoleCall\Schools\Policies\SchoolPolicyTest" file="/home/ubuntu/subhub-api/tests/Schools/Policies/SchoolPolicyTest.php" line="282" assertions="22" time="0.296326"/>
      <testcase name="testViewChangeLogs" class="RoleCall\Schools\Policies\SchoolPolicyTest" file="/home/ubuntu/subhub-api/tests/Schools/Policies/SchoolPolicyTest.php" line="352" assertions="22" time="0.370291"/>
      <testcase name="testViewEmailHistory" class="RoleCall\Schools\Policies\SchoolPolicyTest" file="/home/ubuntu/subhub-api/tests/Schools/Policies/SchoolPolicyTest.php" line="422" assertions="22" time="0.292736"/>
      <testcase name="testViewSmsHistory" class="RoleCall\Schools\Policies\SchoolPolicyTest" file="/home/ubuntu/subhub-api/tests/Schools/Policies/SchoolPolicyTest.php" line="492" assertions="22" time="0.295492"/>
      <testcase name="testViewTimesheet" class="RoleCall\Schools\Policies\SchoolPolicyTest" file="/home/ubuntu/subhub-api/tests/Schools/Policies/SchoolPolicyTest.php" line="562" assertions="22" time="0.386088"/>
      <testcase name="testViewUserCounts" class="RoleCall\Schools\Policies\SchoolPolicyTest" file="/home/ubuntu/subhub-api/tests/Schools/Policies/SchoolPolicyTest.php" line="632" assertions="22" time="0.292147"/>
    </testsuite>
    <testsuite name="RoleCall\Schools\Requests\CreateSchoolJobPreferenceRequestTest" file="/home/ubuntu/subhub-api/tests/Schools/Requests/CreateSchoolJobPreferenceRequestTest.php" tests="3" assertions="7" failures="0" errors="0" time="0.459070">
      <testcase name="testValid" class="RoleCall\Schools\Requests\CreateSchoolJobPreferenceRequestTest" file="/home/ubuntu/subhub-api/tests/Schools/Requests/CreateSchoolJobPreferenceRequestTest.php" line="13" assertions="1" time="0.206139"/>
      <testcase name="testRequiredFields" class="RoleCall\Schools\Requests\CreateSchoolJobPreferenceRequestTest" file="/home/ubuntu/subhub-api/tests/Schools/Requests/CreateSchoolJobPreferenceRequestTest.php" line="29" assertions="3" time="0.124684"/>
      <testcase name="testInvalidFields" class="RoleCall\Schools\Requests\CreateSchoolJobPreferenceRequestTest" file="/home/ubuntu/subhub-api/tests/Schools/Requests/CreateSchoolJobPreferenceRequestTest.php" line="40" assertions="3" time="0.128247"/>
    </testsuite>
    <testsuite name="RoleCall\Schools\SchoolTest" file="/home/ubuntu/subhub-api/tests/Schools/SchoolTest.php" tests="40" assertions="48" failures="0" errors="0" time="7.947599">
      <testcase name="testAddTimeApproverStartDateDefaultsToNow" class="RoleCall\Schools\SchoolTest" file="/home/ubuntu/subhub-api/tests/Schools/SchoolTest.php" line="15" assertions="1" time="0.246137"/>
      <testcase name="testAddTimeApproverAttributes" class="RoleCall\Schools\SchoolTest" file="/home/ubuntu/subhub-api/tests/Schools/SchoolTest.php" line="32" assertions="2" time="0.169800"/>
      <testcase name="testAddTimeApproverAttributesEndDateBeforeStartDate" class="RoleCall\Schools\SchoolTest" file="/home/ubuntu/subhub-api/tests/Schools/SchoolTest.php" line="50" assertions="2" time="0.170168"/>
      <testcase name="testAddTimeApproverStartDate" class="RoleCall\Schools\SchoolTest" file="/home/ubuntu/subhub-api/tests/Schools/SchoolTest.php" line="68" assertions="1" time="0.244313"/>
      <testcase name="testAddTimeApproverNullPositions" class="RoleCall\Schools\SchoolTest" file="/home/ubuntu/subhub-api/tests/Schools/SchoolTest.php" line="85" assertions="1" time="0.176412"/>
      <testcase name="testAddTimeApproverArrayOfPositionIds" class="RoleCall\Schools\SchoolTest" file="/home/ubuntu/subhub-api/tests/Schools/SchoolTest.php" line="99" assertions="1" time="0.172776"/>
      <testcase name="testAddTimeApproverArrayOfPositions" class="RoleCall\Schools\SchoolTest" file="/home/ubuntu/subhub-api/tests/Schools/SchoolTest.php" line="113" assertions="1" time="0.248453"/>
      <testcase name="testAddTimeApproverCollectionOfEloquentPositionModels" class="RoleCall\Schools\SchoolTest" file="/home/ubuntu/subhub-api/tests/Schools/SchoolTest.php" line="127" assertions="1" time="0.172010"/>
      <testcase name="testAddTimeApproverCollectionOfPositionIds" class="RoleCall\Schools\SchoolTest" file="/home/ubuntu/subhub-api/tests/Schools/SchoolTest.php" line="141" assertions="1" time="0.170907"/>
      <testcase name="testAddTimeApproverCollectionOfPositionNames" class="RoleCall\Schools\SchoolTest" file="/home/ubuntu/subhub-api/tests/Schools/SchoolTest.php" line="155" assertions="1" time="0.242068"/>
      <testcase name="testAddTimeApproverPositionModel" class="RoleCall\Schools\SchoolTest" file="/home/ubuntu/subhub-api/tests/Schools/SchoolTest.php" line="171" assertions="1" time="0.168700"/>
      <testcase name="testAddTimeApproverPositionId" class="RoleCall\Schools\SchoolTest" file="/home/ubuntu/subhub-api/tests/Schools/SchoolTest.php" line="184" assertions="1" time="0.169176"/>
      <testcase name="testAddTimeApproverPositionName" class="RoleCall\Schools\SchoolTest" file="/home/ubuntu/subhub-api/tests/Schools/SchoolTest.php" line="197" assertions="1" time="0.241801"/>
      <testcase name="testAddAbsenceApproverStartDateDefaultsToNow" class="RoleCall\Schools\SchoolTest" file="/home/ubuntu/subhub-api/tests/Schools/SchoolTest.php" line="212" assertions="1" time="0.168820"/>
      <testcase name="testAddAbsenceApproverAttributes" class="RoleCall\Schools\SchoolTest" file="/home/ubuntu/subhub-api/tests/Schools/SchoolTest.php" line="229" assertions="1" time="0.240230"/>
      <testcase name="testAddAbsenceApproverAttributesEndDateBeforeStartDate" class="RoleCall\Schools\SchoolTest" file="/home/ubuntu/subhub-api/tests/Schools/SchoolTest.php" line="246" assertions="2" time="0.168875"/>
      <testcase name="testAddAbsenceApproverStartDate" class="RoleCall\Schools\SchoolTest" file="/home/ubuntu/subhub-api/tests/Schools/SchoolTest.php" line="264" assertions="1" time="0.168394"/>
      <testcase name="testAddAbsenceApproverNullPositions" class="RoleCall\Schools\SchoolTest" file="/home/ubuntu/subhub-api/tests/Schools/SchoolTest.php" line="281" assertions="1" time="0.249288"/>
      <testcase name="testAddAbsenceApproverArrayOfPositionIds" class="RoleCall\Schools\SchoolTest" file="/home/ubuntu/subhub-api/tests/Schools/SchoolTest.php" line="295" assertions="1" time="0.171498"/>
      <testcase name="testAddAbsenceApproverArrayOfPositions" class="RoleCall\Schools\SchoolTest" file="/home/ubuntu/subhub-api/tests/Schools/SchoolTest.php" line="309" assertions="1" time="0.172519"/>
      <testcase name="testAddAbsenceApproverCollectionOfEloquentPositionModels" class="RoleCall\Schools\SchoolTest" file="/home/ubuntu/subhub-api/tests/Schools/SchoolTest.php" line="323" assertions="1" time="0.247429"/>
      <testcase name="testAddAbsenceApproverCollectionOfPositionIds" class="RoleCall\Schools\SchoolTest" file="/home/ubuntu/subhub-api/tests/Schools/SchoolTest.php" line="337" assertions="1" time="0.172041"/>
      <testcase name="testAddAbsenceApproverCollectionOfPositionNames" class="RoleCall\Schools\SchoolTest" file="/home/ubuntu/subhub-api/tests/Schools/SchoolTest.php" line="351" assertions="1" time="0.170102"/>
      <testcase name="testAddAbsenceApproverPositionModel" class="RoleCall\Schools\SchoolTest" file="/home/ubuntu/subhub-api/tests/Schools/SchoolTest.php" line="367" assertions="1" time="0.243589"/>
      <testcase name="testAddAbsenceApproverPositionId" class="RoleCall\Schools\SchoolTest" file="/home/ubuntu/subhub-api/tests/Schools/SchoolTest.php" line="380" assertions="1" time="0.169855"/>
      <testcase name="testAddAbsenceApproverPositionName" class="RoleCall\Schools\SchoolTest" file="/home/ubuntu/subhub-api/tests/Schools/SchoolTest.php" line="393" assertions="1" time="0.167084"/>
      <testcase name="testAbsenceApproversForPosition" class="RoleCall\Schools\SchoolTest" file="/home/ubuntu/subhub-api/tests/Schools/SchoolTest.php" line="408" assertions="4" time="0.287593"/>
      <testcase name="testAddEmployeeStartDateDefaultsToNow" class="RoleCall\Schools\SchoolTest" file="/home/ubuntu/subhub-api/tests/Schools/SchoolTest.php" line="424" assertions="1" time="0.172238"/>
      <testcase name="testAddEmployeeAttributes" class="RoleCall\Schools\SchoolTest" file="/home/ubuntu/subhub-api/tests/Schools/SchoolTest.php" line="441" assertions="1" time="0.244290"/>
      <testcase name="testAddEmployeeAttributesEndDateBeforeStartDate" class="RoleCall\Schools\SchoolTest" file="/home/ubuntu/subhub-api/tests/Schools/SchoolTest.php" line="458" assertions="2" time="0.172068"/>
      <testcase name="testAddEmployeeStartDate" class="RoleCall\Schools\SchoolTest" file="/home/ubuntu/subhub-api/tests/Schools/SchoolTest.php" line="476" assertions="1" time="0.172123"/>
      <testcase name="testAddEmployeeNullPositions" class="RoleCall\Schools\SchoolTest" file="/home/ubuntu/subhub-api/tests/Schools/SchoolTest.php" line="493" assertions="1" time="0.256991"/>
      <testcase name="testAddEmployeeArrayOfPositionIds" class="RoleCall\Schools\SchoolTest" file="/home/ubuntu/subhub-api/tests/Schools/SchoolTest.php" line="507" assertions="1" time="0.178075"/>
      <testcase name="testAddEmployeeArrayOfPositions" class="RoleCall\Schools\SchoolTest" file="/home/ubuntu/subhub-api/tests/Schools/SchoolTest.php" line="521" assertions="2" time="0.171125"/>
      <testcase name="testAddEmployeeCollectionOfEloquentPositionModels" class="RoleCall\Schools\SchoolTest" file="/home/ubuntu/subhub-api/tests/Schools/SchoolTest.php" line="538" assertions="1" time="0.256752"/>
      <testcase name="testAddEmployeeCollectionOfPositionIds" class="RoleCall\Schools\SchoolTest" file="/home/ubuntu/subhub-api/tests/Schools/SchoolTest.php" line="552" assertions="1" time="0.178217"/>
      <testcase name="testAddEmployeeCollectionOfPositionNames" class="RoleCall\Schools\SchoolTest" file="/home/ubuntu/subhub-api/tests/Schools/SchoolTest.php" line="566" assertions="1" time="0.169187"/>
      <testcase name="testAddEmployeePositionModel" class="RoleCall\Schools\SchoolTest" file="/home/ubuntu/subhub-api/tests/Schools/SchoolTest.php" line="582" assertions="1" time="0.247631"/>
      <testcase name="testAddEmployeePositionId" class="RoleCall\Schools\SchoolTest" file="/home/ubuntu/subhub-api/tests/Schools/SchoolTest.php" line="595" assertions="1" time="0.172117"/>
      <testcase name="testAddEmployeePositionName" class="RoleCall\Schools\SchoolTest" file="/home/ubuntu/subhub-api/tests/Schools/SchoolTest.php" line="608" assertions="1" time="0.166747"/>
    </testsuite>
    <testsuite name="RoleCall\Schools\Scopes\InDistrictScopeTest" file="/home/ubuntu/subhub-api/tests/Schools/Scopes/InDistrictScopeTest.php" tests="1" assertions="3" failures="0" errors="0" time="0.230732">
      <testcase name="testScope" class="RoleCall\Schools\Scopes\InDistrictScopeTest" file="/home/ubuntu/subhub-api/tests/Schools/Scopes/InDistrictScopeTest.php" line="13" assertions="3" time="0.230732"/>
    </testsuite>
    <testsuite name="RoleCall\Schools\Scopes\SchoolVisibleToScopeTest" file="/home/ubuntu/subhub-api/tests/Schools/Scopes/SchoolVisibleToScopeTest.php" tests="1" assertions="24" failures="0" errors="0" time="0.578590">
      <testcase name="testVisibleToSchoolScope" class="RoleCall\Schools\Scopes\SchoolVisibleToScopeTest" file="/home/ubuntu/subhub-api/tests/Schools/Scopes/SchoolVisibleToScopeTest.php" line="14" assertions="24" time="0.578590"/>
    </testsuite>
    <testsuite name="RoleCall\Schools\Scopes\SearchScopeTest" file="/home/ubuntu/subhub-api/tests/Schools/Scopes/SearchScopeTest.php" tests="1" assertions="2" failures="0" errors="0" time="0.200879">
      <testcase name="testScope" class="RoleCall\Schools\Scopes\SearchScopeTest" file="/home/ubuntu/subhub-api/tests/Schools/Scopes/SearchScopeTest.php" line="12" assertions="2" time="0.200879"/>
    </testsuite>
    <testsuite name="RoleCall\Schools\SubjectTest" file="/home/ubuntu/subhub-api/tests/Schools/SubjectTest.php" tests="3" assertions="9" failures="0" errors="0" time="0.568182">
      <testcase name="testGetDistrict" class="RoleCall\Schools\SubjectTest" file="/home/ubuntu/subhub-api/tests/Schools/SubjectTest.php" line="12" assertions="3" time="0.158893"/>
      <testcase name="testGetAbsences" class="RoleCall\Schools\SubjectTest" file="/home/ubuntu/subhub-api/tests/Schools/SubjectTest.php" line="27" assertions="3" time="0.188196"/>
      <testcase name="testGetUsers" class="RoleCall\Schools\SubjectTest" file="/home/ubuntu/subhub-api/tests/Schools/SubjectTest.php" line="42" assertions="3" time="0.221093"/>
    </testsuite>
    <testsuite name="RoleCall\Schools\Transformers\CustomSchoolValuesJsonTransformerTest" file="/home/ubuntu/subhub-api/tests/Schools/Transformers/CustomSchoolValuesJsonTransformerTest.php" tests="3" assertions="3" failures="0" errors="0" time="0.552195">
      <testcase name="testTransformCustomValueModel" class="RoleCall\Schools\Transformers\CustomSchoolValuesJsonTransformerTest" file="/home/ubuntu/subhub-api/tests/Schools/Transformers/CustomSchoolValuesJsonTransformerTest.php" line="12" assertions="1" time="0.158190"/>
      <testcase name="testTransformCustomValueArray" class="RoleCall\Schools\Transformers\CustomSchoolValuesJsonTransformerTest" file="/home/ubuntu/subhub-api/tests/Schools/Transformers/CustomSchoolValuesJsonTransformerTest.php" line="21" assertions="1" time="0.157773"/>
      <testcase name="testTransformCustomValueCollection" class="RoleCall\Schools\Transformers\CustomSchoolValuesJsonTransformerTest" file="/home/ubuntu/subhub-api/tests/Schools/Transformers/CustomSchoolValuesJsonTransformerTest.php" line="30" assertions="1" time="0.236232"/>
    </testsuite>
    <testsuite name="RoleCall\Search\Controllers\EmployeeSearchControllerTest" file="/home/ubuntu/subhub-api/tests/Search/Controllers/EmployeeSearchControllerTest.php" tests="1" assertions="4" failures="0" errors="0" time="0.216716">
      <testcase name="test" class="RoleCall\Search\Controllers\EmployeeSearchControllerTest" file="/home/ubuntu/subhub-api/tests/Search/Controllers/EmployeeSearchControllerTest.php" line="13" assertions="4" time="0.216716"/>
    </testsuite>
    <testsuite name="RoleCall\Search\Controllers\GlobalSearchControllerTest" file="/home/ubuntu/subhub-api/tests/Search/Controllers/GlobalSearchControllerTest.php" tests="1" assertions="5" failures="0" errors="0" time="0.283126">
      <testcase name="test" class="RoleCall\Search\Controllers\GlobalSearchControllerTest" file="/home/ubuntu/subhub-api/tests/Search/Controllers/GlobalSearchControllerTest.php" line="13" assertions="5" time="0.283126"/>
    </testsuite>
    <testsuite name="RoleCall\Search\Controllers\PositionSearchControllerTest" file="/home/ubuntu/subhub-api/tests/Search/Controllers/PositionSearchControllerTest.php" tests="1" assertions="2" failures="0" errors="0" time="0.198091">
      <testcase name="test" class="RoleCall\Search\Controllers\PositionSearchControllerTest" file="/home/ubuntu/subhub-api/tests/Search/Controllers/PositionSearchControllerTest.php" line="13" assertions="2" time="0.198091"/>
    </testsuite>
    <testsuite name="RoleCall\Search\Controllers\SubSearchControllerTest" file="/home/ubuntu/subhub-api/tests/Search/Controllers/SubSearchControllerTest.php" tests="1" assertions="4" failures="0" errors="0" time="0.206722">
      <testcase name="test" class="RoleCall\Search\Controllers\SubSearchControllerTest" file="/home/ubuntu/subhub-api/tests/Search/Controllers/SubSearchControllerTest.php" line="13" assertions="4" time="0.206722"/>
    </testsuite>
    <testsuite name="RoleCall\Search\Controllers\UserSearchControllerTest" file="/home/ubuntu/subhub-api/tests/Search/Controllers/UserSearchControllerTest.php" tests="1" assertions="3" failures="0" errors="0" time="0.279225">
      <testcase name="test" class="RoleCall\Search\Controllers\UserSearchControllerTest" file="/home/ubuntu/subhub-api/tests/Search/Controllers/UserSearchControllerTest.php" line="13" assertions="3" time="0.279225"/>
    </testsuite>
    <testsuite name="RoleCall\Timelogs\Controllers\EmployeeTimelogCheckinControllerTest" file="/home/ubuntu/subhub-api/tests/Timelogs/Controllers/EmployeeTimelogCheckinControllerTest.php" tests="2" assertions="7" failures="0" errors="0" time="0.512155">
      <testcase name="testShow" class="RoleCall\Timelogs\Controllers\EmployeeTimelogCheckinControllerTest" file="/home/ubuntu/subhub-api/tests/Timelogs/Controllers/EmployeeTimelogCheckinControllerTest.php" line="40" assertions="4" time="0.218773"/>
      <testcase name="testUpdate" class="RoleCall\Timelogs\Controllers\EmployeeTimelogCheckinControllerTest" file="/home/ubuntu/subhub-api/tests/Timelogs/Controllers/EmployeeTimelogCheckinControllerTest.php" line="51" assertions="3" time="0.293382"/>
    </testsuite>
    <testsuite name="RoleCall\Timelogs\Controllers\TimelogAdjustmentsControllerTest" file="/home/ubuntu/subhub-api/tests/Timelogs/Controllers/TimelogAdjustmentsControllerTest.php" tests="2" assertions="6" failures="0" errors="0" time="0.596328">
      <testcase name="testStore" class="RoleCall\Timelogs\Controllers\TimelogAdjustmentsControllerTest" file="/home/ubuntu/subhub-api/tests/Timelogs/Controllers/TimelogAdjustmentsControllerTest.php" line="14" assertions="3" time="0.263154"/>
      <testcase name="testStoreWithHours" class="RoleCall\Timelogs\Controllers\TimelogAdjustmentsControllerTest" file="/home/ubuntu/subhub-api/tests/Timelogs/Controllers/TimelogAdjustmentsControllerTest.php" line="62" assertions="3" time="0.333174"/>
    </testsuite>
    <testsuite name="RoleCall\Timelogs\Controllers\TimelogApprovalControllerTest" file="/home/ubuntu/subhub-api/tests/Timelogs/Controllers/TimelogApprovalControllerTest.php" tests="6" assertions="12" failures="0" errors="0" time="2.121389">
      <testcase name="testApprove" class="RoleCall\Timelogs\Controllers\TimelogApprovalControllerTest" file="/home/ubuntu/subhub-api/tests/Timelogs/Controllers/TimelogApprovalControllerTest.php" line="79" assertions="2" time="0.371797"/>
      <testcase name="testApproveMany" class="RoleCall\Timelogs\Controllers\TimelogApprovalControllerTest" file="/home/ubuntu/subhub-api/tests/Timelogs/Controllers/TimelogApprovalControllerTest.php" line="88" assertions="3" time="0.538466"/>
      <testcase name="testUnapprove" class="RoleCall\Timelogs\Controllers\TimelogApprovalControllerTest" file="/home/ubuntu/subhub-api/tests/Timelogs/Controllers/TimelogApprovalControllerTest.php" line="102" assertions="2" time="0.279149"/>
      <testcase name="testUnapprovePaidTimecard" class="RoleCall\Timelogs\Controllers\TimelogApprovalControllerTest" file="/home/ubuntu/subhub-api/tests/Timelogs/Controllers/TimelogApprovalControllerTest.php" line="114" assertions="1" time="0.342424"/>
      <testcase name="testConfirmApproval" class="RoleCall\Timelogs\Controllers\TimelogApprovalControllerTest" file="/home/ubuntu/subhub-api/tests/Timelogs/Controllers/TimelogApprovalControllerTest.php" line="125" assertions="2" time="0.258391"/>
      <testcase name="testConfirmApprovalInvalid" class="RoleCall\Timelogs\Controllers\TimelogApprovalControllerTest" file="/home/ubuntu/subhub-api/tests/Timelogs/Controllers/TimelogApprovalControllerTest.php" line="136" assertions="2" time="0.331162"/>
    </testsuite>
    <testsuite name="RoleCall\Timelogs\Controllers\TimelogCheckinControllerTest" file="/home/ubuntu/subhub-api/tests/Timelogs/Controllers/TimelogCheckinControllerTest.php" tests="2" assertions="7" failures="0" errors="0" time="0.544932">
      <testcase name="testShow" class="RoleCall\Timelogs\Controllers\TimelogCheckinControllerTest" file="/home/ubuntu/subhub-api/tests/Timelogs/Controllers/TimelogCheckinControllerTest.php" line="44" assertions="4" time="0.309873"/>
      <testcase name="testUpdate" class="RoleCall\Timelogs\Controllers\TimelogCheckinControllerTest" file="/home/ubuntu/subhub-api/tests/Timelogs/Controllers/TimelogCheckinControllerTest.php" line="55" assertions="3" time="0.235059"/>
    </testsuite>
    <testsuite name="RoleCall\Timelogs\Controllers\TimelogCheckoutControllerTest" file="/home/ubuntu/subhub-api/tests/Timelogs/Controllers/TimelogCheckoutControllerTest.php" tests="2" assertions="10" failures="0" errors="0" time="0.698531">
      <testcase name="testShow" class="RoleCall\Timelogs\Controllers\TimelogCheckoutControllerTest" file="/home/ubuntu/subhub-api/tests/Timelogs/Controllers/TimelogCheckoutControllerTest.php" line="47" assertions="4" time="0.459537"/>
      <testcase name="testUpdate" class="RoleCall\Timelogs\Controllers\TimelogCheckoutControllerTest" file="/home/ubuntu/subhub-api/tests/Timelogs/Controllers/TimelogCheckoutControllerTest.php" line="58" assertions="6" time="0.238994"/>
    </testsuite>
    <testsuite name="RoleCall\Timelogs\Controllers\TimelogDisputeControllerTest" file="/home/ubuntu/subhub-api/tests/Timelogs/Controllers/TimelogDisputeControllerTest.php" tests="1" assertions="3" failures="0" errors="0" time="0.364566">
      <testcase name="testDispute" class="RoleCall\Timelogs\Controllers\TimelogDisputeControllerTest" file="/home/ubuntu/subhub-api/tests/Timelogs/Controllers/TimelogDisputeControllerTest.php" line="61" assertions="3" time="0.364566"/>
    </testsuite>
    <testsuite name="RoleCall\Timelogs\Controllers\TimelogRateSettingsControllerTest" file="/home/ubuntu/subhub-api/tests/Timelogs/Controllers/TimelogRateSettingsControllerTest.php" tests="2" assertions="4" failures="0" errors="0" time="0.609761">
      <testcase name="testUpdate" class="RoleCall\Timelogs\Controllers\TimelogRateSettingsControllerTest" file="/home/ubuntu/subhub-api/tests/Timelogs/Controllers/TimelogRateSettingsControllerTest.php" line="54" assertions="2" time="0.264085"/>
      <testcase name="testUpdateMany" class="RoleCall\Timelogs\Controllers\TimelogRateSettingsControllerTest" file="/home/ubuntu/subhub-api/tests/Timelogs/Controllers/TimelogRateSettingsControllerTest.php" line="69" assertions="2" time="0.345676"/>
    </testsuite>
    <testsuite name="RoleCall\Timelogs\Controllers\TimelogsControllerTest" file="/home/ubuntu/subhub-api/tests/Timelogs/Controllers/TimelogsControllerTest.php" tests="7" assertions="28" failures="0" errors="0" time="2.443843">
      <testcase name="testIndex" class="RoleCall\Timelogs\Controllers\TimelogsControllerTest" file="/home/ubuntu/subhub-api/tests/Timelogs/Controllers/TimelogsControllerTest.php" line="72" assertions="6" time="0.363339"/>
      <testcase name="testForCurrentUser" class="RoleCall\Timelogs\Controllers\TimelogsControllerTest" file="/home/ubuntu/subhub-api/tests/Timelogs/Controllers/TimelogsControllerTest.php" line="87" assertions="4" time="0.333739"/>
      <testcase name="testShow" class="RoleCall\Timelogs\Controllers\TimelogsControllerTest" file="/home/ubuntu/subhub-api/tests/Timelogs/Controllers/TimelogsControllerTest.php" line="103" assertions="5" time="0.511285"/>
      <testcase name="testStore" class="RoleCall\Timelogs\Controllers\TimelogsControllerTest" file="/home/ubuntu/subhub-api/tests/Timelogs/Controllers/TimelogsControllerTest.php" line="115" assertions="2" time="0.267462"/>
      <testcase name="testUpdate" class="RoleCall\Timelogs\Controllers\TimelogsControllerTest" file="/home/ubuntu/subhub-api/tests/Timelogs/Controllers/TimelogsControllerTest.php" line="147" assertions="3" time="0.316734"/>
      <testcase name="testDelete" class="RoleCall\Timelogs\Controllers\TimelogsControllerTest" file="/home/ubuntu/subhub-api/tests/Timelogs/Controllers/TimelogsControllerTest.php" line="158" assertions="5" time="0.344832"/>
      <testcase name="testDestroy" class="RoleCall\Timelogs\Controllers\TimelogsControllerTest" file="/home/ubuntu/subhub-api/tests/Timelogs/Controllers/TimelogsControllerTest.php" line="175" assertions="3" time="0.306452"/>
    </testsuite>
    <testsuite name="RoleCall\Timelogs\Controllers\TimesheetsControllerTest" file="/home/ubuntu/subhub-api/tests/Timelogs/Controllers/TimesheetsControllerTest.php" tests="1" assertions="8" failures="0" errors="0" time="0.384987">
      <testcase name="testShow" class="RoleCall\Timelogs\Controllers\TimesheetsControllerTest" file="/home/ubuntu/subhub-api/tests/Timelogs/Controllers/TimesheetsControllerTest.php" line="74" assertions="8" time="0.384987"/>
    </testsuite>
    <testsuite name="RoleCall\Timelogs\Helpers\PayrollPeriodHelperTraitTest" file="/home/ubuntu/subhub-api/tests/Timelogs/Helpers/PayrollPeriodHelperTraitTest.php" tests="1" assertions="3" failures="0" errors="0" time="0.118115">
      <testcase name="testPayPeriod" class="RoleCall\Timelogs\Helpers\PayrollPeriodHelperTraitTest" file="/home/ubuntu/subhub-api/tests/Timelogs/Helpers/PayrollPeriodHelperTraitTest.php" line="9" assertions="3" time="0.118115"/>
    </testsuite>
    <testsuite name="RoleCall\Timelogs\Policies\TimelogAdjustmentPolicyTest" file="/home/ubuntu/subhub-api/tests/Timelogs/Policies/TimelogAdjustmentPolicyTest.php" tests="9" assertions="180" failures="0" errors="0" time="3.131831">
      <testcase name="testApprove" class="RoleCall\Timelogs\Policies\TimelogAdjustmentPolicyTest" file="/home/ubuntu/subhub-api/tests/Timelogs/Policies/TimelogAdjustmentPolicyTest.php" line="119" assertions="20" time="0.329980"/>
      <testcase name="testChangeBillingRates" class="RoleCall\Timelogs\Policies\TimelogAdjustmentPolicyTest" file="/home/ubuntu/subhub-api/tests/Timelogs/Policies/TimelogAdjustmentPolicyTest.php" line="156" assertions="20" time="0.398965"/>
      <testcase name="testCreate" class="RoleCall\Timelogs\Policies\TimelogAdjustmentPolicyTest" file="/home/ubuntu/subhub-api/tests/Timelogs/Policies/TimelogAdjustmentPolicyTest.php" line="193" assertions="30" time="0.331062"/>
      <testcase name="testDelete" class="RoleCall\Timelogs\Policies\TimelogAdjustmentPolicyTest" file="/home/ubuntu/subhub-api/tests/Timelogs/Policies/TimelogAdjustmentPolicyTest.php" line="244" assertions="30" time="0.307081"/>
      <testcase name="testDispute" class="RoleCall\Timelogs\Policies\TimelogAdjustmentPolicyTest" file="/home/ubuntu/subhub-api/tests/Timelogs/Policies/TimelogAdjustmentPolicyTest.php" line="288" assertions="20" time="0.403883"/>
      <testcase name="testIndex" class="RoleCall\Timelogs\Policies\TimelogAdjustmentPolicyTest" file="/home/ubuntu/subhub-api/tests/Timelogs/Policies/TimelogAdjustmentPolicyTest.php" line="318" assertions="10" time="0.330779"/>
      <testcase name="testUnapprove" class="RoleCall\Timelogs\Policies\TimelogAdjustmentPolicyTest" file="/home/ubuntu/subhub-api/tests/Timelogs/Policies/TimelogAdjustmentPolicyTest.php" line="334" assertions="20" time="0.327124"/>
      <testcase name="testUpdate" class="RoleCall\Timelogs\Policies\TimelogAdjustmentPolicyTest" file="/home/ubuntu/subhub-api/tests/Timelogs/Policies/TimelogAdjustmentPolicyTest.php" line="367" assertions="20" time="0.381871"/>
      <testcase name="testView" class="RoleCall\Timelogs\Policies\TimelogAdjustmentPolicyTest" file="/home/ubuntu/subhub-api/tests/Timelogs/Policies/TimelogAdjustmentPolicyTest.php" line="397" assertions="10" time="0.321086"/>
    </testsuite>
    <testsuite name="RoleCall\Timelogs\Policies\TimelogPolicyTest" file="/home/ubuntu/subhub-api/tests/Timelogs/Policies/TimelogPolicyTest.php" tests="18" assertions="82" failures="0" errors="0" time="5.183429">
      <testcase name="testApplyRate" class="RoleCall\Timelogs\Policies\TimelogPolicyTest" file="/home/ubuntu/subhub-api/tests/Timelogs/Policies/TimelogPolicyTest.php" line="59" assertions="2" time="0.285863"/>
      <testcase name="testApprove" class="RoleCall\Timelogs\Policies\TimelogPolicyTest" file="/home/ubuntu/subhub-api/tests/Timelogs/Policies/TimelogPolicyTest.php" line="77" assertions="2" time="0.265157"/>
      <testcase name="testCreate" class="RoleCall\Timelogs\Policies\TimelogPolicyTest" file="/home/ubuntu/subhub-api/tests/Timelogs/Policies/TimelogPolicyTest.php" line="109" assertions="2" time="0.284714"/>
      <testcase name="testDelete" class="RoleCall\Timelogs\Policies\TimelogPolicyTest" file="/home/ubuntu/subhub-api/tests/Timelogs/Policies/TimelogPolicyTest.php" line="156" assertions="2" time="0.305354"/>
      <testcase name="testDispute" class="RoleCall\Timelogs\Policies\TimelogPolicyTest" file="/home/ubuntu/subhub-api/tests/Timelogs/Policies/TimelogPolicyTest.php" line="182" assertions="3" time="0.235627"/>
      <testcase name="testUpdate" class="RoleCall\Timelogs\Policies\TimelogPolicyTest" file="/home/ubuntu/subhub-api/tests/Timelogs/Policies/TimelogPolicyTest.php" line="199" assertions="22" time="0.293435"/>
      <testcase name="testIndex" class="RoleCall\Timelogs\Policies\TimelogPolicyTest" file="/home/ubuntu/subhub-api/tests/Timelogs/Policies/TimelogPolicyTest.php" line="283" assertions="2" time="0.294436"/>
      <testcase name="testRestore" class="RoleCall\Timelogs\Policies\TimelogPolicyTest" file="/home/ubuntu/subhub-api/tests/Timelogs/Policies/TimelogPolicyTest.php" line="301" assertions="11" time="0.294262"/>
      <testcase name="testTrackTime" class="RoleCall\Timelogs\Policies\TimelogPolicyTest" file="/home/ubuntu/subhub-api/tests/Timelogs/Policies/TimelogPolicyTest.php" line="362" assertions="15" time="0.572796"/>
      <testcase name="testUnapprove" class="RoleCall\Timelogs\Policies\TimelogPolicyTest" file="/home/ubuntu/subhub-api/tests/Timelogs/Policies/TimelogPolicyTest.php" line="449" assertions="3" time="0.301045"/>
      <testcase name="testViewAsSuper" class="RoleCall\Timelogs\Policies\TimelogPolicyTest" file="/home/ubuntu/subhub-api/tests/Timelogs/Policies/TimelogPolicyTest.php" line="479" assertions="1" time="0.208082"/>
      <testcase name="testViewAsAgencyAdmin" class="RoleCall\Timelogs\Policies\TimelogPolicyTest" file="/home/ubuntu/subhub-api/tests/Timelogs/Policies/TimelogPolicyTest.php" line="490" assertions="1" time="0.295983"/>
      <testcase name="testViewAsRegionAdmin" class="RoleCall\Timelogs\Policies\TimelogPolicyTest" file="/home/ubuntu/subhub-api/tests/Timelogs/Policies/TimelogPolicyTest.php" line="503" assertions="1" time="0.224935"/>
      <testcase name="testViewAsDistrictAdmin" class="RoleCall\Timelogs\Policies\TimelogPolicyTest" file="/home/ubuntu/subhub-api/tests/Timelogs/Policies/TimelogPolicyTest.php" line="516" assertions="1" time="0.223065"/>
      <testcase name="testViewAsSchoolAdmin" class="RoleCall\Timelogs\Policies\TimelogPolicyTest" file="/home/ubuntu/subhub-api/tests/Timelogs/Policies/TimelogPolicyTest.php" line="529" assertions="1" time="0.301949"/>
      <testcase name="testViewAsTimeApprover" class="RoleCall\Timelogs\Policies\TimelogPolicyTest" file="/home/ubuntu/subhub-api/tests/Timelogs/Policies/TimelogPolicyTest.php" line="544" assertions="1" time="0.225610"/>
      <testcase name="testViewAsSub" class="RoleCall\Timelogs\Policies\TimelogPolicyTest" file="/home/ubuntu/subhub-api/tests/Timelogs/Policies/TimelogPolicyTest.php" line="560" assertions="1" time="0.218834"/>
      <testcase name="testViewDeleted" class="RoleCall\Timelogs\Policies\TimelogPolicyTest" file="/home/ubuntu/subhub-api/tests/Timelogs/Policies/TimelogPolicyTest.php" line="567" assertions="11" time="0.352282"/>
    </testsuite>
    <testsuite name="RoleCall\Timelogs\Repositories\ApprovedUnpaidTimelogsForPayrollTest" file="/home/ubuntu/subhub-api/tests/Timelogs/Repositories/ApprovedUnpaidTimelogsForPayrollTest.php" tests="11" assertions="16" failures="0" errors="0" time="3.459536">
      <testcase name="testGet" class="RoleCall\Timelogs\Repositories\ApprovedUnpaidTimelogsForPayrollTest" file="/home/ubuntu/subhub-api/tests/Timelogs/Repositories/ApprovedUnpaidTimelogsForPayrollTest.php" line="81" assertions="1" time="0.281656"/>
      <testcase name="testGetWithoutUnapproved" class="RoleCall\Timelogs\Repositories\ApprovedUnpaidTimelogsForPayrollTest" file="/home/ubuntu/subhub-api/tests/Timelogs/Repositories/ApprovedUnpaidTimelogsForPayrollTest.php" line="90" assertions="1" time="0.348744"/>
      <testcase name="testGetWithoutPaid" class="RoleCall\Timelogs\Repositories\ApprovedUnpaidTimelogsForPayrollTest" file="/home/ubuntu/subhub-api/tests/Timelogs/Repositories/ApprovedUnpaidTimelogsForPayrollTest.php" line="103" assertions="1" time="0.275136"/>
      <testcase name="testGetWithoutBadWorkDate" class="RoleCall\Timelogs\Repositories\ApprovedUnpaidTimelogsForPayrollTest" file="/home/ubuntu/subhub-api/tests/Timelogs/Repositories/ApprovedUnpaidTimelogsForPayrollTest.php" line="117" assertions="1" time="0.275742"/>
      <testcase name="testGetWithApprovedRate" class="RoleCall\Timelogs\Repositories\ApprovedUnpaidTimelogsForPayrollTest" file="/home/ubuntu/subhub-api/tests/Timelogs/Repositories/ApprovedUnpaidTimelogsForPayrollTest.php" line="130" assertions="3" time="0.449355"/>
      <testcase name="testGetWithoutApprovedRate" class="RoleCall\Timelogs\Repositories\ApprovedUnpaidTimelogsForPayrollTest" file="/home/ubuntu/subhub-api/tests/Timelogs/Repositories/ApprovedUnpaidTimelogsForPayrollTest.php" line="156" assertions="2" time="0.274384"/>
      <testcase name="testGetWithoutDeleted" class="RoleCall\Timelogs\Repositories\ApprovedUnpaidTimelogsForPayrollTest" file="/home/ubuntu/subhub-api/tests/Timelogs/Repositories/ApprovedUnpaidTimelogsForPayrollTest.php" line="169" assertions="1" time="0.280904"/>
      <testcase name="testGetWithOnlySubs" class="RoleCall\Timelogs\Repositories\ApprovedUnpaidTimelogsForPayrollTest" file="/home/ubuntu/subhub-api/tests/Timelogs/Repositories/ApprovedUnpaidTimelogsForPayrollTest.php" line="180" assertions="2" time="0.366506"/>
      <testcase name="testGetWithOnlyEmployees" class="RoleCall\Timelogs\Repositories\ApprovedUnpaidTimelogsForPayrollTest" file="/home/ubuntu/subhub-api/tests/Timelogs/Repositories/ApprovedUnpaidTimelogsForPayrollTest.php" line="193" assertions="2" time="0.275710"/>
      <testcase name="testGetWithNoUsersSet" class="RoleCall\Timelogs\Repositories\ApprovedUnpaidTimelogsForPayrollTest" file="/home/ubuntu/subhub-api/tests/Timelogs/Repositories/ApprovedUnpaidTimelogsForPayrollTest.php" line="206" assertions="1" time="0.342988"/>
      <testcase name="testGetWithExpiredUsers" class="RoleCall\Timelogs\Repositories\ApprovedUnpaidTimelogsForPayrollTest" file="/home/ubuntu/subhub-api/tests/Timelogs/Repositories/ApprovedUnpaidTimelogsForPayrollTest.php" line="221" assertions="1" time="0.288411"/>
    </testsuite>
    <testsuite name="RoleCall\Timelogs\Repositories\CompleteUnapprovedTimelogsForPayrollTest" file="/home/ubuntu/subhub-api/tests/Timelogs/Repositories/CompleteUnapprovedTimelogsForPayrollTest.php" tests="9" assertions="14" failures="0" errors="0" time="2.926948">
      <testcase name="testGet" class="RoleCall\Timelogs\Repositories\CompleteUnapprovedTimelogsForPayrollTest" file="/home/ubuntu/subhub-api/tests/Timelogs/Repositories/CompleteUnapprovedTimelogsForPayrollTest.php" line="82" assertions="1" time="0.287815"/>
      <testcase name="testGetWithoutUnapproved" class="RoleCall\Timelogs\Repositories\CompleteUnapprovedTimelogsForPayrollTest" file="/home/ubuntu/subhub-api/tests/Timelogs/Repositories/CompleteUnapprovedTimelogsForPayrollTest.php" line="91" assertions="1" time="0.362038"/>
      <testcase name="testGetWithoutBadWorkDate" class="RoleCall\Timelogs\Repositories\CompleteUnapprovedTimelogsForPayrollTest" file="/home/ubuntu/subhub-api/tests/Timelogs/Repositories/CompleteUnapprovedTimelogsForPayrollTest.php" line="104" assertions="1" time="0.279851"/>
      <testcase name="testGetWithApprovedRate" class="RoleCall\Timelogs\Repositories\CompleteUnapprovedTimelogsForPayrollTest" file="/home/ubuntu/subhub-api/tests/Timelogs/Repositories/CompleteUnapprovedTimelogsForPayrollTest.php" line="117" assertions="4" time="0.423698"/>
      <testcase name="testGetWithoutDeleted" class="RoleCall\Timelogs\Repositories\CompleteUnapprovedTimelogsForPayrollTest" file="/home/ubuntu/subhub-api/tests/Timelogs/Repositories/CompleteUnapprovedTimelogsForPayrollTest.php" line="150" assertions="1" time="0.362969"/>
      <testcase name="testGetWithOnlySubs" class="RoleCall\Timelogs\Repositories\CompleteUnapprovedTimelogsForPayrollTest" file="/home/ubuntu/subhub-api/tests/Timelogs/Repositories/CompleteUnapprovedTimelogsForPayrollTest.php" line="161" assertions="2" time="0.286183"/>
      <testcase name="testGetWithOnlyEmployees" class="RoleCall\Timelogs\Repositories\CompleteUnapprovedTimelogsForPayrollTest" file="/home/ubuntu/subhub-api/tests/Timelogs/Repositories/CompleteUnapprovedTimelogsForPayrollTest.php" line="174" assertions="2" time="0.359944"/>
      <testcase name="testGetWithNoUsersSet" class="RoleCall\Timelogs\Repositories\CompleteUnapprovedTimelogsForPayrollTest" file="/home/ubuntu/subhub-api/tests/Timelogs/Repositories/CompleteUnapprovedTimelogsForPayrollTest.php" line="187" assertions="1" time="0.274337"/>
      <testcase name="testGetWithExpiredUsers" class="RoleCall\Timelogs\Repositories\CompleteUnapprovedTimelogsForPayrollTest" file="/home/ubuntu/subhub-api/tests/Timelogs/Repositories/CompleteUnapprovedTimelogsForPayrollTest.php" line="202" assertions="1" time="0.290113"/>
    </testsuite>
    <testsuite name="RoleCall\Timelogs\Repositories\IncompleteTimelogsForPayrollTest" file="/home/ubuntu/subhub-api/tests/Timelogs/Repositories/IncompleteTimelogsForPayrollTest.php" tests="10" assertions="15" failures="0" errors="0" time="3.280134">
      <testcase name="testGet" class="RoleCall\Timelogs\Repositories\IncompleteTimelogsForPayrollTest" file="/home/ubuntu/subhub-api/tests/Timelogs/Repositories/IncompleteTimelogsForPayrollTest.php" line="78" assertions="1" time="0.361608"/>
      <testcase name="testGetWithoutUnapproved" class="RoleCall\Timelogs\Repositories\IncompleteTimelogsForPayrollTest" file="/home/ubuntu/subhub-api/tests/Timelogs/Repositories/IncompleteTimelogsForPayrollTest.php" line="87" assertions="1" time="0.276788"/>
      <testcase name="testGetWithoutIncomplete" class="RoleCall\Timelogs\Repositories\IncompleteTimelogsForPayrollTest" file="/home/ubuntu/subhub-api/tests/Timelogs/Repositories/IncompleteTimelogsForPayrollTest.php" line="100" assertions="1" time="0.288356"/>
      <testcase name="testGetWithoutBadWorkDate" class="RoleCall\Timelogs\Repositories\IncompleteTimelogsForPayrollTest" file="/home/ubuntu/subhub-api/tests/Timelogs/Repositories/IncompleteTimelogsForPayrollTest.php" line="114" assertions="1" time="0.378310"/>
      <testcase name="testGetWithApprovedRate" class="RoleCall\Timelogs\Repositories\IncompleteTimelogsForPayrollTest" file="/home/ubuntu/subhub-api/tests/Timelogs/Repositories/IncompleteTimelogsForPayrollTest.php" line="127" assertions="4" time="0.423375"/>
      <testcase name="testGetWithoutDeleted" class="RoleCall\Timelogs\Repositories\IncompleteTimelogsForPayrollTest" file="/home/ubuntu/subhub-api/tests/Timelogs/Repositories/IncompleteTimelogsForPayrollTest.php" line="160" assertions="1" time="0.353336"/>
      <testcase name="testGetWithOnlySubs" class="RoleCall\Timelogs\Repositories\IncompleteTimelogsForPayrollTest" file="/home/ubuntu/subhub-api/tests/Timelogs/Repositories/IncompleteTimelogsForPayrollTest.php" line="171" assertions="2" time="0.282732"/>
      <testcase name="testGetWithOnlyEmployees" class="RoleCall\Timelogs\Repositories\IncompleteTimelogsForPayrollTest" file="/home/ubuntu/subhub-api/tests/Timelogs/Repositories/IncompleteTimelogsForPayrollTest.php" line="184" assertions="2" time="0.279269"/>
      <testcase name="testGetWithNoUsersSet" class="RoleCall\Timelogs\Repositories\IncompleteTimelogsForPayrollTest" file="/home/ubuntu/subhub-api/tests/Timelogs/Repositories/IncompleteTimelogsForPayrollTest.php" line="197" assertions="1" time="0.351051"/>
      <testcase name="testGetWithExpiredUsers" class="RoleCall\Timelogs\Repositories\IncompleteTimelogsForPayrollTest" file="/home/ubuntu/subhub-api/tests/Timelogs/Repositories/IncompleteTimelogsForPayrollTest.php" line="212" assertions="1" time="0.285309"/>
    </testsuite>
    <testsuite name="RoleCall\Timelogs\Requests\ApproveTimelogRequestTest" file="/home/ubuntu/subhub-api/tests/Timelogs/Requests/ApproveTimelogRequestTest.php" tests="1" assertions="1" failures="0" errors="0" time="0.125257">
      <testcase name="testValid" class="RoleCall\Timelogs\Requests\ApproveTimelogRequestTest" file="/home/ubuntu/subhub-api/tests/Timelogs/Requests/ApproveTimelogRequestTest.php" line="12" assertions="1" time="0.125257"/>
    </testsuite>
    <testsuite name="RoleCall\Timelogs\Requests\CheckinTimelogRequestTest" file="/home/ubuntu/subhub-api/tests/Timelogs/Requests/CheckinTimelogRequestTest.php" tests="3" assertions="5" failures="0" errors="0" time="0.455083">
      <testcase name="testValid" class="RoleCall\Timelogs\Requests\CheckinTimelogRequestTest" file="/home/ubuntu/subhub-api/tests/Timelogs/Requests/CheckinTimelogRequestTest.php" line="12" assertions="1" time="0.201693"/>
      <testcase name="testRequiredFields" class="RoleCall\Timelogs\Requests\CheckinTimelogRequestTest" file="/home/ubuntu/subhub-api/tests/Timelogs/Requests/CheckinTimelogRequestTest.php" line="25" assertions="2" time="0.126799"/>
      <testcase name="testInvalidFields" class="RoleCall\Timelogs\Requests\CheckinTimelogRequestTest" file="/home/ubuntu/subhub-api/tests/Timelogs/Requests/CheckinTimelogRequestTest.php" line="35" assertions="2" time="0.126591"/>
    </testsuite>
    <testsuite name="RoleCall\Timelogs\Requests\CheckoutTimelogRequestTest" file="/home/ubuntu/subhub-api/tests/Timelogs/Requests/CheckoutTimelogRequestTest.php" tests="3" assertions="7" failures="0" errors="0" time="0.451447">
      <testcase name="testValid" class="RoleCall\Timelogs\Requests\CheckoutTimelogRequestTest" file="/home/ubuntu/subhub-api/tests/Timelogs/Requests/CheckoutTimelogRequestTest.php" line="12" assertions="1" time="0.199696"/>
      <testcase name="testRequiredFields" class="RoleCall\Timelogs\Requests\CheckoutTimelogRequestTest" file="/home/ubuntu/subhub-api/tests/Timelogs/Requests/CheckoutTimelogRequestTest.php" line="31" assertions="3" time="0.125566"/>
      <testcase name="testInvalidFields" class="RoleCall\Timelogs\Requests\CheckoutTimelogRequestTest" file="/home/ubuntu/subhub-api/tests/Timelogs/Requests/CheckoutTimelogRequestTest.php" line="42" assertions="3" time="0.126185"/>
    </testsuite>
    <testsuite name="RoleCall\Timelogs\Requests\CreateTimelogAdjustmentRequestTest" file="/home/ubuntu/subhub-api/tests/Timelogs/Requests/CreateTimelogAdjustmentRequestTest.php" tests="1" assertions="1" failures="0" errors="0" time="0.281861">
      <testcase name="testValid" class="RoleCall\Timelogs\Requests\CreateTimelogAdjustmentRequestTest" file="/home/ubuntu/subhub-api/tests/Timelogs/Requests/CreateTimelogAdjustmentRequestTest.php" line="14" assertions="1" time="0.281861"/>
    </testsuite>
    <testsuite name="RoleCall\Timelogs\Requests\CreateTimelogRequestTest" file="/home/ubuntu/subhub-api/tests/Timelogs/Requests/CreateTimelogRequestTest.php" tests="4" assertions="17" failures="0" errors="0" time="0.661959">
      <testcase name="testValid" class="RoleCall\Timelogs\Requests\CreateTimelogRequestTest" file="/home/ubuntu/subhub-api/tests/Timelogs/Requests/CreateTimelogRequestTest.php" line="12" assertions="1" time="0.162282"/>
      <testcase name="testRequiredFields" class="RoleCall\Timelogs\Requests\CreateTimelogRequestTest" file="/home/ubuntu/subhub-api/tests/Timelogs/Requests/CreateTimelogRequestTest.php" line="39" assertions="6" time="0.201540"/>
      <testcase name="testInvalidFields" class="RoleCall\Timelogs\Requests\CreateTimelogRequestTest" file="/home/ubuntu/subhub-api/tests/Timelogs/Requests/CreateTimelogRequestTest.php" line="53" assertions="8" time="0.135385"/>
      <testcase name="testCheckinTimes" class="RoleCall\Timelogs\Requests\CreateTimelogRequestTest" file="/home/ubuntu/subhub-api/tests/Timelogs/Requests/CreateTimelogRequestTest.php" line="83" assertions="2" time="0.162752"/>
    </testsuite>
    <testsuite name="RoleCall\Timelogs\Requests\UpdateRateSettingsRequestTest" file="/home/ubuntu/subhub-api/tests/Timelogs/Requests/UpdateRateSettingsRequestTest.php" tests="3" assertions="5" failures="0" errors="0" time="0.471134">
      <testcase name="testValid" class="RoleCall\Timelogs\Requests\UpdateRateSettingsRequestTest" file="/home/ubuntu/subhub-api/tests/Timelogs/Requests/UpdateRateSettingsRequestTest.php" line="12" assertions="1" time="0.209133"/>
      <testcase name="testRequiredFields" class="RoleCall\Timelogs\Requests\UpdateRateSettingsRequestTest" file="/home/ubuntu/subhub-api/tests/Timelogs/Requests/UpdateRateSettingsRequestTest.php" line="25" assertions="2" time="0.129958"/>
      <testcase name="testInvalidFields" class="RoleCall\Timelogs\Requests\UpdateRateSettingsRequestTest" file="/home/ubuntu/subhub-api/tests/Timelogs/Requests/UpdateRateSettingsRequestTest.php" line="35" assertions="2" time="0.132043"/>
    </testsuite>
    <testsuite name="RoleCall\Timelogs\Requests\UpdateTimelogRequestTest" file="/home/ubuntu/subhub-api/tests/Timelogs/Requests/UpdateTimelogRequestTest.php" tests="2" assertions="5" failures="0" errors="0" time="0.338490">
      <testcase name="testValid" class="RoleCall\Timelogs\Requests\UpdateTimelogRequestTest" file="/home/ubuntu/subhub-api/tests/Timelogs/Requests/UpdateTimelogRequestTest.php" line="12" assertions="1" time="0.207809"/>
      <testcase name="testInvalidFields" class="RoleCall\Timelogs\Requests\UpdateTimelogRequestTest" file="/home/ubuntu/subhub-api/tests/Timelogs/Requests/UpdateTimelogRequestTest.php" line="32" assertions="4" time="0.130681"/>
    </testsuite>
    <testsuite name="RoleCall\Timelogs\Scopes\FilterTimelogsByParametersScopeTest" file="/home/ubuntu/subhub-api/tests/Timelogs/Scopes/FilterTimelogsByParametersScopeTest.php" tests="1" assertions="6" failures="0" errors="0" time="0.187009">
      <testcase name="testState" class="RoleCall\Timelogs\Scopes\FilterTimelogsByParametersScopeTest" file="/home/ubuntu/subhub-api/tests/Timelogs/Scopes/FilterTimelogsByParametersScopeTest.php" line="13" assertions="6" time="0.187009"/>
    </testsuite>
    <testsuite name="RoleCall\Timelogs\Scopes\TimelogAdjustmentForPayrollScopeTest" file="/home/ubuntu/subhub-api/tests/Timelogs/Scopes/TimelogAdjustmentForPayrollScopeTest.php" tests="1" assertions="11" failures="0" errors="0" time="0.672550">
      <testcase name="testScope" class="RoleCall\Timelogs\Scopes\TimelogAdjustmentForPayrollScopeTest" file="/home/ubuntu/subhub-api/tests/Timelogs/Scopes/TimelogAdjustmentForPayrollScopeTest.php" line="13" assertions="11" time="0.672550"/>
    </testsuite>
    <testsuite name="RoleCall\Timelogs\Scopes\TimelogAdjustmentVisibleToScopeTest" file="/home/ubuntu/subhub-api/tests/Timelogs/Scopes/TimelogAdjustmentVisibleToScopeTest.php" tests="1" assertions="12" failures="0" errors="0" time="0.575773">
      <testcase name="test" class="RoleCall\Timelogs\Scopes\TimelogAdjustmentVisibleToScopeTest" file="/home/ubuntu/subhub-api/tests/Timelogs/Scopes/TimelogAdjustmentVisibleToScopeTest.php" line="16" assertions="12" time="0.575773"/>
    </testsuite>
    <testsuite name="RoleCall\Timelogs\Scopes\TimelogForPayrollScopeTest" file="/home/ubuntu/subhub-api/tests/Timelogs/Scopes/TimelogForPayrollScopeTest.php" tests="1" assertions="11" failures="0" errors="0" time="0.532139">
      <testcase name="testScope" class="RoleCall\Timelogs\Scopes\TimelogForPayrollScopeTest" file="/home/ubuntu/subhub-api/tests/Timelogs/Scopes/TimelogForPayrollScopeTest.php" line="13" assertions="11" time="0.532139"/>
    </testsuite>
    <testsuite name="RoleCall\Timelogs\Scopes\TimelogVisibleToScopeTest" file="/home/ubuntu/subhub-api/tests/Timelogs/Scopes/TimelogVisibleToScopeTest.php" tests="2" assertions="24" failures="0" errors="0" time="0.962801">
      <testcase name="testVisibleToSubTimelog" class="RoleCall\Timelogs\Scopes\TimelogVisibleToScopeTest" file="/home/ubuntu/subhub-api/tests/Timelogs/Scopes/TimelogVisibleToScopeTest.php" line="14" assertions="12" time="0.446081"/>
      <testcase name="testVisibleToEmployeeTimelog" class="RoleCall\Timelogs\Scopes\TimelogVisibleToScopeTest" file="/home/ubuntu/subhub-api/tests/Timelogs/Scopes/TimelogVisibleToScopeTest.php" line="59" assertions="12" time="0.516720"/>
    </testsuite>
    <testsuite name="RoleCall\Timelogs\Services\CalculateAdjustmentRatesTest" file="/home/ubuntu/subhub-api/tests/Timelogs/Services/CalculateAdjustmentRatesTest.php" tests="12" assertions="156" failures="0" errors="0" time="3.613666">
      <testcase name="testCalculationsForHourlyRateChange" class="RoleCall\Timelogs\Services\CalculateAdjustmentRatesTest" file="/home/ubuntu/subhub-api/tests/Timelogs/Services/CalculateAdjustmentRatesTest.php" line="102" assertions="13" time="0.285281"/>
      <testcase name="testCalculationsForDailyRateChange" class="RoleCall\Timelogs\Services\CalculateAdjustmentRatesTest" file="/home/ubuntu/subhub-api/tests/Timelogs/Services/CalculateAdjustmentRatesTest.php" line="125" assertions="13" time="0.352196"/>
      <testcase name="testCalculationsForHourlyPositiveHourChange" class="RoleCall\Timelogs\Services\CalculateAdjustmentRatesTest" file="/home/ubuntu/subhub-api/tests/Timelogs/Services/CalculateAdjustmentRatesTest.php" line="148" assertions="13" time="0.279889"/>
      <testcase name="testCalculationsForHourlyPositiveHourChangeWithOvertime" class="RoleCall\Timelogs\Services\CalculateAdjustmentRatesTest" file="/home/ubuntu/subhub-api/tests/Timelogs/Services/CalculateAdjustmentRatesTest.php" line="171" assertions="13" time="0.280964"/>
      <testcase name="testCalculationsForHourlyNegativeHourChange" class="RoleCall\Timelogs\Services\CalculateAdjustmentRatesTest" file="/home/ubuntu/subhub-api/tests/Timelogs/Services/CalculateAdjustmentRatesTest.php" line="197" assertions="13" time="0.353205"/>
      <testcase name="testCalculationsForHourlyNegativeHourChangeRemoveAllHours" class="RoleCall\Timelogs\Services\CalculateAdjustmentRatesTest" file="/home/ubuntu/subhub-api/tests/Timelogs/Services/CalculateAdjustmentRatesTest.php" line="220" assertions="13" time="0.279543"/>
      <testcase name="testCalculationsForHourlyNegativeHourChangeWithOvertime" class="RoleCall\Timelogs\Services\CalculateAdjustmentRatesTest" file="/home/ubuntu/subhub-api/tests/Timelogs/Services/CalculateAdjustmentRatesTest.php" line="245" assertions="13" time="0.349201"/>
      <testcase name="testCalculationsForDailyPositiveHourChange" class="RoleCall\Timelogs\Services\CalculateAdjustmentRatesTest" file="/home/ubuntu/subhub-api/tests/Timelogs/Services/CalculateAdjustmentRatesTest.php" line="271" assertions="13" time="0.269264"/>
      <testcase name="testCalculationsForDailyNegativeHourChange" class="RoleCall\Timelogs\Services\CalculateAdjustmentRatesTest" file="/home/ubuntu/subhub-api/tests/Timelogs/Services/CalculateAdjustmentRatesTest.php" line="294" assertions="13" time="0.268057"/>
      <testcase name="testCalculationsForDailyNegativeHourChangeAllHoursRemoved" class="RoleCall\Timelogs\Services\CalculateAdjustmentRatesTest" file="/home/ubuntu/subhub-api/tests/Timelogs/Services/CalculateAdjustmentRatesTest.php" line="317" assertions="13" time="0.346880"/>
      <testcase name="testCalculationsForDailyRateChangeWithOvertime" class="RoleCall\Timelogs\Services\CalculateAdjustmentRatesTest" file="/home/ubuntu/subhub-api/tests/Timelogs/Services/CalculateAdjustmentRatesTest.php" line="342" assertions="13" time="0.268597"/>
      <testcase name="testCalculationsForDailyRateHalfDayToFullDay" class="RoleCall\Timelogs\Services\CalculateAdjustmentRatesTest" file="/home/ubuntu/subhub-api/tests/Timelogs/Services/CalculateAdjustmentRatesTest.php" line="365" assertions="13" time="0.280588"/>
    </testsuite>
    <testsuite name="RoleCall\Timelogs\Services\CalculateRateFromRateRulesTest" file="/home/ubuntu/subhub-api/tests/Timelogs/Services/CalculateRateFromRateRulesTest.php" tests="4" assertions="20" failures="0" errors="0" time="1.249796">
      <testcase name="testRateAfterRulesForDaysWorked" class="RoleCall\Timelogs\Services\CalculateRateFromRateRulesTest" file="/home/ubuntu/subhub-api/tests/Timelogs/Services/CalculateRateFromRateRulesTest.php" line="17" assertions="6" time="0.315785"/>
      <testcase name="testRateAfterRulesForCredential" class="RoleCall\Timelogs\Services\CalculateRateFromRateRulesTest" file="/home/ubuntu/subhub-api/tests/Timelogs/Services/CalculateRateFromRateRulesTest.php" line="85" assertions="4" time="0.227110"/>
      <testcase name="testRateAfterRulesForAbsenceLength" class="RoleCall\Timelogs\Services\CalculateRateFromRateRulesTest" file="/home/ubuntu/subhub-api/tests/Timelogs/Services/CalculateRateFromRateRulesTest.php" line="161" assertions="4" time="0.309446"/>
      <testcase name="testRateAfterRulesForSchool" class="RoleCall\Timelogs\Services\CalculateRateFromRateRulesTest" file="/home/ubuntu/subhub-api/tests/Timelogs/Services/CalculateRateFromRateRulesTest.php" line="249" assertions="6" time="0.397455"/>
    </testsuite>
    <testsuite name="RoleCall\Timelogs\Services\CalculateTimelogRatesTest" file="/home/ubuntu/subhub-api/tests/Timelogs/Services/CalculateTimelogRatesTest.php" tests="16" assertions="226" failures="0" errors="0" time="4.157252">
      <testcase name="testCalculationsForHourlyCertifiedSub" class="RoleCall\Timelogs\Services\CalculateTimelogRatesTest" file="/home/ubuntu/subhub-api/tests/Timelogs/Services/CalculateTimelogRatesTest.php" line="47" assertions="14" time="0.237850"/>
      <testcase name="testCalculationsForHourlyLongtermCertifiedSub" class="RoleCall\Timelogs\Services\CalculateTimelogRatesTest" file="/home/ubuntu/subhub-api/tests/Timelogs/Services/CalculateTimelogRatesTest.php" line="103" assertions="14" time="0.313556"/>
      <testcase name="testCalculationsForHourlyLongtermSub" class="RoleCall\Timelogs\Services\CalculateTimelogRatesTest" file="/home/ubuntu/subhub-api/tests/Timelogs/Services/CalculateTimelogRatesTest.php" line="162" assertions="14" time="0.231219"/>
      <testcase name="testCalculationsForHourlyLongTermSubWithCertifiedRequired" class="RoleCall\Timelogs\Services\CalculateTimelogRatesTest" file="/home/ubuntu/subhub-api/tests/Timelogs/Services/CalculateTimelogRatesTest.php" line="217" assertions="14" time="0.238598"/>
      <testcase name="testCalculationsForHourlySub" class="RoleCall\Timelogs\Services\CalculateTimelogRatesTest" file="/home/ubuntu/subhub-api/tests/Timelogs/Services/CalculateTimelogRatesTest.php" line="276" assertions="14" time="0.308132"/>
      <testcase name="testCalculationsForHourlySubWithBreaks" class="RoleCall\Timelogs\Services\CalculateTimelogRatesTest" file="/home/ubuntu/subhub-api/tests/Timelogs/Services/CalculateTimelogRatesTest.php" line="327" assertions="14" time="0.232200"/>
      <testcase name="testCalculationsForHourlyEmployee" class="RoleCall\Timelogs\Services\CalculateTimelogRatesTest" file="/home/ubuntu/subhub-api/tests/Timelogs/Services/CalculateTimelogRatesTest.php" line="388" assertions="14" time="0.213395"/>
      <testcase name="testCalculationsForFullDaySub" class="RoleCall\Timelogs\Services\CalculateTimelogRatesTest" file="/home/ubuntu/subhub-api/tests/Timelogs/Services/CalculateTimelogRatesTest.php" line="438" assertions="14" time="0.308700"/>
      <testcase name="testCalculationsForHalfDaySub" class="RoleCall\Timelogs\Services\CalculateTimelogRatesTest" file="/home/ubuntu/subhub-api/tests/Timelogs/Services/CalculateTimelogRatesTest.php" line="489" assertions="14" time="0.233220"/>
      <testcase name="testCalculationsForDailySubWithNoHours" class="RoleCall\Timelogs\Services\CalculateTimelogRatesTest" file="/home/ubuntu/subhub-api/tests/Timelogs/Services/CalculateTimelogRatesTest.php" line="542" assertions="14" time="0.232945"/>
      <testcase name="testOvertimeIsAppliedForHourlySub" class="RoleCall\Timelogs\Services\CalculateTimelogRatesTest" file="/home/ubuntu/subhub-api/tests/Timelogs/Services/CalculateTimelogRatesTest.php" line="595" assertions="14" time="0.314692"/>
      <testcase name="testNoOvertimeIsAppliedForDailySub" class="RoleCall\Timelogs\Services\CalculateTimelogRatesTest" file="/home/ubuntu/subhub-api/tests/Timelogs/Services/CalculateTimelogRatesTest.php" line="660" assertions="14" time="0.236309"/>
      <testcase name="testCalculationsForHourlySubWithForcedLongTermRate" class="RoleCall\Timelogs\Services\CalculateTimelogRatesTest" file="/home/ubuntu/subhub-api/tests/Timelogs/Services/CalculateTimelogRatesTest.php" line="725" assertions="14" time="0.294678"/>
      <testcase name="testCalculationsForHourlyLongtermSubWithDisallowedLongTermRate" class="RoleCall\Timelogs\Services\CalculateTimelogRatesTest" file="/home/ubuntu/subhub-api/tests/Timelogs/Services/CalculateTimelogRatesTest.php" line="778" assertions="14" time="0.222028"/>
      <testcase name="testCalculationsWithOldAndNewRates" class="RoleCall\Timelogs\Services\CalculateTimelogRatesTest" file="/home/ubuntu/subhub-api/tests/Timelogs/Services/CalculateTimelogRatesTest.php" line="834" assertions="28" time="0.265424"/>
      <testcase name="testFindRateByType" class="RoleCall\Timelogs\Services\CalculateTimelogRatesTest" file="/home/ubuntu/subhub-api/tests/Timelogs/Services/CalculateTimelogRatesTest.php" line="913" assertions="2" time="0.274306"/>
    </testsuite>
    <testsuite name="RoleCall\Timelogs\Services\CheckinEmployeeWithNewTimelogTest" file="/home/ubuntu/subhub-api/tests/Timelogs/Services/CheckinEmployeeWithNewTimelogTest.php" tests="2" assertions="24" failures="0" errors="0" time="0.384284">
      <testcase name="testCreate" class="RoleCall\Timelogs\Services\CheckinEmployeeWithNewTimelogTest" file="/home/ubuntu/subhub-api/tests/Timelogs/Services/CheckinEmployeeWithNewTimelogTest.php" line="13" assertions="12" time="0.191150"/>
      <testcase name="testCreateNoPosition" class="RoleCall\Timelogs\Services\CheckinEmployeeWithNewTimelogTest" file="/home/ubuntu/subhub-api/tests/Timelogs/Services/CheckinEmployeeWithNewTimelogTest.php" line="55" assertions="12" time="0.193134"/>
    </testsuite>
    <testsuite name="RoleCall\Timelogs\Services\CreateEmployeeTimelogTest" file="/home/ubuntu/subhub-api/tests/Timelogs/Services/CreateEmployeeTimelogTest.php" tests="1" assertions="13" failures="0" errors="0" time="0.268227">
      <testcase name="testCreate" class="RoleCall\Timelogs\Services\CreateEmployeeTimelogTest" file="/home/ubuntu/subhub-api/tests/Timelogs/Services/CreateEmployeeTimelogTest.php" line="13" assertions="13" time="0.268227"/>
    </testsuite>
    <testsuite name="RoleCall\Timelogs\Services\CreateSubTimelogTest" file="/home/ubuntu/subhub-api/tests/Timelogs/Services/CreateSubTimelogTest.php" tests="3" assertions="24" failures="0" errors="0" time="0.712692">
      <testcase name="testCreate" class="RoleCall\Timelogs\Services\CreateSubTimelogTest" file="/home/ubuntu/subhub-api/tests/Timelogs/Services/CreateSubTimelogTest.php" line="12" assertions="8" time="0.207014"/>
      <testcase name="testCreateForLongTermAbsence" class="RoleCall\Timelogs\Services\CreateSubTimelogTest" file="/home/ubuntu/subhub-api/tests/Timelogs/Services/CreateSubTimelogTest.php" line="40" assertions="8" time="0.213461"/>
      <testcase name="testCreateForLongTermAbsenceRateMustBeApproved" class="RoleCall\Timelogs\Services\CreateSubTimelogTest" file="/home/ubuntu/subhub-api/tests/Timelogs/Services/CreateSubTimelogTest.php" line="87" assertions="8" time="0.292217"/>
    </testsuite>
    <testsuite name="RoleCall\Timelogs\Services\CreateTimelogSnapshotTest" file="/home/ubuntu/subhub-api/tests/Timelogs/Services/CreateTimelogSnapshotTest.php" tests="1" assertions="18" failures="0" errors="0" time="0.226587">
      <testcase name="testCreate" class="RoleCall\Timelogs\Services\CreateTimelogSnapshotTest" file="/home/ubuntu/subhub-api/tests/Timelogs/Services/CreateTimelogSnapshotTest.php" line="13" assertions="18" time="0.226587"/>
    </testsuite>
    <testsuite name="RoleCall\Timelogs\Services\DeleteTimelogTest" file="/home/ubuntu/subhub-api/tests/Timelogs/Services/DeleteTimelogTest.php" tests="2" assertions="12" failures="0" errors="0" time="0.372888">
      <testcase name="testDelete" class="RoleCall\Timelogs\Services\DeleteTimelogTest" file="/home/ubuntu/subhub-api/tests/Timelogs/Services/DeleteTimelogTest.php" line="14" assertions="6" time="0.148168"/>
      <testcase name="testForceDelete" class="RoleCall\Timelogs\Services\DeleteTimelogTest" file="/home/ubuntu/subhub-api/tests/Timelogs/Services/DeleteTimelogTest.php" line="35" assertions="6" time="0.224720"/>
    </testsuite>
    <testsuite name="RoleCall\Timelogs\Services\RecalculateUserPayPeriodTest" file="/home/ubuntu/subhub-api/tests/Timelogs/Services/RecalculateUserPayPeriodTest.php" tests="1" assertions="26" failures="0" errors="0" time="0.700496">
      <testcase name="testRecalculate" class="RoleCall\Timelogs\Services\RecalculateUserPayPeriodTest" file="/home/ubuntu/subhub-api/tests/Timelogs/Services/RecalculateUserPayPeriodTest.php" line="15" assertions="26" time="0.700496"/>
    </testsuite>
    <testsuite name="RoleCall\Timelogs\Services\UpdateTimelogTest" file="/home/ubuntu/subhub-api/tests/Timelogs/Services/UpdateTimelogTest.php" tests="1" assertions="4" failures="0" errors="0" time="0.257974">
      <testcase name="testUpdate" class="RoleCall\Timelogs\Services\UpdateTimelogTest" file="/home/ubuntu/subhub-api/tests/Timelogs/Services/UpdateTimelogTest.php" line="13" assertions="4" time="0.257974"/>
    </testsuite>
    <testsuite name="RoleCall\Timelogs\TimelogTest" file="/home/ubuntu/subhub-api/tests/Timelogs/TimelogTest.php" tests="34" assertions="57" failures="0" errors="0" time="5.744395">
      <testcase name="testTimestampsAreEnabled" class="RoleCall\Timelogs\TimelogTest" file="/home/ubuntu/subhub-api/tests/Timelogs/TimelogTest.php" line="19" assertions="1" time="0.124080"/>
      <testcase name="testFillable" class="RoleCall\Timelogs\TimelogTest" file="/home/ubuntu/subhub-api/tests/Timelogs/TimelogTest.php" line="24" assertions="1" time="0.125771"/>
      <testcase name="testDates" class="RoleCall\Timelogs\TimelogTest" file="/home/ubuntu/subhub-api/tests/Timelogs/TimelogTest.php" line="45" assertions="1" time="0.200615"/>
      <testcase name="testAttributes" class="RoleCall\Timelogs\TimelogTest" file="/home/ubuntu/subhub-api/tests/Timelogs/TimelogTest.php" line="61" assertions="1" time="0.124319"/>
      <testcase name="testCasts" class="RoleCall\Timelogs\TimelogTest" file="/home/ubuntu/subhub-api/tests/Timelogs/TimelogTest.php" line="71" assertions="1" time="0.125090"/>
      <testcase name="testGetBreakDurationMinutesAttribute" class="RoleCall\Timelogs\TimelogTest" file="/home/ubuntu/subhub-api/tests/Timelogs/TimelogTest.php" line="81" assertions="3" time="0.206741"/>
      <testcase name="testGetLastAdjustment" class="RoleCall\Timelogs\TimelogTest" file="/home/ubuntu/subhub-api/tests/Timelogs/TimelogTest.php" line="109" assertions="3" time="0.143996"/>
      <testcase name="testGetFinalHoursAttribute" class="RoleCall\Timelogs\TimelogTest" file="/home/ubuntu/subhub-api/tests/Timelogs/TimelogTest.php" line="125" assertions="2" time="0.147537"/>
      <testcase name="testGetFinalOvertimeHoursAttribute" class="RoleCall\Timelogs\TimelogTest" file="/home/ubuntu/subhub-api/tests/Timelogs/TimelogTest.php" line="144" assertions="2" time="0.221706"/>
      <testcase name="testGetFinalPayAmountAttribute" class="RoleCall\Timelogs\TimelogTest" file="/home/ubuntu/subhub-api/tests/Timelogs/TimelogTest.php" line="163" assertions="2" time="0.146676"/>
      <testcase name="testGetFinalBillingAmountAttribute" class="RoleCall\Timelogs\TimelogTest" file="/home/ubuntu/subhub-api/tests/Timelogs/TimelogTest.php" line="182" assertions="2" time="0.148367"/>
      <testcase name="testGetFinalOvertimePayAmountAttribute" class="RoleCall\Timelogs\TimelogTest" file="/home/ubuntu/subhub-api/tests/Timelogs/TimelogTest.php" line="201" assertions="2" time="0.223408"/>
      <testcase name="testGetFinalOvertimeBillingAmountAttribute" class="RoleCall\Timelogs\TimelogTest" file="/home/ubuntu/subhub-api/tests/Timelogs/TimelogTest.php" line="220" assertions="2" time="0.146357"/>
      <testcase name="testHasAdjustments" class="RoleCall\Timelogs\TimelogTest" file="/home/ubuntu/subhub-api/tests/Timelogs/TimelogTest.php" line="257" assertions="2" time="0.214596"/>
      <testcase name="testIsCompleteAttribute" class="RoleCall\Timelogs\TimelogTest" file="/home/ubuntu/subhub-api/tests/Timelogs/TimelogTest.php" line="270" assertions="2" time="0.128130"/>
      <testcase name="testIsIncompleteAttribute" class="RoleCall\Timelogs\TimelogTest" file="/home/ubuntu/subhub-api/tests/Timelogs/TimelogTest.php" line="281" assertions="2" time="0.129166"/>
      <testcase name="testEmployeeAccountingCodesAttribute" class="RoleCall\Timelogs\TimelogTest" file="/home/ubuntu/subhub-api/tests/Timelogs/TimelogTest.php" line="291" assertions="6" time="0.325000"/>
      <testcase name="testScopeForUser" class="RoleCall\Timelogs\TimelogTest" file="/home/ubuntu/subhub-api/tests/Timelogs/TimelogTest.php" line="334" assertions="1" time="0.145175"/>
      <testcase name="testScopeForDistrict" class="RoleCall\Timelogs\TimelogTest" file="/home/ubuntu/subhub-api/tests/Timelogs/TimelogTest.php" line="345" assertions="1" time="0.179573"/>
      <testcase name="testScopeIsApproved" class="RoleCall\Timelogs\TimelogTest" file="/home/ubuntu/subhub-api/tests/Timelogs/TimelogTest.php" line="356" assertions="1" time="0.210259"/>
      <testcase name="testScopeIsNotApproved" class="RoleCall\Timelogs\TimelogTest" file="/home/ubuntu/subhub-api/tests/Timelogs/TimelogTest.php" line="365" assertions="1" time="0.133964"/>
      <testcase name="testScopeIsDisputed" class="RoleCall\Timelogs\TimelogTest" file="/home/ubuntu/subhub-api/tests/Timelogs/TimelogTest.php" line="374" assertions="1" time="0.132973"/>
      <testcase name="testScopeIsUnapproved" class="RoleCall\Timelogs\TimelogTest" file="/home/ubuntu/subhub-api/tests/Timelogs/TimelogTest.php" line="383" assertions="1" time="0.208048"/>
      <testcase name="testScopeIsPendingRateApproval" class="RoleCall\Timelogs\TimelogTest" file="/home/ubuntu/subhub-api/tests/Timelogs/TimelogTest.php" line="392" assertions="1" time="0.139057"/>
      <testcase name="testScopeIsRateNotPendingApproval" class="RoleCall\Timelogs\TimelogTest" file="/home/ubuntu/subhub-api/tests/Timelogs/TimelogTest.php" line="413" assertions="1" time="0.138022"/>
      <testcase name="testScopeIsPaid" class="RoleCall\Timelogs\TimelogTest" file="/home/ubuntu/subhub-api/tests/Timelogs/TimelogTest.php" line="434" assertions="2" time="0.209427"/>
      <testcase name="testScopeIsUnpaid" class="RoleCall\Timelogs\TimelogTest" file="/home/ubuntu/subhub-api/tests/Timelogs/TimelogTest.php" line="445" assertions="2" time="0.134641"/>
      <testcase name="testScopeIsComplete" class="RoleCall\Timelogs\TimelogTest" file="/home/ubuntu/subhub-api/tests/Timelogs/TimelogTest.php" line="456" assertions="2" time="0.133406"/>
      <testcase name="testScopeIsIncomplete" class="RoleCall\Timelogs\TimelogTest" file="/home/ubuntu/subhub-api/tests/Timelogs/TimelogTest.php" line="469" assertions="2" time="0.211084"/>
      <testcase name="testScopeAfter" class="RoleCall\Timelogs\TimelogTest" file="/home/ubuntu/subhub-api/tests/Timelogs/TimelogTest.php" line="488" assertions="1" time="0.131971"/>
      <testcase name="testScopeBefore" class="RoleCall\Timelogs\TimelogTest" file="/home/ubuntu/subhub-api/tests/Timelogs/TimelogTest.php" line="503" assertions="1" time="0.132373"/>
      <testcase name="testScopeBetween" class="RoleCall\Timelogs\TimelogTest" file="/home/ubuntu/subhub-api/tests/Timelogs/TimelogTest.php" line="518" assertions="1" time="0.205863"/>
      <testcase name="testScopeOnDay" class="RoleCall\Timelogs\TimelogTest" file="/home/ubuntu/subhub-api/tests/Timelogs/TimelogTest.php" line="533" assertions="1" time="0.131264"/>
      <testcase name="testTimelogRole" class="RoleCall\Timelogs\TimelogTest" file="/home/ubuntu/subhub-api/tests/Timelogs/TimelogTest.php" line="548" assertions="2" time="0.285741"/>
    </testsuite>
    <testsuite name="RoleCall\Timelogs\Validators\AuditTimelogValidatorTest" file="/home/ubuntu/subhub-api/tests/Timelogs/Validators/AuditTimelogValidatorTest.php" tests="9" assertions="18" failures="0" errors="0" time="2.059742">
      <testcase name="testValid" class="RoleCall\Timelogs\Validators\AuditTimelogValidatorTest" file="/home/ubuntu/subhub-api/tests/Timelogs/Validators/AuditTimelogValidatorTest.php" line="50" assertions="2" time="0.206890"/>
      <testcase name="testIsApproved" class="RoleCall\Timelogs\Validators\AuditTimelogValidatorTest" file="/home/ubuntu/subhub-api/tests/Timelogs/Validators/AuditTimelogValidatorTest.php" line="62" assertions="2" time="0.206842"/>
      <testcase name="testIsPaid" class="RoleCall\Timelogs\Validators\AuditTimelogValidatorTest" file="/home/ubuntu/subhub-api/tests/Timelogs/Validators/AuditTimelogValidatorTest.php" line="78" assertions="2" time="0.290597"/>
      <testcase name="testMissingStartTime" class="RoleCall\Timelogs\Validators\AuditTimelogValidatorTest" file="/home/ubuntu/subhub-api/tests/Timelogs/Validators/AuditTimelogValidatorTest.php" line="96" assertions="2" time="0.202791"/>
      <testcase name="testMissingEndTime" class="RoleCall\Timelogs\Validators\AuditTimelogValidatorTest" file="/home/ubuntu/subhub-api/tests/Timelogs/Validators/AuditTimelogValidatorTest.php" line="112" assertions="2" time="0.204688"/>
      <testcase name="testTimesAreSame" class="RoleCall\Timelogs\Validators\AuditTimelogValidatorTest" file="/home/ubuntu/subhub-api/tests/Timelogs/Validators/AuditTimelogValidatorTest.php" line="128" assertions="2" time="0.284024"/>
      <testcase name="testNoPositionRates" class="RoleCall\Timelogs\Validators\AuditTimelogValidatorTest" file="/home/ubuntu/subhub-api/tests/Timelogs/Validators/AuditTimelogValidatorTest.php" line="145" assertions="2" time="0.203088"/>
      <testcase name="testHasNoApplyRateValue" class="RoleCall\Timelogs\Validators\AuditTimelogValidatorTest" file="/home/ubuntu/subhub-api/tests/Timelogs/Validators/AuditTimelogValidatorTest.php" line="159" assertions="2" time="0.204507"/>
      <testcase name="testADuplicateTimelog" class="RoleCall\Timelogs\Validators\AuditTimelogValidatorTest" file="/home/ubuntu/subhub-api/tests/Timelogs/Validators/AuditTimelogValidatorTest.php" line="174" assertions="2" time="0.256315"/>
    </testsuite>
    <testsuite name="RoleCall\Timelogs\Validators\CreateTimelogValidatorTest" file="/home/ubuntu/subhub-api/tests/Timelogs/Validators/CreateTimelogValidatorTest.php" tests="10" assertions="24" failures="0" errors="0" time="2.288954">
      <testcase name="testValid" class="RoleCall\Timelogs\Validators\CreateTimelogValidatorTest" file="/home/ubuntu/subhub-api/tests/Timelogs/Validators/CreateTimelogValidatorTest.php" line="14" assertions="1" time="0.188446"/>
      <testcase name="testMissingRole" class="RoleCall\Timelogs\Validators\CreateTimelogValidatorTest" file="/home/ubuntu/subhub-api/tests/Timelogs/Validators/CreateTimelogValidatorTest.php" line="46" assertions="2" time="0.185367"/>
      <testcase name="testExpiredRole" class="RoleCall\Timelogs\Validators\CreateTimelogValidatorTest" file="/home/ubuntu/subhub-api/tests/Timelogs/Validators/CreateTimelogValidatorTest.php" line="79" assertions="2" time="0.263794"/>
      <testcase name="testNotScheduledToWork" class="RoleCall\Timelogs\Validators\CreateTimelogValidatorTest" file="/home/ubuntu/subhub-api/tests/Timelogs/Validators/CreateTimelogValidatorTest.php" line="116" assertions="2" time="0.183540"/>
      <testcase name="testUserIsAbsentForScheduleTime" class="RoleCall\Timelogs\Validators\CreateTimelogValidatorTest" file="/home/ubuntu/subhub-api/tests/Timelogs/Validators/CreateTimelogValidatorTest.php" line="142" assertions="2" time="0.315937"/>
      <testcase name="testUserIsAbsentForPartOfScheduleTime" class="RoleCall\Timelogs\Validators\CreateTimelogValidatorTest" file="/home/ubuntu/subhub-api/tests/Timelogs/Validators/CreateTimelogValidatorTest.php" line="186" assertions="1" time="0.246628"/>
      <testcase name="testTimelogOverlap" class="RoleCall\Timelogs\Validators\CreateTimelogValidatorTest" file="/home/ubuntu/subhub-api/tests/Timelogs/Validators/CreateTimelogValidatorTest.php" line="229" assertions="4" time="0.211845"/>
      <testcase name="testTimelogNoEndDateTime" class="RoleCall\Timelogs\Validators\CreateTimelogValidatorTest" file="/home/ubuntu/subhub-api/tests/Timelogs/Validators/CreateTimelogValidatorTest.php" line="300" assertions="5" time="0.277441"/>
      <testcase name="testTimelogAlreadyExistsAndIsDeleted" class="RoleCall\Timelogs\Validators\CreateTimelogValidatorTest" file="/home/ubuntu/subhub-api/tests/Timelogs/Validators/CreateTimelogValidatorTest.php" line="358" assertions="3" time="0.209150"/>
      <testcase name="testTimelogAlreadyExistsForAnotherInactiveRole" class="RoleCall\Timelogs\Validators\CreateTimelogValidatorTest" file="/home/ubuntu/subhub-api/tests/Timelogs/Validators/CreateTimelogValidatorTest.php" line="404" assertions="2" time="0.206806"/>
    </testsuite>
    <testsuite name="RoleCall\Timelogs\Validators\DeleteTimelogValidatorTest" file="/home/ubuntu/subhub-api/tests/Timelogs/Validators/DeleteTimelogValidatorTest.php" tests="4" assertions="11" failures="0" errors="0" time="0.838525">
      <testcase name="testDeleteFilled" class="RoleCall\Timelogs\Validators\DeleteTimelogValidatorTest" file="/home/ubuntu/subhub-api/tests/Timelogs/Validators/DeleteTimelogValidatorTest.php" line="14" assertions="3" time="0.271785"/>
      <testcase name="testDeleteFilledByDifferentSub" class="RoleCall\Timelogs\Validators\DeleteTimelogValidatorTest" file="/home/ubuntu/subhub-api/tests/Timelogs/Validators/DeleteTimelogValidatorTest.php" line="40" assertions="2" time="0.205749"/>
      <testcase name="testDeleteApproved" class="RoleCall\Timelogs\Validators\DeleteTimelogValidatorTest" file="/home/ubuntu/subhub-api/tests/Timelogs/Validators/DeleteTimelogValidatorTest.php" line="70" assertions="3" time="0.128774"/>
      <testcase name="testDeletePaid" class="RoleCall\Timelogs\Validators\DeleteTimelogValidatorTest" file="/home/ubuntu/subhub-api/tests/Timelogs/Validators/DeleteTimelogValidatorTest.php" line="85" assertions="3" time="0.232217"/>
    </testsuite>
    <testsuite name="RoleCall\Timelogs\Validators\EmployeeCheckinValidatorTest" file="/home/ubuntu/subhub-api/tests/Timelogs/Validators/EmployeeCheckinValidatorTest.php" tests="8" assertions="14" failures="0" errors="0" time="1.866273">
      <testcase name="testValid" class="RoleCall\Timelogs\Validators\EmployeeCheckinValidatorTest" file="/home/ubuntu/subhub-api/tests/Timelogs/Validators/EmployeeCheckinValidatorTest.php" line="16" assertions="1" time="0.189760"/>
      <testcase name="testMissingRole" class="RoleCall\Timelogs\Validators\EmployeeCheckinValidatorTest" file="/home/ubuntu/subhub-api/tests/Timelogs/Validators/EmployeeCheckinValidatorTest.php" line="47" assertions="2" time="0.189151"/>
      <testcase name="testExpiredRole" class="RoleCall\Timelogs\Validators\EmployeeCheckinValidatorTest" file="/home/ubuntu/subhub-api/tests/Timelogs/Validators/EmployeeCheckinValidatorTest.php" line="79" assertions="2" time="0.268553"/>
      <testcase name="testNotScheduledToWork" class="RoleCall\Timelogs\Validators\EmployeeCheckinValidatorTest" file="/home/ubuntu/subhub-api/tests/Timelogs/Validators/EmployeeCheckinValidatorTest.php" line="115" assertions="2" time="0.187416"/>
      <testcase name="testUserIsAbsentForScheduleTime" class="RoleCall\Timelogs\Validators\EmployeeCheckinValidatorTest" file="/home/ubuntu/subhub-api/tests/Timelogs/Validators/EmployeeCheckinValidatorTest.php" line="140" assertions="2" time="0.321522"/>
      <testcase name="testUserIsAbsentForPartOfScheduleTime" class="RoleCall\Timelogs\Validators\EmployeeCheckinValidatorTest" file="/home/ubuntu/subhub-api/tests/Timelogs/Validators/EmployeeCheckinValidatorTest.php" line="183" assertions="1" time="0.240518"/>
      <testcase name="testTimelogAlreadyExists" class="RoleCall\Timelogs\Validators\EmployeeCheckinValidatorTest" file="/home/ubuntu/subhub-api/tests/Timelogs/Validators/EmployeeCheckinValidatorTest.php" line="225" assertions="2" time="0.191763"/>
      <testcase name="testTimelogAbleToCheckinAgainIfOriginalTimecardIsDeleted" class="RoleCall\Timelogs\Validators\EmployeeCheckinValidatorTest" file="/home/ubuntu/subhub-api/tests/Timelogs/Validators/EmployeeCheckinValidatorTest.php" line="263" assertions="2" time="0.277590"/>
    </testsuite>
    <testsuite name="RoleCall\Timelogs\Validators\UpdateTimelogValidatorTest" file="/home/ubuntu/subhub-api/tests/Timelogs/Validators/UpdateTimelogValidatorTest.php" tests="19" assertions="32" failures="0" errors="0" time="4.428151">
      <testcase name="testValidateSubTimecard" class="RoleCall\Timelogs\Validators\UpdateTimelogValidatorTest" file="/home/ubuntu/subhub-api/tests/Timelogs/Validators/UpdateTimelogValidatorTest.php" line="45" assertions="1" time="0.201674"/>
      <testcase name="testInvalidPin" class="RoleCall\Timelogs\Validators\UpdateTimelogValidatorTest" file="/home/ubuntu/subhub-api/tests/Timelogs/Validators/UpdateTimelogValidatorTest.php" line="59" assertions="2" time="0.202366"/>
      <testcase name="testAlreadyApproved" class="RoleCall\Timelogs\Validators\UpdateTimelogValidatorTest" file="/home/ubuntu/subhub-api/tests/Timelogs/Validators/UpdateTimelogValidatorTest.php" line="74" assertions="2" time="0.279717"/>
      <testcase name="testAlreadyPaid" class="RoleCall\Timelogs\Validators\UpdateTimelogValidatorTest" file="/home/ubuntu/subhub-api/tests/Timelogs/Validators/UpdateTimelogValidatorTest.php" line="92" assertions="2" time="0.208664"/>
      <testcase name="testEndsBeforeStarts" class="RoleCall\Timelogs\Validators\UpdateTimelogValidatorTest" file="/home/ubuntu/subhub-api/tests/Timelogs/Validators/UpdateTimelogValidatorTest.php" line="113" assertions="2" time="0.206882"/>
      <testcase name="testBreakStartsBeforeStartTime" class="RoleCall\Timelogs\Validators\UpdateTimelogValidatorTest" file="/home/ubuntu/subhub-api/tests/Timelogs/Validators/UpdateTimelogValidatorTest.php" line="131" assertions="2" time="0.284709"/>
      <testcase name="testBreakEndsAfterEndTime" class="RoleCall\Timelogs\Validators\UpdateTimelogValidatorTest" file="/home/ubuntu/subhub-api/tests/Timelogs/Validators/UpdateTimelogValidatorTest.php" line="159" assertions="2" time="0.208920"/>
      <testsuite name="RoleCall\Timelogs\Validators\UpdateTimelogValidatorTest::testOverlapsTimecard" tests="9" assertions="9" failures="0" errors="0" time="2.110977">
        <testcase name="testOverlapsTimecard with data set &quot;collides window exactly&quot;" assertions="1" time="0.206964"/>
        <testcase name="testOverlapsTimecard with data set &quot;not collides completely before&quot;" assertions="1" time="0.285806"/>
        <testcase name="testOverlapsTimecard with data set &quot;not collides edge before&quot;" assertions="1" time="0.208878"/>
        <testcase name="testOverlapsTimecard with data set &quot;collides overlap before&quot;" assertions="1" time="0.283214"/>
        <testcase name="testOverlapsTimecard with data set &quot;collides inside window&quot;" assertions="1" time="0.211893"/>
        <testcase name="testOverlapsTimecard with data set &quot;collides overlap after&quot;" assertions="1" time="0.208589"/>
        <testcase name="testOverlapsTimecard with data set &quot;not collides edge after&quot;" assertions="1" time="0.286387"/>
        <testcase name="testOverlapsTimecard with data set &quot;not collides completely after&quot;" assertions="1" time="0.210300"/>
        <testcase name="testOverlapsTimecard with data set &quot;collides around&quot;" assertions="1" time="0.208946"/>
      </testsuite>
      <testcase name="testSubEarlyCheckin" class="RoleCall\Timelogs\Validators\UpdateTimelogValidatorTest" file="/home/ubuntu/subhub-api/tests/Timelogs/Validators/UpdateTimelogValidatorTest.php" line="312" assertions="2" time="0.282662"/>
      <testcase name="testSubEarlyCheckout" class="RoleCall\Timelogs\Validators\UpdateTimelogValidatorTest" file="/home/ubuntu/subhub-api/tests/Timelogs/Validators/UpdateTimelogValidatorTest.php" line="330" assertions="2" time="0.209390"/>
      <testcase name="testSubInvalidLongTermRate" class="RoleCall\Timelogs\Validators\UpdateTimelogValidatorTest" file="/home/ubuntu/subhub-api/tests/Timelogs/Validators/UpdateTimelogValidatorTest.php" line="351" assertions="6" time="0.232190"/>
    </testsuite>
    <testsuite name="RoleCall\UserHistories\EducationHistoryRecordTest" file="/home/ubuntu/subhub-api/tests/UserHistories/EducationHistoryRecordTest.php" tests="4" assertions="4" failures="0" errors="0" time="0.650973">
      <testcase name="testTimestampsAreEnabled" class="RoleCall\UserHistories\EducationHistoryRecordTest" file="/home/ubuntu/subhub-api/tests/UserHistories/EducationHistoryRecordTest.php" line="16" assertions="1" time="0.200969"/>
      <testcase name="testFillable" class="RoleCall\UserHistories\EducationHistoryRecordTest" file="/home/ubuntu/subhub-api/tests/UserHistories/EducationHistoryRecordTest.php" line="21" assertions="1" time="0.124534"/>
      <testcase name="testCasts" class="RoleCall\UserHistories\EducationHistoryRecordTest" file="/home/ubuntu/subhub-api/tests/UserHistories/EducationHistoryRecordTest.php" line="35" assertions="1" time="0.125882"/>
      <testcase name="testDegreeOptions" class="RoleCall\UserHistories\EducationHistoryRecordTest" file="/home/ubuntu/subhub-api/tests/UserHistories/EducationHistoryRecordTest.php" line="46" assertions="1" time="0.199588"/>
    </testsuite>
    <testsuite name="RoleCall\UserHistories\EmploymentHistoryRecordTest" file="/home/ubuntu/subhub-api/tests/UserHistories/EmploymentHistoryRecordTest.php" tests="4" assertions="4" failures="0" errors="0" time="0.574530">
      <testcase name="testTimestampsAreEnabled" class="RoleCall\UserHistories\EmploymentHistoryRecordTest" file="/home/ubuntu/subhub-api/tests/UserHistories/EmploymentHistoryRecordTest.php" line="16" assertions="1" time="0.125789"/>
      <testcase name="testFillable" class="RoleCall\UserHistories\EmploymentHistoryRecordTest" file="/home/ubuntu/subhub-api/tests/UserHistories/EmploymentHistoryRecordTest.php" line="21" assertions="1" time="0.123931"/>
      <testcase name="testCasts" class="RoleCall\UserHistories\EmploymentHistoryRecordTest" file="/home/ubuntu/subhub-api/tests/UserHistories/EmploymentHistoryRecordTest.php" line="35" assertions="1" time="0.200268"/>
      <testcase name="testIndustryOptions" class="RoleCall\UserHistories\EmploymentHistoryRecordTest" file="/home/ubuntu/subhub-api/tests/UserHistories/EmploymentHistoryRecordTest.php" line="46" assertions="1" time="0.124542"/>
    </testsuite>
    <testsuite name="RoleCall\Positions\Requests\CreateEducationHistoryRecordRequestTest" file="/home/ubuntu/subhub-api/tests/UserHistories/Requests/CreateEducationHistoryRecordRequestTest.php" tests="5" assertions="33" failures="0" errors="0" time="0.815906">
      <testcase name="testValidForHighSchool" class="RoleCall\Positions\Requests\CreateEducationHistoryRecordRequestTest" file="/home/ubuntu/subhub-api/tests/UserHistories/Requests/CreateEducationHistoryRecordRequestTest.php" line="13" assertions="1" time="0.134078"/>
      <testcase name="testValidForPostSecondary" class="RoleCall\Positions\Requests\CreateEducationHistoryRecordRequestTest" file="/home/ubuntu/subhub-api/tests/UserHistories/Requests/CreateEducationHistoryRecordRequestTest.php" line="34" assertions="1" time="0.207963"/>
      <testcase name="testValidForCustom" class="RoleCall\Positions\Requests\CreateEducationHistoryRecordRequestTest" file="/home/ubuntu/subhub-api/tests/UserHistories/Requests/CreateEducationHistoryRecordRequestTest.php" line="55" assertions="1" time="0.127656"/>
      <testcase name="testRequiredFields" class="RoleCall\Positions\Requests\CreateEducationHistoryRecordRequestTest" file="/home/ubuntu/subhub-api/tests/UserHistories/Requests/CreateEducationHistoryRecordRequestTest.php" line="73" assertions="23" time="0.209226"/>
      <testcase name="testInvalidFields" class="RoleCall\Positions\Requests\CreateEducationHistoryRecordRequestTest" file="/home/ubuntu/subhub-api/tests/UserHistories/Requests/CreateEducationHistoryRecordRequestTest.php" line="130" assertions="7" time="0.136983"/>
    </testsuite>
    <testsuite name="RoleCall\UserHistories\Services\CreateEducationHistoryRecordTest" file="/home/ubuntu/subhub-api/tests/UserHistories/Services/CreateEducationHistoryRecordTest.php" tests="3" assertions="20" failures="0" errors="0" time="0.518896">
      <testcase name="testCreateHighSchoolRecord" class="RoleCall\UserHistories\Services\CreateEducationHistoryRecordTest" file="/home/ubuntu/subhub-api/tests/UserHistories/Services/CreateEducationHistoryRecordTest.php" line="13" assertions="6" time="0.148831"/>
      <testcase name="testCreatePostSecondaryRecord" class="RoleCall\UserHistories\Services\CreateEducationHistoryRecordTest" file="/home/ubuntu/subhub-api/tests/UserHistories/Services/CreateEducationHistoryRecordTest.php" line="37" assertions="6" time="0.221676"/>
      <testcase name="testCreateCustomRecord" class="RoleCall\UserHistories\Services\CreateEducationHistoryRecordTest" file="/home/ubuntu/subhub-api/tests/UserHistories/Services/CreateEducationHistoryRecordTest.php" line="61" assertions="8" time="0.148389"/>
    </testsuite>
    <testsuite name="RoleCall\UserHistories\Services\CreateEmploymentHistoryRecordTest" file="/home/ubuntu/subhub-api/tests/UserHistories/Services/CreateEmploymentHistoryRecordTest.php" tests="1" assertions="9" failures="0" errors="0" time="0.140297">
      <testcase name="testCreate" class="RoleCall\UserHistories\Services\CreateEmploymentHistoryRecordTest" file="/home/ubuntu/subhub-api/tests/UserHistories/Services/CreateEmploymentHistoryRecordTest.php" line="12" assertions="9" time="0.140297"/>
    </testsuite>
    <testsuite name="RoleCall\Users\AgencyAdminTest" file="/home/ubuntu/subhub-api/tests/Users/AgencyAdminTest.php" tests="1" assertions="10" failures="0" errors="0" time="0.261281">
      <testcase name="testCreate" class="RoleCall\Users\AgencyAdminTest" file="/home/ubuntu/subhub-api/tests/Users/AgencyAdminTest.php" line="12" assertions="10" time="0.261281"/>
    </testsuite>
    <testsuite name="RoleCall\Positions\Controllers\CustomEmployeePositionValuesControllerTest" file="/home/ubuntu/subhub-api/tests/Users/Controllers/CustomEmployeePositionValuesControllerTest.php" tests="4" assertions="22" failures="0" errors="0" time="1.074705">
      <testcase name="testStore" class="RoleCall\Positions\Controllers\CustomEmployeePositionValuesControllerTest" file="/home/ubuntu/subhub-api/tests/Users/Controllers/CustomEmployeePositionValuesControllerTest.php" line="14" assertions="5" time="0.228225"/>
      <testcase name="testPositionCanHaveMoreThanOneValuePerField" class="RoleCall\Positions\Controllers\CustomEmployeePositionValuesControllerTest" file="/home/ubuntu/subhub-api/tests/Users/Controllers/CustomEmployeePositionValuesControllerTest.php" line="44" assertions="8" time="0.333830"/>
      <testcase name="testUpdate" class="RoleCall\Positions\Controllers\CustomEmployeePositionValuesControllerTest" file="/home/ubuntu/subhub-api/tests/Users/Controllers/CustomEmployeePositionValuesControllerTest.php" line="79" assertions="5" time="0.224157"/>
      <testcase name="testDelete" class="RoleCall\Positions\Controllers\CustomEmployeePositionValuesControllerTest" file="/home/ubuntu/subhub-api/tests/Users/Controllers/CustomEmployeePositionValuesControllerTest.php" line="111" assertions="4" time="0.288493"/>
    </testsuite>
    <testsuite name="RoleCall\User\Controllers\CustomUserFieldValuesControllerTest" file="/home/ubuntu/subhub-api/tests/Users/Controllers/CustomUserFieldValuesControllerTest.php" tests="3" assertions="21" failures="0" errors="0" time="0.756431">
      <testcase name="testStore" class="RoleCall\User\Controllers\CustomUserFieldValuesControllerTest" file="/home/ubuntu/subhub-api/tests/Users/Controllers/CustomUserFieldValuesControllerTest.php" line="14" assertions="5" time="0.214098"/>
      <testcase name="testUserCanHaveMoreThanOneValuePerField" class="RoleCall\User\Controllers\CustomUserFieldValuesControllerTest" file="/home/ubuntu/subhub-api/tests/Users/Controllers/CustomUserFieldValuesControllerTest.php" line="36" assertions="9" time="0.323305"/>
      <testcase name="testUpdate" class="RoleCall\User\Controllers\CustomUserFieldValuesControllerTest" file="/home/ubuntu/subhub-api/tests/Users/Controllers/CustomUserFieldValuesControllerTest.php" line="65" assertions="7" time="0.219028"/>
    </testsuite>
    <testsuite name="RoleCall\Users\Controllers\DistrictProfilesControllerTest" file="/home/ubuntu/subhub-api/tests/Users/Controllers/DistrictProfilesControllerTest.php" tests="4" assertions="16" failures="0" errors="0" time="0.979920">
      <testcase name="testUpdate" class="RoleCall\Users\Controllers\DistrictProfilesControllerTest" file="/home/ubuntu/subhub-api/tests/Users/Controllers/DistrictProfilesControllerTest.php" line="13" assertions="5" time="0.286310"/>
      <testcase name="testCreate" class="RoleCall\Users\Controllers\DistrictProfilesControllerTest" file="/home/ubuntu/subhub-api/tests/Users/Controllers/DistrictProfilesControllerTest.php" line="36" assertions="5" time="0.213625"/>
      <testcase name="testCannotCreateMultipleProfilesForSingleDistrict" class="RoleCall\Users\Controllers\DistrictProfilesControllerTest" file="/home/ubuntu/subhub-api/tests/Users/Controllers/DistrictProfilesControllerTest.php" line="57" assertions="3" time="0.280948"/>
      <testcase name="testDelete" class="RoleCall\Users\Controllers\DistrictProfilesControllerTest" file="/home/ubuntu/subhub-api/tests/Users/Controllers/DistrictProfilesControllerTest.php" line="79" assertions="3" time="0.199037"/>
    </testsuite>
    <testsuite name="RoleCall\Users\Controllers\EmployeesPositionsControllerTest" file="/home/ubuntu/subhub-api/tests/Users/Controllers/EmployeePositionsControllerTest.php" tests="8" assertions="24" failures="0" errors="0" time="2.199858">
      <testcase name="testStore" class="RoleCall\Users\Controllers\EmployeesPositionsControllerTest" file="/home/ubuntu/subhub-api/tests/Users/Controllers/EmployeePositionsControllerTest.php" line="17" assertions="3" time="0.306883"/>
      <testcase name="testStoreUserPositionEvent" class="RoleCall\Users\Controllers\EmployeesPositionsControllerTest" file="/home/ubuntu/subhub-api/tests/Users/Controllers/EmployeePositionsControllerTest.php" line="49" assertions="3" time="0.231007"/>
      <testcase name="testStoreAccountingCodes" class="RoleCall\Users\Controllers\EmployeesPositionsControllerTest" file="/home/ubuntu/subhub-api/tests/Users/Controllers/EmployeePositionsControllerTest.php" line="82" assertions="3" time="0.303495"/>
      <testcase name="testStoreAccountingCodesMaxNumber" class="RoleCall\Users\Controllers\EmployeesPositionsControllerTest" file="/home/ubuntu/subhub-api/tests/Users/Controllers/EmployeePositionsControllerTest.php" line="115" assertions="3" time="0.308715"/>
      <testcase name="testStoreAccountingCodesOverLimit" class="RoleCall\Users\Controllers\EmployeesPositionsControllerTest" file="/home/ubuntu/subhub-api/tests/Users/Controllers/EmployeePositionsControllerTest.php" line="156" assertions="3" time="0.231248"/>
      <testcase name="testStoreAccountingCodesOverPercentage" class="RoleCall\Users\Controllers\EmployeesPositionsControllerTest" file="/home/ubuntu/subhub-api/tests/Users/Controllers/EmployeePositionsControllerTest.php" line="199" assertions="3" time="0.297973"/>
      <testcase name="testUpdate" class="RoleCall\Users\Controllers\EmployeesPositionsControllerTest" file="/home/ubuntu/subhub-api/tests/Users/Controllers/EmployeePositionsControllerTest.php" line="234" assertions="3" time="0.226120"/>
      <testcase name="testDelete" class="RoleCall\Users\Controllers\EmployeesPositionsControllerTest" file="/home/ubuntu/subhub-api/tests/Users/Controllers/EmployeePositionsControllerTest.php" line="269" assertions="3" time="0.294417"/>
    </testsuite>
    <testsuite name="RoleCall\Users\Controllers\EmployeesControllerTest" file="/home/ubuntu/subhub-api/tests/Users/Controllers/EmployeesControllerTest.php" tests="3" assertions="12" failures="0" errors="0" time="0.802980">
      <testcase name="testStore" class="RoleCall\Users\Controllers\EmployeesControllerTest" file="/home/ubuntu/subhub-api/tests/Users/Controllers/EmployeesControllerTest.php" line="15" assertions="3" time="0.250038"/>
      <testcase name="testStoreTimeTrackingEmployee" class="RoleCall\Users\Controllers\EmployeesControllerTest" file="/home/ubuntu/subhub-api/tests/Users/Controllers/EmployeesControllerTest.php" line="44" assertions="3" time="0.321524"/>
      <testcase name="testUpdate" class="RoleCall\Users\Controllers\EmployeesControllerTest" file="/home/ubuntu/subhub-api/tests/Users/Controllers/EmployeesControllerTest.php" line="74" assertions="6" time="0.231418"/>
    </testsuite>
    <testsuite name="RoleCall\Users\Controllers\ProfileControllerTest" file="/home/ubuntu/subhub-api/tests/Users/Controllers/ProfileControllerTest.php" tests="15" assertions="47" failures="0" errors="0" time="5.804094">
      <testcase name="testAsSuper" class="RoleCall\Users\Controllers\ProfileControllerTest" file="/home/ubuntu/subhub-api/tests/Users/Controllers/ProfileControllerTest.php" line="16" assertions="4" time="0.341284"/>
      <testcase name="testAsSchoolAdmin" class="RoleCall\Users\Controllers\ProfileControllerTest" file="/home/ubuntu/subhub-api/tests/Users/Controllers/ProfileControllerTest.php" line="36" assertions="1" time="0.330688"/>
      <testcase name="testAsEmployee" class="RoleCall\Users\Controllers\ProfileControllerTest" file="/home/ubuntu/subhub-api/tests/Users/Controllers/ProfileControllerTest.php" line="50" assertions="1" time="0.435762"/>
      <testcase name="testAsSub" class="RoleCall\Users\Controllers\ProfileControllerTest" file="/home/ubuntu/subhub-api/tests/Users/Controllers/ProfileControllerTest.php" line="58" assertions="1" time="0.460437"/>
      <testcase name="testAsDistrictAdmin" class="RoleCall\Users\Controllers\ProfileControllerTest" file="/home/ubuntu/subhub-api/tests/Users/Controllers/ProfileControllerTest.php" line="72" assertions="1" time="0.319879"/>
      <testcase name="testAsTimeApprover" class="RoleCall\Users\Controllers\ProfileControllerTest" file="/home/ubuntu/subhub-api/tests/Users/Controllers/ProfileControllerTest.php" line="83" assertions="1" time="0.409206"/>
      <testcase name="testAsAbsenceApprover" class="RoleCall\Users\Controllers\ProfileControllerTest" file="/home/ubuntu/subhub-api/tests/Users/Controllers/ProfileControllerTest.php" line="97" assertions="1" time="0.330404"/>
      <testcase name="testAsRegionAdmin" class="RoleCall\Users\Controllers\ProfileControllerTest" file="/home/ubuntu/subhub-api/tests/Users/Controllers/ProfileControllerTest.php" line="111" assertions="1" time="0.388447"/>
      <testcase name="testAsAgencyAdmin" class="RoleCall\Users\Controllers\ProfileControllerTest" file="/home/ubuntu/subhub-api/tests/Users/Controllers/ProfileControllerTest.php" line="122" assertions="1" time="0.382591"/>
      <testcase name="testAsRoleless" class="RoleCall\Users\Controllers\ProfileControllerTest" file="/home/ubuntu/subhub-api/tests/Users/Controllers/ProfileControllerTest.php" line="133" assertions="1" time="0.242839"/>
      <testcase name="testEdit" class="RoleCall\Users\Controllers\ProfileControllerTest" file="/home/ubuntu/subhub-api/tests/Users/Controllers/ProfileControllerTest.php" line="148" assertions="3" time="0.284185"/>
      <testcase name="testUpdate" class="RoleCall\Users\Controllers\ProfileControllerTest" file="/home/ubuntu/subhub-api/tests/Users/Controllers/ProfileControllerTest.php" line="161" assertions="6" time="0.386454"/>
      <testcase name="testUpdateDirectAssign" class="RoleCall\Users\Controllers\ProfileControllerTest" file="/home/ubuntu/subhub-api/tests/Users/Controllers/ProfileControllerTest.php" line="183" assertions="15" time="0.616162"/>
      <testcase name="testLeaveBalance" class="RoleCall\Users\Controllers\ProfileControllerTest" file="/home/ubuntu/subhub-api/tests/Users/Controllers/ProfileControllerTest.php" line="245" assertions="3" time="0.407313"/>
      <testcase name="testLeaveBalanceDistrict" class="RoleCall\Users\Controllers\ProfileControllerTest" file="/home/ubuntu/subhub-api/tests/Users/Controllers/ProfileControllerTest.php" line="264" assertions="7" time="0.468443"/>
    </testsuite>
    <testsuite name="RoleCall\Users\Controllers\SubSnapshotsControllerTest" file="/home/ubuntu/subhub-api/tests/Users/Controllers/SubSnapshotsControllerTest.php" tests="1" assertions="7" failures="0" errors="0" time="0.403748">
      <testcase name="testSnapshot" class="RoleCall\Users\Controllers\SubSnapshotsControllerTest" file="/home/ubuntu/subhub-api/tests/Users/Controllers/SubSnapshotsControllerTest.php" line="14" assertions="7" time="0.403748"/>
    </testsuite>
    <testsuite name="RoleCall\Users\Controllers\SubsControllerTest" file="/home/ubuntu/subhub-api/tests/Users/Controllers/SubsControllerTest.php" tests="2" assertions="9" failures="0" errors="0" time="0.546484">
      <testcase name="testStore" class="RoleCall\Users\Controllers\SubsControllerTest" file="/home/ubuntu/subhub-api/tests/Users/Controllers/SubsControllerTest.php" line="15" assertions="3" time="0.322256"/>
      <testcase name="testUpdate" class="RoleCall\Users\Controllers\SubsControllerTest" file="/home/ubuntu/subhub-api/tests/Users/Controllers/SubsControllerTest.php" line="43" assertions="6" time="0.224228"/>
    </testsuite>
    <testsuite name="RoleCall\Users\Controllers\UsersSettingsControllerTest" file="/home/ubuntu/subhub-api/tests/Users/Controllers/UserSettingsControllerTest.php" tests="3" assertions="12" failures="0" errors="0" time="1.236978">
      <testcase name="testLeaveBalance" class="RoleCall\Users\Controllers\UsersSettingsControllerTest" file="/home/ubuntu/subhub-api/tests/Users/Controllers/UserSettingsControllerTest.php" line="16" assertions="3" time="0.432721"/>
      <testcase name="testLeaveBalanceDistrict" class="RoleCall\Users\Controllers\UsersSettingsControllerTest" file="/home/ubuntu/subhub-api/tests/Users/Controllers/UserSettingsControllerTest.php" line="36" assertions="5" time="0.506277"/>
      <testcase name="testStoreLeaveBalanceRate" class="RoleCall\Users\Controllers\UsersSettingsControllerTest" file="/home/ubuntu/subhub-api/tests/Users/Controllers/UserSettingsControllerTest.php" line="65" assertions="4" time="0.297980"/>
    </testsuite>
    <testsuite name="RoleCall\Users\Controllers\UsersControllerTest" file="/home/ubuntu/subhub-api/tests/Users/Controllers/UsersControllerTest.php" tests="4" assertions="9" failures="0" errors="0" time="1.944726">
      <testcase name="testView" class="RoleCall\Users\Controllers\UsersControllerTest" file="/home/ubuntu/subhub-api/tests/Users/Controllers/UsersControllerTest.php" line="15" assertions="2" time="0.611449"/>
      <testcase name="testStore" class="RoleCall\Users\Controllers\UsersControllerTest" file="/home/ubuntu/subhub-api/tests/Users/Controllers/UsersControllerTest.php" line="39" assertions="2" time="0.355102"/>
      <testcase name="testEdit" class="RoleCall\Users\Controllers\UsersControllerTest" file="/home/ubuntu/subhub-api/tests/Users/Controllers/UsersControllerTest.php" line="64" assertions="2" time="0.483880"/>
      <testcase name="testRedirectTo" class="RoleCall\Users\Controllers\UsersControllerTest" file="/home/ubuntu/subhub-api/tests/Users/Controllers/UsersControllerTest.php" line="88" assertions="3" time="0.494295"/>
    </testsuite>
    <testsuite name="RoleCall\Users\EmployeeTest" file="/home/ubuntu/subhub-api/tests/Users/EmployeeTest.php" tests="6" assertions="13" failures="0" errors="0" time="1.272392">
      <testcase name="testIsScheduledToWorkScope" class="RoleCall\Users\EmployeeTest" file="/home/ubuntu/subhub-api/tests/Users/EmployeeTest.php" line="16" assertions="1" time="0.214630"/>
      <testcase name="testTodaysTimecard" class="RoleCall\Users\EmployeeTest" file="/home/ubuntu/subhub-api/tests/Users/EmployeeTest.php" line="64" assertions="2" time="0.260007"/>
      <testcase name="testTodaysTimecardNotCheckedInForDay" class="RoleCall\Users\EmployeeTest" file="/home/ubuntu/subhub-api/tests/Users/EmployeeTest.php" line="93" assertions="2" time="0.177562"/>
      <testcase name="testTodaysTimecardStartsAtMidnight" class="RoleCall\Users\EmployeeTest" file="/home/ubuntu/subhub-api/tests/Users/EmployeeTest.php" line="111" assertions="2" time="0.183656"/>
      <testcase name="testTodaysTimecardNotCheckedInForDayButHadTimecardYesterday" class="RoleCall\Users\EmployeeTest" file="/home/ubuntu/subhub-api/tests/Users/EmployeeTest.php" line="140" assertions="3" time="0.259597"/>
      <testcase name="testPositionsRelation" class="RoleCall\Users\EmployeeTest" file="/home/ubuntu/subhub-api/tests/Users/EmployeeTest.php" line="173" assertions="3" time="0.176940"/>
    </testsuite>
    <testsuite name="RoleCall\Users\Jobs\ResolveGeoCoordinatesTest" file="/home/ubuntu/subhub-api/tests/Users/Jobs/ResolveGeoCoordinatesTest.php" tests="2" assertions="4" failures="0" errors="0" time="0.357683">
      <testcase name="testSuccess" class="RoleCall\Users\Jobs\ResolveGeoCoordinatesTest" file="/home/ubuntu/subhub-api/tests/Users/Jobs/ResolveGeoCoordinatesTest.php" line="17" assertions="2" time="0.141677"/>
      <testcase name="testFail" class="RoleCall\Users\Jobs\ResolveGeoCoordinatesTest" file="/home/ubuntu/subhub-api/tests/Users/Jobs/ResolveGeoCoordinatesTest.php" line="47" assertions="2" time="0.216006"/>
    </testsuite>
    <testsuite name="RoleCall\Users\Policies\AccountantPolicyTest" file="/home/ubuntu/subhub-api/tests/Users/Policies/AccountantPolicyTest.php" tests="3" assertions="20" failures="0" errors="0" time="0.632235">
      <testcase name="testCreate" class="RoleCall\Users\Policies\AccountantPolicyTest" file="/home/ubuntu/subhub-api/tests/Users/Policies/AccountantPolicyTest.php" line="13" assertions="8" time="0.183199"/>
      <testcase name="testDelete" class="RoleCall\Users\Policies\AccountantPolicyTest" file="/home/ubuntu/subhub-api/tests/Users/Policies/AccountantPolicyTest.php" line="43" assertions="8" time="0.275147"/>
      <testcase name="testIndex" class="RoleCall\Users\Policies\AccountantPolicyTest" file="/home/ubuntu/subhub-api/tests/Users/Policies/AccountantPolicyTest.php" line="79" assertions="4" time="0.173889"/>
    </testsuite>
    <testsuite name="RoleCall\Users\Policies\CustomEmployeePositionValuePolicyTest" file="/home/ubuntu/subhub-api/tests/Users/Policies/CustomEmployeePositionValuePolicyTest.php" tests="1" assertions="66" failures="0" errors="0" time="0.374835">
      <testcase name="testPolicy" class="RoleCall\Users\Policies\CustomEmployeePositionValuePolicyTest" file="/home/ubuntu/subhub-api/tests/Users/Policies/CustomEmployeePositionValuePolicyTest.php" line="12" assertions="66" time="0.374835"/>
    </testsuite>
    <testsuite name="RoleCall\Users\Policies\DistrictAdminPolicyTest" file="/home/ubuntu/subhub-api/tests/Users/Policies/DistrictAdminPolicyTest.php" tests="3" assertions="30" failures="0" errors="0" time="0.667783">
      <testcase name="testCreate" class="RoleCall\Users\Policies\DistrictAdminPolicyTest" file="/home/ubuntu/subhub-api/tests/Users/Policies/DistrictAdminPolicyTest.php" line="13" assertions="10" time="0.274900"/>
      <testcase name="testCreateSuperAdmin" class="RoleCall\Users\Policies\DistrictAdminPolicyTest" file="/home/ubuntu/subhub-api/tests/Users/Policies/DistrictAdminPolicyTest.php" line="50" assertions="10" time="0.195080"/>
      <testcase name="testUpdate" class="RoleCall\Users\Policies\DistrictAdminPolicyTest" file="/home/ubuntu/subhub-api/tests/Users/Policies/DistrictAdminPolicyTest.php" line="87" assertions="10" time="0.197803"/>
    </testsuite>
    <testsuite name="RoleCall\Users\Policies\EmployeePolicyTest" file="/home/ubuntu/subhub-api/tests/Users/Policies/EmployeePolicyTest.php" tests="7" assertions="153" failures="0" errors="0" time="2.645855">
      <testcase name="testCreate" class="RoleCall\Users\Policies\EmployeePolicyTest" file="/home/ubuntu/subhub-api/tests/Users/Policies/EmployeePolicyTest.php" line="13" assertions="22" time="0.418775"/>
      <testcase name="testDelete" class="RoleCall\Users\Policies\EmployeePolicyTest" file="/home/ubuntu/subhub-api/tests/Users/Policies/EmployeePolicyTest.php" line="87" assertions="24" time="0.358257"/>
      <testcase name="testIndex" class="RoleCall\Users\Policies\EmployeePolicyTest" file="/home/ubuntu/subhub-api/tests/Users/Policies/EmployeePolicyTest.php" line="166" assertions="11" time="0.354254"/>
      <testcase name="testUpdate" class="RoleCall\Users\Policies\EmployeePolicyTest" file="/home/ubuntu/subhub-api/tests/Users/Policies/EmployeePolicyTest.php" line="229" assertions="24" time="0.430340"/>
      <testcase name="testUpdateEmployedBy" class="RoleCall\Users\Policies\EmployeePolicyTest" file="/home/ubuntu/subhub-api/tests/Users/Policies/EmployeePolicyTest.php" line="308" assertions="24" time="0.323452"/>
      <testcase name="testUpdatePayroll" class="RoleCall\Users\Policies\EmployeePolicyTest" file="/home/ubuntu/subhub-api/tests/Users/Policies/EmployeePolicyTest.php" line="387" assertions="24" time="0.333915"/>
      <testcase name="testView" class="RoleCall\Users\Policies\EmployeePolicyTest" file="/home/ubuntu/subhub-api/tests/Users/Policies/EmployeePolicyTest.php" line="466" assertions="24" time="0.426863"/>
    </testsuite>
    <testsuite name="RoleCall\Users\Policies\RegionAdminPolicyTest" file="/home/ubuntu/subhub-api/tests/Users/Policies/RegionAdminPolicyTest.php" tests="1" assertions="10" failures="0" errors="0" time="0.190999">
      <testcase name="testCreate" class="RoleCall\Users\Policies\RegionAdminPolicyTest" file="/home/ubuntu/subhub-api/tests/Users/Policies/RegionAdminPolicyTest.php" line="13" assertions="10" time="0.190999"/>
    </testsuite>
    <testsuite name="RoleCall\Users\Policies\SubPolicyTest" file="/home/ubuntu/subhub-api/tests/Users/Policies/SubPolicyTest.php" tests="9" assertions="201" failures="0" errors="0" time="3.093947">
      <testcase name="testCreate" class="RoleCall\Users\Policies\SubPolicyTest" file="/home/ubuntu/subhub-api/tests/Users/Policies/SubPolicyTest.php" line="100" assertions="22" time="0.364947"/>
      <testcase name="testDelete" class="RoleCall\Users\Policies\SubPolicyTest" file="/home/ubuntu/subhub-api/tests/Users/Policies/SubPolicyTest.php" line="133" assertions="24" time="0.298638"/>
      <testcase name="testIndex" class="RoleCall\Users\Policies\SubPolicyTest" file="/home/ubuntu/subhub-api/tests/Users/Policies/SubPolicyTest.php" line="168" assertions="11" time="0.334202"/>
      <testcase name="testUpdate" class="RoleCall\Users\Policies\SubPolicyTest" file="/home/ubuntu/subhub-api/tests/Users/Policies/SubPolicyTest.php" line="190" assertions="24" time="0.376328"/>
      <testcase name="testUpdateDirectAssign" class="RoleCall\Users\Policies\SubPolicyTest" file="/home/ubuntu/subhub-api/tests/Users/Policies/SubPolicyTest.php" line="225" assertions="24" time="0.347303"/>
      <testcase name="testBeDirectAssigned" class="RoleCall\Users\Policies\SubPolicyTest" file="/home/ubuntu/subhub-api/tests/Users/Policies/SubPolicyTest.php" line="260" assertions="24" time="0.382249"/>
      <testcase name="testUpdateEmployedBy" class="RoleCall\Users\Policies\SubPolicyTest" file="/home/ubuntu/subhub-api/tests/Users/Policies/SubPolicyTest.php" line="295" assertions="24" time="0.368540"/>
      <testcase name="testUpdatePayroll" class="RoleCall\Users\Policies\SubPolicyTest" file="/home/ubuntu/subhub-api/tests/Users/Policies/SubPolicyTest.php" line="331" assertions="24" time="0.306027"/>
      <testcase name="testView" class="RoleCall\Users\Policies\SubPolicyTest" file="/home/ubuntu/subhub-api/tests/Users/Policies/SubPolicyTest.php" line="366" assertions="24" time="0.315713"/>
    </testsuite>
    <testsuite name="RoleCall\Users\Policies\UserPolicyTest" file="/home/ubuntu/subhub-api/tests/Users/Policies/UserPolicyTest.php" tests="23" assertions="352" failures="0" errors="0" time="9.174137">
      <testcase name="testCreate" class="RoleCall\Users\Policies\UserPolicyTest" file="/home/ubuntu/subhub-api/tests/Users/Policies/UserPolicyTest.php" line="36" assertions="4" time="0.245619"/>
      <testcase name="testDelete" class="RoleCall\Users\Policies\UserPolicyTest" file="/home/ubuntu/subhub-api/tests/Users/Policies/UserPolicyTest.php" line="48" assertions="4" time="0.178830"/>
      <testcase name="testImpersonate" class="RoleCall\Users\Policies\UserPolicyTest" file="/home/ubuntu/subhub-api/tests/Users/Policies/UserPolicyTest.php" line="60" assertions="4" time="0.204381"/>
      <testcase name="testIndex" class="RoleCall\Users\Policies\UserPolicyTest" file="/home/ubuntu/subhub-api/tests/Users/Policies/UserPolicyTest.php" line="73" assertions="4" time="0.248788"/>
      <testcase name="testUpdate" class="RoleCall\Users\Policies\UserPolicyTest" file="/home/ubuntu/subhub-api/tests/Users/Policies/UserPolicyTest.php" line="85" assertions="4" time="0.210957"/>
      <testcase name="testUpdateAppleton" class="RoleCall\Users\Policies\UserPolicyTest" file="/home/ubuntu/subhub-api/tests/Users/Policies/UserPolicyTest.php" line="98" assertions="4" time="0.233543"/>
      <testcase name="testUpdateSsn" class="RoleCall\Users\Policies\UserPolicyTest" file="/home/ubuntu/subhub-api/tests/Users/Policies/UserPolicyTest.php" line="110" assertions="5" time="0.195165"/>
      <testcase name="testUpdateAvailabilitySchedule" class="RoleCall\Users\Policies\UserPolicyTest" file="/home/ubuntu/subhub-api/tests/Users/Policies/UserPolicyTest.php" line="138" assertions="5" time="0.216427"/>
      <testcase name="testView" class="RoleCall\Users\Policies\UserPolicyTest" file="/home/ubuntu/subhub-api/tests/Users/Policies/UserPolicyTest.php" line="154" assertions="2" time="0.317122"/>
      <testcase name="testViewContactInfo" class="RoleCall\Users\Policies\UserPolicyTest" file="/home/ubuntu/subhub-api/tests/Users/Policies/UserPolicyTest.php" line="162" assertions="11" time="0.316005"/>
      <testcase name="testViewWorkSchedule" class="RoleCall\Users\Policies\UserPolicyTest" file="/home/ubuntu/subhub-api/tests/Users/Policies/UserPolicyTest.php" line="220" assertions="24" time="0.397593"/>
      <testcase name="testViewSystemInfo" class="RoleCall\Users\Policies\UserPolicyTest" file="/home/ubuntu/subhub-api/tests/Users/Policies/UserPolicyTest.php" line="294" assertions="11" time="0.399589"/>
      <testcase name="testViewInactiveRoles" class="RoleCall\Users\Policies\UserPolicyTest" file="/home/ubuntu/subhub-api/tests/Users/Policies/UserPolicyTest.php" line="352" assertions="24" time="0.366071"/>
      <testcase name="testViewRoles" class="RoleCall\Users\Policies\UserPolicyTest" file="/home/ubuntu/subhub-api/tests/Users/Policies/UserPolicyTest.php" line="430" assertions="11" time="0.389120"/>
      <testcase name="testViewAbsenceHistory" class="RoleCall\Users\Policies\UserPolicyTest" file="/home/ubuntu/subhub-api/tests/Users/Policies/UserPolicyTest.php" line="488" assertions="11" time="0.354894"/>
      <testcase name="testViewJobHistory" class="RoleCall\Users\Policies\UserPolicyTest" file="/home/ubuntu/subhub-api/tests/Users/Policies/UserPolicyTest.php" line="552" assertions="11" time="0.368971"/>
      <testcase name="testViewCallHistory" class="RoleCall\Users\Policies\UserPolicyTest" file="/home/ubuntu/subhub-api/tests/Users/Policies/UserPolicyTest.php" line="616" assertions="36" time="0.579606"/>
      <testcase name="testViewEmailHistory" class="RoleCall\Users\Policies\UserPolicyTest" file="/home/ubuntu/subhub-api/tests/Users/Policies/UserPolicyTest.php" line="707" assertions="36" time="0.371207"/>
      <testcase name="testViewSmsHistory" class="RoleCall\Users\Policies\UserPolicyTest" file="/home/ubuntu/subhub-api/tests/Users/Policies/UserPolicyTest.php" line="790" assertions="36" time="0.500180"/>
      <testcase name="testViewUserApplications" class="RoleCall\Users\Policies\UserPolicyTest" file="/home/ubuntu/subhub-api/tests/Users/Policies/UserPolicyTest.php" line="884" assertions="14" time="1.364476"/>
      <testcase name="testViewApplicantDashboardLink" class="RoleCall\Users\Policies\UserPolicyTest" file="/home/ubuntu/subhub-api/tests/Users/Policies/UserPolicyTest.php" line="968" assertions="26" time="0.617644"/>
      <testcase name="testViewApplicantDashboardLinkOnboarding" class="RoleCall\Users\Policies\UserPolicyTest" file="/home/ubuntu/subhub-api/tests/Users/Policies/UserPolicyTest.php" line="1140" assertions="26" time="0.486218"/>
      <testcase name="testViewApplicantDashboardLinkJobApplication" class="RoleCall\Users\Policies\UserPolicyTest" file="/home/ubuntu/subhub-api/tests/Users/Policies/UserPolicyTest.php" line="1247" assertions="39" time="0.611731"/>
    </testsuite>
    <testsuite name="RoleCall\Users\Requests\CreateAbsenceApproverRequestTest" file="/home/ubuntu/subhub-api/tests/Users/Requests/CreateAbsenceApproverRequestTest.php" tests="2" assertions="5" failures="0" errors="0" time="0.396317">
      <testcase name="testValid" class="RoleCall\Users\Requests\CreateAbsenceApproverRequestTest" file="/home/ubuntu/subhub-api/tests/Users/Requests/CreateAbsenceApproverRequestTest.php" line="13" assertions="1" time="0.240075"/>
      <testcase name="testRequiredFields" class="RoleCall\Users\Requests\CreateAbsenceApproverRequestTest" file="/home/ubuntu/subhub-api/tests/Users/Requests/CreateAbsenceApproverRequestTest.php" line="35" assertions="4" time="0.156242"/>
    </testsuite>
    <testsuite name="RoleCall\Users\Requests\CreateEmployeeRequestTest" file="/home/ubuntu/subhub-api/tests/Users/Requests/CreateEmployeeRequestTest.php" tests="3" assertions="7" failures="0" errors="0" time="0.582463">
      <testcase name="testValid" class="RoleCall\Users\Requests\CreateEmployeeRequestTest" file="/home/ubuntu/subhub-api/tests/Users/Requests/CreateEmployeeRequestTest.php" line="14" assertions="1" time="0.171221"/>
      <testcase name="testRequiredFields" class="RoleCall\Users\Requests\CreateEmployeeRequestTest" file="/home/ubuntu/subhub-api/tests/Users/Requests/CreateEmployeeRequestTest.php" line="37" assertions="4" time="0.242674"/>
      <testcase name="testRequiredEmployedBy" class="RoleCall\Users\Requests\CreateEmployeeRequestTest" file="/home/ubuntu/subhub-api/tests/Users/Requests/CreateEmployeeRequestTest.php" line="57" assertions="2" time="0.168568"/>
    </testsuite>
    <testsuite name="RoleCall\Users\Requests\CreateSchoolAdminRequestTest" file="/home/ubuntu/subhub-api/tests/Users/Requests/CreateSchoolAdminRequestTest.php" tests="2" assertions="4" failures="0" errors="0" time="0.391252">
      <testcase name="testValid" class="RoleCall\Users\Requests\CreateSchoolAdminRequestTest" file="/home/ubuntu/subhub-api/tests/Users/Requests/CreateSchoolAdminRequestTest.php" line="13" assertions="1" time="0.161341"/>
      <testcase name="testRequiredFields" class="RoleCall\Users\Requests\CreateSchoolAdminRequestTest" file="/home/ubuntu/subhub-api/tests/Users/Requests/CreateSchoolAdminRequestTest.php" line="33" assertions="3" time="0.229911"/>
    </testsuite>
    <testsuite name="RoleCall\Users\Requests\CreateSubRequestTest" file="/home/ubuntu/subhub-api/tests/Users/Requests/CreateSubRequestTest.php" tests="3" assertions="7" failures="0" errors="0" time="0.571839">
      <testcase name="testValid" class="RoleCall\Users\Requests\CreateSubRequestTest" file="/home/ubuntu/subhub-api/tests/Users/Requests/CreateSubRequestTest.php" line="14" assertions="1" time="0.166060"/>
      <testcase name="testRequiredFields" class="RoleCall\Users\Requests\CreateSubRequestTest" file="/home/ubuntu/subhub-api/tests/Users/Requests/CreateSubRequestTest.php" line="36" assertions="4" time="0.239923"/>
      <testcase name="testRequiredEmployedBy" class="RoleCall\Users\Requests\CreateSubRequestTest" file="/home/ubuntu/subhub-api/tests/Users/Requests/CreateSubRequestTest.php" line="55" assertions="2" time="0.165856"/>
    </testsuite>
    <testsuite name="RoleCall\Users\Requests\CreateTimeApproverRequestTest" file="/home/ubuntu/subhub-api/tests/Users/Requests/CreateTimeApproverRequestTest.php" tests="2" assertions="5" failures="0" errors="0" time="0.394932">
      <testcase name="testValid" class="RoleCall\Users\Requests\CreateTimeApproverRequestTest" file="/home/ubuntu/subhub-api/tests/Users/Requests/CreateTimeApproverRequestTest.php" line="13" assertions="1" time="0.164857"/>
      <testcase name="testRequiredFields" class="RoleCall\Users\Requests\CreateTimeApproverRequestTest" file="/home/ubuntu/subhub-api/tests/Users/Requests/CreateTimeApproverRequestTest.php" line="35" assertions="4" time="0.230075"/>
    </testsuite>
    <testsuite name="RoleCall\Users\Requests\CreateUserRequestTest" file="/home/ubuntu/subhub-api/tests/Users/Requests/CreateUserRequestTest.php" tests="12" assertions="17" failures="0" errors="0" time="2.253656">
      <testcase name="testValidSub" class="RoleCall\Users\Requests\CreateUserRequestTest" file="/home/ubuntu/subhub-api/tests/Users/Requests/CreateUserRequestTest.php" line="14" assertions="1" time="0.166724"/>
      <testcase name="testValidEmployee" class="RoleCall\Users\Requests\CreateUserRequestTest" file="/home/ubuntu/subhub-api/tests/Users/Requests/CreateUserRequestTest.php" line="41" assertions="1" time="0.169835"/>
      <testcase name="testValidSchoolAdmin" class="RoleCall\Users\Requests\CreateUserRequestTest" file="/home/ubuntu/subhub-api/tests/Users/Requests/CreateUserRequestTest.php" line="69" assertions="1" time="0.248425"/>
      <testcase name="testValidDistrictAdmin" class="RoleCall\Users\Requests\CreateUserRequestTest" file="/home/ubuntu/subhub-api/tests/Users/Requests/CreateUserRequestTest.php" line="95" assertions="1" time="0.164875"/>
      <testcase name="testValidRegionAdmin" class="RoleCall\Users\Requests\CreateUserRequestTest" file="/home/ubuntu/subhub-api/tests/Users/Requests/CreateUserRequestTest.php" line="119" assertions="1" time="0.164527"/>
      <testcase name="testValidAgencyAdmin" class="RoleCall\Users\Requests\CreateUserRequestTest" file="/home/ubuntu/subhub-api/tests/Users/Requests/CreateUserRequestTest.php" line="143" assertions="1" time="0.238065"/>
      <testcase name="testValidSuper" class="RoleCall\Users\Requests\CreateUserRequestTest" file="/home/ubuntu/subhub-api/tests/Users/Requests/CreateUserRequestTest.php" line="167" assertions="1" time="0.138330"/>
      <testcase name="testAttributesAsSchoolAdmin" class="RoleCall\Users\Requests\CreateUserRequestTest" file="/home/ubuntu/subhub-api/tests/Users/Requests/CreateUserRequestTest.php" line="188" assertions="2" time="0.164065"/>
      <testcase name="testAttributesAsDistrictAdmin" class="RoleCall\Users\Requests\CreateUserRequestTest" file="/home/ubuntu/subhub-api/tests/Users/Requests/CreateUserRequestTest.php" line="203" assertions="2" time="0.243195"/>
      <testcase name="testAttributesAsRegionAdmin" class="RoleCall\Users\Requests\CreateUserRequestTest" file="/home/ubuntu/subhub-api/tests/Users/Requests/CreateUserRequestTest.php" line="220" assertions="2" time="0.170460"/>
      <testcase name="testAttributesAsAgencyAdmin" class="RoleCall\Users\Requests\CreateUserRequestTest" file="/home/ubuntu/subhub-api/tests/Users/Requests/CreateUserRequestTest.php" line="237" assertions="2" time="0.241104"/>
      <testcase name="testAttributesAsSuper" class="RoleCall\Users\Requests\CreateUserRequestTest" file="/home/ubuntu/subhub-api/tests/Users/Requests/CreateUserRequestTest.php" line="254" assertions="2" time="0.144051"/>
    </testsuite>
    <testsuite name="RoleCall\Users\Requests\CreateUserRoleRequestTest" file="/home/ubuntu/subhub-api/tests/Users/Requests/CreateUserRoleRequestTest.php" tests="10" assertions="12" failures="0" errors="0" time="1.993354">
      <testcase name="testValidForSub" class="RoleCall\Users\Requests\CreateUserRoleRequestTest" file="/home/ubuntu/subhub-api/tests/Users/Requests/CreateUserRoleRequestTest.php" line="15" assertions="1" time="0.173088"/>
      <testcase name="testValidForEmployee" class="RoleCall\Users\Requests\CreateUserRoleRequestTest" file="/home/ubuntu/subhub-api/tests/Users/Requests/CreateUserRoleRequestTest.php" line="42" assertions="1" time="0.254475"/>
      <testcase name="testValidForSchoolAdmin" class="RoleCall\Users\Requests\CreateUserRoleRequestTest" file="/home/ubuntu/subhub-api/tests/Users/Requests/CreateUserRoleRequestTest.php" line="66" assertions="1" time="0.171715"/>
      <testcase name="testValidForTimeApprover" class="RoleCall\Users\Requests\CreateUserRoleRequestTest" file="/home/ubuntu/subhub-api/tests/Users/Requests/CreateUserRoleRequestTest.php" line="88" assertions="1" time="0.178094"/>
      <testcase name="testValidForAbsenceApprover" class="RoleCall\Users\Requests\CreateUserRoleRequestTest" file="/home/ubuntu/subhub-api/tests/Users/Requests/CreateUserRoleRequestTest.php" line="113" assertions="1" time="0.249157"/>
      <testcase name="testValidForDistrictAdmin" class="RoleCall\Users\Requests\CreateUserRoleRequestTest" file="/home/ubuntu/subhub-api/tests/Users/Requests/CreateUserRoleRequestTest.php" line="138" assertions="1" time="0.168506"/>
      <testcase name="testValidForRegionAdmin" class="RoleCall\Users\Requests\CreateUserRoleRequestTest" file="/home/ubuntu/subhub-api/tests/Users/Requests/CreateUserRoleRequestTest.php" line="158" assertions="1" time="0.145845"/>
      <testcase name="testValidForAgencyAdmin" class="RoleCall\Users\Requests\CreateUserRoleRequestTest" file="/home/ubuntu/subhub-api/tests/Users/Requests/CreateUserRoleRequestTest.php" line="179" assertions="1" time="0.215785"/>
      <testcase name="testRequiredEmployedBy" class="RoleCall\Users\Requests\CreateUserRoleRequestTest" file="/home/ubuntu/subhub-api/tests/Users/Requests/CreateUserRoleRequestTest.php" line="199" assertions="2" time="0.169870"/>
      <testcase name="testValidPayroll" class="RoleCall\Users\Requests\CreateUserRoleRequestTest" file="/home/ubuntu/subhub-api/tests/Users/Requests/CreateUserRoleRequestTest.php" line="223" assertions="2" time="0.266819"/>
    </testsuite>
    <testsuite name="RoleCall\Users\Requests\UpdateSubRequestTest" file="/home/ubuntu/subhub-api/tests/Users/Requests/UpdateSubRequestTest.php" tests="2" assertions="4" failures="0" errors="0" time="0.327596">
      <testcase name="testValid" class="RoleCall\Users\Requests\UpdateSubRequestTest" file="/home/ubuntu/subhub-api/tests/Users/Requests/UpdateSubRequestTest.php" line="13" assertions="1" time="0.165849"/>
      <testcase name="testInvalidFields" class="RoleCall\Users\Requests\UpdateSubRequestTest" file="/home/ubuntu/subhub-api/tests/Users/Requests/UpdateSubRequestTest.php" line="36" assertions="3" time="0.161747"/>
    </testsuite>
    <testsuite name="RoleCall\Users\Scopes\CanApplyForRequistionScopeTest" file="/home/ubuntu/subhub-api/tests/Users/Scopes/CanApplyForRequisitionScopeTest.php" tests="3" assertions="13" failures="0" errors="0" time="0.623766">
      <testcase name="testUserCanApply" class="RoleCall\Users\Scopes\CanApplyForRequistionScopeTest" file="/home/ubuntu/subhub-api/tests/Users/Scopes/CanApplyForRequisitionScopeTest.php" line="24" assertions="1" time="0.244504"/>
      <testcase name="testAlreadyApplied" class="RoleCall\Users\Scopes\CanApplyForRequistionScopeTest" file="/home/ubuntu/subhub-api/tests/Users/Scopes/CanApplyForRequisitionScopeTest.php" line="31" assertions="2" time="0.173912"/>
      <testcase name="testMissingCredentials" class="RoleCall\Users\Scopes\CanApplyForRequistionScopeTest" file="/home/ubuntu/subhub-api/tests/Users/Scopes/CanApplyForRequisitionScopeTest.php" line="43" assertions="10" time="0.205350"/>
    </testsuite>
    <testsuite name="RoleCall\Users\Scopes\CanClaimAbsenceByValuesScopeTest" file="/home/ubuntu/subhub-api/tests/Users/Scopes/CanClaimAbsenceByValuesScopeTest.php" tests="60" assertions="120" failures="0" errors="0" time="15.760865">
      <testcase name="testUserIsEligible" class="RoleCall\Users\Scopes\CanClaimAbsenceByValuesScopeTest" file="/home/ubuntu/subhub-api/tests/Users/Scopes/CanClaimAbsenceByValuesScopeTest.php" line="66" assertions="1" time="0.298868"/>
      <testcase name="testNoOccurrencesWereProvided" class="RoleCall\Users\Scopes\CanClaimAbsenceByValuesScopeTest" file="/home/ubuntu/subhub-api/tests/Users/Scopes/CanClaimAbsenceByValuesScopeTest.php" line="71" assertions="2" time="0.204718"/>
      <testcase name="testUserIsTheSameAsTheEmployee" class="RoleCall\Users\Scopes\CanClaimAbsenceByValuesScopeTest" file="/home/ubuntu/subhub-api/tests/Users/Scopes/CanClaimAbsenceByValuesScopeTest.php" line="80" assertions="2" time="0.228862"/>
      <testcase name="testUserHasUnclaimViolation" class="RoleCall\Users\Scopes\CanClaimAbsenceByValuesScopeTest" file="/home/ubuntu/subhub-api/tests/Users/Scopes/CanClaimAbsenceByValuesScopeTest.php" line="88" assertions="4" time="0.390757"/>
      <testcase name="testUserHasNoSubRoles" class="RoleCall\Users\Scopes\CanClaimAbsenceByValuesScopeTest" file="/home/ubuntu/subhub-api/tests/Users/Scopes/CanClaimAbsenceByValuesScopeTest.php" line="130" assertions="2" time="0.229614"/>
      <testsuite name="RoleCall\Users\Scopes\CanClaimAbsenceByValuesScopeTest::testUsersSubRolesDates" tests="11" assertions="22" failures="0" errors="0" time="2.985983">
        <testcase name="testUsersSubRolesDates with data set &quot;before&quot;" assertions="2" time="0.374830"/>
        <testcase name="testUsersSubRolesDates with data set &quot;after&quot;" assertions="2" time="0.245584"/>
        <testcase name="testUsersSubRolesDates with data set &quot;starts at start&quot;" assertions="2" time="0.228229"/>
        <testcase name="testUsersSubRolesDates with data set &quot;starts at end&quot;" assertions="2" time="0.305330"/>
        <testcase name="testUsersSubRolesDates with data set &quot;ends at start&quot;" assertions="2" time="0.232821"/>
        <testcase name="testUsersSubRolesDates with data set &quot;ends at end&quot;" assertions="2" time="0.305720"/>
        <testcase name="testUsersSubRolesDates with data set &quot;exactly the same&quot;" assertions="2" time="0.227701"/>
        <testcase name="testUsersSubRolesDates with data set &quot;overlaps at start&quot;" assertions="2" time="0.228797"/>
        <testcase name="testUsersSubRolesDates with data set &quot;overlaps at end&quot;" assertions="2" time="0.304812"/>
        <testcase name="testUsersSubRolesDates with data set &quot;inside&quot;" assertions="2" time="0.228801"/>
        <testcase name="testUsersSubRolesDates with data set &quot;around&quot;" assertions="2" time="0.303358"/>
      </testsuite>
      <testcase name="testUserHasTheWrongPosition" class="RoleCall\Users\Scopes\CanClaimAbsenceByValuesScopeTest" file="/home/ubuntu/subhub-api/tests/Users/Scopes/CanClaimAbsenceByValuesScopeTest.php" line="172" assertions="2" time="0.235264"/>
      <testcase name="testUserIsNotASubForAllOccurrences" class="RoleCall\Users\Scopes\CanClaimAbsenceByValuesScopeTest" file="/home/ubuntu/subhub-api/tests/Users/Scopes/CanClaimAbsenceByValuesScopeTest.php" line="182" assertions="1" time="0.219782"/>
      <testcase name="testSchoolHasExcludedTheUser" class="RoleCall\Users\Scopes\CanClaimAbsenceByValuesScopeTest" file="/home/ubuntu/subhub-api/tests/Users/Scopes/CanClaimAbsenceByValuesScopeTest.php" line="191" assertions="2" time="0.306054"/>
      <testcase name="testEmployeeHasExcludedTheUser" class="RoleCall\Users\Scopes\CanClaimAbsenceByValuesScopeTest" file="/home/ubuntu/subhub-api/tests/Users/Scopes/CanClaimAbsenceByValuesScopeTest.php" line="202" assertions="2" time="0.229219"/>
      <testcase name="testUserHasExcludedTheSchool" class="RoleCall\Users\Scopes\CanClaimAbsenceByValuesScopeTest" file="/home/ubuntu/subhub-api/tests/Users/Scopes/CanClaimAbsenceByValuesScopeTest.php" line="213" assertions="2" time="0.229865"/>
      <testcase name="testUserHasExcludedTheEmployee" class="RoleCall\Users\Scopes\CanClaimAbsenceByValuesScopeTest" file="/home/ubuntu/subhub-api/tests/Users/Scopes/CanClaimAbsenceByValuesScopeTest.php" line="224" assertions="2" time="0.304408"/>
      <testcase name="testUserHasExcludedTheGrade" class="RoleCall\Users\Scopes\CanClaimAbsenceByValuesScopeTest" file="/home/ubuntu/subhub-api/tests/Users/Scopes/CanClaimAbsenceByValuesScopeTest.php" line="235" assertions="2" time="0.229296"/>
      <testcase name="testUserHasExcludedTheSubject" class="RoleCall\Users\Scopes\CanClaimAbsenceByValuesScopeTest" file="/home/ubuntu/subhub-api/tests/Users/Scopes/CanClaimAbsenceByValuesScopeTest.php" line="246" assertions="2" time="0.302862"/>
      <testcase name="testUserHasNoAvailability" class="RoleCall\Users\Scopes\CanClaimAbsenceByValuesScopeTest" file="/home/ubuntu/subhub-api/tests/Users/Scopes/CanClaimAbsenceByValuesScopeTest.php" line="257" assertions="2" time="0.228954"/>
      <testsuite name="RoleCall\Users\Scopes\CanClaimAbsenceByValuesScopeTest::testUserAvailabilityDates" tests="11" assertions="22" failures="0" errors="0" time="2.883601">
        <testcase name="testUserAvailabilityDates with data set &quot;before&quot;" assertions="2" time="0.233417"/>
        <testcase name="testUserAvailabilityDates with data set &quot;after&quot;" assertions="2" time="0.313476"/>
        <testcase name="testUserAvailabilityDates with data set &quot;starts at start&quot;" assertions="2" time="0.237218"/>
        <testcase name="testUserAvailabilityDates with data set &quot;starts at end&quot;" assertions="2" time="0.310888"/>
        <testcase name="testUserAvailabilityDates with data set &quot;ends at start&quot;" assertions="2" time="0.232796"/>
        <testcase name="testUserAvailabilityDates with data set &quot;ends at end&quot;" assertions="2" time="0.230546"/>
        <testcase name="testUserAvailabilityDates with data set &quot;exactly the same&quot;" assertions="2" time="0.306953"/>
        <testcase name="testUserAvailabilityDates with data set &quot;overlaps at start&quot;" assertions="2" time="0.233433"/>
        <testcase name="testUserAvailabilityDates with data set &quot;overlaps at end&quot;" assertions="2" time="0.309503"/>
        <testcase name="testUserAvailabilityDates with data set &quot;inside&quot;" assertions="2" time="0.239301"/>
        <testcase name="testUserAvailabilityDates with data set &quot;around&quot;" assertions="2" time="0.236071"/>
      </testsuite>
      <testsuite name="RoleCall\Users\Scopes\CanClaimAbsenceByValuesScopeTest::testUsersExistingWorkSchedule" tests="11" assertions="22" failures="0" errors="0" time="2.906480">
        <testcase name="testUsersExistingWorkSchedule with data set &quot;before&quot;" assertions="2" time="0.309065"/>
        <testcase name="testUsersExistingWorkSchedule with data set &quot;after&quot;" assertions="2" time="0.228867"/>
        <testcase name="testUsersExistingWorkSchedule with data set &quot;starts at start&quot;" assertions="2" time="0.230801"/>
        <testcase name="testUsersExistingWorkSchedule with data set &quot;starts at end&quot;" assertions="2" time="0.304642"/>
        <testcase name="testUsersExistingWorkSchedule with data set &quot;ends at start&quot;" assertions="2" time="0.234150"/>
        <testcase name="testUsersExistingWorkSchedule with data set &quot;ends at end&quot;" assertions="2" time="0.303620"/>
        <testcase name="testUsersExistingWorkSchedule with data set &quot;exactly the same&quot;" assertions="2" time="0.230037"/>
        <testcase name="testUsersExistingWorkSchedule with data set &quot;overlaps at start&quot;" assertions="2" time="0.229208"/>
        <testcase name="testUsersExistingWorkSchedule with data set &quot;overlaps at end&quot;" assertions="2" time="0.305248"/>
        <testcase name="testUsersExistingWorkSchedule with data set &quot;inside&quot;" assertions="2" time="0.229124"/>
        <testcase name="testUsersExistingWorkSchedule with data set &quot;around&quot;" assertions="2" time="0.301718"/>
      </testsuite>
      <testcase name="testUserIsMissingCredentials" class="RoleCall\Users\Scopes\CanClaimAbsenceByValuesScopeTest" file="/home/ubuntu/subhub-api/tests/Users/Scopes/CanClaimAbsenceByValuesScopeTest.php" line="332" assertions="2" time="0.225536"/>
      <testcase name="testUserIsMissingCredentialsForSomeOccurrences" class="RoleCall\Users\Scopes\CanClaimAbsenceByValuesScopeTest" file="/home/ubuntu/subhub-api/tests/Users/Scopes/CanClaimAbsenceByValuesScopeTest.php" line="340" assertions="2" time="0.230324"/>
      <testsuite name="RoleCall\Users\Scopes\CanClaimAbsenceByValuesScopeTest::testUsersCredentialDates" tests="11" assertions="22" failures="0" errors="0" time="2.890418">
        <testcase name="testUsersCredentialDates with data set &quot;before&quot;" assertions="2" time="0.309087"/>
        <testcase name="testUsersCredentialDates with data set &quot;after&quot;" assertions="2" time="0.228480"/>
        <testcase name="testUsersCredentialDates with data set &quot;starts at start&quot;" assertions="2" time="0.301033"/>
        <testcase name="testUsersCredentialDates with data set &quot;starts at end&quot;" assertions="2" time="0.226706"/>
        <testcase name="testUsersCredentialDates with data set &quot;ends at start&quot;" assertions="2" time="0.227778"/>
        <testcase name="testUsersCredentialDates with data set &quot;ends at end&quot;" assertions="2" time="0.303415"/>
        <testcase name="testUsersCredentialDates with data set &quot;exactly the same&quot;" assertions="2" time="0.229803"/>
        <testcase name="testUsersCredentialDates with data set &quot;overlaps at start&quot;" assertions="2" time="0.230303"/>
        <testcase name="testUsersCredentialDates with data set &quot;overlaps at end&quot;" assertions="2" time="0.307108"/>
        <testcase name="testUsersCredentialDates with data set &quot;inside&quot;" assertions="2" time="0.225869"/>
        <testcase name="testUsersCredentialDates with data set &quot;around&quot;" assertions="2" time="0.300836"/>
      </testsuite>
    </testsuite>
    <testsuite name="RoleCall\Users\Scopes\CanClaimAbsenceScopeTest" file="/home/ubuntu/subhub-api/tests/Users/Scopes/CanClaimAbsenceScopeTest.php" tests="65" assertions="128" failures="0" errors="0" time="17.118368">
      <testcase name="testUserIsEligible" class="RoleCall\Users\Scopes\CanClaimAbsenceScopeTest" file="/home/ubuntu/subhub-api/tests/Users/Scopes/CanClaimAbsenceScopeTest.php" line="53" assertions="1" time="0.217835"/>
      <testcase name="testNoOccurrencesWereProvided" class="RoleCall\Users\Scopes\CanClaimAbsenceScopeTest" file="/home/ubuntu/subhub-api/tests/Users/Scopes/CanClaimAbsenceScopeTest.php" line="58" assertions="2" time="0.201171"/>
      <testcase name="testUserIsTheSameAsTheEmployee" class="RoleCall\Users\Scopes\CanClaimAbsenceScopeTest" file="/home/ubuntu/subhub-api/tests/Users/Scopes/CanClaimAbsenceScopeTest.php" line="65" assertions="2" time="0.311528"/>
      <testcase name="testUserHasUnclaimViolation" class="RoleCall\Users\Scopes\CanClaimAbsenceScopeTest" file="/home/ubuntu/subhub-api/tests/Users/Scopes/CanClaimAbsenceScopeTest.php" line="74" assertions="4" time="0.320938"/>
      <testcase name="testUserHasNoSubRoles" class="RoleCall\Users\Scopes\CanClaimAbsenceScopeTest" file="/home/ubuntu/subhub-api/tests/Users/Scopes/CanClaimAbsenceScopeTest.php" line="111" assertions="2" time="0.309001"/>
      <testsuite name="RoleCall\Users\Scopes\CanClaimAbsenceScopeTest::testUsersSubRolesDates" tests="11" assertions="22" failures="0" errors="0" time="2.830975">
        <testcase name="testUsersSubRolesDates with data set &quot;before&quot;" assertions="2" time="0.232760"/>
        <testcase name="testUsersSubRolesDates with data set &quot;after&quot;" assertions="2" time="0.229800"/>
        <testcase name="testUsersSubRolesDates with data set &quot;starts at start&quot;" assertions="2" time="0.308623"/>
        <testcase name="testUsersSubRolesDates with data set &quot;starts at end&quot;" assertions="2" time="0.228153"/>
        <testcase name="testUsersSubRolesDates with data set &quot;ends at start&quot;" assertions="2" time="0.301878"/>
        <testcase name="testUsersSubRolesDates with data set &quot;ends at end&quot;" assertions="2" time="0.229201"/>
        <testcase name="testUsersSubRolesDates with data set &quot;exactly the same&quot;" assertions="2" time="0.229168"/>
        <testcase name="testUsersSubRolesDates with data set &quot;overlaps at start&quot;" assertions="2" time="0.305267"/>
        <testcase name="testUsersSubRolesDates with data set &quot;overlaps at end&quot;" assertions="2" time="0.227689"/>
        <testcase name="testUsersSubRolesDates with data set &quot;inside&quot;" assertions="2" time="0.306559"/>
        <testcase name="testUsersSubRolesDates with data set &quot;around&quot;" assertions="2" time="0.231877"/>
      </testsuite>
      <testcase name="testUserHasTheWrongPosition" class="RoleCall\Users\Scopes\CanClaimAbsenceScopeTest" file="/home/ubuntu/subhub-api/tests/Users/Scopes/CanClaimAbsenceScopeTest.php" line="153" assertions="2" time="0.237746"/>
      <testcase name="testUserIsNotASubForAllOccurrences" class="RoleCall\Users\Scopes\CanClaimAbsenceScopeTest" file="/home/ubuntu/subhub-api/tests/Users/Scopes/CanClaimAbsenceScopeTest.php" line="163" assertions="1" time="0.298854"/>
      <testcase name="testUserIsPreferred" class="RoleCall\Users\Scopes\CanClaimAbsenceScopeTest" file="/home/ubuntu/subhub-api/tests/Users/Scopes/CanClaimAbsenceScopeTest.php" line="172" assertions="1" time="0.223198"/>
      <testcase name="testUserIsPriority" class="RoleCall\Users\Scopes\CanClaimAbsenceScopeTest" file="/home/ubuntu/subhub-api/tests/Users/Scopes/CanClaimAbsenceScopeTest.php" line="180" assertions="1" time="0.222086"/>
      <testcase name="testUserIsNotPreferred" class="RoleCall\Users\Scopes\CanClaimAbsenceScopeTest" file="/home/ubuntu/subhub-api/tests/Users/Scopes/CanClaimAbsenceScopeTest.php" line="190" assertions="2" time="0.311001"/>
      <testcase name="testUserIsNotPriority" class="RoleCall\Users\Scopes\CanClaimAbsenceScopeTest" file="/home/ubuntu/subhub-api/tests/Users/Scopes/CanClaimAbsenceScopeTest.php" line="198" assertions="2" time="0.234551"/>
      <testcase name="testSchoolHasExcludedTheUser" class="RoleCall\Users\Scopes\CanClaimAbsenceScopeTest" file="/home/ubuntu/subhub-api/tests/Users/Scopes/CanClaimAbsenceScopeTest.php" line="207" assertions="2" time="0.306526"/>
      <testcase name="testEmployeeHasExcludedTheUser" class="RoleCall\Users\Scopes\CanClaimAbsenceScopeTest" file="/home/ubuntu/subhub-api/tests/Users/Scopes/CanClaimAbsenceScopeTest.php" line="218" assertions="2" time="0.236025"/>
      <testcase name="testUserHasExcludedTheAbsence" class="RoleCall\Users\Scopes\CanClaimAbsenceScopeTest" file="/home/ubuntu/subhub-api/tests/Users/Scopes/CanClaimAbsenceScopeTest.php" line="229" assertions="2" time="0.237851"/>
      <testcase name="testUserHasExcludedTheSchool" class="RoleCall\Users\Scopes\CanClaimAbsenceScopeTest" file="/home/ubuntu/subhub-api/tests/Users/Scopes/CanClaimAbsenceScopeTest.php" line="240" assertions="2" time="0.315017"/>
      <testcase name="testUserHasExcludedTheEmployee" class="RoleCall\Users\Scopes\CanClaimAbsenceScopeTest" file="/home/ubuntu/subhub-api/tests/Users/Scopes/CanClaimAbsenceScopeTest.php" line="251" assertions="2" time="0.232927"/>
      <testcase name="testUserHasExcludedTheGrade" class="RoleCall\Users\Scopes\CanClaimAbsenceScopeTest" file="/home/ubuntu/subhub-api/tests/Users/Scopes/CanClaimAbsenceScopeTest.php" line="262" assertions="2" time="0.308995"/>
      <testcase name="testUserHasExcludedTheSubject" class="RoleCall\Users\Scopes\CanClaimAbsenceScopeTest" file="/home/ubuntu/subhub-api/tests/Users/Scopes/CanClaimAbsenceScopeTest.php" line="275" assertions="2" time="0.240215"/>
      <testcase name="testUserHasNoAvailability" class="RoleCall\Users\Scopes\CanClaimAbsenceScopeTest" file="/home/ubuntu/subhub-api/tests/Users/Scopes/CanClaimAbsenceScopeTest.php" line="288" assertions="2" time="0.233613"/>
      <testsuite name="RoleCall\Users\Scopes\CanClaimAbsenceScopeTest::testUserAvailabilityDates" tests="11" assertions="22" failures="0" errors="0" time="2.969205">
        <testcase name="testUserAvailabilityDates with data set &quot;before&quot;" assertions="2" time="0.320117"/>
        <testcase name="testUserAvailabilityDates with data set &quot;after&quot;" assertions="2" time="0.235887"/>
        <testcase name="testUserAvailabilityDates with data set &quot;starts at start&quot;" assertions="2" time="0.306938"/>
        <testcase name="testUserAvailabilityDates with data set &quot;starts at end&quot;" assertions="2" time="0.234741"/>
        <testcase name="testUserAvailabilityDates with data set &quot;ends at start&quot;" assertions="2" time="0.234062"/>
        <testcase name="testUserAvailabilityDates with data set &quot;ends at end&quot;" assertions="2" time="0.311167"/>
        <testcase name="testUserAvailabilityDates with data set &quot;exactly the same&quot;" assertions="2" time="0.231523"/>
        <testcase name="testUserAvailabilityDates with data set &quot;overlaps at start&quot;" assertions="2" time="0.310380"/>
        <testcase name="testUserAvailabilityDates with data set &quot;overlaps at end&quot;" assertions="2" time="0.235653"/>
        <testcase name="testUserAvailabilityDates with data set &quot;inside&quot;" assertions="2" time="0.235903"/>
        <testcase name="testUserAvailabilityDates with data set &quot;around&quot;" assertions="2" time="0.312834"/>
      </testsuite>
      <testsuite name="RoleCall\Users\Scopes\CanClaimAbsenceScopeTest::testUsersExistingWorkSchedule" tests="11" assertions="22" failures="0" errors="0" time="2.894464">
        <testcase name="testUsersExistingWorkSchedule with data set &quot;before&quot;" assertions="2" time="0.236506"/>
        <testcase name="testUsersExistingWorkSchedule with data set &quot;after&quot;" assertions="2" time="0.314113"/>
        <testcase name="testUsersExistingWorkSchedule with data set &quot;starts at start&quot;" assertions="2" time="0.237124"/>
        <testcase name="testUsersExistingWorkSchedule with data set &quot;starts at end&quot;" assertions="2" time="0.245000"/>
        <testcase name="testUsersExistingWorkSchedule with data set &quot;ends at start&quot;" assertions="2" time="0.314855"/>
        <testcase name="testUsersExistingWorkSchedule with data set &quot;ends at end&quot;" assertions="2" time="0.232567"/>
        <testcase name="testUsersExistingWorkSchedule with data set &quot;exactly the same&quot;" assertions="2" time="0.306536"/>
        <testcase name="testUsersExistingWorkSchedule with data set &quot;overlaps at start&quot;" assertions="2" time="0.233718"/>
        <testcase name="testUsersExistingWorkSchedule with data set &quot;overlaps at end&quot;" assertions="2" time="0.233400"/>
        <testcase name="testUsersExistingWorkSchedule with data set &quot;inside&quot;" assertions="2" time="0.308991"/>
        <testcase name="testUsersExistingWorkSchedule with data set &quot;around&quot;" assertions="2" time="0.231654"/>
      </testsuite>
      <testcase name="testUserIsMissingCredentials" class="RoleCall\Users\Scopes\CanClaimAbsenceScopeTest" file="/home/ubuntu/subhub-api/tests/Users/Scopes/CanClaimAbsenceScopeTest.php" line="365" assertions="2" time="0.304461"/>
      <testcase name="testUserIsMissingCredentialsForSomeOccurrences" class="RoleCall\Users\Scopes\CanClaimAbsenceScopeTest" file="/home/ubuntu/subhub-api/tests/Users/Scopes/CanClaimAbsenceScopeTest.php" line="373" assertions="2" time="0.229495"/>
      <testsuite name="RoleCall\Users\Scopes\CanClaimAbsenceScopeTest::testUsersCredentialDates" tests="11" assertions="22" failures="0" errors="0" time="2.890691">
        <testcase name="testUsersCredentialDates with data set &quot;before&quot;" assertions="2" time="0.230367"/>
        <testcase name="testUsersCredentialDates with data set &quot;after&quot;" assertions="2" time="0.307544"/>
        <testcase name="testUsersCredentialDates with data set &quot;starts at start&quot;" assertions="2" time="0.229511"/>
        <testcase name="testUsersCredentialDates with data set &quot;starts at end&quot;" assertions="2" time="0.304276"/>
        <testcase name="testUsersCredentialDates with data set &quot;ends at start&quot;" assertions="2" time="0.230648"/>
        <testcase name="testUsersCredentialDates with data set &quot;ends at end&quot;" assertions="2" time="0.233135"/>
        <testcase name="testUsersCredentialDates with data set &quot;exactly the same&quot;" assertions="2" time="0.315072"/>
        <testcase name="testUsersCredentialDates with data set &quot;overlaps at start&quot;" assertions="2" time="0.234849"/>
        <testcase name="testUsersCredentialDates with data set &quot;overlaps at end&quot;" assertions="2" time="0.307476"/>
        <testcase name="testUsersCredentialDates with data set &quot;inside&quot;" assertions="2" time="0.248597"/>
        <testcase name="testUsersCredentialDates with data set &quot;around&quot;" assertions="2" time="0.249216"/>
      </testsuite>
    </testsuite>
    <testsuite name="RoleCall\Users\Scopes\CanPotentiallyClaimAbsenceScopeTest" file="/home/ubuntu/subhub-api/tests/Users/Scopes/CanPotentiallyClaimAbsenceScopeTest.php" tests="3" assertions="8" failures="0" errors="0" time="0.694961">
      <testcase name="testUserHasASubRole" class="RoleCall\Users\Scopes\CanPotentiallyClaimAbsenceScopeTest" file="/home/ubuntu/subhub-api/tests/Users/Scopes/CanPotentiallyClaimAbsenceScopeTest.php" line="13" assertions="4" time="0.290072"/>
      <testcase name="testUserIsNotAlreadyWorking" class="RoleCall\Users\Scopes\CanPotentiallyClaimAbsenceScopeTest" file="/home/ubuntu/subhub-api/tests/Users/Scopes/CanPotentiallyClaimAbsenceScopeTest.php" line="52" assertions="2" time="0.206616"/>
      <testcase name="testUserHasAvailability" class="RoleCall\Users\Scopes\CanPotentiallyClaimAbsenceScopeTest" file="/home/ubuntu/subhub-api/tests/Users/Scopes/CanPotentiallyClaimAbsenceScopeTest.php" line="80" assertions="2" time="0.198273"/>
    </testsuite>
    <testsuite name="RoleCall\Users\Scopes\CandidateVisibleToScopeTest" file="/home/ubuntu/subhub-api/tests/Users/Scopes/CandidateVisibleToScopeTest.php" tests="3" assertions="5" failures="0" errors="0" time="0.833744">
      <testcase name="testUserIsVisible" class="RoleCall\Users\Scopes\CandidateVisibleToScopeTest" file="/home/ubuntu/subhub-api/tests/Users/Scopes/CandidateVisibleToScopeTest.php" line="28" assertions="1" time="0.287052"/>
      <testcase name="testUserHasRoles" class="RoleCall\Users\Scopes\CandidateVisibleToScopeTest" file="/home/ubuntu/subhub-api/tests/Users/Scopes/CandidateVisibleToScopeTest.php" line="35" assertions="2" time="0.245119"/>
      <testcase name="testHasNoVisibleApplications" class="RoleCall\Users\Scopes\CandidateVisibleToScopeTest" file="/home/ubuntu/subhub-api/tests/Users/Scopes/CandidateVisibleToScopeTest.php" line="47" assertions="2" time="0.301573"/>
    </testsuite>
    <testsuite name="RoleCall\Users\Scopes\DistrictProfileVisibleToScopeTest" file="/home/ubuntu/subhub-api/tests/Users/Scopes/DistrictProfileVisibleToScopeTest.php" tests="4" assertions="11" failures="0" errors="0" time="0.897719">
      <testcase name="testDistrictProfileVisibleAsSuperAsSuper" class="RoleCall\Users\Scopes\DistrictProfileVisibleToScopeTest" file="/home/ubuntu/subhub-api/tests/Users/Scopes/DistrictProfileVisibleToScopeTest.php" line="15" assertions="2" time="0.199984"/>
      <testcase name="testDistrictProfileVisibleAsDistrictAdmin" class="RoleCall\Users\Scopes\DistrictProfileVisibleToScopeTest" file="/home/ubuntu/subhub-api/tests/Users/Scopes/DistrictProfileVisibleToScopeTest.php" line="42" assertions="3" time="0.199274"/>
      <testcase name="testDistrictProfileVisibleAsSuperAsAgencyAdmin" class="RoleCall\Users\Scopes\DistrictProfileVisibleToScopeTest" file="/home/ubuntu/subhub-api/tests/Users/Scopes/DistrictProfileVisibleToScopeTest.php" line="65" assertions="3" time="0.297522"/>
      <testcase name="testDistrictProfileVisibleAsSuperAsRegionAdmin" class="RoleCall\Users\Scopes\DistrictProfileVisibleToScopeTest" file="/home/ubuntu/subhub-api/tests/Users/Scopes/DistrictProfileVisibleToScopeTest.php" line="88" assertions="3" time="0.200939"/>
    </testsuite>
    <testsuite name="RoleCall\Users\Scopes\IsAppletonEmployeeScopeTest" file="/home/ubuntu/subhub-api/tests/Users/Scopes/IsAppletonEmployeeScopeTest.php" tests="1" assertions="2" failures="0" errors="0" time="0.136195">
      <testcase name="testScope" class="RoleCall\Users\Scopes\IsAppletonEmployeeScopeTest" file="/home/ubuntu/subhub-api/tests/Users/Scopes/IsAppletonEmployeeScopeTest.php" line="12" assertions="2" time="0.136195"/>
    </testsuite>
    <testsuite name="RoleCall\Users\Scopes\IsInOnboardingPackageScopeTest" file="/home/ubuntu/subhub-api/tests/Users/Scopes/IsInOnboardingPackageScopeTest.php" tests="1" assertions="1" failures="0" errors="0" time="0.267089">
      <testcase name="testScope" class="RoleCall\Users\Scopes\IsInOnboardingPackageScopeTest" file="/home/ubuntu/subhub-api/tests/Users/Scopes/IsInOnboardingPackageScopeTest.php" line="15" assertions="1" time="0.267089"/>
    </testsuite>
    <testsuite name="RoleCall\Users\Scopes\IsUserProfileFieldScopeTest" file="/home/ubuntu/subhub-api/tests/Users/Scopes/IsUserProfileFieldScopeTest.php" tests="1" assertions="2" failures="0" errors="0" time="0.149022">
      <testcase name="testScope" class="RoleCall\Users\Scopes\IsUserProfileFieldScopeTest" file="/home/ubuntu/subhub-api/tests/Users/Scopes/IsUserProfileFieldScopeTest.php" line="13" assertions="2" time="0.149022"/>
    </testsuite>
    <testsuite name="RoleCall\Users\Scopes\NeedsRolesScopeTest" file="/home/ubuntu/subhub-api/tests/Users/Scopes/NeedsRolesScopeTest.php" tests="3" assertions="3" failures="0" errors="0" time="0.581437">
      <testcase name="testScope" class="RoleCall\Users\Scopes\NeedsRolesScopeTest" file="/home/ubuntu/subhub-api/tests/Users/Scopes/NeedsRolesScopeTest.php" line="14" assertions="1" time="0.169066"/>
      <testcase name="testScopeOnboardingNotCompleted" class="RoleCall\Users\Scopes\NeedsRolesScopeTest" file="/home/ubuntu/subhub-api/tests/Users/Scopes/NeedsRolesScopeTest.php" line="31" assertions="1" time="0.243466"/>
      <testcase name="testScopeOnboardingNotInAgency" class="RoleCall\Users\Scopes\NeedsRolesScopeTest" file="/home/ubuntu/subhub-api/tests/Users/Scopes/NeedsRolesScopeTest.php" line="47" assertions="1" time="0.168905"/>
    </testsuite>
    <testsuite name="RoleCall\Users\Scopes\NotScopeTest" file="/home/ubuntu/subhub-api/tests/Users/Scopes/NotScopeTest.php" tests="1" assertions="2" failures="0" errors="0" time="0.208103">
      <testcase name="testScope" class="RoleCall\Users\Scopes\NotScopeTest" file="/home/ubuntu/subhub-api/tests/Users/Scopes/NotScopeTest.php" line="12" assertions="2" time="0.208103"/>
    </testsuite>
    <testsuite name="RoleCall\Users\Scopes\SubInactivityScopeTest" file="/home/ubuntu/subhub-api/tests/Users/Scopes/SubInactivityScopeTest.php" tests="2" assertions="4" failures="0" errors="0" time="0.306412">
      <testcase name="testHasLoggedInSinceDate" class="RoleCall\Users\Scopes\SubInactivityScopeTest" file="/home/ubuntu/subhub-api/tests/Users/Scopes/SubInactivityScopeTest.php" line="16" assertions="2" time="0.153044"/>
      <testcase name="testHasNotWorkedSinceDate" class="RoleCall\Users\Scopes\SubInactivityScopeTest" file="/home/ubuntu/subhub-api/tests/Users/Scopes/SubInactivityScopeTest.php" line="37" assertions="2" time="0.153368"/>
    </testsuite>
    <testsuite name="RoleCall\Users\Scopes\UserSearchScopeTest" file="/home/ubuntu/subhub-api/tests/Users/Scopes/UserSearchScopeTest.php" tests="1" assertions="10" failures="0" errors="0" time="0.222795">
      <testcase name="testScope" class="RoleCall\Users\Scopes\UserSearchScopeTest" file="/home/ubuntu/subhub-api/tests/Users/Scopes/UserSearchScopeTest.php" line="12" assertions="10" time="0.222795"/>
    </testsuite>
    <testsuite name="RoleCall\Users\Scopes\UserVisibleToScopeTest" file="/home/ubuntu/subhub-api/tests/Users/Scopes/UserVisibleToScopeTest.php" tests="10" assertions="100" failures="0" errors="0" time="3.398620">
      <testcase name="testWhenAgencyAdmin" class="RoleCall\Users\Scopes\UserVisibleToScopeTest" file="/home/ubuntu/subhub-api/tests/Users/Scopes/UserVisibleToScopeTest.php" line="13" assertions="10" time="0.303334"/>
      <testcase name="testWhenRegionAdmin" class="RoleCall\Users\Scopes\UserVisibleToScopeTest" file="/home/ubuntu/subhub-api/tests/Users/Scopes/UserVisibleToScopeTest.php" line="49" assertions="10" time="0.309822"/>
      <testcase name="testWhenSuperDistrictAdmin" class="RoleCall\Users\Scopes\UserVisibleToScopeTest" file="/home/ubuntu/subhub-api/tests/Users/Scopes/UserVisibleToScopeTest.php" line="85" assertions="10" time="0.381537"/>
      <testcase name="testWhenDistrictAdmin" class="RoleCall\Users\Scopes\UserVisibleToScopeTest" file="/home/ubuntu/subhub-api/tests/Users/Scopes/UserVisibleToScopeTest.php" line="121" assertions="10" time="0.302450"/>
      <testcase name="testWhenAccountant" class="RoleCall\Users\Scopes\UserVisibleToScopeTest" file="/home/ubuntu/subhub-api/tests/Users/Scopes/UserVisibleToScopeTest.php" line="157" assertions="10" time="0.388175"/>
      <testcase name="testWhenSub" class="RoleCall\Users\Scopes\UserVisibleToScopeTest" file="/home/ubuntu/subhub-api/tests/Users/Scopes/UserVisibleToScopeTest.php" line="193" assertions="10" time="0.312447"/>
      <testcase name="testWhenSchoolAdmin" class="RoleCall\Users\Scopes\UserVisibleToScopeTest" file="/home/ubuntu/subhub-api/tests/Users/Scopes/UserVisibleToScopeTest.php" line="230" assertions="10" time="0.310255"/>
      <testcase name="testWhenAbsenceApprover" class="RoleCall\Users\Scopes\UserVisibleToScopeTest" file="/home/ubuntu/subhub-api/tests/Users/Scopes/UserVisibleToScopeTest.php" line="267" assertions="10" time="0.392797"/>
      <testcase name="testWhenTimeApprover" class="RoleCall\Users\Scopes\UserVisibleToScopeTest" file="/home/ubuntu/subhub-api/tests/Users/Scopes/UserVisibleToScopeTest.php" line="304" assertions="10" time="0.311949"/>
      <testcase name="testWhenEmployee" class="RoleCall\Users\Scopes\UserVisibleToScopeTest" file="/home/ubuntu/subhub-api/tests/Users/Scopes/UserVisibleToScopeTest.php" line="341" assertions="10" time="0.385854"/>
    </testsuite>
    <testsuite name="RoleCall\Users\Services\AddPositionsToEmployeeTest" file="/home/ubuntu/subhub-api/tests/Users/Services/AddPositionsToEmployeeTest.php" tests="11" assertions="57" failures="0" errors="0" time="2.427831">
      <testcase name="testAddAllDistrictPositions" class="RoleCall\Users\Services\AddPositionsToEmployeeTest" file="/home/ubuntu/subhub-api/tests/Users/Services/AddPositionsToEmployeeTest.php" line="16" assertions="4" time="0.199549"/>
      <testcase name="testAddArrayOfPositions" class="RoleCall\Users\Services\AddPositionsToEmployeeTest" file="/home/ubuntu/subhub-api/tests/Users/Services/AddPositionsToEmployeeTest.php" line="50" assertions="5" time="0.192500"/>
      <testcase name="testAddArrayOfPositionIds" class="RoleCall\Users\Services\AddPositionsToEmployeeTest" file="/home/ubuntu/subhub-api/tests/Users/Services/AddPositionsToEmployeeTest.php" line="84" assertions="5" time="0.275467"/>
      <testcase name="testAddEmptyArray" class="RoleCall\Users\Services\AddPositionsToEmployeeTest" file="/home/ubuntu/subhub-api/tests/Users/Services/AddPositionsToEmployeeTest.php" line="122" assertions="4" time="0.187242"/>
      <testcase name="testAddEloquentCollectionOfPositions" class="RoleCall\Users\Services\AddPositionsToEmployeeTest" file="/home/ubuntu/subhub-api/tests/Users/Services/AddPositionsToEmployeeTest.php" line="156" assertions="5" time="0.199159"/>
      <testcase name="testAddEmptyEloquentCollection" class="RoleCall\Users\Services\AddPositionsToEmployeeTest" file="/home/ubuntu/subhub-api/tests/Users/Services/AddPositionsToEmployeeTest.php" line="194" assertions="5" time="0.260813"/>
      <testcase name="testAddCollectionOfPositions" class="RoleCall\Users\Services\AddPositionsToEmployeeTest" file="/home/ubuntu/subhub-api/tests/Users/Services/AddPositionsToEmployeeTest.php" line="232" assertions="6" time="0.196867"/>
      <testcase name="testAddEmptyCollection" class="RoleCall\Users\Services\AddPositionsToEmployeeTest" file="/home/ubuntu/subhub-api/tests/Users/Services/AddPositionsToEmployeeTest.php" line="271" assertions="5" time="0.189067"/>
      <testcase name="testAddCollectionOfPositionIds" class="RoleCall\Users\Services\AddPositionsToEmployeeTest" file="/home/ubuntu/subhub-api/tests/Users/Services/AddPositionsToEmployeeTest.php" line="309" assertions="7" time="0.273047"/>
      <testcase name="testAddSinglePosition" class="RoleCall\Users\Services\AddPositionsToEmployeeTest" file="/home/ubuntu/subhub-api/tests/Users/Services/AddPositionsToEmployeeTest.php" line="349" assertions="6" time="0.191894"/>
      <testcase name="testAddSinglePositionId" class="RoleCall\Users\Services\AddPositionsToEmployeeTest" file="/home/ubuntu/subhub-api/tests/Users/Services/AddPositionsToEmployeeTest.php" line="386" assertions="5" time="0.262226"/>
    </testsuite>
    <testsuite name="RoleCall\Users\Services\CheckRequiredCredentialsTest" file="/home/ubuntu/subhub-api/tests/Users/Services/CheckRequiredCredentialsTest.php" tests="7" assertions="14" failures="0" errors="0" time="1.407136">
      <testcase name="testBaseCredentials" class="RoleCall\Users\Services\CheckRequiredCredentialsTest" file="/home/ubuntu/subhub-api/tests/Users/Services/CheckRequiredCredentialsTest.php" line="13" assertions="2" time="0.179786"/>
      <testcase name="testNoCredentials" class="RoleCall\Users\Services\CheckRequiredCredentialsTest" file="/home/ubuntu/subhub-api/tests/Users/Services/CheckRequiredCredentialsTest.php" line="40" assertions="2" time="0.177562"/>
      <testcase name="testCertifiedCredentials" class="RoleCall\Users\Services\CheckRequiredCredentialsTest" file="/home/ubuntu/subhub-api/tests/Users/Services/CheckRequiredCredentialsTest.php" line="63" assertions="2" time="0.258023"/>
      <testcase name="testBothCredentials" class="RoleCall\Users\Services\CheckRequiredCredentialsTest" file="/home/ubuntu/subhub-api/tests/Users/Services/CheckRequiredCredentialsTest.php" line="96" assertions="2" time="0.181403"/>
      <testcase name="testNecessaryAndSufficient" class="RoleCall\Users\Services\CheckRequiredCredentialsTest" file="/home/ubuntu/subhub-api/tests/Users/Services/CheckRequiredCredentialsTest.php" line="133" assertions="2" time="0.185828"/>
      <testcase name="testNecessaryAndMissingSufficient" class="RoleCall\Users\Services\CheckRequiredCredentialsTest" file="/home/ubuntu/subhub-api/tests/Users/Services/CheckRequiredCredentialsTest.php" line="176" assertions="2" time="0.256990"/>
      <testcase name="testWithSameCredentialInBaseAndCertified" class="RoleCall\Users\Services\CheckRequiredCredentialsTest" file="/home/ubuntu/subhub-api/tests/Users/Services/CheckRequiredCredentialsTest.php" line="209" assertions="2" time="0.167544"/>
    </testsuite>
    <testsuite name="RoleCall\Users\Services\CreateAbsenceApproverTest" file="/home/ubuntu/subhub-api/tests/Users/Services/CreateAbsenceApproverTest.php" tests="3" assertions="7" failures="0" errors="0" time="0.539669">
      <testcase name="testCreate" class="RoleCall\Users\Services\CreateAbsenceApproverTest" file="/home/ubuntu/subhub-api/tests/Users/Services/CreateAbsenceApproverTest.php" line="14" assertions="1" time="0.153885"/>
      <testcase name="testCreateAllParams" class="RoleCall\Users\Services\CreateAbsenceApproverTest" file="/home/ubuntu/subhub-api/tests/Users/Services/CreateAbsenceApproverTest.php" line="28" assertions="2" time="0.229141"/>
      <testcase name="testCreateUserAlreadyApproverForPosition" class="RoleCall\Users\Services\CreateAbsenceApproverTest" file="/home/ubuntu/subhub-api/tests/Users/Services/CreateAbsenceApproverTest.php" line="47" assertions="4" time="0.156643"/>
    </testsuite>
    <testsuite name="RoleCall\Users\Services\CreateAccountantTest" file="/home/ubuntu/subhub-api/tests/Users/Services/CreateAccountantTest.php" tests="3" assertions="12" failures="0" errors="0" time="0.582979">
      <testcase name="testAddFirstRole" class="RoleCall\Users\Services\CreateAccountantTest" file="/home/ubuntu/subhub-api/tests/Users/Services/CreateAccountantTest.php" line="13" assertions="8" time="0.170577"/>
      <testcase name="testAddExistingRole" class="RoleCall\Users\Services\CreateAccountantTest" file="/home/ubuntu/subhub-api/tests/Users/Services/CreateAccountantTest.php" line="35" assertions="2" time="0.242170"/>
      <testcase name="testAddExistingRoleThatIsInactive" class="RoleCall\Users\Services\CreateAccountantTest" file="/home/ubuntu/subhub-api/tests/Users/Services/CreateAccountantTest.php" line="49" assertions="2" time="0.170232"/>
    </testsuite>
    <testsuite name="RoleCall\Users\Services\CreateAgencyAdminTest" file="/home/ubuntu/subhub-api/tests/Users/Services/CreateAgencyAdminTest.php" tests="2" assertions="8" failures="0" errors="0" time="0.359453">
      <testcase name="testAddFirstRole" class="RoleCall\Users\Services\CreateAgencyAdminTest" file="/home/ubuntu/subhub-api/tests/Users/Services/CreateAgencyAdminTest.php" line="14" assertions="6" time="0.216073"/>
      <testcase name="testAddExistingRole" class="RoleCall\Users\Services\CreateAgencyAdminTest" file="/home/ubuntu/subhub-api/tests/Users/Services/CreateAgencyAdminTest.php" line="34" assertions="2" time="0.143380"/>
    </testsuite>
    <testsuite name="RoleCall\Users\Services\CreateDistrictAdminTest" file="/home/ubuntu/subhub-api/tests/Users/Services/CreateDistrictAdminTest.php" tests="3" assertions="12" failures="0" errors="0" time="0.564665">
      <testcase name="testAddFirstRole" class="RoleCall\Users\Services\CreateDistrictAdminTest" file="/home/ubuntu/subhub-api/tests/Users/Services/CreateDistrictAdminTest.php" line="14" assertions="7" time="0.163560"/>
      <testcase name="testCreateSuperAdmin" class="RoleCall\Users\Services\CreateDistrictAdminTest" file="/home/ubuntu/subhub-api/tests/Users/Services/CreateDistrictAdminTest.php" line="35" assertions="3" time="0.236329"/>
      <testcase name="testAddExistingRole" class="RoleCall\Users\Services\CreateDistrictAdminTest" file="/home/ubuntu/subhub-api/tests/Users/Services/CreateDistrictAdminTest.php" line="52" assertions="2" time="0.164776"/>
    </testsuite>
    <testsuite name="RoleCall\Users\Services\CreateEmployeeTest" file="/home/ubuntu/subhub-api/tests/Users/Services/CreateEmployeeTest.php" tests="3" assertions="29" failures="0" errors="0" time="0.623112">
      <testcase name="testAddFirstRole" class="RoleCall\Users\Services\CreateEmployeeTest" file="/home/ubuntu/subhub-api/tests/Users/Services/CreateEmployeeTest.php" line="13" assertions="14" time="0.185096"/>
      <testcase name="testAddExistingRole" class="RoleCall\Users\Services\CreateEmployeeTest" file="/home/ubuntu/subhub-api/tests/Users/Services/CreateEmployeeTest.php" line="43" assertions="2" time="0.251858"/>
      <testcase name="testCreateInSelfManagedDistrict" class="RoleCall\Users\Services\CreateEmployeeTest" file="/home/ubuntu/subhub-api/tests/Users/Services/CreateEmployeeTest.php" line="59" assertions="13" time="0.186158"/>
    </testsuite>
    <testsuite name="RoleCall\Users\Services\CreateRegionAdminTest" file="/home/ubuntu/subhub-api/tests/Users/Services/CreateRegionAdminTest.php" tests="2" assertions="8" failures="0" errors="0" time="0.357858">
      <testcase name="testAddFirstRole" class="RoleCall\Users\Services\CreateRegionAdminTest" file="/home/ubuntu/subhub-api/tests/Users/Services/CreateRegionAdminTest.php" line="14" assertions="6" time="0.142340"/>
      <testcase name="testAddExistingRole" class="RoleCall\Users\Services\CreateRegionAdminTest" file="/home/ubuntu/subhub-api/tests/Users/Services/CreateRegionAdminTest.php" line="34" assertions="2" time="0.215518"/>
    </testsuite>
    <testsuite name="RoleCall\Users\Services\CreateSchoolAdminTest" file="/home/ubuntu/subhub-api/tests/Users/Services/CreateSchoolAdminTest.php" tests="3" assertions="8" failures="0" errors="0" time="0.516407">
      <testcase name="testCreate" class="RoleCall\Users\Services\CreateSchoolAdminTest" file="/home/ubuntu/subhub-api/tests/Users/Services/CreateSchoolAdminTest.php" line="14" assertions="2" time="0.151041"/>
      <testcase name="testCreateAllParams" class="RoleCall\Users\Services\CreateSchoolAdminTest" file="/home/ubuntu/subhub-api/tests/Users/Services/CreateSchoolAdminTest.php" line="28" assertions="3" time="0.144905"/>
      <testcase name="testCreateUserAlreadyAdmin" class="RoleCall\Users\Services\CreateSchoolAdminTest" file="/home/ubuntu/subhub-api/tests/Users/Services/CreateSchoolAdminTest.php" line="47" assertions="3" time="0.220461"/>
    </testsuite>
    <testsuite name="RoleCall\Users\Services\CreateSubTest" file="/home/ubuntu/subhub-api/tests/Users/Services/CreateSubTest.php" tests="5" assertions="50" failures="0" errors="0" time="1.174184">
      <testcase name="testAddFirstRole" class="RoleCall\Users\Services\CreateSubTest" file="/home/ubuntu/subhub-api/tests/Users/Services/CreateSubTest.php" line="14" assertions="17" time="0.204340"/>
      <testcase name="testAddFirstRoleWithEmptyPayrollId" class="RoleCall\Users\Services\CreateSubTest" file="/home/ubuntu/subhub-api/tests/Users/Services/CreateSubTest.php" line="48" assertions="8" time="0.199799"/>
      <testcase name="testAddExistingRole" class="RoleCall\Users\Services\CreateSubTest" file="/home/ubuntu/subhub-api/tests/Users/Services/CreateSubTest.php" line="68" assertions="4" time="0.275300"/>
      <testcase name="testCreateSubBySelfManagedDistrict" class="RoleCall\Users\Services\CreateSubTest" file="/home/ubuntu/subhub-api/tests/Users/Services/CreateSubTest.php" line="85" assertions="15" time="0.205872"/>
      <testcase name="testAddMorePositions" class="RoleCall\Users\Services\CreateSubTest" file="/home/ubuntu/subhub-api/tests/Users/Services/CreateSubTest.php" line="118" assertions="6" time="0.288873"/>
    </testsuite>
    <testsuite name="RoleCall\Users\Services\CreateTimeApproverTest" file="/home/ubuntu/subhub-api/tests/Users/Services/CreateTimeApproverTest.php" tests="3" assertions="9" failures="0" errors="0" time="0.535154">
      <testcase name="testCreate" class="RoleCall\Users\Services\CreateTimeApproverTest" file="/home/ubuntu/subhub-api/tests/Users/Services/CreateTimeApproverTest.php" line="14" assertions="1" time="0.152455"/>
      <testcase name="testCreateAllParams" class="RoleCall\Users\Services\CreateTimeApproverTest" file="/home/ubuntu/subhub-api/tests/Users/Services/CreateTimeApproverTest.php" line="28" assertions="3" time="0.150794"/>
      <testcase name="testCreateUserAlreadyApproverForPosition" class="RoleCall\Users\Services\CreateTimeApproverTest" file="/home/ubuntu/subhub-api/tests/Users/Services/CreateTimeApproverTest.php" line="48" assertions="5" time="0.231905"/>
    </testsuite>
    <testsuite name="RoleCall\Users\Services\CreateUserFaceTest" file="/home/ubuntu/subhub-api/tests/Users/Services/CreateUserFaceTest.php" tests="1" assertions="5" failures="0" errors="0" time="0.204861">
      <testcase name="testCreateUserFace" class="RoleCall\Users\Services\CreateUserFaceTest" file="/home/ubuntu/subhub-api/tests/Users/Services/CreateUserFaceTest.php" line="17" assertions="5" time="0.204861"/>
    </testsuite>
    <testsuite name="RoleCall\Users\Services\CreateUserRoleTest" file="/home/ubuntu/subhub-api/tests/Users/Services/CreateUserRoleTest.php" tests="10" assertions="45" failures="0" errors="0" time="2.141857">
      <testcase name="testCreateSub" class="RoleCall\Users\Services\CreateUserRoleTest" file="/home/ubuntu/subhub-api/tests/Users/Services/CreateUserRoleTest.php" line="16" assertions="7" time="0.209714"/>
      <testcase name="testCreateEmployee" class="RoleCall\Users\Services\CreateUserRoleTest" file="/home/ubuntu/subhub-api/tests/Users/Services/CreateUserRoleTest.php" line="49" assertions="8" time="0.281153"/>
      <testcase name="testCreateTimeTrackingEmployee" class="RoleCall\Users\Services\CreateUserRoleTest" file="/home/ubuntu/subhub-api/tests/Users/Services/CreateUserRoleTest.php" line="84" assertions="8" time="0.209818"/>
      <testcase name="testCreateSchoolAdmin" class="RoleCall\Users\Services\CreateUserRoleTest" file="/home/ubuntu/subhub-api/tests/Users/Services/CreateUserRoleTest.php" line="120" assertions="4" time="0.254186"/>
      <testcase name="testCreateAbsenceApprover" class="RoleCall\Users\Services\CreateUserRoleTest" file="/home/ubuntu/subhub-api/tests/Users/Services/CreateUserRoleTest.php" line="146" assertions="5" time="0.186981"/>
      <testcase name="testCreateTimeApprover" class="RoleCall\Users\Services\CreateUserRoleTest" file="/home/ubuntu/subhub-api/tests/Users/Services/CreateUserRoleTest.php" line="175" assertions="5" time="0.188944"/>
      <testcase name="testCreateDistrictAdmin" class="RoleCall\Users\Services\CreateUserRoleTest" file="/home/ubuntu/subhub-api/tests/Users/Services/CreateUserRoleTest.php" line="204" assertions="2" time="0.250975"/>
      <testcase name="testCreateAccountant" class="RoleCall\Users\Services\CreateUserRoleTest" file="/home/ubuntu/subhub-api/tests/Users/Services/CreateUserRoleTest.php" line="225" assertions="2" time="0.176653"/>
      <testcase name="testCreateRegionAdmin" class="RoleCall\Users\Services\CreateUserRoleTest" file="/home/ubuntu/subhub-api/tests/Users/Services/CreateUserRoleTest.php" line="246" assertions="2" time="0.154893"/>
      <testcase name="testCreateAgencyAdmin" class="RoleCall\Users\Services\CreateUserRoleTest" file="/home/ubuntu/subhub-api/tests/Users/Services/CreateUserRoleTest.php" line="268" assertions="2" time="0.228540"/>
    </testsuite>
    <testsuite name="RoleCall\Users\Services\CreateUserTest" file="/home/ubuntu/subhub-api/tests/Users/Services/CreateUserTest.php" tests="9" assertions="161" failures="0" errors="0" time="2.166658">
      <testcase name="testCreateWithSubRole" class="RoleCall\Users\Services\CreateUserTest" file="/home/ubuntu/subhub-api/tests/Users/Services/CreateUserTest.php" line="23" assertions="21" time="0.250475"/>
      <testcase name="testCreateExistingSub" class="RoleCall\Users\Services\CreateUserTest" file="/home/ubuntu/subhub-api/tests/Users/Services/CreateUserTest.php" line="76" assertions="28" time="0.242550"/>
      <testcase name="testCreateEmployee" class="RoleCall\Users\Services\CreateUserTest" file="/home/ubuntu/subhub-api/tests/Users/Services/CreateUserTest.php" line="130" assertions="17" time="0.306483"/>
      <testcase name="testCreateEmployeeInDifferentSchool" class="RoleCall\Users\Services\CreateUserTest" file="/home/ubuntu/subhub-api/tests/Users/Services/CreateUserTest.php" line="168" assertions="34" time="0.270311"/>
      <testcase name="testCreateSchoolAdmin" class="RoleCall\Users\Services\CreateUserTest" file="/home/ubuntu/subhub-api/tests/Users/Services/CreateUserTest.php" line="228" assertions="14" time="0.200204"/>
      <testcase name="testCreateDistrictAdmin" class="RoleCall\Users\Services\CreateUserTest" file="/home/ubuntu/subhub-api/tests/Users/Services/CreateUserTest.php" line="261" assertions="12" time="0.269497"/>
      <testcase name="testCreateRegionAdmin" class="RoleCall\Users\Services\CreateUserTest" file="/home/ubuntu/subhub-api/tests/Users/Services/CreateUserTest.php" line="290" assertions="12" time="0.192826"/>
      <testcase name="testCreateAgencyAdmin" class="RoleCall\Users\Services\CreateUserTest" file="/home/ubuntu/subhub-api/tests/Users/Services/CreateUserTest.php" line="319" assertions="12" time="0.192944"/>
      <testcase name="testCreateSuper" class="RoleCall\Users\Services\CreateUserTest" file="/home/ubuntu/subhub-api/tests/Users/Services/CreateUserTest.php" line="348" assertions="11" time="0.241367"/>
    </testsuite>
    <testsuite name="RoleCall\Users\Services\DeleteUserFaceTest" file="/home/ubuntu/subhub-api/tests/Users/Services/DeleteUserFaceTest.php" tests="2" assertions="11" failures="0" errors="0" time="0.428369">
      <testcase name="testDeleteUserFace" class="RoleCall\Users\Services\DeleteUserFaceTest" file="/home/ubuntu/subhub-api/tests/Users/Services/DeleteUserFaceTest.php" line="19" assertions="3" time="0.171951"/>
      <testcase name="testDeleteMultipleUserFaces" class="RoleCall\Users\Services\DeleteUserFaceTest" file="/home/ubuntu/subhub-api/tests/Users/Services/DeleteUserFaceTest.php" line="42" assertions="8" time="0.256418"/>
    </testsuite>
    <testsuite name="RoleCall\Users\Services\DeleteUserTest" file="/home/ubuntu/subhub-api/tests/Users/Services/DeleteUserTest.php" tests="1" assertions="1" failures="0" errors="0" time="0.244948">
      <testcase name="testDelete" class="RoleCall\Users\Services\DeleteUserTest" file="/home/ubuntu/subhub-api/tests/Users/Services/DeleteUserTest.php" line="13" assertions="1" time="0.244948"/>
    </testsuite>
    <testsuite name="RoleCall\Users\Services\RecordUserFacialLoginAttemptTest" file="/home/ubuntu/subhub-api/tests/Users/Services/RecordUserFacialLoginAttemptTest.php" tests="1" assertions="6" failures="0" errors="0" time="0.164778">
      <testcase name="testRecordUserFacialLoginAttempt" class="RoleCall\Users\Services\RecordUserFacialLoginAttemptTest" file="/home/ubuntu/subhub-api/tests/Users/Services/RecordUserFacialLoginAttemptTest.php" line="19" assertions="6" time="0.164778"/>
    </testsuite>
    <testsuite name="RoleCall\Users\Services\SearchEmployeesTest" file="/home/ubuntu/subhub-api/tests/Users/Services/SearchEmployeesTest.php" tests="8" assertions="87" failures="0" errors="0" time="3.101430">
      <testcase name="testSearch" class="RoleCall\Users\Services\SearchEmployeesTest" file="/home/ubuntu/subhub-api/tests/Users/Services/SearchEmployeesTest.php" line="16" assertions="10" time="0.405869"/>
      <testcase name="testSearchNoDistrictId" class="RoleCall\Users\Services\SearchEmployeesTest" file="/home/ubuntu/subhub-api/tests/Users/Services/SearchEmployeesTest.php" line="62" assertions="10" time="0.328874"/>
      <testcase name="testSearchNoSchoolIdEither" class="RoleCall\Users\Services\SearchEmployeesTest" file="/home/ubuntu/subhub-api/tests/Users/Services/SearchEmployeesTest.php" line="108" assertions="10" time="0.407386"/>
      <testcase name="testSearchNotEvenAPositionId" class="RoleCall\Users\Services\SearchEmployeesTest" file="/home/ubuntu/subhub-api/tests/Users/Services/SearchEmployeesTest.php" line="154" assertions="10" time="0.321967"/>
      <testcase name="testSearchNoQuery" class="RoleCall\Users\Services\SearchEmployeesTest" file="/home/ubuntu/subhub-api/tests/Users/Services/SearchEmployeesTest.php" line="200" assertions="10" time="0.321698"/>
      <testcase name="testSearchExcludeExpiredRoles" class="RoleCall\Users\Services\SearchEmployeesTest" file="/home/ubuntu/subhub-api/tests/Users/Services/SearchEmployeesTest.php" line="246" assertions="17" time="0.561416"/>
      <testcase name="testSearchOnlyActive" class="RoleCall\Users\Services\SearchEmployeesTest" file="/home/ubuntu/subhub-api/tests/Users/Services/SearchEmployeesTest.php" line="318" assertions="10" time="0.339265"/>
      <testcase name="testSearchIncludeInactive" class="RoleCall\Users\Services\SearchEmployeesTest" file="/home/ubuntu/subhub-api/tests/Users/Services/SearchEmployeesTest.php" line="376" assertions="10" time="0.414955"/>
    </testsuite>
    <testsuite name="RoleCall\Users\Services\UpdateEmployeeTest" file="/home/ubuntu/subhub-api/tests/Users/Services/UpdateEmployeeTest.php" tests="3" assertions="45" failures="0" errors="0" time="0.684413">
      <testcase name="testUpdateAsSuper" class="RoleCall\Users\Services\UpdateEmployeeTest" file="/home/ubuntu/subhub-api/tests/Users/Services/UpdateEmployeeTest.php" line="13" assertions="15" time="0.195771"/>
      <testcase name="testUpdateAsDistrictAdmin" class="RoleCall\Users\Services\UpdateEmployeeTest" file="/home/ubuntu/subhub-api/tests/Users/Services/UpdateEmployeeTest.php" line="59" assertions="15" time="0.203064"/>
      <testcase name="testUpdatePayrollOnNonTimeTrackingEmployee" class="RoleCall\Users\Services\UpdateEmployeeTest" file="/home/ubuntu/subhub-api/tests/Users/Services/UpdateEmployeeTest.php" line="105" assertions="15" time="0.285578"/>
    </testsuite>
    <testsuite name="RoleCall\Users\Services\UpdateSubTest" file="/home/ubuntu/subhub-api/tests/Users/Services/UpdateSubTest.php" tests="4" assertions="46" failures="0" errors="0" time="1.052512">
      <testcase name="testUpdat" class="RoleCall\Users\Services\UpdateSubTest" file="/home/ubuntu/subhub-api/tests/Users/Services/UpdateSubTest.php" line="15" assertions="8" time="0.192055"/>
      <testcase name="testUpdateAsSuper" class="RoleCall\Users\Services\UpdateSubTest" file="/home/ubuntu/subhub-api/tests/Users/Services/UpdateSubTest.php" line="49" assertions="16" time="0.276593"/>
      <testcase name="testUpdateAsDistrictAdmin" class="RoleCall\Users\Services\UpdateSubTest" file="/home/ubuntu/subhub-api/tests/Users/Services/UpdateSubTest.php" line="97" assertions="16" time="0.206988"/>
      <testcase name="testUpdateAndUnassign" class="RoleCall\Users\Services\UpdateSubTest" file="/home/ubuntu/subhub-api/tests/Users/Services/UpdateSubTest.php" line="145" assertions="6" time="0.376876"/>
    </testsuite>
    <testsuite name="RoleCall\Users\Services\UpdateUserFormFieldValueTest" file="/home/ubuntu/subhub-api/tests/Users/Services/UpdateUserFormFieldValueTest.php" tests="3" assertions="4" failures="0" errors="0" time="0.511523">
      <testcase name="testUpdate" class="RoleCall\Users\Services\UpdateUserFormFieldValueTest" file="/home/ubuntu/subhub-api/tests/Users/Services/UpdateUserFormFieldValueTest.php" line="13" assertions="1" time="0.224210"/>
      <testcase name="testUpdateProfileField" class="RoleCall\Users\Services\UpdateUserFormFieldValueTest" file="/home/ubuntu/subhub-api/tests/Users/Services/UpdateUserFormFieldValueTest.php" line="36" assertions="2" time="0.141519"/>
      <testcase name="testUpdateBoolean" class="RoleCall\Users\Services\UpdateUserFormFieldValueTest" file="/home/ubuntu/subhub-api/tests/Users/Services/UpdateUserFormFieldValueTest.php" line="66" assertions="1" time="0.145794"/>
    </testsuite>
    <testsuite name="RoleCall\Users\Services\UpdateUserTest" file="/home/ubuntu/subhub-api/tests/Users/Services/UpdateUserTest.php" tests="5" assertions="33" failures="0" errors="0" time="1.107004">
      <testcase name="testUpdatePassword" class="RoleCall\Users\Services\UpdateUserTest" file="/home/ubuntu/subhub-api/tests/Users/Services/UpdateUserTest.php" line="16" assertions="1" time="0.358575"/>
      <testcase name="testUpdateSsn" class="RoleCall\Users\Services\UpdateUserTest" file="/home/ubuntu/subhub-api/tests/Users/Services/UpdateUserTest.php" line="36" assertions="1" time="0.136285"/>
      <testcase name="testUpdateFillables" class="RoleCall\Users\Services\UpdateUserTest" file="/home/ubuntu/subhub-api/tests/Users/Services/UpdateUserTest.php" line="55" assertions="27" time="0.214078"/>
      <testcase name="testUpdateGrades" class="RoleCall\Users\Services\UpdateUserTest" file="/home/ubuntu/subhub-api/tests/Users/Services/UpdateUserTest.php" line="126" assertions="2" time="0.238456"/>
      <testcase name="testUpdateSubjects" class="RoleCall\Users\Services\UpdateUserTest" file="/home/ubuntu/subhub-api/tests/Users/Services/UpdateUserTest.php" line="162" assertions="2" time="0.159610"/>
    </testsuite>
    <testsuite name="RoleCall\Users\SubTest" file="/home/ubuntu/subhub-api/tests/Users/SubTest.php" tests="2" assertions="4" failures="0" errors="0" time="0.526820">
      <testcase name="testScopeAllowDirectAssign" class="RoleCall\Users\SubTest" file="/home/ubuntu/subhub-api/tests/Users/SubTest.php" line="12" assertions="2" time="0.223033"/>
      <testcase name="testScopeNotAllowDirectAssign" class="RoleCall\Users\SubTest" file="/home/ubuntu/subhub-api/tests/Users/SubTest.php" line="32" assertions="2" time="0.303787"/>
    </testsuite>
    <testsuite name="RoleCall\Users\Traits\RoleOrderTraitTest" file="/home/ubuntu/subhub-api/tests/Users/Traits/RoleOrderTraitTest.php" tests="3" assertions="9" failures="0" errors="0" time="0.650926">
      <testcase name="testOrderingSubs" class="RoleCall\Users\Traits\RoleOrderTraitTest" file="/home/ubuntu/subhub-api/tests/Users/Traits/RoleOrderTraitTest.php" line="15" assertions="3" time="0.192247"/>
      <testcase name="testOrderingEmployees" class="RoleCall\Users\Traits\RoleOrderTraitTest" file="/home/ubuntu/subhub-api/tests/Users/Traits/RoleOrderTraitTest.php" line="43" assertions="3" time="0.273764"/>
      <testcase name="testOrderingSchoolAdmins" class="RoleCall\Users\Traits\RoleOrderTraitTest" file="/home/ubuntu/subhub-api/tests/Users/Traits/RoleOrderTraitTest.php" line="72" assertions="3" time="0.184915"/>
    </testsuite>
    <testsuite name="RoleCall\Users\Transformers\CallTimesTransformerTest" file="/home/ubuntu/subhub-api/tests/Users/Transformers/CallTimesTransformerTest.php" tests="1" assertions="11" failures="0" errors="0" time="0.163151">
      <testcase name="testTransform" class="RoleCall\Users\Transformers\CallTimesTransformerTest" file="/home/ubuntu/subhub-api/tests/Users/Transformers/CallTimesTransformerTest.php" line="12" assertions="11" time="0.163151"/>
    </testsuite>
    <testsuite name="RoleCall\Users\Transformers\CustomValuesJsonTransformerTest" file="/home/ubuntu/subhub-api/tests/Users/Transformers/CustomValuesJsonTransformerTest.php" tests="3" assertions="3" failures="0" errors="0" time="0.576354">
      <testcase name="testTransformCustomValueModel" class="RoleCall\Users\Transformers\CustomValuesJsonTransformerTest" file="/home/ubuntu/subhub-api/tests/Users/Transformers/CustomValuesJsonTransformerTest.php" line="12" assertions="1" time="0.246469"/>
      <testcase name="testTransformCustomValueArray" class="RoleCall\Users\Transformers\CustomValuesJsonTransformerTest" file="/home/ubuntu/subhub-api/tests/Users/Transformers/CustomValuesJsonTransformerTest.php" line="24" assertions="1" time="0.164600"/>
      <testcase name="testTransformCustomValueCollection" class="RoleCall\Users\Transformers\CustomValuesJsonTransformerTest" file="/home/ubuntu/subhub-api/tests/Users/Transformers/CustomValuesJsonTransformerTest.php" line="36" assertions="1" time="0.165285"/>
    </testsuite>
    <testsuite name="RoleCall\Users\Transformers\EmployeesJsonTransformerTest" file="/home/ubuntu/subhub-api/tests/Users/Transformers/EmployeesJsonTransformerTest.php" tests="6" assertions="17" failures="0" errors="0" time="1.259720">
      <testcase name="testTransformEmployeeModel" class="RoleCall\Users\Transformers\EmployeesJsonTransformerTest" file="/home/ubuntu/subhub-api/tests/Users/Transformers/EmployeesJsonTransformerTest.php" line="13" assertions="2" time="0.257087"/>
      <testcase name="testTransformEmployeeArray" class="RoleCall\Users\Transformers\EmployeesJsonTransformerTest" file="/home/ubuntu/subhub-api/tests/Users/Transformers/EmployeesJsonTransformerTest.php" line="28" assertions="2" time="0.176126"/>
      <testcase name="testTransformEmployeeCollection" class="RoleCall\Users\Transformers\EmployeesJsonTransformerTest" file="/home/ubuntu/subhub-api/tests/Users/Transformers/EmployeesJsonTransformerTest.php" line="43" assertions="2" time="0.177174"/>
      <testcase name="testTransformEmployeeArrayTwoEmployees" class="RoleCall\Users\Transformers\EmployeesJsonTransformerTest" file="/home/ubuntu/subhub-api/tests/Users/Transformers/EmployeesJsonTransformerTest.php" line="58" assertions="3" time="0.272550"/>
      <testcase name="testTransformEmployeeModelWithTimelog" class="RoleCall\Users\Transformers\EmployeesJsonTransformerTest" file="/home/ubuntu/subhub-api/tests/Users/Transformers/EmployeesJsonTransformerTest.php" line="78" assertions="4" time="0.188979"/>
      <testcase name="testTransformEmployeeModelWithTimelogWithNullEndDate" class="RoleCall\Users\Transformers\EmployeesJsonTransformerTest" file="/home/ubuntu/subhub-api/tests/Users/Transformers/EmployeesJsonTransformerTest.php" line="140" assertions="4" time="0.187804"/>
    </testsuite>
    <testsuite name="RoleCall\Users\Transformers\UserFormFieldValuesJsonTransformerTest" file="/home/ubuntu/subhub-api/tests/Users/Transformers/UserFormFieldValuesJsonTransformerTest.php" tests="3" assertions="6" failures="0" errors="0" time="0.578923">
      <testcase name="testTransformUserFormFieldValueModel" class="RoleCall\Users\Transformers\UserFormFieldValuesJsonTransformerTest" file="/home/ubuntu/subhub-api/tests/Users/Transformers/UserFormFieldValuesJsonTransformerTest.php" line="14" assertions="2" time="0.243761"/>
      <testcase name="testTransformUserFormFieldValueArray" class="RoleCall\Users\Transformers\UserFormFieldValuesJsonTransformerTest" file="/home/ubuntu/subhub-api/tests/Users/Transformers/UserFormFieldValuesJsonTransformerTest.php" line="32" assertions="2" time="0.170736"/>
      <testcase name="testTransformUserFormFieldValueCollection" class="RoleCall\Users\Transformers\UserFormFieldValuesJsonTransformerTest" file="/home/ubuntu/subhub-api/tests/Users/Transformers/UserFormFieldValuesJsonTransformerTest.php" line="62" assertions="2" time="0.164426"/>
    </testsuite>
    <testsuite name="RoleCall\Users\Transformers\UserJsonTransformerTest" file="/home/ubuntu/subhub-api/tests/Users/Transformers/UserJsonTransformerTest.php" tests="1" assertions="1" failures="0" errors="0" time="0.211182">
      <testcase name="testTransformUserModel" class="RoleCall\Users\Transformers\UserJsonTransformerTest" file="/home/ubuntu/subhub-api/tests/Users/Transformers/UserJsonTransformerTest.php" line="12" assertions="1" time="0.211182"/>
    </testsuite>
    <testsuite name="RoleCall\Users\UserDescriptionTest" file="/home/ubuntu/subhub-api/tests/Users/UserDescriptionTest.php" tests="3" assertions="3" failures="0" errors="0" time="0.592227">
      <testcase name="testNoRolesAtAll" class="RoleCall\Users\UserDescriptionTest" file="/home/ubuntu/subhub-api/tests/Users/UserDescriptionTest.php" line="12" assertions="1" time="0.150413"/>
      <testcase name="testOnlyFutureRoles" class="RoleCall\Users\UserDescriptionTest" file="/home/ubuntu/subhub-api/tests/Users/UserDescriptionTest.php" line="18" assertions="1" time="0.258816"/>
      <testcase name="testOnlyPastRoles" class="RoleCall\Users\UserDescriptionTest" file="/home/ubuntu/subhub-api/tests/Users/UserDescriptionTest.php" line="27" assertions="1" time="0.182998"/>
    </testsuite>
    <testsuite name="RoleCall\Users\UserTest" file="/home/ubuntu/subhub-api/tests/Users/UserTest.php" tests="20" assertions="63" failures="0" errors="0" time="3.896658">
      <testcase name="testGetDistricts" class="RoleCall\Users\UserTest" file="/home/ubuntu/subhub-api/tests/Users/UserTest.php" line="17" assertions="2" time="0.183098"/>
      <testcase name="testGetSchools" class="RoleCall\Users\UserTest" file="/home/ubuntu/subhub-api/tests/Users/UserTest.php" line="27" assertions="2" time="0.283842"/>
      <testcase name="testGetAbsences" class="RoleCall\Users\UserTest" file="/home/ubuntu/subhub-api/tests/Users/UserTest.php" line="38" assertions="3" time="0.148286"/>
      <testcase name="testGetAbsenceOccurrences" class="RoleCall\Users\UserTest" file="/home/ubuntu/subhub-api/tests/Users/UserTest.php" line="50" assertions="3" time="0.149002"/>
      <testcase name="testGetFilledAbsenceOccurrences" class="RoleCall\Users\UserTest" file="/home/ubuntu/subhub-api/tests/Users/UserTest.php" line="63" assertions="3" time="0.230574"/>
      <testcase name="testGetCallTimePreference" class="RoleCall\Users\UserTest" file="/home/ubuntu/subhub-api/tests/Users/UserTest.php" line="76" assertions="2" time="0.143247"/>
      <testcase name="testGetCallTimePreferenceWeekend" class="RoleCall\Users\UserTest" file="/home/ubuntu/subhub-api/tests/Users/UserTest.php" line="96" assertions="3" time="0.142346"/>
      <testcase name="testHasPasswordAttribute" class="RoleCall\Users\UserTest" file="/home/ubuntu/subhub-api/tests/Users/UserTest.php" line="120" assertions="2" time="0.287380"/>
      <testcase name="testIsCurrentlyOnACall" class="RoleCall\Users\UserTest" file="/home/ubuntu/subhub-api/tests/Users/UserTest.php" line="131" assertions="2" time="0.143423"/>
      <testcase name="testScopeHasLoggedIn" class="RoleCall\Users\UserTest" file="/home/ubuntu/subhub-api/tests/Users/UserTest.php" line="144" assertions="1" time="0.143339"/>
      <testcase name="testScopeHasNotLoggedIn" class="RoleCall\Users\UserTest" file="/home/ubuntu/subhub-api/tests/Users/UserTest.php" line="158" assertions="1" time="0.225432"/>
      <testcase name="testScopeIsAppletonEmployee" class="RoleCall\Users\UserTest" file="/home/ubuntu/subhub-api/tests/Users/UserTest.php" line="172" assertions="1" time="0.144440"/>
      <testcase name="testNotScope" class="RoleCall\Users\UserTest" file="/home/ubuntu/subhub-api/tests/Users/UserTest.php" line="186" assertions="1" time="0.140221"/>
      <testcase name="testSearchScope" class="RoleCall\Users\UserTest" file="/home/ubuntu/subhub-api/tests/Users/UserTest.php" line="199" assertions="4" time="0.223836"/>
      <testcase name="testVisibleToScope" class="RoleCall\Users\UserTest" file="/home/ubuntu/subhub-api/tests/Users/UserTest.php" line="221" assertions="1" time="0.273303"/>
      <testcase name="testAccessors" class="RoleCall\Users\UserTest" file="/home/ubuntu/subhub-api/tests/Users/UserTest.php" line="235" assertions="3" time="0.224817"/>
      <testcase name="testDistrictProfileRelation" class="RoleCall\Users\UserTest" file="/home/ubuntu/subhub-api/tests/Users/UserTest.php" line="267" assertions="1" time="0.167470"/>
      <testcase name="testHasDistrictUnclaimViolation" class="RoleCall\Users\UserTest" file="/home/ubuntu/subhub-api/tests/Users/UserTest.php" line="279" assertions="3" time="0.287930"/>
      <testcase name="testUserFactory" class="RoleCall\Users\UserTest" file="/home/ubuntu/subhub-api/tests/Users/UserTest.php" line="306" assertions="23" time="0.214004"/>
      <testcase name="testPreviousUrl" class="RoleCall\Users\UserTest" file="/home/ubuntu/subhub-api/tests/Users/UserTest.php" line="338" assertions="2" time="0.140668"/>
    </testsuite>
  </testsuite>
</testsuites>
